"Running Make include in ps7_cortexa9_0/libsrc/uartps_v2_2/src"
make -C ps7_cortexa9_0/libsrc/uartps_v2_2/src -s include  "SHELL=CMD" "COMPILER=arm-xilinx-eabi-gcc" "ARCHIVER=arm-xilinx-eabi-ar" "COMPILER_FLAGS=  -O2 -c" "EXTRA_COMPILER_FLAGS=-g"
"Running Make include in ps7_cortexa9_0/libsrc/xadcps_v2_1/src"
make -C ps7_cortexa9_0/libsrc/xadcps_v2_1/src -s include  "SHELL=CMD" "COMPILER=arm-xilinx-eabi-gcc" "ARCHIVER=arm-xilinx-eabi-ar" "COMPILER_FLAGS=  -O2 -c" "EXTRA_COMPILER_FLAGS=-g"
"Running Make include in ps7_cortexa9_0/libsrc/xilffs_v2_2/src"
make -C ps7_cortexa9_0/libsrc/xilffs_v2_2/src -s include  "SHELL=CMD" "COMPILER=arm-xilinx-eabi-gcc" "ARCHIVER=arm-xilinx-eabi-ar" "COMPILER_FLAGS=  -O2 -c" "EXTRA_COMPILER_FLAGS=-g"
"Running Make include in ps7_cortexa9_0/libsrc/xilrsa_v1_1/src"
make -C ps7_cortexa9_0/libsrc/xilrsa_v1_1/src -s include  "SHELL=CMD" "COMPILER=arm-xilinx-eabi-gcc" "ARCHIVER=arm-xilinx-eabi-ar" "COMPILER_FLAGS=  -O2 -c" "EXTRA_COMPILER_FLAGS=-g"
"Running Make libs in ps7_cortexa9_0/libsrc/cpu_cortexa9_v2_1/src"
make -C ps7_cortexa9_0/libsrc/cpu_cortexa9_v2_1/src -s libs  "SHELL=CMD" "COMPILER=arm-xilinx-eabi-gcc" "ARCHIVER=arm-xilinx-eabi-ar" "COMPILER_FLAGS=  -O2 -c" "EXTRA_COMPILER_FLAGS=-g"
"Compiling cpu_cortexa9"
"Running Make libs in ps7_cortexa9_0/libsrc/devcfg_v3_2/src"
make -C ps7_cortexa9_0/libsrc/devcfg_v3_2/src -s libs  "SHELL=CMD" "COMPILER=arm-xilinx-eabi-gcc" "ARCHIVER=arm-xilinx-eabi-ar" "COMPILER_FLAGS=  -O2 -c" "EXTRA_COMPILER_FLAGS=-g"
"Compiling devcfg"
"Running Make libs in ps7_cortexa9_0/libsrc/dmaps_v2_1/src"
make -C ps7_cortexa9_0/libsrc/dmaps_v2_1/src -s libs  "SHELL=CMD" "COMPILER=arm-xilinx-eabi-gcc" "ARCHIVER=arm-xilinx-eabi-ar" "COMPILER_FLAGS=  -O2 -c" "EXTRA_COMPILER_FLAGS=-g"
"Compiling dmaps"
"Running Make libs in ps7_cortexa9_0/libsrc/gpio_v4_0/src"
make -C ps7_cortexa9_0/libsrc/gpio_v4_0/src -s libs  "SHELL=CMD" "COMPILER=arm-xilinx-eabi-gcc" "ARCHIVER=arm-xilinx-eabi-ar" "COMPILER_FLAGS=  -O2 -c" "EXTRA_COMPILER_FLAGS=-g"
"Compiling gpio"
"Running Make libs in ps7_cortexa9_0/libsrc/motorctrl_top_v1_1/src"
make -C ps7_cortexa9_0/libsrc/motorctrl_top_v1_1/src -s libs  "SHELL=CMD" "COMPILER=arm-xilinx-eabi-gcc" "ARCHIVER=arm-xilinx-eabi-ar" "COMPILER_FLAGS=  -O2 -c" "EXTRA_COMPILER_FLAGS=-g"
"Compiling motorctrl_top"
xmotorctrl_sinit.c: In function 'XMotorctrl_LookupConfig':
xmotorctrl_sinit.c:21:26: error: 'XPAR_XMOTORCTRL_NUM_INSTANCES' undeclared (first use in this function)
  for (Index = 0; Index < XPAR_XMOTORCTRL_NUM_INSTANCES; Index++) {
                          ^
xmotorctrl_sinit.c:21:26: note: each undeclared identifier is reported only once for each function it appears in
make[1]: *** [libs] Fejl 1
make: *** [ps7_cortexa9_0/libsrc/motorctrl_top_v1_1/src/make.libs] Fejl 2
"Running Make libs in ps7_cortexa9_0/libsrc/qspips_v3_1/src"
make -C ps7_cortexa9_0/libsrc/qspips_v3_1/src -s libs  "SHELL=CMD" "COMPILER=arm-xilinx-eabi-gcc" "ARCHIVER=arm-xilinx-eabi-ar" "COMPILER_FLAGS=  -O2 -c" "EXTRA_COMPILER_FLAGS=-g"
"Compiling qspips"
"Running Make libs in ps7_cortexa9_0/libsrc/scugic_v2_1/src"
make -C ps7_cortexa9_0/libsrc/scugic_v2_1/src -s libs  "SHELL=CMD" "COMPILER=arm-xilinx-eabi-gcc" "ARCHIVER=arm-xilinx-eabi-ar" "COMPILER_FLAGS=  -O2 -c" "EXTRA_COMPILER_FLAGS=-g"
"Compiling scugic"
"Running Make libs in ps7_cortexa9_0/libsrc/scutimer_v2_0/src"
make -C ps7_cortexa9_0/libsrc/scutimer_v2_0/src -s libs  "SHELL=CMD" "COMPILER=arm-xilinx-eabi-gcc" "ARCHIVER=arm-xilinx-eabi-ar" "COMPILER_FLAGS=  -O2 -c" "EXTRA_COMPILER_FLAGS=-g"
"Compiling scutimer"
"Running Make libs in ps7_cortexa9_0/libsrc/scuwdt_v2_0/src"
make -C ps7_cortexa9_0/libsrc/scuwdt_v2_0/src -s libs  "SHELL=CMD" "COMPILER=arm-xilinx-eabi-gcc" "ARCHIVER=arm-xilinx-eabi-ar" "COMPILER_FLAGS=  -O2 -c" "EXTRA_COMPILER_FLAGS=-g"
"Compiling scuwdt"
"Running Make libs in ps7_cortexa9_0/libsrc/standalone_v4_2/src"
make -C ps7_cortexa9_0/libsrc/standalone_v4_2/src -s libs  "SHELL=CMD" "COMPILER=arm-xilinx-eabi-gcc" "ARCHIVER=arm-xilinx-eabi-ar" "COMPILER_FLAGS=  -O2 -c" "EXTRA_COMPILER_FLAGS=-g"
"Compiling standalone"
"Running Make libs in ps7_cortexa9_0/libsrc/uartlite_v3_0/src"
make -C ps7_cortexa9_0/libsrc/uartlite_v3_0/src -s libs  "SHELL=CMD" "COMPILER=arm-xilinx-eabi-gcc" "ARCHIVER=arm-xilinx-eabi-ar" "COMPILER_FLAGS=  -O2 -c" "EXTRA_COMPILER_FLAGS=-g"
"Compiling uartlite"
"Running Make libs in ps7_cortexa9_0/libsrc/uartps_v2_2/src"
make -C ps7_cortexa9_0/libsrc/uartps_v2_2/src -s libs  "SHELL=CMD" "COMPILER=arm-xilinx-eabi-gcc" "ARCHIVER=arm-xilinx-eabi-ar" "COMPILER_FLAGS=  -O2 -c" "EXTRA_COMPILER_FLAGS=-g"
"Compiling uartps"
"Running Make libs in ps7_cortexa9_0/libsrc/xadcps_v2_1/src"
make -C ps7_cortexa9_0/libsrc/xadcps_v2_1/src -s libs  "SHELL=CMD" "COMPILER=arm-xilinx-eabi-gcc" "ARCHIVER=arm-xilinx-eabi-ar" "COMPILER_FLAGS=  -O2 -c" "EXTRA_COMPILER_FLAGS=-g"
"Compiling xadcps"
"Running Make libs in ps7_cortexa9_0/libsrc/xilffs_v2_2/src"
make -C ps7_cortexa9_0/libsrc/xilffs_v2_2/src -s libs  "SHELL=CMD" "COMPILER=arm-xilinx-eabi-gcc" "ARCHIVER=arm-xilinx-eabi-ar" "COMPILER_FLAGS=  -O2 -c" "EXTRA_COMPILER_FLAGS=-g"
"Compiling XilFFs Library"
"Creating archive libxilffs.a"
"Running Make libs in ps7_cortexa9_0/libsrc/xilrsa_v1_1/src"
make -C ps7_cortexa9_0/libsrc/xilrsa_v1_1/src -s libs  "SHELL=CMD" "COMPILER=arm-xilinx-eabi-gcc" "ARCHIVER=arm-xilinx-eabi-ar" "COMPILER_FLAGS=  -O2 -c" "EXTRA_COMPILER_FLAGS=-g"
make: Målet 'all' ikke genskabt på grund af fejl.
15:00:29 **** Clean-only build of configuration Debug for project ZyboCarApp ****
make clean 
rm -rf  ./src/LIDAR.d ./src/Particle.d ./src/ParticleFilter.d ./src/PathMaker.d ./src/RobotFrame.d ./src/main.d ./src/main0.d  ./src/LIDAR.o ./src/Particle.o ./src/ParticleFilter.o ./src/PathMaker.o ./src/RobotFrame.o ./src/Utility.o ./src/WaitForStart.o ./src/main.o ./src/main0.o ./src/move.o  ./src/Utility.d ./src/WaitForStart.d ./src/move.d  ZyboCarApp.elf.size  ZyboCarApp.elf
 
15:00:29 **** Clean-only build of project standalone_bsp_0 ****
make -k clean 
rm -f ps7_cortexa9_0/lib/libxil.a
15:00:30 **** Build of project standalone_bsp_0 ****
make -k all 
"Running Make include in ps7_cortexa9_0/libsrc/cpu_cortexa9_v2_1/src"
make -C ps7_cortexa9_0/libsrc/cpu_cortexa9_v2_1/src -s include  "SHELL=CMD" "COMPILER=arm-xilinx-eabi-gcc" "ARCHIVER=arm-xilinx-eabi-ar" "COMPILER_FLAGS=  -O2 -c" "EXTRA_COMPILER_FLAGS=-g"
"Running Make include in ps7_cortexa9_0/libsrc/devcfg_v3_2/src"
make -C ps7_cortexa9_0/libsrc/devcfg_v3_2/src -s include  "SHELL=CMD" "COMPILER=arm-xilinx-eabi-gcc" "ARCHIVER=arm-xilinx-eabi-ar" "COMPILER_FLAGS=  -O2 -c" "EXTRA_COMPILER_FLAGS=-g"
"Running Make include in ps7_cortexa9_0/libsrc/dmaps_v2_1/src"
make -C ps7_cortexa9_0/libsrc/dmaps_v2_1/src -s include  "SHELL=CMD" "COMPILER=arm-xilinx-eabi-gcc" "ARCHIVER=arm-xilinx-eabi-ar" "COMPILER_FLAGS=  -O2 -c" "EXTRA_COMPILER_FLAGS=-g"
"Running Make include in ps7_cortexa9_0/libsrc/gpio_v4_0/src"
make -C ps7_cortexa9_0/libsrc/gpio_v4_0/src -s include  "SHELL=CMD" "COMPILER=arm-xilinx-eabi-gcc" "ARCHIVER=arm-xilinx-eabi-ar" "COMPILER_FLAGS=  -O2 -c" "EXTRA_COMPILER_FLAGS=-g"
"Running Make include in ps7_cortexa9_0/libsrc/motorctrl_top_v1_1/src"
make -C ps7_cortexa9_0/libsrc/motorctrl_top_v1_1/src -s include  "SHELL=CMD" "COMPILER=arm-xilinx-eabi-gcc" "ARCHIVER=arm-xilinx-eabi-ar" "COMPILER_FLAGS=  -O2 -c" "EXTRA_COMPILER_FLAGS=-g"
"Running Make include in ps7_cortexa9_0/libsrc/qspips_v3_1/src"
make -C ps7_cortexa9_0/libsrc/qspips_v3_1/src -s include  "SHELL=CMD" "COMPILER=arm-xilinx-eabi-gcc" "ARCHIVER=arm-xilinx-eabi-ar" "COMPILER_FLAGS=  -O2 -c" "EXTRA_COMPILER_FLAGS=-g"
"Running Make include in ps7_cortexa9_0/libsrc/scugic_v2_1/src"
make -C ps7_cortexa9_0/libsrc/scugic_v2_1/src -s include  "SHELL=CMD" "COMPILER=arm-xilinx-eabi-gcc" "ARCHIVER=arm-xilinx-eabi-ar" "COMPILER_FLAGS=  -O2 -c" "EXTRA_COMPILER_FLAGS=-g"
"Running Make include in ps7_cortexa9_0/libsrc/scutimer_v2_0/src"
make -C ps7_cortexa9_0/libsrc/scutimer_v2_0/src -s include  "SHELL=CMD" "COMPILER=arm-xilinx-eabi-gcc" "ARCHIVER=arm-xilinx-eabi-ar" "COMPILER_FLAGS=  -O2 -c" "EXTRA_COMPILER_FLAGS=-g"
"Running Make include in ps7_cortexa9_0/libsrc/scuwdt_v2_0/src"
make -C ps7_cortexa9_0/libsrc/scuwdt_v2_0/src -s include  "SHELL=CMD" "COMPILER=arm-xilinx-eabi-gcc" "ARCHIVER=arm-xilinx-eabi-ar" "COMPILER_FLAGS=  -O2 -c" "EXTRA_COMPILER_FLAGS=-g"
"Running Make include in ps7_cortexa9_0/libsrc/standalone_v4_2/src"
make -C ps7_cortexa9_0/libsrc/standalone_v4_2/src -s include  "SHELL=CMD" "COMPILER=arm-xilinx-eabi-gcc" "ARCHIVER=arm-xilinx-eabi-ar" "COMPILER_FLAGS=  -O2 -c" "EXTRA_COMPILER_FLAGS=-g"
"Running Make include in ps7_cortexa9_0/libsrc/uartlite_v3_0/src"
make -C ps7_cortexa9_0/libsrc/uartlite_v3_0/src -s include  "SHELL=CMD" "COMPILER=arm-xilinx-eabi-gcc" "ARCHIVER=arm-xilinx-eabi-ar" "COMPILER_FLAGS=  -O2 -c" "EXTRA_COMPILER_FLAGS=-g"
"Running Make include in ps7_cortexa9_0/libsrc/uartps_v2_2/src"
make -C ps7_cortexa9_0/libsrc/uartps_v2_2/src -s include  "SHELL=CMD" "COMPILER=arm-xilinx-eabi-gcc" "ARCHIVER=arm-xilinx-eabi-ar" "COMPILER_FLAGS=  -O2 -c" "EXTRA_COMPILER_FLAGS=-g"
"Running Make include in ps7_cortexa9_0/libsrc/xadcps_v2_1/src"
make -C ps7_cortexa9_0/libsrc/xadcps_v2_1/src -s include  "SHELL=CMD" "COMPILER=arm-xilinx-eabi-gcc" "ARCHIVER=arm-xilinx-eabi-ar" "COMPILER_FLAGS=  -O2 -c" "EXTRA_COMPILER_FLAGS=-g"
"Running Make include in ps7_cortexa9_0/libsrc/xilffs_v2_2/src"
make -C ps7_cortexa9_0/libsrc/xilffs_v2_2/src -s include  "SHELL=CMD" "COMPILER=arm-xilinx-eabi-gcc" "ARCHIVER=arm-xilinx-eabi-ar" "COMPILER_FLAGS=  -O2 -c" "EXTRA_COMPILER_FLAGS=-g"
"Running Make include in ps7_cortexa9_0/libsrc/xilrsa_v1_1/src"
make -C ps7_cortexa9_0/libsrc/xilrsa_v1_1/src -s include  "SHELL=CMD" "COMPILER=arm-xilinx-eabi-gcc" "ARCHIVER=arm-xilinx-eabi-ar" "COMPILER_FLAGS=  -O2 -c" "EXTRA_COMPILER_FLAGS=-g"
"Running Make libs in ps7_cortexa9_0/libsrc/cpu_cortexa9_v2_1/src"
make -C ps7_cortexa9_0/libsrc/cpu_cortexa9_v2_1/src -s libs  "SHELL=CMD" "COMPILER=arm-xilinx-eabi-gcc" "ARCHIVER=arm-xilinx-eabi-ar" "COMPILER_FLAGS=  -O2 -c" "EXTRA_COMPILER_FLAGS=-g"
"Compiling cpu_cortexa9"
"Running Make libs in ps7_cortexa9_0/libsrc/devcfg_v3_2/src"
make -C ps7_cortexa9_0/libsrc/devcfg_v3_2/src -s libs  "SHELL=CMD" "COMPILER=arm-xilinx-eabi-gcc" "ARCHIVER=arm-xilinx-eabi-ar" "COMPILER_FLAGS=  -O2 -c" "EXTRA_COMPILER_FLAGS=-g"
"Compiling devcfg"
arm-xilinx-eabi-ar: creating ../../../lib/libxil.a
"Running Make libs in ps7_cortexa9_0/libsrc/dmaps_v2_1/src"
make -C ps7_cortexa9_0/libsrc/dmaps_v2_1/src -s libs  "SHELL=CMD" "COMPILER=arm-xilinx-eabi-gcc" "ARCHIVER=arm-xilinx-eabi-ar" "COMPILER_FLAGS=  -O2 -c" "EXTRA_COMPILER_FLAGS=-g"
"Compiling dmaps"
"Running Make libs in ps7_cortexa9_0/libsrc/gpio_v4_0/src"
make -C ps7_cortexa9_0/libsrc/gpio_v4_0/src -s libs  "SHELL=CMD" "COMPILER=arm-xilinx-eabi-gcc" "ARCHIVER=arm-xilinx-eabi-ar" "COMPILER_FLAGS=  -O2 -c" "EXTRA_COMPILER_FLAGS=-g"
"Compiling gpio"
"Running Make libs in ps7_cortexa9_0/libsrc/motorctrl_top_v1_1/src"
make -C ps7_cortexa9_0/libsrc/motorctrl_top_v1_1/src -s libs  "SHELL=CMD" "COMPILER=arm-xilinx-eabi-gcc" "ARCHIVER=arm-xilinx-eabi-ar" "COMPILER_FLAGS=  -O2 -c" "EXTRA_COMPILER_FLAGS=-g"
"Compiling motorctrl_top"
xmotorctrl_sinit.c: In function 'XMotorctrl_LookupConfig':
xmotorctrl_sinit.c:21:26: error: 'XPAR_XMOTORCTRL_NUM_INSTANCES' undeclared (first use in this function)
  for (Index = 0; Index < XPAR_XMOTORCTRL_NUM_INSTANCES; Index++) {
                          ^
xmotorctrl_sinit.c:21:26: note: each undeclared identifier is reported only once for each function it appears in
make[1]: *** [libs] Fejl 1
make: *** [ps7_cortexa9_0/libsrc/motorctrl_top_v1_1/src/make.libs] Fejl 2
"Running Make libs in ps7_cortexa9_0/libsrc/qspips_v3_1/src"
make -C ps7_cortexa9_0/libsrc/qspips_v3_1/src -s libs  "SHELL=CMD" "COMPILER=arm-xilinx-eabi-gcc" "ARCHIVER=arm-xilinx-eabi-ar" "COMPILER_FLAGS=  -O2 -c" "EXTRA_COMPILER_FLAGS=-g"
"Compiling qspips"
"Running Make libs in ps7_cortexa9_0/libsrc/scugic_v2_1/src"
make -C ps7_cortexa9_0/libsrc/scugic_v2_1/src -s libs  "SHELL=CMD" "COMPILER=arm-xilinx-eabi-gcc" "ARCHIVER=arm-xilinx-eabi-ar" "COMPILER_FLAGS=  -O2 -c" "EXTRA_COMPILER_FLAGS=-g"
"Compiling scugic"
"Running Make libs in ps7_cortexa9_0/libsrc/scutimer_v2_0/src"
make -C ps7_cortexa9_0/libsrc/scutimer_v2_0/src -s libs  "SHELL=CMD" "COMPILER=arm-xilinx-eabi-gcc" "ARCHIVER=arm-xilinx-eabi-ar" "COMPILER_FLAGS=  -O2 -c" "EXTRA_COMPILER_FLAGS=-g"
"Compiling scutimer"
"Running Make libs in ps7_cortexa9_0/libsrc/scuwdt_v2_0/src"
make -C ps7_cortexa9_0/libsrc/scuwdt_v2_0/src -s libs  "SHELL=CMD" "COMPILER=arm-xilinx-eabi-gcc" "ARCHIVER=arm-xilinx-eabi-ar" "COMPILER_FLAGS=  -O2 -c" "EXTRA_COMPILER_FLAGS=-g"
"Compiling scuwdt"
"Running Make libs in ps7_cortexa9_0/libsrc/standalone_v4_2/src"
make -C ps7_cortexa9_0/libsrc/standalone_v4_2/src -s libs  "SHELL=CMD" "COMPILER=arm-xilinx-eabi-gcc" "ARCHIVER=arm-xilinx-eabi-ar" "COMPILER_FLAGS=  -O2 -c" "EXTRA_COMPILER_FLAGS=-g"
"Compiling standalone"
"Running Make libs in ps7_cortexa9_0/libsrc/uartlite_v3_0/src"
make -C ps7_cortexa9_0/libsrc/uartlite_v3_0/src -s libs  "SHELL=CMD" "COMPILER=arm-xilinx-eabi-gcc" "ARCHIVER=arm-xilinx-eabi-ar" "COMPILER_FLAGS=  -O2 -c" "EXTRA_COMPILER_FLAGS=-g"
"Compiling uartlite"
"Running Make libs in ps7_cortexa9_0/libsrc/uartps_v2_2/src"
make -C ps7_cortexa9_0/libsrc/uartps_v2_2/src -s libs  "SHELL=CMD" "COMPILER=arm-xilinx-eabi-gcc" "ARCHIVER=arm-xilinx-eabi-ar" "COMPILER_FLAGS=  -O2 -c" "EXTRA_COMPILER_FLAGS=-g"
"Compiling uartps"
"Running Make libs in ps7_cortexa9_0/libsrc/xadcps_v2_1/src"
make -C ps7_cortexa9_0/libsrc/xadcps_v2_1/src -s libs  "SHELL=CMD" "COMPILER=arm-xilinx-eabi-gcc" "ARCHIVER=arm-xilinx-eabi-ar" "COMPILER_FLAGS=  -O2 -c" "EXTRA_COMPILER_FLAGS=-g"
"Compiling xadcps"
"Running Make libs in ps7_cortexa9_0/libsrc/xilffs_v2_2/src"
make -C ps7_cortexa9_0/libsrc/xilffs_v2_2/src -s libs  "SHELL=CMD" "COMPILER=arm-xilinx-eabi-gcc" "ARCHIVER=arm-xilinx-eabi-ar" "COMPILER_FLAGS=  -O2 -c" "EXTRA_COMPILER_FLAGS=-g"
"Compiling XilFFs Library"
"Creating archive libxilffs.a"
"Running Make libs in ps7_cortexa9_0/libsrc/xilrsa_v1_1/src"
make -C ps7_cortexa9_0/libsrc/xilrsa_v1_1/src -s libs  "SHELL=CMD" "COMPILER=arm-xilinx-eabi-gcc" "ARCHIVER=arm-xilinx-eabi-ar" "COMPILER_FLAGS=  -O2 -c" "EXTRA_COMPILER_FLAGS=-g"
make: Målet 'all' ikke genskabt på grund af fejl.
15:01:14 **** Auto Build of project standalone_bsp_0 ****
make -k all 
"Running Make include in ps7_cortexa9_0/libsrc/cpu_cortexa9_v2_1/src"
make -C ps7_cortexa9_0/libsrc/cpu_cortexa9_v2_1/src -s include  "SHELL=CMD" "COMPILER=arm-xilinx-eabi-gcc" "ARCHIVER=arm-xilinx-eabi-ar" "COMPILER_FLAGS=  -O2 -c" "EXTRA_COMPILER_FLAGS=-g"
"Running Make include in ps7_cortexa9_0/libsrc/devcfg_v3_2/src"
make -C ps7_cortexa9_0/libsrc/devcfg_v3_2/src -s include  "SHELL=CMD" "COMPILER=arm-xilinx-eabi-gcc" "ARCHIVER=arm-xilinx-eabi-ar" "COMPILER_FLAGS=  -O2 -c" "EXTRA_COMPILER_FLAGS=-g"
"Running Make include in ps7_cortexa9_0/libsrc/dmaps_v2_1/src"
make -C ps7_cortexa9_0/libsrc/dmaps_v2_1/src -s include  "SHELL=CMD" "COMPILER=arm-xilinx-eabi-gcc" "ARCHIVER=arm-xilinx-eabi-ar" "COMPILER_FLAGS=  -O2 -c" "EXTRA_COMPILER_FLAGS=-g"
"Running Make include in ps7_cortexa9_0/libsrc/gpio_v4_0/src"
make -C ps7_cortexa9_0/libsrc/gpio_v4_0/src -s include  "SHELL=CMD" "COMPILER=arm-xilinx-eabi-gcc" "ARCHIVER=arm-xilinx-eabi-ar" "COMPILER_FLAGS=  -O2 -c" "EXTRA_COMPILER_FLAGS=-g"
"Running Make include in ps7_cortexa9_0/libsrc/motorctrl_top_v1_1/src"
make -C ps7_cortexa9_0/libsrc/motorctrl_top_v1_1/src -s include  "SHELL=CMD" "COMPILER=arm-xilinx-eabi-gcc" "ARCHIVER=arm-xilinx-eabi-ar" "COMPILER_FLAGS=  -O2 -c" "EXTRA_COMPILER_FLAGS=-g"
"Running Make include in ps7_cortexa9_0/libsrc/qspips_v3_1/src"
make -C ps7_cortexa9_0/libsrc/qspips_v3_1/src -s include  "SHELL=CMD" "COMPILER=arm-xilinx-eabi-gcc" "ARCHIVER=arm-xilinx-eabi-ar" "COMPILER_FLAGS=  -O2 -c" "EXTRA_COMPILER_FLAGS=-g"
"Running Make include in ps7_cortexa9_0/libsrc/scugic_v2_1/src"
make -C ps7_cortexa9_0/libsrc/scugic_v2_1/src -s include  "SHELL=CMD" "COMPILER=arm-xilinx-eabi-gcc" "ARCHIVER=arm-xilinx-eabi-ar" "COMPILER_FLAGS=  -O2 -c" "EXTRA_COMPILER_FLAGS=-g"
"Running Make include in ps7_cortexa9_0/libsrc/scutimer_v2_0/src"
make -C ps7_cortexa9_0/libsrc/scutimer_v2_0/src -s include  "SHELL=CMD" "COMPILER=arm-xilinx-eabi-gcc" "ARCHIVER=arm-xilinx-eabi-ar" "COMPILER_FLAGS=  -O2 -c" "EXTRA_COMPILER_FLAGS=-g"
"Running Make include in ps7_cortexa9_0/libsrc/scuwdt_v2_0/src"
make -C ps7_cortexa9_0/libsrc/scuwdt_v2_0/src -s include  "SHELL=CMD" "COMPILER=arm-xilinx-eabi-gcc" "ARCHIVER=arm-xilinx-eabi-ar" "COMPILER_FLAGS=  -O2 -c" "EXTRA_COMPILER_FLAGS=-g"
"Running Make include in ps7_cortexa9_0/libsrc/standalone_v4_2/src"
make -C ps7_cortexa9_0/libsrc/standalone_v4_2/src -s include  "SHELL=CMD" "COMPILER=arm-xilinx-eabi-gcc" "ARCHIVER=arm-xilinx-eabi-ar" "COMPILER_FLAGS=  -O2 -c" "EXTRA_COMPILER_FLAGS=-g"
"Running Make include in ps7_cortexa9_0/libsrc/uartlite_v3_0/src"
make -C ps7_cortexa9_0/libsrc/uartlite_v3_0/src -s include  "SHELL=CMD" "COMPILER=arm-xilinx-eabi-gcc" "ARCHIVER=arm-xilinx-eabi-ar" "COMPILER_FLAGS=  -O2 -c" "EXTRA_COMPILER_FLAGS=-g"
"Running Make include in ps7_cortexa9_0/libsrc/uartps_v2_2/src"
make -C ps7_cortexa9_0/libsrc/uartps_v2_2/src -s include  "SHELL=CMD" "COMPILER=arm-xilinx-eabi-gcc" "ARCHIVER=arm-xilinx-eabi-ar" "COMPILER_FLAGS=  -O2 -c" "EXTRA_COMPILER_FLAGS=-g"
"Running Make include in ps7_cortexa9_0/libsrc/xadcps_v2_1/src"
make -C ps7_cortexa9_0/libsrc/xadcps_v2_1/src -s include  "SHELL=CMD" "COMPILER=arm-xilinx-eabi-gcc" "ARCHIVER=arm-xilinx-eabi-ar" "COMPILER_FLAGS=  -O2 -c" "EXTRA_COMPILER_FLAGS=-g"
"Running Make include in ps7_cortexa9_0/libsrc/xilffs_v2_2/src"
make -C ps7_cortexa9_0/libsrc/xilffs_v2_2/src -s include  "SHELL=CMD" "COMPILER=arm-xilinx-eabi-gcc" "ARCHIVER=arm-xilinx-eabi-ar" "COMPILER_FLAGS=  -O2 -c" "EXTRA_COMPILER_FLAGS=-g"
"Running Make include in ps7_cortexa9_0/libsrc/xilrsa_v1_1/src"
make -C ps7_cortexa9_0/libsrc/xilrsa_v1_1/src -s include  "SHELL=CMD" "COMPILER=arm-xilinx-eabi-gcc" "ARCHIVER=arm-xilinx-eabi-ar" "COMPILER_FLAGS=  -O2 -c" "EXTRA_COMPILER_FLAGS=-g"
"Running Make libs in ps7_cortexa9_0/libsrc/cpu_cortexa9_v2_1/src"
make -C ps7_cortexa9_0/libsrc/cpu_cortexa9_v2_1/src -s libs  "SHELL=CMD" "COMPILER=arm-xilinx-eabi-gcc" "ARCHIVER=arm-xilinx-eabi-ar" "COMPILER_FLAGS=  -O2 -c" "EXTRA_COMPILER_FLAGS=-g"
"Compiling cpu_cortexa9"
"Running Make libs in ps7_cortexa9_0/libsrc/devcfg_v3_2/src"
make -C ps7_cortexa9_0/libsrc/devcfg_v3_2/src -s libs  "SHELL=CMD" "COMPILER=arm-xilinx-eabi-gcc" "ARCHIVER=arm-xilinx-eabi-ar" "COMPILER_FLAGS=  -O2 -c" "EXTRA_COMPILER_FLAGS=-g"
"Compiling devcfg"
"Running Make libs in ps7_cortexa9_0/libsrc/dmaps_v2_1/src"
make -C ps7_cortexa9_0/libsrc/dmaps_v2_1/src -s libs  "SHELL=CMD" "COMPILER=arm-xilinx-eabi-gcc" "ARCHIVER=arm-xilinx-eabi-ar" "COMPILER_FLAGS=  -O2 -c" "EXTRA_COMPILER_FLAGS=-g"
"Compiling dmaps"
"Running Make libs in ps7_cortexa9_0/libsrc/gpio_v4_0/src"
make -C ps7_cortexa9_0/libsrc/gpio_v4_0/src -s libs  "SHELL=CMD" "COMPILER=arm-xilinx-eabi-gcc" "ARCHIVER=arm-xilinx-eabi-ar" "COMPILER_FLAGS=  -O2 -c" "EXTRA_COMPILER_FLAGS=-g"
"Compiling gpio"
"Running Make libs in ps7_cortexa9_0/libsrc/motorctrl_top_v1_1/src"
make -C ps7_cortexa9_0/libsrc/motorctrl_top_v1_1/src -s libs  "SHELL=CMD" "COMPILER=arm-xilinx-eabi-gcc" "ARCHIVER=arm-xilinx-eabi-ar" "COMPILER_FLAGS=  -O2 -c" "EXTRA_COMPILER_FLAGS=-g"
"Compiling motorctrl_top"
"Running Make libs in ps7_cortexa9_0/libsrc/qspips_v3_1/src"
make -C ps7_cortexa9_0/libsrc/qspips_v3_1/src -s libs  "SHELL=CMD" "COMPILER=arm-xilinx-eabi-gcc" "ARCHIVER=arm-xilinx-eabi-ar" "COMPILER_FLAGS=  -O2 -c" "EXTRA_COMPILER_FLAGS=-g"
"Compiling qspips"
"Running Make libs in ps7_cortexa9_0/libsrc/scugic_v2_1/src"
make -C ps7_cortexa9_0/libsrc/scugic_v2_1/src -s libs  "SHELL=CMD" "COMPILER=arm-xilinx-eabi-gcc" "ARCHIVER=arm-xilinx-eabi-ar" "COMPILER_FLAGS=  -O2 -c" "EXTRA_COMPILER_FLAGS=-g"
"Compiling scugic"
"Running Make libs in ps7_cortexa9_0/libsrc/scutimer_v2_0/src"
make -C ps7_cortexa9_0/libsrc/scutimer_v2_0/src -s libs  "SHELL=CMD" "COMPILER=arm-xilinx-eabi-gcc" "ARCHIVER=arm-xilinx-eabi-ar" "COMPILER_FLAGS=  -O2 -c" "EXTRA_COMPILER_FLAGS=-g"
"Compiling scutimer"
"Running Make libs in ps7_cortexa9_0/libsrc/scuwdt_v2_0/src"
make -C ps7_cortexa9_0/libsrc/scuwdt_v2_0/src -s libs  "SHELL=CMD" "COMPILER=arm-xilinx-eabi-gcc" "ARCHIVER=arm-xilinx-eabi-ar" "COMPILER_FLAGS=  -O2 -c" "EXTRA_COMPILER_FLAGS=-g"
"Compiling scuwdt"
"Running Make libs in ps7_cortexa9_0/libsrc/standalone_v4_2/src"
make -C ps7_cortexa9_0/libsrc/standalone_v4_2/src -s libs  "SHELL=CMD" "COMPILER=arm-xilinx-eabi-gcc" "ARCHIVER=arm-xilinx-eabi-ar" "COMPILER_FLAGS=  -O2 -c" "EXTRA_COMPILER_FLAGS=-g"
"Compiling standalone"
"Running Make libs in ps7_cortexa9_0/libsrc/uartlite_v3_0/src"
make -C ps7_cortexa9_0/libsrc/uartlite_v3_0/src -s libs  "SHELL=CMD" "COMPILER=arm-xilinx-eabi-gcc" "ARCHIVER=arm-xilinx-eabi-ar" "COMPILER_FLAGS=  -O2 -c" "EXTRA_COMPILER_FLAGS=-g"
"Compiling uartlite"
"Running Make libs in ps7_cortexa9_0/libsrc/uartps_v2_2/src"
make -C ps7_cortexa9_0/libsrc/uartps_v2_2/src -s libs  "SHELL=CMD" "COMPILER=arm-xilinx-eabi-gcc" "ARCHIVER=arm-xilinx-eabi-ar" "COMPILER_FLAGS=  -O2 -c" "EXTRA_COMPILER_FLAGS=-g"
"Compiling uartps"
"Running Make libs in ps7_cortexa9_0/libsrc/xadcps_v2_1/src"
make -C ps7_cortexa9_0/libsrc/xadcps_v2_1/src -s libs  "SHELL=CMD" "COMPILER=arm-xilinx-eabi-gcc" "ARCHIVER=arm-xilinx-eabi-ar" "COMPILER_FLAGS=  -O2 -c" "EXTRA_COMPILER_FLAGS=-g"
"Compiling xadcps"
"Running Make libs in ps7_cortexa9_0/libsrc/xilffs_v2_2/src"
make -C ps7_cortexa9_0/libsrc/xilffs_v2_2/src -s libs  "SHELL=CMD" "COMPILER=arm-xilinx-eabi-gcc" "ARCHIVER=arm-xilinx-eabi-ar" "COMPILER_FLAGS=  -O2 -c" "EXTRA_COMPILER_FLAGS=-g"
"Compiling XilFFs Library"
"Creating archive libxilffs.a"
"Running Make libs in ps7_cortexa9_0/libsrc/xilrsa_v1_1/src"
make -C ps7_cortexa9_0/libsrc/xilrsa_v1_1/src -s libs  "SHELL=CMD" "COMPILER=arm-xilinx-eabi-gcc" "ARCHIVER=arm-xilinx-eabi-ar" "COMPILER_FLAGS=  -O2 -c" "EXTRA_COMPILER_FLAGS=-g"
'Finished building libraries'
15:01:57 **** Build of configuration Debug for project ZyboCarApp ****
make all 
Building file: ../src/LIDAR.cc
Invoking: ARM g++ compiler
arm-xilinx-eabi-g++ -Wall -O0 -g3 -c -fmessage-length=0 -MT"src/LIDAR.o" -std=c++11 -I../../standalone_bsp_0/ps7_cortexa9_0/include -MMD -MP -MF"src/LIDAR.d" -MT"src/LIDAR.d" -o "src/LIDAR.o" "../src/LIDAR.cc"
Finished building: ../src/LIDAR.cc
 
Building file: ../src/Particle.cc
Invoking: ARM g++ compiler
arm-xilinx-eabi-g++ -Wall -O0 -g3 -c -fmessage-length=0 -MT"src/Particle.o" -std=c++11 -I../../standalone_bsp_0/ps7_cortexa9_0/include -MMD -MP -MF"src/Particle.d" -MT"src/Particle.d" -o "src/Particle.o" "../src/Particle.cc"
Finished building: ../src/Particle.cc
 
Building file: ../src/ParticleFilter.cc
Invoking: ARM g++ compiler
arm-xilinx-eabi-g++ -Wall -O0 -g3 -c -fmessage-length=0 -MT"src/ParticleFilter.o" -std=c++11 -I../../standalone_bsp_0/ps7_cortexa9_0/include -MMD -MP -MF"src/ParticleFilter.d" -MT"src/ParticleFilter.d" -o "src/ParticleFilter.o" "../src/ParticleFilter.cc"
Finished building: ../src/ParticleFilter.cc
 
Building file: ../src/PathMaker.cc
Invoking: ARM g++ compiler
arm-xilinx-eabi-g++ -Wall -O0 -g3 -c -fmessage-length=0 -MT"src/PathMaker.o" -std=c++11 -I../../standalone_bsp_0/ps7_cortexa9_0/include -MMD -MP -MF"src/PathMaker.d" -MT"src/PathMaker.d" -o "src/PathMaker.o" "../src/PathMaker.cc"
../src/PathMaker.cc: In member function 'void PathMaker::performAStar(Position&)':
../src/PathMaker.cc:89:44: warning: comparison between signed and unsigned integer expressions [-Wsign-compare]
     for (int i = 0; i < possibleMoves.size(); i++) {
                                            ^
../src/PathMaker.cc:141:32: warning: comparison between signed and unsigned integer expressions [-Wsign-compare]
  for (int y = 0; y < path.size(); y++) {
                                ^
Finished building: ../src/PathMaker.cc
 
Building file: ../src/RobotFrame.cc
Invoking: ARM g++ compiler
arm-xilinx-eabi-g++ -Wall -O0 -g3 -c -fmessage-length=0 -MT"src/RobotFrame.o" -std=c++11 -I../../standalone_bsp_0/ps7_cortexa9_0/include -MMD -MP -MF"src/RobotFrame.d" -MT"src/RobotFrame.d" -o "src/RobotFrame.o" "../src/RobotFrame.cc"
Finished building: ../src/RobotFrame.cc
 
Building file: ../src/Utility.cpp
Invoking: ARM g++ compiler
arm-xilinx-eabi-g++ -Wall -O0 -g3 -c -fmessage-length=0 -MT"src/Utility.o" -std=c++11 -I../../standalone_bsp_0/ps7_cortexa9_0/include -MMD -MP -MF"src/Utility.d" -MT"src/Utility.d" -o "src/Utility.o" "../src/Utility.cpp"
Finished building: ../src/Utility.cpp
 
Building file: ../src/WaitForStart.cpp
Invoking: ARM g++ compiler
arm-xilinx-eabi-g++ -Wall -O0 -g3 -c -fmessage-length=0 -MT"src/WaitForStart.o" -std=c++11 -I../../standalone_bsp_0/ps7_cortexa9_0/include -MMD -MP -MF"src/WaitForStart.d" -MT"src/WaitForStart.d" -o "src/WaitForStart.o" "../src/WaitForStart.cpp"
Finished building: ../src/WaitForStart.cpp
 
Building file: ../src/main.cc
Invoking: ARM g++ compiler
arm-xilinx-eabi-g++ -Wall -O0 -g3 -c -fmessage-length=0 -MT"src/main.o" -std=c++11 -I../../standalone_bsp_0/ps7_cortexa9_0/include -MMD -MP -MF"src/main.d" -MT"src/main.d" -o "src/main.o" "../src/main.cc"
Finished building: ../src/main.cc
 
Building file: ../src/main0.cc
Invoking: ARM g++ compiler
arm-xilinx-eabi-g++ -Wall -O0 -g3 -c -fmessage-length=0 -MT"src/main0.o" -std=c++11 -I../../standalone_bsp_0/ps7_cortexa9_0/include -MMD -MP -MF"src/main0.d" -MT"src/main0.d" -o "src/main0.o" "../src/main0.cc"
Finished building: ../src/main0.cc
 
Building file: ../src/move.cpp
Invoking: ARM g++ compiler
arm-xilinx-eabi-g++ -Wall -O0 -g3 -c -fmessage-length=0 -MT"src/move.o" -std=c++11 -I../../standalone_bsp_0/ps7_cortexa9_0/include -MMD -MP -MF"src/move.d" -MT"src/move.d" -o "src/move.o" "../src/move.cpp"
Finished building: ../src/move.cpp
 
Building target: ZyboCarApp.elf
Invoking: ARM g++ linker
arm-xilinx-eabi-g++ -Wl,-T -Wl,../src/lscript.ld -L../../standalone_bsp_0/ps7_cortexa9_0/lib -o "ZyboCarApp.elf"  ./src/LIDAR.o ./src/Particle.o ./src/ParticleFilter.o ./src/PathMaker.o ./src/RobotFrame.o ./src/Utility.o ./src/WaitForStart.o ./src/main.o ./src/main0.o ./src/move.o   -Wl,--start-group,-lxil,-lgcc,-lc,-lstdc++,--end-group -Wl,--start-group,-lxilffs,-lxil,-lgcc,-lc,--end-group -Wl,--start-group,-lrsa,-lxil,-lgcc,-lc,--end-group
Finished building target: ZyboCarApp.elf
 
Invoking: ARM Print Size
arm-xilinx-eabi-size ZyboCarApp.elf  |tee "ZyboCarApp.elf.size"
   text	   data	    bss	    dec	    hex	filename
3509772	   2632	204815024	208327428	c6ad304	ZyboCarApp.elf
Finished building: ZyboCarApp.elf.size
 
15:02:49 **** Incremental Build of configuration Debug for project ZyboCarApp ****
make all 
make: Ingenting at gøre for 'all'.
15:03:17 **** Incremental Build of configuration Debug for project ZyboCarApp ****
make all 
make: Ingenting at gøre for 'all'.
15:03:32 **** Incremental Build of configuration Debug for project ZyboCarApp ****
make all 
make: Ingenting at gøre for 'all'.
15:07:57 **** Auto Build of configuration Debug for project ZyboCarApp ****
make all 
Building file: ../src/ParticleFilter.cc
Invoking: ARM g++ compiler
arm-xilinx-eabi-g++ -Wall -O0 -g3 -c -fmessage-length=0 -MT"src/ParticleFilter.o" -std=c++11 -I../../standalone_bsp_0/ps7_cortexa9_0/include -MMD -MP -MF"src/ParticleFilter.d" -MT"src/ParticleFilter.d" -o "src/ParticleFilter.o" "../src/ParticleFilter.cc"
Finished building: ../src/ParticleFilter.cc
 
Building target: ZyboCarApp.elf
Invoking: ARM g++ linker
arm-xilinx-eabi-g++ -Wl,-T -Wl,../src/lscript.ld -L../../standalone_bsp_0/ps7_cortexa9_0/lib -o "ZyboCarApp.elf"  ./src/LIDAR.o ./src/Particle.o ./src/ParticleFilter.o ./src/PathMaker.o ./src/RobotFrame.o ./src/Utility.o ./src/WaitForStart.o ./src/main.o ./src/main0.o ./src/move.o   -Wl,--start-group,-lxil,-lgcc,-lc,-lstdc++,--end-group -Wl,--start-group,-lxilffs,-lxil,-lgcc,-lc,--end-group -Wl,--start-group,-lrsa,-lxil,-lgcc,-lc,--end-group
Finished building target: ZyboCarApp.elf
 
Invoking: ARM Print Size
arm-xilinx-eabi-size ZyboCarApp.elf  |tee "ZyboCarApp.elf.size"
   text	   data	    bss	    dec	    hex	filename
3509772	   2632	204815024	208327428	c6ad304	ZyboCarApp.elf
Finished building: ZyboCarApp.elf.size
 
15:10:22 **** Clean-only build of configuration Debug for project ZyboCarApp ****
make clean 
rm -rf  ./src/LIDAR.d ./src/Particle.d ./src/ParticleFilter.d ./src/PathMaker.d ./src/RobotFrame.d ./src/main.d ./src/main0.d  ./src/LIDAR.o ./src/Particle.o ./src/ParticleFilter.o ./src/PathMaker.o ./src/RobotFrame.o ./src/Utility.o ./src/WaitForStart.o ./src/main.o ./src/main0.o ./src/move.o  ./src/Utility.d ./src/WaitForStart.d ./src/move.d  ZyboCarApp.elf.size  ZyboCarApp.elf
 
15:10:22 **** Auto Build of configuration Debug for project ZyboCarApp ****
make all 
Building file: ../src/LIDAR.cc
Invoking: ARM g++ compiler
arm-xilinx-eabi-g++ -Wall -O0 -g3 -c -fmessage-length=0 -MT"src/LIDAR.o" -std=c++11 -I../../standalone_bsp_0/ps7_cortexa9_0/include -MMD -MP -MF"src/LIDAR.d" -MT"src/LIDAR.d" -o "src/LIDAR.o" "../src/LIDAR.cc"
Finished building: ../src/LIDAR.cc
 
Building file: ../src/Particle.cc
Invoking: ARM g++ compiler
arm-xilinx-eabi-g++ -Wall -O0 -g3 -c -fmessage-length=0 -MT"src/Particle.o" -std=c++11 -I../../standalone_bsp_0/ps7_cortexa9_0/include -MMD -MP -MF"src/Particle.d" -MT"src/Particle.d" -o "src/Particle.o" "../src/Particle.cc"
Finished building: ../src/Particle.cc
 
Building file: ../src/ParticleFilter.cc
Invoking: ARM g++ compiler
arm-xilinx-eabi-g++ -Wall -O0 -g3 -c -fmessage-length=0 -MT"src/ParticleFilter.o" -std=c++11 -I../../standalone_bsp_0/ps7_cortexa9_0/include -MMD -MP -MF"src/ParticleFilter.d" -MT"src/ParticleFilter.d" -o "src/ParticleFilter.o" "../src/ParticleFilter.cc"
Finished building: ../src/ParticleFilter.cc
 
Building file: ../src/PathMaker.cc
Invoking: ARM g++ compiler
arm-xilinx-eabi-g++ -Wall -O0 -g3 -c -fmessage-length=0 -MT"src/PathMaker.o" -std=c++11 -I../../standalone_bsp_0/ps7_cortexa9_0/include -MMD -MP -MF"src/PathMaker.d" -MT"src/PathMaker.d" -o "src/PathMaker.o" "../src/PathMaker.cc"
../src/PathMaker.cc: In member function 'void PathMaker::performAStar(Position&)':
../src/PathMaker.cc:89:44: warning: comparison between signed and unsigned integer expressions [-Wsign-compare]
     for (int i = 0; i < possibleMoves.size(); i++) {
                                            ^
../src/PathMaker.cc:141:32: warning: comparison between signed and unsigned integer expressions [-Wsign-compare]
  for (int y = 0; y < path.size(); y++) {
                                ^
Finished building: ../src/PathMaker.cc
 
Building file: ../src/RobotFrame.cc
Invoking: ARM g++ compiler
arm-xilinx-eabi-g++ -Wall -O0 -g3 -c -fmessage-length=0 -MT"src/RobotFrame.o" -std=c++11 -I../../standalone_bsp_0/ps7_cortexa9_0/include -MMD -MP -MF"src/RobotFrame.d" -MT"src/RobotFrame.d" -o "src/RobotFrame.o" "../src/RobotFrame.cc"
Finished building: ../src/RobotFrame.cc
 
Building file: ../src/Utility.cpp
Invoking: ARM g++ compiler
arm-xilinx-eabi-g++ -Wall -O0 -g3 -c -fmessage-length=0 -MT"src/Utility.o" -std=c++11 -I../../standalone_bsp_0/ps7_cortexa9_0/include -MMD -MP -MF"src/Utility.d" -MT"src/Utility.d" -o "src/Utility.o" "../src/Utility.cpp"
Finished building: ../src/Utility.cpp
 
Building file: ../src/WaitForStart.cpp
Invoking: ARM g++ compiler
arm-xilinx-eabi-g++ -Wall -O0 -g3 -c -fmessage-length=0 -MT"src/WaitForStart.o" -std=c++11 -I../../standalone_bsp_0/ps7_cortexa9_0/include -MMD -MP -MF"src/WaitForStart.d" -MT"src/WaitForStart.d" -o "src/WaitForStart.o" "../src/WaitForStart.cpp"
Finished building: ../src/WaitForStart.cpp
 
Building file: ../src/main.cc
Invoking: ARM g++ compiler
arm-xilinx-eabi-g++ -Wall -O0 -g3 -c -fmessage-length=0 -MT"src/main.o" -std=c++11 -I../../standalone_bsp_0/ps7_cortexa9_0/include -MMD -MP -MF"src/main.d" -MT"src/main.d" -o "src/main.o" "../src/main.cc"
Finished building: ../src/main.cc
 
Building file: ../src/main0.cc
Invoking: ARM g++ compiler
arm-xilinx-eabi-g++ -Wall -O0 -g3 -c -fmessage-length=0 -MT"src/main0.o" -std=c++11 -I../../standalone_bsp_0/ps7_cortexa9_0/include -MMD -MP -MF"src/main0.d" -MT"src/main0.d" -o "src/main0.o" "../src/main0.cc"
Finished building: ../src/main0.cc
 
Building file: ../src/move.cpp
Invoking: ARM g++ compiler
arm-xilinx-eabi-g++ -Wall -O0 -g3 -c -fmessage-length=0 -MT"src/move.o" -std=c++11 -I../../standalone_bsp_0/ps7_cortexa9_0/include -MMD -MP -MF"src/move.d" -MT"src/move.d" -o "src/move.o" "../src/move.cpp"
Finished building: ../src/move.cpp
 
Building target: ZyboCarApp.elf
Invoking: ARM g++ linker
arm-xilinx-eabi-g++ -Wl,-T -Wl,../src/lscript.ld -L../../standalone_bsp_0/ps7_cortexa9_0/lib -o "ZyboCarApp.elf"  ./src/LIDAR.o ./src/Particle.o ./src/ParticleFilter.o ./src/PathMaker.o ./src/RobotFrame.o ./src/Utility.o ./src/WaitForStart.o ./src/main.o ./src/main0.o ./src/move.o   -Wl,--start-group,-lxil,-lgcc,-lc,-lstdc++,--end-group -Wl,--start-group,-lxilffs,-lxil,-lgcc,-lc,--end-group -Wl,--start-group,-lrsa,-lxil,-lgcc,-lc,--end-group
Finished building target: ZyboCarApp.elf
 
Invoking: ARM Print Size
arm-xilinx-eabi-size ZyboCarApp.elf  |tee "ZyboCarApp.elf.size"
   text	   data	    bss	    dec	    hex	filename
3509772	   2632	204815024	208327428	c6ad304	ZyboCarApp.elf
Finished building: ZyboCarApp.elf.size
 
15:10:48 **** Auto Build of configuration Debug for project ZyboCarApp ****
make all 
Building file: ../src/PathMaker.cc
Invoking: ARM g++ compiler
arm-xilinx-eabi-g++ -Wall -O0 -g3 -c -fmessage-length=0 -MT"src/PathMaker.o" -std=c++11 -I../../standalone_bsp_0/ps7_cortexa9_0/include -MMD -MP -MF"src/PathMaker.d" -MT"src/PathMaker.d" -o "src/PathMaker.o" "../src/PathMaker.cc"
../src/PathMaker.cc: In member function 'void PathMaker::performAStar(Position&)':
../src/PathMaker.cc:89:44: warning: comparison between signed and unsigned integer expressions [-Wsign-compare]
     for (int i = 0; i < possibleMoves.size(); i++) {
                                            ^
../src/PathMaker.cc:141:32: warning: comparison between signed and unsigned integer expressions [-Wsign-compare]
  for (int y = 0; y < path.size(); y++) {
                                ^
Finished building: ../src/PathMaker.cc
 
Building target: ZyboCarApp.elf
Invoking: ARM g++ linker
arm-xilinx-eabi-g++ -Wl,-T -Wl,../src/lscript.ld -L../../standalone_bsp_0/ps7_cortexa9_0/lib -o "ZyboCarApp.elf"  ./src/LIDAR.o ./src/Particle.o ./src/ParticleFilter.o ./src/PathMaker.o ./src/RobotFrame.o ./src/Utility.o ./src/WaitForStart.o ./src/main.o ./src/main0.o ./src/move.o   -Wl,--start-group,-lxil,-lgcc,-lc,-lstdc++,--end-group -Wl,--start-group,-lxilffs,-lxil,-lgcc,-lc,--end-group -Wl,--start-group,-lrsa,-lxil,-lgcc,-lc,--end-group
Finished building target: ZyboCarApp.elf
 
Invoking: ARM Print Size
arm-xilinx-eabi-size ZyboCarApp.elf  |tee "ZyboCarApp.elf.size"
   text	   data	    bss	    dec	    hex	filename
3509568	   2632	204815024	208327224	c6ad238	ZyboCarApp.elf
Finished building: ZyboCarApp.elf.size
 
15:11:00 **** Auto Build of configuration Debug for project ZyboCarApp ****
make all 
make: Ingenting at gøre for 'all'.
15:11:31 **** Auto Build of configuration Debug for project ZyboCarApp ****
make all 
make: Ingenting at gøre for 'all'.
15:17:40 **** Auto Build of configuration Debug for project ZyboCarApp ****
make all 
Building file: ../src/Particle.cc
Invoking: ARM g++ compiler
arm-xilinx-eabi-g++ -Wall -O0 -g3 -c -fmessage-length=0 -MT"src/Particle.o" -std=c++11 -I../../standalone_bsp_0/ps7_cortexa9_0/include -MMD -MP -MF"src/Particle.d" -MT"src/Particle.d" -o "src/Particle.o" "../src/Particle.cc"
../src/Particle.cc: In member function 'float Particle::weightCalculation(int*)':
../src/Particle.cc:96:13: error: 'measurement' was not declared in this scope
         if (measurement[i] != -1){
             ^
make: *** [src/Particle.o] Fejl 1
15:18:31 **** Auto Build of configuration Debug for project ZyboCarApp ****
make all 
Building file: ../src/Particle.cc
Invoking: ARM g++ compiler
arm-xilinx-eabi-g++ -Wall -O0 -g3 -c -fmessage-length=0 -MT"src/Particle.o" -std=c++11 -I../../standalone_bsp_0/ps7_cortexa9_0/include -MMD -MP -MF"src/Particle.d" -MT"src/Particle.d" -o "src/Particle.o" "../src/Particle.cc"
Finished building: ../src/Particle.cc
 
Building target: ZyboCarApp.elf
Invoking: ARM g++ linker
arm-xilinx-eabi-g++ -Wl,-T -Wl,../src/lscript.ld -L../../standalone_bsp_0/ps7_cortexa9_0/lib -o "ZyboCarApp.elf"  ./src/LIDAR.o ./src/Particle.o ./src/ParticleFilter.o ./src/PathMaker.o ./src/RobotFrame.o ./src/Utility.o ./src/WaitForStart.o ./src/main.o ./src/main0.o ./src/move.o   -Wl,--start-group,-lxil,-lgcc,-lc,-lstdc++,--end-group -Wl,--start-group,-lxilffs,-lxil,-lgcc,-lc,--end-group -Wl,--start-group,-lrsa,-lxil,-lgcc,-lc,--end-group
Finished building target: ZyboCarApp.elf
 
Invoking: ARM Print Size
arm-xilinx-eabi-size ZyboCarApp.elf  |tee "ZyboCarApp.elf.size"
   text	   data	    bss	    dec	    hex	filename
3509440	   2632	204815024	208327096	c6ad1b8	ZyboCarApp.elf
Finished building: ZyboCarApp.elf.size
 
15:19:32 **** Auto Build of configuration Debug for project ZyboCarApp ****
make all 
make: Ingenting at gøre for 'all'.
15:21:13 **** Build of configuration Debug for project MyFSBL ****
make all 
Building file: ../src/fsbl_handoff.S
Invoking: ARM gcc compiler
arm-xilinx-eabi-gcc -Wall -O0 -g3 -I"C:\Users\Kasper\Documents\GitHub\TIHSC\AI_Project\ZyboCar\ZyboCar.sdk\ZyboCarDesign_wrapper_hw_platform_0" -c -fmessage-length=0 -MT"src/fsbl_handoff.o" -I../../standalone_bsp_0/ps7_cortexa9_0/include -MMD -MP -MF"src/fsbl_handoff.d" -MT"src/fsbl_handoff.d" -o "src/fsbl_handoff.o" "../src/fsbl_handoff.S"
Finished building: ../src/fsbl_handoff.S
 
Building file: ../src/fsbl_hooks.c
Invoking: ARM gcc compiler
arm-xilinx-eabi-gcc -Wall -O0 -g3 -I"C:\Users\Kasper\Documents\GitHub\TIHSC\AI_Project\ZyboCar\ZyboCar.sdk\ZyboCarDesign_wrapper_hw_platform_0" -c -fmessage-length=0 -MT"src/fsbl_hooks.o" -I../../standalone_bsp_0/ps7_cortexa9_0/include -MMD -MP -MF"src/fsbl_hooks.d" -MT"src/fsbl_hooks.d" -o "src/fsbl_hooks.o" "../src/fsbl_hooks.c"
Finished building: ../src/fsbl_hooks.c
 
Building file: ../src/image_mover.c
Invoking: ARM gcc compiler
arm-xilinx-eabi-gcc -Wall -O0 -g3 -I"C:\Users\Kasper\Documents\GitHub\TIHSC\AI_Project\ZyboCar\ZyboCar.sdk\ZyboCarDesign_wrapper_hw_platform_0" -c -fmessage-length=0 -MT"src/image_mover.o" -I../../standalone_bsp_0/ps7_cortexa9_0/include -MMD -MP -MF"src/image_mover.d" -MT"src/image_mover.d" -o "src/image_mover.o" "../src/image_mover.c"
Finished building: ../src/image_mover.c
 
Building file: ../src/main.c
Invoking: ARM gcc compiler
arm-xilinx-eabi-gcc -Wall -O0 -g3 -I"C:\Users\Kasper\Documents\GitHub\TIHSC\AI_Project\ZyboCar\ZyboCar.sdk\ZyboCarDesign_wrapper_hw_platform_0" -c -fmessage-length=0 -MT"src/main.o" -I../../standalone_bsp_0/ps7_cortexa9_0/include -MMD -MP -MF"src/main.d" -MT"src/main.d" -o "src/main.o" "../src/main.c"
Finished building: ../src/main.c
 
Building file: ../src/md5.c
Invoking: ARM gcc compiler
arm-xilinx-eabi-gcc -Wall -O0 -g3 -I"C:\Users\Kasper\Documents\GitHub\TIHSC\AI_Project\ZyboCar\ZyboCar.sdk\ZyboCarDesign_wrapper_hw_platform_0" -c -fmessage-length=0 -MT"src/md5.o" -I../../standalone_bsp_0/ps7_cortexa9_0/include -MMD -MP -MF"src/md5.d" -MT"src/md5.d" -o "src/md5.o" "../src/md5.c"
Finished building: ../src/md5.c
 
Building file: ../src/nand.c
Invoking: ARM gcc compiler
arm-xilinx-eabi-gcc -Wall -O0 -g3 -I"C:\Users\Kasper\Documents\GitHub\TIHSC\AI_Project\ZyboCar\ZyboCar.sdk\ZyboCarDesign_wrapper_hw_platform_0" -c -fmessage-length=0 -MT"src/nand.o" -I../../standalone_bsp_0/ps7_cortexa9_0/include -MMD -MP -MF"src/nand.d" -MT"src/nand.d" -o "src/nand.o" "../src/nand.c"
Finished building: ../src/nand.c
 
Building file: ../src/nor.c
Invoking: ARM gcc compiler
arm-xilinx-eabi-gcc -Wall -O0 -g3 -I"C:\Users\Kasper\Documents\GitHub\TIHSC\AI_Project\ZyboCar\ZyboCar.sdk\ZyboCarDesign_wrapper_hw_platform_0" -c -fmessage-length=0 -MT"src/nor.o" -I../../standalone_bsp_0/ps7_cortexa9_0/include -MMD -MP -MF"src/nor.d" -MT"src/nor.d" -o "src/nor.o" "../src/nor.c"
Finished building: ../src/nor.c
 
Building file: ../src/pcap.c
Invoking: ARM gcc compiler
arm-xilinx-eabi-gcc -Wall -O0 -g3 -I"C:\Users\Kasper\Documents\GitHub\TIHSC\AI_Project\ZyboCar\ZyboCar.sdk\ZyboCarDesign_wrapper_hw_platform_0" -c -fmessage-length=0 -MT"src/pcap.o" -I../../standalone_bsp_0/ps7_cortexa9_0/include -MMD -MP -MF"src/pcap.d" -MT"src/pcap.d" -o "src/pcap.o" "../src/pcap.c"
Finished building: ../src/pcap.c
 
Building file: C:/Users/Kasper/Documents/GitHub/TIHSC/AI_Project/ZyboCar/ZyboCar.sdk/ZyboCarDesign_wrapper_hw_platform_0/ps7_init.c
Invoking: ARM gcc compiler
arm-xilinx-eabi-gcc -Wall -O0 -g3 -I"C:\Users\Kasper\Documents\GitHub\TIHSC\AI_Project\ZyboCar\ZyboCar.sdk\ZyboCarDesign_wrapper_hw_platform_0" -c -fmessage-length=0 -MT"src/ps7_init.o" -I../../standalone_bsp_0/ps7_cortexa9_0/include -MMD -MP -MF"src/ps7_init.d" -MT"src/ps7_init.d" -o "src/ps7_init.o" "C:/Users/Kasper/Documents/GitHub/TIHSC/AI_Project/ZyboCar/ZyboCar.sdk/ZyboCarDesign_wrapper_hw_platform_0/ps7_init.c"
Finished building: C:/Users/Kasper/Documents/GitHub/TIHSC/AI_Project/ZyboCar/ZyboCar.sdk/ZyboCarDesign_wrapper_hw_platform_0/ps7_init.c
 
Building file: ../src/qspi.c
Invoking: ARM gcc compiler
arm-xilinx-eabi-gcc -Wall -O0 -g3 -I"C:\Users\Kasper\Documents\GitHub\TIHSC\AI_Project\ZyboCar\ZyboCar.sdk\ZyboCarDesign_wrapper_hw_platform_0" -c -fmessage-length=0 -MT"src/qspi.o" -I../../standalone_bsp_0/ps7_cortexa9_0/include -MMD -MP -MF"src/qspi.d" -MT"src/qspi.d" -o "src/qspi.o" "../src/qspi.c"
Finished building: ../src/qspi.c
 
Building file: ../src/rsa.c
Invoking: ARM gcc compiler
arm-xilinx-eabi-gcc -Wall -O0 -g3 -I"C:\Users\Kasper\Documents\GitHub\TIHSC\AI_Project\ZyboCar\ZyboCar.sdk\ZyboCarDesign_wrapper_hw_platform_0" -c -fmessage-length=0 -MT"src/rsa.o" -I../../standalone_bsp_0/ps7_cortexa9_0/include -MMD -MP -MF"src/rsa.d" -MT"src/rsa.d" -o "src/rsa.o" "../src/rsa.c"
Finished building: ../src/rsa.c
 
Building file: ../src/sd.c
Invoking: ARM gcc compiler
arm-xilinx-eabi-gcc -Wall -O0 -g3 -I"C:\Users\Kasper\Documents\GitHub\TIHSC\AI_Project\ZyboCar\ZyboCar.sdk\ZyboCarDesign_wrapper_hw_platform_0" -c -fmessage-length=0 -MT"src/sd.o" -I../../standalone_bsp_0/ps7_cortexa9_0/include -MMD -MP -MF"src/sd.d" -MT"src/sd.d" -o "src/sd.o" "../src/sd.c"
Finished building: ../src/sd.c
 
Building target: MyFSBL.elf
Invoking: ARM gcc linker
arm-xilinx-eabi-gcc -L"C:\Users\Kasper\Documents\GitHub\TIHSC\AI_Project\ZyboCar\ZyboCar.sdk\MyFSBL\src" -Wl,-T -Wl,../src/lscript.ld -L../../standalone_bsp_0/ps7_cortexa9_0/lib -o "MyFSBL.elf"  ./src/fsbl_handoff.o ./src/fsbl_hooks.o ./src/image_mover.o ./src/main.o ./src/md5.o ./src/nand.o ./src/nor.o ./src/pcap.o ./src/ps7_init.o ./src/qspi.o ./src/rsa.o ./src/sd.o   -lrsa -Wl,--start-group,-lxil,-lgcc,-lc,--end-group -Wl,--start-group,-lxilffs,-lxil,-lgcc,-lc,--end-group -Wl,--start-group,-lrsa,-lxil,-lgcc,-lc,--end-group
Finished building target: MyFSBL.elf
 
Invoking: ARM Print Size
arm-xilinx-eabi-size MyFSBL.elf  |tee "MyFSBL.elf.size"
   text	   data	    bss	    dec	    hex	filename
  55092	   9728	  71812	 136632	  215b8	MyFSBL.elf
Finished building: MyFSBL.elf.size
 
15:22:22 **** Clean-only build of configuration Debug for project ZyboCarApp ****
make clean 
rm -rf  ./src/LIDAR.d ./src/Particle.d ./src/ParticleFilter.d ./src/PathMaker.d ./src/RobotFrame.d ./src/main.d ./src/main0.d  ./src/LIDAR.o ./src/Particle.o ./src/ParticleFilter.o ./src/PathMaker.o ./src/RobotFrame.o ./src/Utility.o ./src/WaitForStart.o ./src/main.o ./src/main0.o ./src/move.o  ./src/Utility.d ./src/WaitForStart.d ./src/move.d  ZyboCarApp.elf.size  ZyboCarApp.elf
 
15:22:22 **** Auto Build of configuration Debug for project ZyboCarApp ****
make all 
Building file: ../src/LIDAR.cc
Invoking: ARM g++ compiler
arm-xilinx-eabi-g++ -Wall -O0 -g3 -c -fmessage-length=0 -MT"src/LIDAR.o" -std=c++11 -I../../standalone_bsp_0/ps7_cortexa9_0/include -MMD -MP -MF"src/LIDAR.d" -MT"src/LIDAR.d" -o "src/LIDAR.o" "../src/LIDAR.cc"
Finished building: ../src/LIDAR.cc
 
Building file: ../src/Particle.cc
Invoking: ARM g++ compiler
arm-xilinx-eabi-g++ -Wall -O0 -g3 -c -fmessage-length=0 -MT"src/Particle.o" -std=c++11 -I../../standalone_bsp_0/ps7_cortexa9_0/include -MMD -MP -MF"src/Particle.d" -MT"src/Particle.d" -o "src/Particle.o" "../src/Particle.cc"
Finished building: ../src/Particle.cc
 
Building file: ../src/ParticleFilter.cc
Invoking: ARM g++ compiler
arm-xilinx-eabi-g++ -Wall -O0 -g3 -c -fmessage-length=0 -MT"src/ParticleFilter.o" -std=c++11 -I../../standalone_bsp_0/ps7_cortexa9_0/include -MMD -MP -MF"src/ParticleFilter.d" -MT"src/ParticleFilter.d" -o "src/ParticleFilter.o" "../src/ParticleFilter.cc"
Finished building: ../src/ParticleFilter.cc
 
Building file: ../src/PathMaker.cc
Invoking: ARM g++ compiler
arm-xilinx-eabi-g++ -Wall -O0 -g3 -c -fmessage-length=0 -MT"src/PathMaker.o" -std=c++11 -I../../standalone_bsp_0/ps7_cortexa9_0/include -MMD -MP -MF"src/PathMaker.d" -MT"src/PathMaker.d" -o "src/PathMaker.o" "../src/PathMaker.cc"
../src/PathMaker.cc: In member function 'void PathMaker::performAStar(Position&)':
../src/PathMaker.cc:89:44: warning: comparison between signed and unsigned integer expressions [-Wsign-compare]
     for (int i = 0; i < possibleMoves.size(); i++) {
                                            ^
../src/PathMaker.cc:141:32: warning: comparison between signed and unsigned integer expressions [-Wsign-compare]
  for (int y = 0; y < path.size(); y++) {
                                ^
Finished building: ../src/PathMaker.cc
 
Building file: ../src/RobotFrame.cc
Invoking: ARM g++ compiler
arm-xilinx-eabi-g++ -Wall -O0 -g3 -c -fmessage-length=0 -MT"src/RobotFrame.o" -std=c++11 -I../../standalone_bsp_0/ps7_cortexa9_0/include -MMD -MP -MF"src/RobotFrame.d" -MT"src/RobotFrame.d" -o "src/RobotFrame.o" "../src/RobotFrame.cc"
Finished building: ../src/RobotFrame.cc
 
Building file: ../src/Utility.cpp
Invoking: ARM g++ compiler
arm-xilinx-eabi-g++ -Wall -O0 -g3 -c -fmessage-length=0 -MT"src/Utility.o" -std=c++11 -I../../standalone_bsp_0/ps7_cortexa9_0/include -MMD -MP -MF"src/Utility.d" -MT"src/Utility.d" -o "src/Utility.o" "../src/Utility.cpp"
Finished building: ../src/Utility.cpp
 
Building file: ../src/WaitForStart.cpp
Invoking: ARM g++ compiler
arm-xilinx-eabi-g++ -Wall -O0 -g3 -c -fmessage-length=0 -MT"src/WaitForStart.o" -std=c++11 -I../../standalone_bsp_0/ps7_cortexa9_0/include -MMD -MP -MF"src/WaitForStart.d" -MT"src/WaitForStart.d" -o "src/WaitForStart.o" "../src/WaitForStart.cpp"
Finished building: ../src/WaitForStart.cpp
 
Building file: ../src/main.cc
Invoking: ARM g++ compiler
arm-xilinx-eabi-g++ -Wall -O0 -g3 -c -fmessage-length=0 -MT"src/main.o" -std=c++11 -I../../standalone_bsp_0/ps7_cortexa9_0/include -MMD -MP -MF"src/main.d" -MT"src/main.d" -o "src/main.o" "../src/main.cc"
Finished building: ../src/main.cc
 
Building file: ../src/main0.cc
Invoking: ARM g++ compiler
arm-xilinx-eabi-g++ -Wall -O0 -g3 -c -fmessage-length=0 -MT"src/main0.o" -std=c++11 -I../../standalone_bsp_0/ps7_cortexa9_0/include -MMD -MP -MF"src/main0.d" -MT"src/main0.d" -o "src/main0.o" "../src/main0.cc"
Finished building: ../src/main0.cc
 
Building file: ../src/move.cpp
Invoking: ARM g++ compiler
arm-xilinx-eabi-g++ -Wall -O0 -g3 -c -fmessage-length=0 -MT"src/move.o" -std=c++11 -I../../standalone_bsp_0/ps7_cortexa9_0/include -MMD -MP -MF"src/move.d" -MT"src/move.d" -o "src/move.o" "../src/move.cpp"
Finished building: ../src/move.cpp
 
Building target: ZyboCarApp.elf
Invoking: ARM g++ linker
arm-xilinx-eabi-g++ -Wl,-T -Wl,../src/lscript.ld -L../../standalone_bsp_0/ps7_cortexa9_0/lib -o "ZyboCarApp.elf"  ./src/LIDAR.o ./src/Particle.o ./src/ParticleFilter.o ./src/PathMaker.o ./src/RobotFrame.o ./src/Utility.o ./src/WaitForStart.o ./src/main.o ./src/main0.o ./src/move.o   -Wl,--start-group,-lxil,-lgcc,-lc,-lstdc++,--end-group -Wl,--start-group,-lxilffs,-lxil,-lgcc,-lc,--end-group -Wl,--start-group,-lrsa,-lxil,-lgcc,-lc,--end-group
Finished building target: ZyboCarApp.elf
 
Invoking: ARM Print Size
arm-xilinx-eabi-size ZyboCarApp.elf  |tee "ZyboCarApp.elf.size"
   text	   data	    bss	    dec	    hex	filename
3509440	   2632	204815024	208327096	c6ad1b8	ZyboCarApp.elf
Finished building: ZyboCarApp.elf.size
 
15:38:19 **** Auto Build of configuration Debug for project ZyboCarApp ****
make all 
Building file: ../src/PathMaker.cc
Invoking: ARM g++ compiler
arm-xilinx-eabi-g++ -Wall -O0 -g3 -c -fmessage-length=0 -MT"src/PathMaker.o" -std=c++11 -I../../standalone_bsp_0/ps7_cortexa9_0/include -MMD -MP -MF"src/PathMaker.d" -MT"src/PathMaker.d" -o "src/PathMaker.o" "../src/PathMaker.cc"
../src/PathMaker.cc: In member function 'void PathMaker::performAStar(Position&)':
../src/PathMaker.cc:89:44: warning: comparison between signed and unsigned integer expressions [-Wsign-compare]
     for (int i = 0; i < possibleMoves.size(); i++) {
                                            ^
../src/PathMaker.cc:141:32: warning: comparison between signed and unsigned integer expressions [-Wsign-compare]
  for (int y = 0; y < path.size(); y++) {
                                ^
Finished building: ../src/PathMaker.cc
 
Building target: ZyboCarApp.elf
Invoking: ARM g++ linker
arm-xilinx-eabi-g++ -Wl,-T -Wl,../src/lscript.ld -L../../standalone_bsp_0/ps7_cortexa9_0/lib -o "ZyboCarApp.elf"  ./src/LIDAR.o ./src/Particle.o ./src/ParticleFilter.o ./src/PathMaker.o ./src/RobotFrame.o ./src/Utility.o ./src/WaitForStart.o ./src/main.o ./src/main0.o ./src/move.o   -Wl,--start-group,-lxil,-lgcc,-lc,-lstdc++,--end-group -Wl,--start-group,-lxilffs,-lxil,-lgcc,-lc,--end-group -Wl,--start-group,-lrsa,-lxil,-lgcc,-lc,--end-group
Finished building target: ZyboCarApp.elf
 
Invoking: ARM Print Size
arm-xilinx-eabi-size ZyboCarApp.elf  |tee "ZyboCarApp.elf.size"
   text	   data	    bss	    dec	    hex	filename
3509440	   2632	204815024	208327096	c6ad1b8	ZyboCarApp.elf
Finished building: ZyboCarApp.elf.size
 
15:39:01 **** Auto Build of configuration Debug for project ZyboCarApp ****
make all 
Building file: ../src/PathMaker.cc
Invoking: ARM g++ compiler
arm-xilinx-eabi-g++ -Wall -O0 -g3 -c -fmessage-length=0 -MT"src/PathMaker.o" -std=c++11 -I../../standalone_bsp_0/ps7_cortexa9_0/include -MMD -MP -MF"src/PathMaker.d" -MT"src/PathMaker.d" -o "src/PathMaker.o" "../src/PathMaker.cc"
../src/PathMaker.cc: In member function 'void PathMaker::performAStar(Position&)':
../src/PathMaker.cc:89:44: warning: comparison between signed and unsigned integer expressions [-Wsign-compare]
     for (int i = 0; i < possibleMoves.size(); i++) {
                                            ^
../src/PathMaker.cc:141:32: warning: comparison between signed and unsigned integer expressions [-Wsign-compare]
  for (int y = 0; y < path.size(); y++) {
                                ^
Finished building: ../src/PathMaker.cc
 
Building target: ZyboCarApp.elf
Invoking: ARM g++ linker
arm-xilinx-eabi-g++ -Wl,-T -Wl,../src/lscript.ld -L../../standalone_bsp_0/ps7_cortexa9_0/lib -o "ZyboCarApp.elf"  ./src/LIDAR.o ./src/Particle.o ./src/ParticleFilter.o ./src/PathMaker.o ./src/RobotFrame.o ./src/Utility.o ./src/WaitForStart.o ./src/main.o ./src/main0.o ./src/move.o   -Wl,--start-group,-lxil,-lgcc,-lc,-lstdc++,--end-group -Wl,--start-group,-lxilffs,-lxil,-lgcc,-lc,--end-group -Wl,--start-group,-lrsa,-lxil,-lgcc,-lc,--end-group
Finished building target: ZyboCarApp.elf
 
Invoking: ARM Print Size
arm-xilinx-eabi-size ZyboCarApp.elf  |tee "ZyboCarApp.elf.size"
   text	   data	    bss	    dec	    hex	filename
3509440	   2632	204815024	208327096	c6ad1b8	ZyboCarApp.elf
Finished building: ZyboCarApp.elf.size
 
15:42:31 **** Auto Build of configuration Debug for project ZyboCarApp ****
make all 
Building file: ../src/ParticleFilter.cc
Invoking: ARM g++ compiler
arm-xilinx-eabi-g++ -Wall -O0 -g3 -c -fmessage-length=0 -MT"src/ParticleFilter.o" -std=c++11 -I../../standalone_bsp_0/ps7_cortexa9_0/include -MMD -MP -MF"src/ParticleFilter.d" -MT"src/ParticleFilter.d" -o "src/ParticleFilter.o" "../src/ParticleFilter.cc"
../src/ParticleFilter.cc: In member function 'void ParticleFilter::resample(std::vector<std::vector<int> >)':
../src/ParticleFilter.cc:91:6: warning: unused variable 'index' [-Wunused-variable]
  int index = rand() % NUMBEROFPARTICLES;
      ^
../src/ParticleFilter.cc:92:8: warning: unused variable 'beta' [-Wunused-variable]
  float beta = 0;
        ^
Finished building: ../src/ParticleFilter.cc
 
Building target: ZyboCarApp.elf
Invoking: ARM g++ linker
arm-xilinx-eabi-g++ -Wl,-T -Wl,../src/lscript.ld -L../../standalone_bsp_0/ps7_cortexa9_0/lib -o "ZyboCarApp.elf"  ./src/LIDAR.o ./src/Particle.o ./src/ParticleFilter.o ./src/PathMaker.o ./src/RobotFrame.o ./src/Utility.o ./src/WaitForStart.o ./src/main.o ./src/main0.o ./src/move.o   -Wl,--start-group,-lxil,-lgcc,-lc,-lstdc++,--end-group -Wl,--start-group,-lxilffs,-lxil,-lgcc,-lc,--end-group -Wl,--start-group,-lrsa,-lxil,-lgcc,-lc,--end-group
Finished building target: ZyboCarApp.elf
 
Invoking: ARM Print Size
arm-xilinx-eabi-size ZyboCarApp.elf  |tee "ZyboCarApp.elf.size"
   text	   data	    bss	    dec	    hex	filename
3509440	   2632	204815024	208327096	c6ad1b8	ZyboCarApp.elf
Finished building: ZyboCarApp.elf.size
 
15:42:49 **** Auto Build of configuration Debug for project ZyboCarApp ****
make all 
Building file: ../src/ParticleFilter.cc
Invoking: ARM g++ compiler
arm-xilinx-eabi-g++ -Wall -O0 -g3 -c -fmessage-length=0 -MT"src/ParticleFilter.o" -std=c++11 -I../../standalone_bsp_0/ps7_cortexa9_0/include -MMD -MP -MF"src/ParticleFilter.d" -MT"src/ParticleFilter.d" -o "src/ParticleFilter.o" "../src/ParticleFilter.cc"
../src/ParticleFilter.cc: In member function 'void ParticleFilter::resample(std::vector<std::vector<int> >)':
../src/ParticleFilter.cc:91:6: warning: unused variable 'index' [-Wunused-variable]
  int index = rand() % NUMBEROFPARTICLES;
      ^
../src/ParticleFilter.cc:92:8: warning: unused variable 'beta' [-Wunused-variable]
  float beta = 0;
        ^
Finished building: ../src/ParticleFilter.cc
 
Building target: ZyboCarApp.elf
Invoking: ARM g++ linker
arm-xilinx-eabi-g++ -Wl,-T -Wl,../src/lscript.ld -L../../standalone_bsp_0/ps7_cortexa9_0/lib -o "ZyboCarApp.elf"  ./src/LIDAR.o ./src/Particle.o ./src/ParticleFilter.o ./src/PathMaker.o ./src/RobotFrame.o ./src/Utility.o ./src/WaitForStart.o ./src/main.o ./src/main0.o ./src/move.o   -Wl,--start-group,-lxil,-lgcc,-lc,-lstdc++,--end-group -Wl,--start-group,-lxilffs,-lxil,-lgcc,-lc,--end-group -Wl,--start-group,-lrsa,-lxil,-lgcc,-lc,--end-group
Finished building target: ZyboCarApp.elf
 
Invoking: ARM Print Size
arm-xilinx-eabi-size ZyboCarApp.elf  |tee "ZyboCarApp.elf.size"
   text	   data	    bss	    dec	    hex	filename
3509440	   2632	204815024	208327096	c6ad1b8	ZyboCarApp.elf
Finished building: ZyboCarApp.elf.size
 
15:44:29 **** Auto Build of configuration Debug for project ZyboCarApp ****
make all 
make: Ingenting at gøre for 'all'.
15:59:57 **** Auto Build of configuration Debug for project ZyboCarApp ****
make all 
Building file: ../src/move.cpp
Invoking: ARM g++ compiler
arm-xilinx-eabi-g++ -Wall -O0 -g3 -c -fmessage-length=0 -MT"src/move.o" -std=c++11 -I../../standalone_bsp_0/ps7_cortexa9_0/include -MMD -MP -MF"src/move.d" -MT"src/move.d" -o "src/move.o" "../src/move.cpp"
Finished building: ../src/move.cpp
 
Building target: ZyboCarApp.elf
Invoking: ARM g++ linker
arm-xilinx-eabi-g++ -Wl,-T -Wl,../src/lscript.ld -L../../standalone_bsp_0/ps7_cortexa9_0/lib -o "ZyboCarApp.elf"  ./src/LIDAR.o ./src/Particle.o ./src/ParticleFilter.o ./src/PathMaker.o ./src/RobotFrame.o ./src/Utility.o ./src/WaitForStart.o ./src/main.o ./src/main0.o ./src/move.o   -Wl,--start-group,-lxil,-lgcc,-lc,-lstdc++,--end-group -Wl,--start-group,-lxilffs,-lxil,-lgcc,-lc,--end-group -Wl,--start-group,-lrsa,-lxil,-lgcc,-lc,--end-group
Finished building target: ZyboCarApp.elf
 
Invoking: ARM Print Size
arm-xilinx-eabi-size ZyboCarApp.elf  |tee "ZyboCarApp.elf.size"
   text	   data	    bss	    dec	    hex	filename
3509440	   2632	204815024	208327096	c6ad1b8	ZyboCarApp.elf
Finished building: ZyboCarApp.elf.size
 
16:02:11 **** Auto Build of configuration Debug for project ZyboCarApp ****
make all 
Building file: ../src/PathMaker.cc
Invoking: ARM g++ compiler
arm-xilinx-eabi-g++ -Wall -O0 -g3 -c -fmessage-length=0 -MT"src/PathMaker.o" -std=c++11 -I../../standalone_bsp_0/ps7_cortexa9_0/include -MMD -MP -MF"src/PathMaker.d" -MT"src/PathMaker.d" -o "src/PathMaker.o" "../src/PathMaker.cc"
../src/PathMaker.cc: In member function 'void PathMaker::performAStar(Position&)':
../src/PathMaker.cc:89:44: warning: comparison between signed and unsigned integer expressions [-Wsign-compare]
     for (int i = 0; i < possibleMoves.size(); i++) {
                                            ^
../src/PathMaker.cc:141:32: warning: comparison between signed and unsigned integer expressions [-Wsign-compare]
  for (int y = 0; y < path.size(); y++) {
                                ^
Finished building: ../src/PathMaker.cc
 
Building target: ZyboCarApp.elf
Invoking: ARM g++ linker
arm-xilinx-eabi-g++ -Wl,-T -Wl,../src/lscript.ld -L../../standalone_bsp_0/ps7_cortexa9_0/lib -o "ZyboCarApp.elf"  ./src/LIDAR.o ./src/Particle.o ./src/ParticleFilter.o ./src/PathMaker.o ./src/RobotFrame.o ./src/Utility.o ./src/WaitForStart.o ./src/main.o ./src/main0.o ./src/move.o   -Wl,--start-group,-lxil,-lgcc,-lc,-lstdc++,--end-group -Wl,--start-group,-lxilffs,-lxil,-lgcc,-lc,--end-group -Wl,--start-group,-lrsa,-lxil,-lgcc,-lc,--end-group
Finished building target: ZyboCarApp.elf
 
Invoking: ARM Print Size
arm-xilinx-eabi-size ZyboCarApp.elf  |tee "ZyboCarApp.elf.size"
   text	   data	    bss	    dec	    hex	filename
3509440	   2632	204815024	208327096	c6ad1b8	ZyboCarApp.elf
Finished building: ZyboCarApp.elf.size
 
16:02:57 **** Incremental Build of configuration Debug for project ZyboCarApp ****
make all 
make: Ingenting at gøre for 'all'.
16:02:57 **** Incremental Build of configuration Debug for project MyFSBL ****
make all 
make: Ingenting at gøre for 'all'.
16:04:10 **** Auto Build of configuration Debug for project ZyboCarApp ****
make all 
Building file: ../src/LIDAR.cc
Invoking: ARM g++ compiler
arm-xilinx-eabi-g++ -Wall -O0 -g3 -c -fmessage-length=0 -MT"src/LIDAR.o" -std=c++11 -I../../standalone_bsp_0/ps7_cortexa9_0/include -MMD -MP -MF"src/LIDAR.d" -MT"src/LIDAR.d" -o "src/LIDAR.o" "../src/LIDAR.cc"
Finished building: ../src/LIDAR.cc
 
Building file: ../src/Particle.cc
Invoking: ARM g++ compiler
arm-xilinx-eabi-g++ -Wall -O0 -g3 -c -fmessage-length=0 -MT"src/Particle.o" -std=c++11 -I../../standalone_bsp_0/ps7_cortexa9_0/include -MMD -MP -MF"src/Particle.d" -MT"src/Particle.d" -o "src/Particle.o" "../src/Particle.cc"
Finished building: ../src/Particle.cc
 
Building file: ../src/ParticleFilter.cc
Invoking: ARM g++ compiler
arm-xilinx-eabi-g++ -Wall -O0 -g3 -c -fmessage-length=0 -MT"src/ParticleFilter.o" -std=c++11 -I../../standalone_bsp_0/ps7_cortexa9_0/include -MMD -MP -MF"src/ParticleFilter.d" -MT"src/ParticleFilter.d" -o "src/ParticleFilter.o" "../src/ParticleFilter.cc"
../src/ParticleFilter.cc: In member function 'void ParticleFilter::resample(std::vector<std::vector<int> >)':
../src/ParticleFilter.cc:91:6: warning: unused variable 'index' [-Wunused-variable]
  int index = rand() % NUMBEROFPARTICLES;
      ^
../src/ParticleFilter.cc:92:8: warning: unused variable 'beta' [-Wunused-variable]
  float beta = 0;
        ^
Finished building: ../src/ParticleFilter.cc
 
Building file: ../src/PathMaker.cc
Invoking: ARM g++ compiler
arm-xilinx-eabi-g++ -Wall -O0 -g3 -c -fmessage-length=0 -MT"src/PathMaker.o" -std=c++11 -I../../standalone_bsp_0/ps7_cortexa9_0/include -MMD -MP -MF"src/PathMaker.d" -MT"src/PathMaker.d" -o "src/PathMaker.o" "../src/PathMaker.cc"
../src/PathMaker.cc: In member function 'void PathMaker::performAStar(Position&)':
../src/PathMaker.cc:89:44: warning: comparison between signed and unsigned integer expressions [-Wsign-compare]
     for (int i = 0; i < possibleMoves.size(); i++) {
                                            ^
../src/PathMaker.cc:141:32: warning: comparison between signed and unsigned integer expressions [-Wsign-compare]
  for (int y = 0; y < path.size(); y++) {
                                ^
Finished building: ../src/PathMaker.cc
 
Building file: ../src/RobotFrame.cc
Invoking: ARM g++ compiler
arm-xilinx-eabi-g++ -Wall -O0 -g3 -c -fmessage-length=0 -MT"src/RobotFrame.o" -std=c++11 -I../../standalone_bsp_0/ps7_cortexa9_0/include -MMD -MP -MF"src/RobotFrame.d" -MT"src/RobotFrame.d" -o "src/RobotFrame.o" "../src/RobotFrame.cc"
Finished building: ../src/RobotFrame.cc
 
Building file: ../src/Utility.cpp
Invoking: ARM g++ compiler
arm-xilinx-eabi-g++ -Wall -O0 -g3 -c -fmessage-length=0 -MT"src/Utility.o" -std=c++11 -I../../standalone_bsp_0/ps7_cortexa9_0/include -MMD -MP -MF"src/Utility.d" -MT"src/Utility.d" -o "src/Utility.o" "../src/Utility.cpp"
Finished building: ../src/Utility.cpp
 
Building file: ../src/main.cc
Invoking: ARM g++ compiler
arm-xilinx-eabi-g++ -Wall -O0 -g3 -c -fmessage-length=0 -MT"src/main.o" -std=c++11 -I../../standalone_bsp_0/ps7_cortexa9_0/include -MMD -MP -MF"src/main.d" -MT"src/main.d" -o "src/main.o" "../src/main.cc"
Finished building: ../src/main.cc
 
Building file: ../src/move.cpp
Invoking: ARM g++ compiler
arm-xilinx-eabi-g++ -Wall -O0 -g3 -c -fmessage-length=0 -MT"src/move.o" -std=c++11 -I../../standalone_bsp_0/ps7_cortexa9_0/include -MMD -MP -MF"src/move.d" -MT"src/move.d" -o "src/move.o" "../src/move.cpp"
Finished building: ../src/move.cpp
 
Building target: ZyboCarApp.elf
Invoking: ARM g++ linker
arm-xilinx-eabi-g++ -Wl,-T -Wl,../src/lscript.ld -L../../standalone_bsp_0/ps7_cortexa9_0/lib -o "ZyboCarApp.elf"  ./src/LIDAR.o ./src/Particle.o ./src/ParticleFilter.o ./src/PathMaker.o ./src/RobotFrame.o ./src/Utility.o ./src/WaitForStart.o ./src/main.o ./src/main0.o ./src/move.o   -Wl,--start-group,-lxil,-lgcc,-lc,-lstdc++,--end-group -Wl,--start-group,-lxilffs,-lxil,-lgcc,-lc,--end-group -Wl,--start-group,-lrsa,-lxil,-lgcc,-lc,--end-group
Finished building target: ZyboCarApp.elf
 
Invoking: ARM Print Size
arm-xilinx-eabi-size ZyboCarApp.elf  |tee "ZyboCarApp.elf.size"
   text	   data	    bss	    dec	    hex	filename
3510164	   2632	204815032	208327828	c6ad494	ZyboCarApp.elf
Finished building: ZyboCarApp.elf.size
 
16:04:23 **** Incremental Build of configuration Debug for project ZyboCarApp ****
make all 
make: Ingenting at gøre for 'all'.
16:04:24 **** Incremental Build of configuration Debug for project MyFSBL ****
make all 
make: Ingenting at gøre for 'all'.
16:06:56 **** Auto Build of configuration Debug for project ZyboCarApp ****
make all 
Building file: ../src/PathMaker.cc
Invoking: ARM g++ compiler
arm-xilinx-eabi-g++ -Wall -O0 -g3 -c -fmessage-length=0 -MT"src/PathMaker.o" -std=c++11 -I../../standalone_bsp_0/ps7_cortexa9_0/include -MMD -MP -MF"src/PathMaker.d" -MT"src/PathMaker.d" -o "src/PathMaker.o" "../src/PathMaker.cc"
../src/PathMaker.cc: In member function 'void PathMaker::performAStar(Position&)':
../src/PathMaker.cc:90:44: warning: comparison between signed and unsigned integer expressions [-Wsign-compare]
     for (int i = 0; i < possibleMoves.size(); i++) {
                                            ^
../src/PathMaker.cc:142:32: warning: comparison between signed and unsigned integer expressions [-Wsign-compare]
  for (int y = 0; y < path.size(); y++) {
                                ^
Finished building: ../src/PathMaker.cc
 
Building target: ZyboCarApp.elf
Invoking: ARM g++ linker
arm-xilinx-eabi-g++ -Wl,-T -Wl,../src/lscript.ld -L../../standalone_bsp_0/ps7_cortexa9_0/lib -o "ZyboCarApp.elf"  ./src/LIDAR.o ./src/Particle.o ./src/ParticleFilter.o ./src/PathMaker.o ./src/RobotFrame.o ./src/Utility.o ./src/WaitForStart.o ./src/main.o ./src/main0.o ./src/move.o   -Wl,--start-group,-lxil,-lgcc,-lc,-lstdc++,--end-group -Wl,--start-group,-lxilffs,-lxil,-lgcc,-lc,--end-group -Wl,--start-group,-lrsa,-lxil,-lgcc,-lc,--end-group
Finished building target: ZyboCarApp.elf
 
Invoking: ARM Print Size
arm-xilinx-eabi-size ZyboCarApp.elf  |tee "ZyboCarApp.elf.size"
   text	   data	    bss	    dec	    hex	filename
3510164	   2632	204815032	208327828	c6ad494	ZyboCarApp.elf
Finished building: ZyboCarApp.elf.size
 
16:07:01 **** Incremental Build of configuration Debug for project ZyboCarApp ****
make all 
make: Ingenting at gøre for 'all'.
16:07:02 **** Incremental Build of configuration Debug for project MyFSBL ****
make all 
make: Ingenting at gøre for 'all'.
16:08:00 **** Incremental Build of configuration Debug for project ZyboCarApp ****
make all 
make: Ingenting at gøre for 'all'.
16:08:01 **** Incremental Build of configuration Debug for project MyFSBL ****
make all 
make: Ingenting at gøre for 'all'.
16:09:02 **** Auto Build of configuration Debug for project ZyboCarApp ****
make all 
Building file: ../src/LIDAR.cc
Invoking: ARM g++ compiler
arm-xilinx-eabi-g++ -Wall -O0 -g3 -c -fmessage-length=0 -MT"src/LIDAR.o" -std=c++11 -I../../standalone_bsp_0/ps7_cortexa9_0/include -MMD -MP -MF"src/LIDAR.d" -MT"src/LIDAR.d" -o "src/LIDAR.o" "../src/LIDAR.cc"
Finished building: ../src/LIDAR.cc
 
Building file: ../src/Particle.cc
Invoking: ARM g++ compiler
arm-xilinx-eabi-g++ -Wall -O0 -g3 -c -fmessage-length=0 -MT"src/Particle.o" -std=c++11 -I../../standalone_bsp_0/ps7_cortexa9_0/include -MMD -MP -MF"src/Particle.d" -MT"src/Particle.d" -o "src/Particle.o" "../src/Particle.cc"
Finished building: ../src/Particle.cc
 
Building file: ../src/ParticleFilter.cc
Invoking: ARM g++ compiler
arm-xilinx-eabi-g++ -Wall -O0 -g3 -c -fmessage-length=0 -MT"src/ParticleFilter.o" -std=c++11 -I../../standalone_bsp_0/ps7_cortexa9_0/include -MMD -MP -MF"src/ParticleFilter.d" -MT"src/ParticleFilter.d" -o "src/ParticleFilter.o" "../src/ParticleFilter.cc"
../src/ParticleFilter.cc: In member function 'void ParticleFilter::resample(std::vector<std::vector<int> >)':
../src/ParticleFilter.cc:91:6: warning: unused variable 'index' [-Wunused-variable]
  int index = rand() % NUMBEROFPARTICLES;
      ^
../src/ParticleFilter.cc:92:8: warning: unused variable 'beta' [-Wunused-variable]
  float beta = 0;
        ^
Finished building: ../src/ParticleFilter.cc
 
Building file: ../src/PathMaker.cc
Invoking: ARM g++ compiler
arm-xilinx-eabi-g++ -Wall -O0 -g3 -c -fmessage-length=0 -MT"src/PathMaker.o" -std=c++11 -I../../standalone_bsp_0/ps7_cortexa9_0/include -MMD -MP -MF"src/PathMaker.d" -MT"src/PathMaker.d" -o "src/PathMaker.o" "../src/PathMaker.cc"
../src/PathMaker.cc: In member function 'void PathMaker::performAStar(Position&)':
../src/PathMaker.cc:90:44: warning: comparison between signed and unsigned integer expressions [-Wsign-compare]
     for (int i = 0; i < possibleMoves.size(); i++) {
                                            ^
../src/PathMaker.cc:142:32: warning: comparison between signed and unsigned integer expressions [-Wsign-compare]
  for (int y = 0; y < path.size(); y++) {
                                ^
Finished building: ../src/PathMaker.cc
 
Building file: ../src/RobotFrame.cc
Invoking: ARM g++ compiler
arm-xilinx-eabi-g++ -Wall -O0 -g3 -c -fmessage-length=0 -MT"src/RobotFrame.o" -std=c++11 -I../../standalone_bsp_0/ps7_cortexa9_0/include -MMD -MP -MF"src/RobotFrame.d" -MT"src/RobotFrame.d" -o "src/RobotFrame.o" "../src/RobotFrame.cc"
Finished building: ../src/RobotFrame.cc
 
Building file: ../src/Utility.cpp
Invoking: ARM g++ compiler
arm-xilinx-eabi-g++ -Wall -O0 -g3 -c -fmessage-length=0 -MT"src/Utility.o" -std=c++11 -I../../standalone_bsp_0/ps7_cortexa9_0/include -MMD -MP -MF"src/Utility.d" -MT"src/Utility.d" -o "src/Utility.o" "../src/Utility.cpp"
Finished building: ../src/Utility.cpp
 
Building file: ../src/main.cc
Invoking: ARM g++ compiler
arm-xilinx-eabi-g++ -Wall -O0 -g3 -c -fmessage-length=0 -MT"src/main.o" -std=c++11 -I../../standalone_bsp_0/ps7_cortexa9_0/include -MMD -MP -MF"src/main.d" -MT"src/main.d" -o "src/main.o" "../src/main.cc"
Finished building: ../src/main.cc
 
Building file: ../src/move.cpp
Invoking: ARM g++ compiler
arm-xilinx-eabi-g++ -Wall -O0 -g3 -c -fmessage-length=0 -MT"src/move.o" -std=c++11 -I../../standalone_bsp_0/ps7_cortexa9_0/include -MMD -MP -MF"src/move.d" -MT"src/move.d" -o "src/move.o" "../src/move.cpp"
Finished building: ../src/move.cpp
 
Building target: ZyboCarApp.elf
Invoking: ARM g++ linker
arm-xilinx-eabi-g++ -Wl,-T -Wl,../src/lscript.ld -L../../standalone_bsp_0/ps7_cortexa9_0/lib -o "ZyboCarApp.elf"  ./src/LIDAR.o ./src/Particle.o ./src/ParticleFilter.o ./src/PathMaker.o ./src/RobotFrame.o ./src/Utility.o ./src/WaitForStart.o ./src/main.o ./src/main0.o ./src/move.o   -Wl,--start-group,-lxil,-lgcc,-lc,-lstdc++,--end-group -Wl,--start-group,-lxilffs,-lxil,-lgcc,-lc,--end-group -Wl,--start-group,-lrsa,-lxil,-lgcc,-lc,--end-group
Finished building target: ZyboCarApp.elf
 
Invoking: ARM Print Size
arm-xilinx-eabi-size ZyboCarApp.elf  |tee "ZyboCarApp.elf.size"
   text	   data	    bss	    dec	    hex	filename
3509504	   2632	204815024	208327160	c6ad1f8	ZyboCarApp.elf
Finished building: ZyboCarApp.elf.size
 
16:09:29 **** Auto Build of configuration Debug for project ZyboCarApp ****
make all 
make: Ingenting at gøre for 'all'.
16:18:23 **** Auto Build of configuration Debug for project ZyboCarApp ****
make all 
Building file: ../src/move.cpp
Invoking: ARM g++ compiler
arm-xilinx-eabi-g++ -Wall -O0 -g3 -c -fmessage-length=0 -MT"src/move.o" -std=c++11 -I../../standalone_bsp_0/ps7_cortexa9_0/include -MMD -MP -MF"src/move.d" -MT"src/move.d" -o "src/move.o" "../src/move.cpp"
Finished building: ../src/move.cpp
 
Building target: ZyboCarApp.elf
Invoking: ARM g++ linker
arm-xilinx-eabi-g++ -Wl,-T -Wl,../src/lscript.ld -L../../standalone_bsp_0/ps7_cortexa9_0/lib -o "ZyboCarApp.elf"  ./src/LIDAR.o ./src/Particle.o ./src/ParticleFilter.o ./src/PathMaker.o ./src/RobotFrame.o ./src/Utility.o ./src/WaitForStart.o ./src/main.o ./src/main0.o ./src/move.o   -Wl,--start-group,-lxil,-lgcc,-lc,-lstdc++,--end-group -Wl,--start-group,-lxilffs,-lxil,-lgcc,-lc,--end-group -Wl,--start-group,-lrsa,-lxil,-lgcc,-lc,--end-group
Finished building target: ZyboCarApp.elf
 
Invoking: ARM Print Size
arm-xilinx-eabi-size ZyboCarApp.elf  |tee "ZyboCarApp.elf.size"
   text	   data	    bss	    dec	    hex	filename
3509504	   2632	204815024	208327160	c6ad1f8	ZyboCarApp.elf
Finished building: ZyboCarApp.elf.size
 
16:22:37 **** Auto Build of configuration Debug for project ZyboCarApp ****
make all 
Building file: ../src/ParticleFilter.cc
Invoking: ARM g++ compiler
arm-xilinx-eabi-g++ -Wall -O0 -g3 -c -fmessage-length=0 -MT"src/ParticleFilter.o" -std=c++11 -I../../standalone_bsp_0/ps7_cortexa9_0/include -MMD -MP -MF"src/ParticleFilter.d" -MT"src/ParticleFilter.d" -o "src/ParticleFilter.o" "../src/ParticleFilter.cc"
../src/ParticleFilter.cc: In member function 'void ParticleFilter::resample(std::vector<std::vector<int> >)':
../src/ParticleFilter.cc:91:6: warning: unused variable 'index' [-Wunused-variable]
  int index = rand() % NUMBEROFPARTICLES;
      ^
../src/ParticleFilter.cc:92:8: warning: unused variable 'beta' [-Wunused-variable]
  float beta = 0;
        ^
../src/ParticleFilter.cc: In member function 'void ParticleFilter::getNewPosition(Position&)':
../src/ParticleFilter.cc:169:31: error: 'orientation' was not declared in this scope
   robotPosition.orientation = orientation / particles.size();
                               ^
../src/ParticleFilter.cc:174:30: error: 'bestIdx' was not declared in this scope
  robotPosition.x = particles[bestIdx].pos.x;
                              ^
make: *** [src/ParticleFilter.o] Fejl 1
16:24:06 **** Auto Build of configuration Debug for project ZyboCarApp ****
make all 
Building file: ../src/ParticleFilter.cc
Invoking: ARM g++ compiler
arm-xilinx-eabi-g++ -Wall -O0 -g3 -c -fmessage-length=0 -MT"src/ParticleFilter.o" -std=c++11 -I../../standalone_bsp_0/ps7_cortexa9_0/include -MMD -MP -MF"src/ParticleFilter.d" -MT"src/ParticleFilter.d" -o "src/ParticleFilter.o" "../src/ParticleFilter.cc"
../src/ParticleFilter.cc: In member function 'void ParticleFilter::resample(std::vector<std::vector<int> >)':
../src/ParticleFilter.cc:91:6: warning: unused variable 'index' [-Wunused-variable]
  int index = rand() % NUMBEROFPARTICLES;
      ^
../src/ParticleFilter.cc:92:8: warning: unused variable 'beta' [-Wunused-variable]
  float beta = 0;
        ^
../src/ParticleFilter.cc: In member function 'void ParticleFilter::getNewPosition(Position&)':
../src/ParticleFilter.cc:169:31: error: 'orientation' was not declared in this scope
   robotPosition.orientation = orientation / particles.size();
                               ^
make: *** [src/ParticleFilter.o] Fejl 1
16:24:37 **** Auto Build of configuration Debug for project ZyboCarApp ****
make all 
Building file: ../src/ParticleFilter.cc
Invoking: ARM g++ compiler
arm-xilinx-eabi-g++ -Wall -O0 -g3 -c -fmessage-length=0 -MT"src/ParticleFilter.o" -std=c++11 -I../../standalone_bsp_0/ps7_cortexa9_0/include -MMD -MP -MF"src/ParticleFilter.d" -MT"src/ParticleFilter.d" -o "src/ParticleFilter.o" "../src/ParticleFilter.cc"
../src/ParticleFilter.cc: In member function 'void ParticleFilter::resample(std::vector<std::vector<int> >)':
../src/ParticleFilter.cc:91:6: warning: unused variable 'index' [-Wunused-variable]
  int index = rand() % NUMBEROFPARTICLES;
      ^
../src/ParticleFilter.cc:92:8: warning: unused variable 'beta' [-Wunused-variable]
  float beta = 0;
        ^
Finished building: ../src/ParticleFilter.cc
 
Building target: ZyboCarApp.elf
Invoking: ARM g++ linker
arm-xilinx-eabi-g++ -Wl,-T -Wl,../src/lscript.ld -L../../standalone_bsp_0/ps7_cortexa9_0/lib -o "ZyboCarApp.elf"  ./src/LIDAR.o ./src/Particle.o ./src/ParticleFilter.o ./src/PathMaker.o ./src/RobotFrame.o ./src/Utility.o ./src/WaitForStart.o ./src/main.o ./src/main0.o ./src/move.o   -Wl,--start-group,-lxil,-lgcc,-lc,-lstdc++,--end-group -Wl,--start-group,-lxilffs,-lxil,-lgcc,-lc,--end-group -Wl,--start-group,-lrsa,-lxil,-lgcc,-lc,--end-group
Finished building target: ZyboCarApp.elf
 
Invoking: ARM Print Size
arm-xilinx-eabi-size ZyboCarApp.elf  |tee "ZyboCarApp.elf.size"
   text	   data	    bss	    dec	    hex	filename
3509684	   2632	204815024	208327340	c6ad2ac	ZyboCarApp.elf
Finished building: ZyboCarApp.elf.size
 
16:24:44 **** Auto Build of configuration Debug for project ZyboCarApp ****
make all 
Building file: ../src/ParticleFilter.cc
Invoking: ARM g++ compiler
arm-xilinx-eabi-g++ -Wall -O0 -g3 -c -fmessage-length=0 -MT"src/ParticleFilter.o" -std=c++11 -I../../standalone_bsp_0/ps7_cortexa9_0/include -MMD -MP -MF"src/ParticleFilter.d" -MT"src/ParticleFilter.d" -o "src/ParticleFilter.o" "../src/ParticleFilter.cc"
../src/ParticleFilter.cc: In member function 'void ParticleFilter::resample(std::vector<std::vector<int> >)':
../src/ParticleFilter.cc:91:6: warning: unused variable 'index' [-Wunused-variable]
  int index = rand() % NUMBEROFPARTICLES;
      ^
../src/ParticleFilter.cc:92:8: warning: unused variable 'beta' [-Wunused-variable]
  float beta = 0;
        ^
Finished building: ../src/ParticleFilter.cc
 
Building target: ZyboCarApp.elf
Invoking: ARM g++ linker
arm-xilinx-eabi-g++ -Wl,-T -Wl,../src/lscript.ld -L../../standalone_bsp_0/ps7_cortexa9_0/lib -o "ZyboCarApp.elf"  ./src/LIDAR.o ./src/Particle.o ./src/ParticleFilter.o ./src/PathMaker.o ./src/RobotFrame.o ./src/Utility.o ./src/WaitForStart.o ./src/main.o ./src/main0.o ./src/move.o   -Wl,--start-group,-lxil,-lgcc,-lc,-lstdc++,--end-group -Wl,--start-group,-lxilffs,-lxil,-lgcc,-lc,--end-group -Wl,--start-group,-lrsa,-lxil,-lgcc,-lc,--end-group
Finished building target: ZyboCarApp.elf
 
Invoking: ARM Print Size
arm-xilinx-eabi-size ZyboCarApp.elf  |tee "ZyboCarApp.elf.size"
   text	   data	    bss	    dec	    hex	filename
3509684	   2632	204815024	208327340	c6ad2ac	ZyboCarApp.elf
Finished building: ZyboCarApp.elf.size
 
16:25:58 **** Auto Build of configuration Debug for project ZyboCarApp ****
make all 
make: Ingenting at gøre for 'all'.
16:36:27 **** Auto Build of configuration Debug for project ZyboCarApp ****
make all 
Building file: ../src/ParticleFilter.cc
Invoking: ARM g++ compiler
arm-xilinx-eabi-g++ -Wall -O0 -g3 -c -fmessage-length=0 -MT"src/ParticleFilter.o" -std=c++11 -I../../standalone_bsp_0/ps7_cortexa9_0/include -MMD -MP -MF"src/ParticleFilter.d" -MT"src/ParticleFilter.d" -o "src/ParticleFilter.o" "../src/ParticleFilter.cc"
../src/ParticleFilter.cc: In member function 'void ParticleFilter::resample(std::vector<std::vector<int> >)':
../src/ParticleFilter.cc:91:6: warning: unused variable 'index' [-Wunused-variable]
  int index = rand() % NUMBEROFPARTICLES;
      ^
../src/ParticleFilter.cc:92:8: warning: unused variable 'beta' [-Wunused-variable]
  float beta = 0;
        ^
../src/ParticleFilter.cc: In member function 'void ParticleFilter::getNewPosition(Position&)':
../src/ParticleFilter.cc:161:24: error: '__gnu_cxx::__alloc_traits<std::allocator<Particle> >::value_type' has no member named 'cont'
    ori = (particles[i].cont.orientation - particles[0].cont.orientation + 180);
                        ^
../src/ParticleFilter.cc:161:56: error: '__gnu_cxx::__alloc_traits<std::allocator<Particle> >::value_type' has no member named 'cont'
    ori = (particles[i].cont.orientation - particles[0].cont.orientation + 180);
                                                        ^
../src/ParticleFilter.cc:162:49: error: '__gnu_cxx::__alloc_traits<std::allocator<Particle> >::value_type' has no member named 'cont'
    orientation += modu(ori, 360) + particles[0].cont.orientation - 180;
                                                 ^
make: *** [src/ParticleFilter.o] Fejl 1
16:36:51 **** Auto Build of configuration Debug for project ZyboCarApp ****
make all 
Building file: ../src/ParticleFilter.cc
Invoking: ARM g++ compiler
arm-xilinx-eabi-g++ -Wall -O0 -g3 -c -fmessage-length=0 -MT"src/ParticleFilter.o" -std=c++11 -I../../standalone_bsp_0/ps7_cortexa9_0/include -MMD -MP -MF"src/ParticleFilter.d" -MT"src/ParticleFilter.d" -o "src/ParticleFilter.o" "../src/ParticleFilter.cc"
../src/ParticleFilter.cc: In member function 'void ParticleFilter::resample(std::vector<std::vector<int> >)':
../src/ParticleFilter.cc:91:6: warning: unused variable 'index' [-Wunused-variable]
  int index = rand() % NUMBEROFPARTICLES;
      ^
../src/ParticleFilter.cc:92:8: warning: unused variable 'beta' [-Wunused-variable]
  float beta = 0;
        ^
Finished building: ../src/ParticleFilter.cc
 
Building target: ZyboCarApp.elf
Invoking: ARM g++ linker
arm-xilinx-eabi-g++ -Wl,-T -Wl,../src/lscript.ld -L../../standalone_bsp_0/ps7_cortexa9_0/lib -o "ZyboCarApp.elf"  ./src/LIDAR.o ./src/Particle.o ./src/ParticleFilter.o ./src/PathMaker.o ./src/RobotFrame.o ./src/Utility.o ./src/WaitForStart.o ./src/main.o ./src/main0.o ./src/move.o   -Wl,--start-group,-lxil,-lgcc,-lc,-lstdc++,--end-group -Wl,--start-group,-lxilffs,-lxil,-lgcc,-lc,--end-group -Wl,--start-group,-lrsa,-lxil,-lgcc,-lc,--end-group
Finished building target: ZyboCarApp.elf
 
Invoking: ARM Print Size
arm-xilinx-eabi-size ZyboCarApp.elf  |tee "ZyboCarApp.elf.size"
   text	   data	    bss	    dec	    hex	filename
3509760	   2632	204815024	208327416	c6ad2f8	ZyboCarApp.elf
Finished building: ZyboCarApp.elf.size
 
16:37:03 **** Auto Build of configuration Debug for project ZyboCarApp ****
make all 
Building file: ../src/ParticleFilter.cc
Invoking: ARM g++ compiler
[...]
   tempSet.push_back(particles[index]);
                               ^
../src/ParticleFilter.cc:98:6: warning: unused variable 'r1' [-Wunused-variable]
  int r1;
      ^
make: *** [src/ParticleFilter.o] Fejl 1
17:57:47 **** Incremental Build of configuration Debug for project MyFSBL ****
make all 
make: Ingenting at gøre for 'all'.
17:57:51 **** Auto Build of configuration Debug for project ZyboCarApp ****
make all 
Building file: ../src/ParticleFilter.cc
Invoking: ARM g++ compiler
arm-xilinx-eabi-g++ -Wall -O0 -g3 -c -fmessage-length=0 -MT"src/ParticleFilter.o" -std=c++11 -I../../standalone_bsp_0/ps7_cortexa9_0/include -MMD -MP -MF"src/ParticleFilter.d" -MT"src/ParticleFilter.d" -o "src/ParticleFilter.o" "../src/ParticleFilter.cc"
../src/ParticleFilter.cc: In member function 'void ParticleFilter::resample(std::vector<std::vector<int> >)':
../src/ParticleFilter.cc:98:6: warning: unused variable 'r1' [-Wunused-variable]
  int r1;
      ^
Finished building: ../src/ParticleFilter.cc
 
Building target: ZyboCarApp.elf
Invoking: ARM g++ linker
arm-xilinx-eabi-g++ -Wl,-T -Wl,../src/lscript.ld -L../../standalone_bsp_0/ps7_cortexa9_0/lib -o "ZyboCarApp.elf"  ./src/LIDAR.o ./src/Particle.o ./src/ParticleFilter.o ./src/PathMaker.o ./src/RobotFrame.o ./src/Utility.o ./src/WaitForStart.o ./src/main.o ./src/main0.o ./src/move.o   -Wl,--start-group,-lxil,-lgcc,-lc,-lstdc++,--end-group -Wl,--start-group,-lxilffs,-lxil,-lgcc,-lc,--end-group -Wl,--start-group,-lrsa,-lxil,-lgcc,-lc,--end-group
Finished building target: ZyboCarApp.elf
 
Invoking: ARM Print Size
arm-xilinx-eabi-size ZyboCarApp.elf  |tee "ZyboCarApp.elf.size"
   text	   data	    bss	    dec	    hex	filename
3509584	   2632	204815032	208327248	c6ad250	ZyboCarApp.elf
Finished building: ZyboCarApp.elf.size
 
17:57:56 **** Incremental Build of configuration Debug for project ZyboCarApp ****
make all 
make: Ingenting at gøre for 'all'.
17:57:57 **** Incremental Build of configuration Debug for project MyFSBL ****
make all 
make: Ingenting at gøre for 'all'.
17:59:41 **** Auto Build of configuration Debug for project ZyboCarApp ****
make all 
Building file: ../src/ParticleFilter.cc
Invoking: ARM g++ compiler
arm-xilinx-eabi-g++ -Wall -O0 -g3 -c -fmessage-length=0 -MT"src/ParticleFilter.o" -std=c++11 -I../../standalone_bsp_0/ps7_cortexa9_0/include -MMD -MP -MF"src/ParticleFilter.d" -MT"src/ParticleFilter.d" -o "src/ParticleFilter.o" "../src/ParticleFilter.cc"
../src/ParticleFilter.cc: In member function 'void ParticleFilter::resample(std::vector<std::vector<int> >)':
../src/ParticleFilter.cc:98:6: warning: unused variable 'r1' [-Wunused-variable]
  int r1;
      ^
Finished building: ../src/ParticleFilter.cc
 
Building target: ZyboCarApp.elf
Invoking: ARM g++ linker
arm-xilinx-eabi-g++ -Wl,-T -Wl,../src/lscript.ld -L../../standalone_bsp_0/ps7_cortexa9_0/lib -o "ZyboCarApp.elf"  ./src/LIDAR.o ./src/Particle.o ./src/ParticleFilter.o ./src/PathMaker.o ./src/RobotFrame.o ./src/Utility.o ./src/WaitForStart.o ./src/main.o ./src/main0.o ./src/move.o   -Wl,--start-group,-lxil,-lgcc,-lc,-lstdc++,--end-group -Wl,--start-group,-lxilffs,-lxil,-lgcc,-lc,--end-group -Wl,--start-group,-lrsa,-lxil,-lgcc,-lc,--end-group
Finished building target: ZyboCarApp.elf
 
Invoking: ARM Print Size
arm-xilinx-eabi-size ZyboCarApp.elf  |tee "ZyboCarApp.elf.size"
   text	   data	    bss	    dec	    hex	filename
3509584	   2632	204815032	208327248	c6ad250	ZyboCarApp.elf
Finished building: ZyboCarApp.elf.size
 
18:00:22 **** Incremental Build of configuration Debug for project ZyboCarApp ****
make all 
make: Ingenting at gøre for 'all'.
18:00:23 **** Incremental Build of configuration Debug for project MyFSBL ****
make all 
make: Ingenting at gøre for 'all'.
18:00:25 **** Auto Build of configuration Debug for project ZyboCarApp ****
make all 
Building file: ../src/ParticleFilter.cc
Invoking: ARM g++ compiler
arm-xilinx-eabi-g++ -Wall -O0 -g3 -c -fmessage-length=0 -MT"src/ParticleFilter.o" -std=c++11 -I../../standalone_bsp_0/ps7_cortexa9_0/include -MMD -MP -MF"src/ParticleFilter.d" -MT"src/ParticleFilter.d" -o "src/ParticleFilter.o" "../src/ParticleFilter.cc"
../src/ParticleFilter.cc: In member function 'void ParticleFilter::resample(std::vector<std::vector<int> >)':
../src/ParticleFilter.cc:95:6: warning: unused variable 'index' [-Wunused-variable]
  int index = rand() % NUMBEROFPARTICLES;
      ^
../src/ParticleFilter.cc:96:8: warning: unused variable 'beta' [-Wunused-variable]
  float beta = 0;
        ^
../src/ParticleFilter.cc:97:8: warning: unused variable 'r' [-Wunused-variable]
  float r;
        ^
In file included from c:\xilinx\sdk\2014.4\gnu\arm\nt\arm-xilinx-eabi\include\c++\4.8.3\algorithm:62:0,
                 from ../src/PathMaker.h:8,
                 from ../src/main.h:18,
                 from ../src/ParticleFilter.h:11,
                 from ../src/ParticleFilter.cc:1:
c:\xilinx\sdk\2014.4\gnu\arm\nt\arm-xilinx-eabi\include\c++\4.8.3\bits\stl_algo.h: In instantiation of '_RandomAccessIterator std::__unguarded_partition(_RandomAccessIterator, _RandomAccessIterator, const _Tp&, _Compare) [with _RandomAccessIterator = __gnu_cxx::__normal_iterator<Particle*, std::vector<Particle> >; _Tp = Particle; _Compare = bool (*)(Particle&, Particle&)]':
c:\xilinx\sdk\2014.4\gnu\arm\nt\arm-xilinx-eabi\include\c++\4.8.3\bits\stl_algo.h:2296:78:   required from '_RandomAccessIterator std::__unguarded_partition_pivot(_RandomAccessIterator, _RandomAccessIterator, _Compare) [with _RandomAccessIterator = __gnu_cxx::__normal_iterator<Particle*, std::vector<Particle> >; _Compare = bool (*)(Particle&, Particle&)]'
c:\xilinx\sdk\2014.4\gnu\arm\nt\arm-xilinx-eabi\include\c++\4.8.3\bits\stl_algo.h:2337:62:   required from 'void std::__introsort_loop(_RandomAccessIterator, _RandomAccessIterator, _Size, _Compare) [with _RandomAccessIterator = __gnu_cxx::__normal_iterator<Particle*, std::vector<Particle> >; _Size = int; _Compare = bool (*)(Particle&, Particle&)]'
c:\xilinx\sdk\2014.4\gnu\arm\nt\arm-xilinx-eabi\include\c++\4.8.3\bits\stl_algo.h:5490:44:   required from 'void std::sort(_RAIter, _RAIter, _Compare) [with _RAIter = __gnu_cxx::__normal_iterator<Particle*, std::vector<Particle> >; _Compare = bool (*)(Particle&, Particle&)]'
../src/ParticleFilter.cc:122:67:   required from here
c:\xilinx\sdk\2014.4\gnu\arm\nt\arm-xilinx-eabi\include\c++\4.8.3\bits\stl_algo.h:2263:35: error: invalid initialization of reference of type 'Particle&' from expression of type 'const Particle'
    while (__comp(*__first, __pivot))
                                   ^
c:\xilinx\sdk\2014.4\gnu\arm\nt\arm-xilinx-eabi\include\c++\4.8.3\bits\stl_algo.h:2266:34: error: invalid initialization of reference of type 'Particle&' from expression of type 'const Particle'
    while (__comp(__pivot, *__last))
                                  ^
make: *** [src/ParticleFilter.o] Fejl 1
18:00:27 **** Incremental Build of configuration Debug for project ZyboCarApp ****
make all 
Building file: ../src/ParticleFilter.cc
Invoking: ARM g++ compiler
arm-xilinx-eabi-g++ -Wall -O0 -g3 -c -fmessage-length=0 -MT"src/ParticleFilter.o" -std=c++11 -I../../standalone_bsp_0/ps7_cortexa9_0/include -MMD -MP -MF"src/ParticleFilter.d" -MT"src/ParticleFilter.d" -o "src/ParticleFilter.o" "../src/ParticleFilter.cc"
../src/ParticleFilter.cc: In member function 'void ParticleFilter::resample(std::vector<std::vector<int> >)':
../src/ParticleFilter.cc:95:6: warning: unused variable 'index' [-Wunused-variable]
  int index = rand() % NUMBEROFPARTICLES;
      ^
../src/ParticleFilter.cc:96:8: warning: unused variable 'beta' [-Wunused-variable]
  float beta = 0;
        ^
../src/ParticleFilter.cc:97:8: warning: unused variable 'r' [-Wunused-variable]
  float r;
        ^
In file included from c:\xilinx\sdk\2014.4\gnu\arm\nt\arm-xilinx-eabi\include\c++\4.8.3\algorithm:62:0,
                 from ../src/PathMaker.h:8,
                 from ../src/main.h:18,
                 from ../src/ParticleFilter.h:11,
                 from ../src/ParticleFilter.cc:1:
c:\xilinx\sdk\2014.4\gnu\arm\nt\arm-xilinx-eabi\include\c++\4.8.3\bits\stl_algo.h: In instantiation of '_RandomAccessIterator std::__unguarded_partition(_RandomAccessIterator, _RandomAccessIterator, const _Tp&, _Compare) [with _RandomAccessIterator = __gnu_cxx::__normal_iterator<Particle*, std::vector<Particle> >; _Tp = Particle; _Compare = bool (*)(Particle&, Particle&)]':
c:\xilinx\sdk\2014.4\gnu\arm\nt\arm-xilinx-eabi\include\c++\4.8.3\bits\stl_algo.h:2296:78:   required from '_RandomAccessIterator std::__unguarded_partition_pivot(_RandomAccessIterator, _RandomAccessIterator, _Compare) [with _RandomAccessIterator = __gnu_cxx::__normal_iterator<Particle*, std::vector<Particle> >; _Compare = bool (*)(Particle&, Particle&)]'
c:\xilinx\sdk\2014.4\gnu\arm\nt\arm-xilinx-eabi\include\c++\4.8.3\bits\stl_algo.h:2337:62:   required from 'void std::__introsort_loop(_RandomAccessIterator, _RandomAccessIterator, _Size, _Compare) [with _RandomAccessIterator = __gnu_cxx::__normal_iterator<Particle*, std::vector<Particle> >; _Size = int; _Compare = bool (*)(Particle&, Particle&)]'
c:\xilinx\sdk\2014.4\gnu\arm\nt\arm-xilinx-eabi\include\c++\4.8.3\bits\stl_algo.h:5490:44:   required from 'void std::sort(_RAIter, _RAIter, _Compare) [with _RAIter = __gnu_cxx::__normal_iterator<Particle*, std::vector<Particle> >; _Compare = bool (*)(Particle&, Particle&)]'
../src/ParticleFilter.cc:122:67:   required from here
c:\xilinx\sdk\2014.4\gnu\arm\nt\arm-xilinx-eabi\include\c++\4.8.3\bits\stl_algo.h:2263:35: error: invalid initialization of reference of type 'Particle&' from expression of type 'const Particle'
    while (__comp(*__first, __pivot))
                                   ^
c:\xilinx\sdk\2014.4\gnu\arm\nt\arm-xilinx-eabi\include\c++\4.8.3\bits\stl_algo.h:2266:34: error: invalid initialization of reference of type 'Particle&' from expression of type 'const Particle'
    while (__comp(__pivot, *__last))
                                  ^
make: *** [src/ParticleFilter.o] Fejl 1
18:00:29 **** Incremental Build of configuration Debug for project MyFSBL ****
make all 
make: Ingenting at gøre for 'all'.
18:00:33 **** Incremental Build of configuration Debug for project ZyboCarApp ****
make all 
Building file: ../src/ParticleFilter.cc
Invoking: ARM g++ compiler
arm-xilinx-eabi-g++ -Wall -O0 -g3 -c -fmessage-length=0 -MT"src/ParticleFilter.o" -std=c++11 -I../../standalone_bsp_0/ps7_cortexa9_0/include -MMD -MP -MF"src/ParticleFilter.d" -MT"src/ParticleFilter.d" -o "src/ParticleFilter.o" "../src/ParticleFilter.cc"
../src/ParticleFilter.cc: In member function 'void ParticleFilter::resample(std::vector<std::vector<int> >)':
../src/ParticleFilter.cc:95:6: warning: unused variable 'index' [-Wunused-variable]
  int index = rand() % NUMBEROFPARTICLES;
      ^
../src/ParticleFilter.cc:96:8: warning: unused variable 'beta' [-Wunused-variable]
  float beta = 0;
        ^
../src/ParticleFilter.cc:97:8: warning: unused variable 'r' [-Wunused-variable]
  float r;
        ^
In file included from c:\xilinx\sdk\2014.4\gnu\arm\nt\arm-xilinx-eabi\include\c++\4.8.3\algorithm:62:0,
                 from ../src/PathMaker.h:8,
                 from ../src/main.h:18,
                 from ../src/ParticleFilter.h:11,
                 from ../src/ParticleFilter.cc:1:
c:\xilinx\sdk\2014.4\gnu\arm\nt\arm-xilinx-eabi\include\c++\4.8.3\bits\stl_algo.h: In instantiation of '_RandomAccessIterator std::__unguarded_partition(_RandomAccessIterator, _RandomAccessIterator, const _Tp&, _Compare) [with _RandomAccessIterator = __gnu_cxx::__normal_iterator<Particle*, std::vector<Particle> >; _Tp = Particle; _Compare = bool (*)(Particle&, Particle&)]':
c:\xilinx\sdk\2014.4\gnu\arm\nt\arm-xilinx-eabi\include\c++\4.8.3\bits\stl_algo.h:2296:78:   required from '_RandomAccessIterator std::__unguarded_partition_pivot(_RandomAccessIterator, _RandomAccessIterator, _Compare) [with _RandomAccessIterator = __gnu_cxx::__normal_iterator<Particle*, std::vector<Particle> >; _Compare = bool (*)(Particle&, Particle&)]'
c:\xilinx\sdk\2014.4\gnu\arm\nt\arm-xilinx-eabi\include\c++\4.8.3\bits\stl_algo.h:2337:62:   required from 'void std::__introsort_loop(_RandomAccessIterator, _RandomAccessIterator, _Size, _Compare) [with _RandomAccessIterator = __gnu_cxx::__normal_iterator<Particle*, std::vector<Particle> >; _Size = int; _Compare = bool (*)(Particle&, Particle&)]'
c:\xilinx\sdk\2014.4\gnu\arm\nt\arm-xilinx-eabi\include\c++\4.8.3\bits\stl_algo.h:5490:44:   required from 'void std::sort(_RAIter, _RAIter, _Compare) [with _RAIter = __gnu_cxx::__normal_iterator<Particle*, std::vector<Particle> >; _Compare = bool (*)(Particle&, Particle&)]'
../src/ParticleFilter.cc:122:67:   required from here
c:\xilinx\sdk\2014.4\gnu\arm\nt\arm-xilinx-eabi\include\c++\4.8.3\bits\stl_algo.h:2263:35: error: invalid initialization of reference of type 'Particle&' from expression of type 'const Particle'
    while (__comp(*__first, __pivot))
                                   ^
c:\xilinx\sdk\2014.4\gnu\arm\nt\arm-xilinx-eabi\include\c++\4.8.3\bits\stl_algo.h:2266:34: error: invalid initialization of reference of type 'Particle&' from expression of type 'const Particle'
    while (__comp(__pivot, *__last))
                                  ^
make: *** [src/ParticleFilter.o] Fejl 1
18:00:35 **** Incremental Build of configuration Debug for project MyFSBL ****
make all 
make: Ingenting at gøre for 'all'.
18:01:07 **** Incremental Build of configuration Debug for project ZyboCarApp ****
make all 
Building file: ../src/ParticleFilter.cc
Invoking: ARM g++ compiler
arm-xilinx-eabi-g++ -Wall -O0 -g3 -c -fmessage-length=0 -MT"src/ParticleFilter.o" -std=c++11 -I../../standalone_bsp_0/ps7_cortexa9_0/include -MMD -MP -MF"src/ParticleFilter.d" -MT"src/ParticleFilter.d" -o "src/ParticleFilter.o" "../src/ParticleFilter.cc"
../src/ParticleFilter.cc: In member function 'void ParticleFilter::resample(std::vector<std::vector<int> >)':
../src/ParticleFilter.cc:95:6: warning: unused variable 'index' [-Wunused-variable]
  int index = rand() % NUMBEROFPARTICLES;
      ^
../src/ParticleFilter.cc:96:8: warning: unused variable 'beta' [-Wunused-variable]
  float beta = 0;
        ^
../src/ParticleFilter.cc:97:8: warning: unused variable 'r' [-Wunused-variable]
  float r;
        ^
In file included from c:\xilinx\sdk\2014.4\gnu\arm\nt\arm-xilinx-eabi\include\c++\4.8.3\algorithm:62:0,
                 from ../src/PathMaker.h:8,
                 from ../src/main.h:18,
                 from ../src/ParticleFilter.h:11,
                 from ../src/ParticleFilter.cc:1:
c:\xilinx\sdk\2014.4\gnu\arm\nt\arm-xilinx-eabi\include\c++\4.8.3\bits\stl_algo.h: In instantiation of '_RandomAccessIterator std::__unguarded_partition(_RandomAccessIterator, _RandomAccessIterator, const _Tp&, _Compare) [with _RandomAccessIterator = __gnu_cxx::__normal_iterator<Particle*, std::vector<Particle> >; _Tp = Particle; _Compare = bool (*)(Particle&, Particle&)]':
c:\xilinx\sdk\2014.4\gnu\arm\nt\arm-xilinx-eabi\include\c++\4.8.3\bits\stl_algo.h:2296:78:   required from '_RandomAccessIterator std::__unguarded_partition_pivot(_RandomAccessIterator, _RandomAccessIterator, _Compare) [with _RandomAccessIterator = __gnu_cxx::__normal_iterator<Particle*, std::vector<Particle> >; _Compare = bool (*)(Particle&, Particle&)]'
c:\xilinx\sdk\2014.4\gnu\arm\nt\arm-xilinx-eabi\include\c++\4.8.3\bits\stl_algo.h:2337:62:   required from 'void std::__introsort_loop(_RandomAccessIterator, _RandomAccessIterator, _Size, _Compare) [with _RandomAccessIterator = __gnu_cxx::__normal_iterator<Particle*, std::vector<Particle> >; _Size = int; _Compare = bool (*)(Particle&, Particle&)]'
c:\xilinx\sdk\2014.4\gnu\arm\nt\arm-xilinx-eabi\include\c++\4.8.3\bits\stl_algo.h:5490:44:   required from 'void std::sort(_RAIter, _RAIter, _Compare) [with _RAIter = __gnu_cxx::__normal_iterator<Particle*, std::vector<Particle> >; _Compare = bool (*)(Particle&, Particle&)]'
../src/ParticleFilter.cc:122:67:   required from here
c:\xilinx\sdk\2014.4\gnu\arm\nt\arm-xilinx-eabi\include\c++\4.8.3\bits\stl_algo.h:2263:35: error: invalid initialization of reference of type 'Particle&' from expression of type 'const Particle'
    while (__comp(*__first, __pivot))
                                   ^
c:\xilinx\sdk\2014.4\gnu\arm\nt\arm-xilinx-eabi\include\c++\4.8.3\bits\stl_algo.h:2266:34: error: invalid initialization of reference of type 'Particle&' from expression of type 'const Particle'
    while (__comp(__pivot, *__last))
                                  ^
make: *** [src/ParticleFilter.o] Fejl 1
18:01:08 **** Incremental Build of configuration Debug for project MyFSBL ****
make all 
make: Ingenting at gøre for 'all'.
18:03:59 **** Auto Build of configuration Debug for project ZyboCarApp ****
make all 
Building file: ../src/ParticleFilter.cc
Invoking: ARM g++ compiler
arm-xilinx-eabi-g++ -Wall -O0 -g3 -c -fmessage-length=0 -MT"src/ParticleFilter.o" -std=c++11 -I../../standalone_bsp_0/ps7_cortexa9_0/include -MMD -MP -MF"src/ParticleFilter.d" -MT"src/ParticleFilter.d" -o "src/ParticleFilter.o" "../src/ParticleFilter.cc"
../src/ParticleFilter.cc: In member function 'void ParticleFilter::resample(std::vector<std::vector<int> >)':
../src/ParticleFilter.cc:95:6: warning: unused variable 'index' [-Wunused-variable]
  int index = rand() % NUMBEROFPARTICLES;
      ^
../src/ParticleFilter.cc:96:8: warning: unused variable 'beta' [-Wunused-variable]
  float beta = 0;
        ^
../src/ParticleFilter.cc:97:8: warning: unused variable 'r' [-Wunused-variable]
  float r;
        ^
Finished building: ../src/ParticleFilter.cc
 
Building target: ZyboCarApp.elf
Invoking: ARM g++ linker
arm-xilinx-eabi-g++ -Wl,-T -Wl,../src/lscript.ld -L../../standalone_bsp_0/ps7_cortexa9_0/lib -o "ZyboCarApp.elf"  ./src/LIDAR.o ./src/Particle.o ./src/ParticleFilter.o ./src/PathMaker.o ./src/RobotFrame.o ./src/Utility.o ./src/WaitForStart.o ./src/main.o ./src/main0.o ./src/move.o   -Wl,--start-group,-lxil,-lgcc,-lc,-lstdc++,--end-group -Wl,--start-group,-lxilffs,-lxil,-lgcc,-lc,--end-group -Wl,--start-group,-lrsa,-lxil,-lgcc,-lc,--end-group
Finished building target: ZyboCarApp.elf
 
Invoking: ARM Print Size
arm-xilinx-eabi-size ZyboCarApp.elf  |tee "ZyboCarApp.elf.size"
   text	   data	    bss	    dec	    hex	filename
3516044	   2632	204815024	208333700	c6aeb84	ZyboCarApp.elf
Finished building: ZyboCarApp.elf.size
 
18:04:28 **** Auto Build of configuration Debug for project ZyboCarApp ****
make all 
Building file: ../src/ParticleFilter.cc
Invoking: ARM g++ compiler
arm-xilinx-eabi-g++ -Wall -O0 -g3 -c -fmessage-length=0 -MT"src/ParticleFilter.o" -std=c++11 -I../../standalone_bsp_0/ps7_cortexa9_0/include -MMD -MP -MF"src/ParticleFilter.d" -MT"src/ParticleFilter.d" -o "src/ParticleFilter.o" "../src/ParticleFilter.cc"
../src/ParticleFilter.cc: In member function 'void ParticleFilter::resample(std::vector<std::vector<int> >)':
../src/ParticleFilter.cc:98:6: warning: unused variable 'r1' [-Wunused-variable]
  int r1;
      ^
Finished building: ../src/ParticleFilter.cc
 
Building target: ZyboCarApp.elf
Invoking: ARM g++ linker
arm-xilinx-eabi-g++ -Wl,-T -Wl,../src/lscript.ld -L../../standalone_bsp_0/ps7_cortexa9_0/lib -o "ZyboCarApp.elf"  ./src/LIDAR.o ./src/Particle.o ./src/ParticleFilter.o ./src/PathMaker.o ./src/RobotFrame.o ./src/Utility.o ./src/WaitForStart.o ./src/main.o ./src/main0.o ./src/move.o   -Wl,--start-group,-lxil,-lgcc,-lc,-lstdc++,--end-group -Wl,--start-group,-lxilffs,-lxil,-lgcc,-lc,--end-group -Wl,--start-group,-lrsa,-lxil,-lgcc,-lc,--end-group
Finished building target: ZyboCarApp.elf
 
Invoking: ARM Print Size
arm-xilinx-eabi-size ZyboCarApp.elf  |tee "ZyboCarApp.elf.size"
   text	   data	    bss	    dec	    hex	filename
3509584	   2632	204815032	208327248	c6ad250	ZyboCarApp.elf
Finished building: ZyboCarApp.elf.size
 
18:05:21 **** Auto Build of configuration Debug for project ZyboCarApp ****
make all 
make: Ingenting at gøre for 'all'.
