13:22:45 **** Incremental Build of configuration Debug for project ZyboCarApp ****
make all 
Building target: ZyboCarApp.elf
Invoking: ARM g++ linker
arm-xilinx-eabi-g++ -Wl,-T -Wl,../src/lscript.ld -L../../standalone_bsp_0/ps7_cortexa9_0/lib -o "ZyboCarApp.elf"  ./src/LIDAR.o ./src/Particle.o ./src/ParticleFilter.o ./src/PathMaker.o ./src/RobotFrame.o ./src/Utility.o ./src/WaitForStart.o ./src/main.o ./src/main0.o ./src/move.o   -Wl,--start-group,-lxil,-lgcc,-lc,-lstdc++,--end-group -Wl,--start-group,-lxilffs,-lxil,-lgcc,-lc,--end-group -Wl,--start-group,-lrsa,-lxil,-lgcc,-lc,--end-group
./src/ParticleFilter.o: In function `void __gnu_cxx::new_allocator<Particle>::destroy<Particle>(Particle*)':
c:\xilinx\sdk\2014.4\gnu\arm\nt\arm-xilinx-eabi\include\c++\4.8.3\arm-xilinx-eabi\bits/gthr-default.h:230: multiple definition of `sinTable'
./src/Particle.o:c:\xilinx\sdk\2014.4\gnu\arm\nt\arm-xilinx-eabi\include\c++\4.8.3\arm-xilinx-eabi\bits/gthr-default.h:230: first defined here
./src/ParticleFilter.o: In function `ParticleFilter::updateWeigths(int*, std::vector<std::vector<int, std::allocator<int> >, std::allocator<std::vector<int, std::allocator<int> > > >)':
C:\Users\Kasper\Documents\GitHub\TIHSC\AI_Project\ZyboCar\ZyboCar.sdk\ZyboCarApp\Debug/../src/ParticleFilter.cc:66: multiple definition of `cosTable'
./src/Particle.o:C:\Users\Kasper\Documents\GitHub\TIHSC\AI_Project\ZyboCar\ZyboCar.sdk\ZyboCarApp\Debug/../src/Particle.cc:59: first defined here
./src/PathMaker.o: In function `__gnu_cxx::__alloc_traits<std::allocator<int> >::_S_propagate_on_move_assign()':
c:\xilinx\sdk\2014.4\gnu\arm\nt\arm-xilinx-eabi\include\c++\4.8.3\arm-xilinx-eabi\bits/gthr-default.h:230: multiple definition of `sinTable'
./src/Particle.o:c:\xilinx\sdk\2014.4\gnu\arm\nt\arm-xilinx-eabi\include\c++\4.8.3\arm-xilinx-eabi\bits/gthr-default.h:230: first defined here
./src/PathMaker.o: In function `PathMaker::performAStar(Position&)':
C:\Users\Kasper\Documents\GitHub\TIHSC\AI_Project\ZyboCar\ZyboCar.sdk\ZyboCarApp\Debug/../src/PathMaker.cc:55: multiple definition of `cosTable'
./src/Particle.o:C:\Users\Kasper\Documents\GitHub\TIHSC\AI_Project\ZyboCar\ZyboCar.sdk\ZyboCarApp\Debug/../src/Particle.cc:59: first defined here
./src/RobotFrame.o: In function `__gthread_key_delete':
c:\xilinx\sdk\2014.4\gnu\arm\nt\arm-xilinx-eabi\include\c++\4.8.3\arm-xilinx-eabi\bits/gthr-default.h:230: multiple definition of `sinTable'
./src/Particle.o:c:\xilinx\sdk\2014.4\gnu\arm\nt\arm-xilinx-eabi\include\c++\4.8.3\arm-xilinx-eabi\bits/gthr-default.h:230: first defined here
./src/RobotFrame.o: In function `std::__ioinit':
RobotFrame.cc:(.bss+0x5a4): multiple definition of `cosTable'
./src/Particle.o:C:\Users\Kasper\Documents\GitHub\TIHSC\AI_Project\ZyboCar\ZyboCar.sdk\ZyboCarApp\Debug/../src/Particle.cc:59: first defined here
./src/Utility.o: In function `std::setw(int)':
c:\xilinx\sdk\2014.4\gnu\arm\nt\arm-xilinx-eabi\include\c++\4.8.3\arm-xilinx-eabi\bits/gthr-default.h:230: multiple definition of `sinTable'
./src/Particle.o:c:\xilinx\sdk\2014.4\gnu\arm\nt\arm-xilinx-eabi\include\c++\4.8.3\arm-xilinx-eabi\bits/gthr-default.h:230: first defined here
./src/Utility.o: In function `std::__ioinit':
Utility.cpp:(.bss+0x5a4): multiple definition of `cosTable'
./src/Particle.o:C:\Users\Kasper\Documents\GitHub\TIHSC\AI_Project\ZyboCar\ZyboCar.sdk\ZyboCarApp\Debug/../src/Particle.cc:59: first defined here
./src/main.o: In function `void std::_Destroy_aux<true>::__destroy<int*>(int*, int*)':
c:\xilinx\sdk\2014.4\gnu\arm\nt\arm-xilinx-eabi\include\c++\4.8.3\arm-xilinx-eabi\bits/gthr-default.h:230: multiple definition of `sinTable'
./src/Particle.o:c:\xilinx\sdk\2014.4\gnu\arm\nt\arm-xilinx-eabi\include\c++\4.8.3\arm-xilinx-eabi\bits/gthr-default.h:230: first defined here
./src/main.o: In function `std::__ioinit':
main.cc:(.bss+0x5a4): multiple definition of `cosTable'
./src/Particle.o:C:\Users\Kasper\Documents\GitHub\TIHSC\AI_Project\ZyboCar\ZyboCar.sdk\ZyboCarApp\Debug/../src/Particle.cc:59: first defined here
./src/move.o: In function `__gthread_key_delete':
c:\xilinx\sdk\2014.4\gnu\arm\nt\arm-xilinx-eabi\include\c++\4.8.3\arm-xilinx-eabi\bits/gthr-default.h:230: multiple definition of `sinTable'
./src/Particle.o:c:\xilinx\sdk\2014.4\gnu\arm\nt\arm-xilinx-eabi\include\c++\4.8.3\arm-xilinx-eabi\bits/gthr-default.h:230: first defined here
./src/move.o: In function `_GLOBAL__sub_I_sinTable':
C:\Users\Kasper\Documents\GitHub\TIHSC\AI_Project\ZyboCar\ZyboCar.sdk\ZyboCarApp\Debug/../src/move.cpp:193: multiple definition of `cosTable'
./src/Particle.o:C:\Users\Kasper\Documents\GitHub\TIHSC\AI_Project\ZyboCar\ZyboCar.sdk\ZyboCarApp\Debug/../src/Particle.cc:59: first defined here
collect2.exe: error: ld returned 1 exit status
make: *** [ZyboCarApp.elf] Fejl 1
13:24:13 **** Auto Build of configuration Debug for project ZyboCarApp ****
make all 
Building file: ../src/Particle.cc
Invoking: ARM g++ compiler
arm-xilinx-eabi-g++ -Wall -O0 -g3 -c -fmessage-length=0 -MT"src/Particle.o" -std=c++11 -I../../standalone_bsp_0/ps7_cortexa9_0/include -MMD -MP -MF"src/Particle.d" -MT"src/Particle.d" -o "src/Particle.o" "../src/Particle.cc"
Finished building: ../src/Particle.cc
 
Building file: ../src/ParticleFilter.cc
Invoking: ARM g++ compiler
arm-xilinx-eabi-g++ -Wall -O0 -g3 -c -fmessage-length=0 -MT"src/ParticleFilter.o" -std=c++11 -I../../standalone_bsp_0/ps7_cortexa9_0/include -MMD -MP -MF"src/ParticleFilter.d" -MT"src/ParticleFilter.d" -o "src/ParticleFilter.o" "../src/ParticleFilter.cc"
../src/ParticleFilter.cc: In member function 'void ParticleFilter::printParticles()':
../src/ParticleFilter.cc:6:34: warning: comparison between signed and unsigned integer expressions [-Wsign-compare]
  for(int i = 0; i<particles.size();i++) {
                                  ^
../src/ParticleFilter.cc: In constructor 'ParticleFilter::ParticleFilter(std::vector<std::vector<int> >, int)':
../src/ParticleFilter.cc:16:6: warning: unused variable 'map_x' [-Wunused-variable]
  int map_x,map_y;
      ^
../src/ParticleFilter.cc:16:12: warning: unused variable 'map_y' [-Wunused-variable]
  int map_x,map_y;
            ^
../src/ParticleFilter.cc: In member function 'void ParticleFilter::updateWeigths(int*, std::vector<std::vector<int> >)':
../src/ParticleFilter.cc:51:34: warning: comparison between signed and unsigned integer expressions [-Wsign-compare]
  for(int i = 0; i<particles.size();i++) {
                                  ^
../src/ParticleFilter.cc: In member function 'void ParticleFilter::resample()':
../src/ParticleFilter.cc:83:37: warning: comparison between signed and unsigned integer expressions [-Wsign-compare]
  for (int i = 0; i < particles.size(); i++) {
                                     ^
../src/ParticleFilter.cc: In member function 'void ParticleFilter::moveParticles(MoveBlock&)':
../src/ParticleFilter.cc:123:37: warning: comparison between signed and unsigned integer expressions [-Wsign-compare]
  for (int i = 0; i < particles.size(); i++) {
                                     ^
../src/ParticleFilter.cc: In member function 'int ParticleFilter::bestParticle()':
../src/ParticleFilter.cc:133:37: warning: comparison between signed and unsigned integer expressions [-Wsign-compare]
  for (int i = 0; i < particles.size(); i++) {
                                     ^
Finished building: ../src/ParticleFilter.cc
 
Building file: ../src/PathMaker.cc
Invoking: ARM g++ compiler
arm-xilinx-eabi-g++ -Wall -O0 -g3 -c -fmessage-length=0 -MT"src/PathMaker.o" -std=c++11 -I../../standalone_bsp_0/ps7_cortexa9_0/include -MMD -MP -MF"src/PathMaker.d" -MT"src/PathMaker.d" -o "src/PathMaker.o" "../src/PathMaker.cc"
../src/PathMaker.cc: In member function 'void PathMaker::performAStar(Position&)':
../src/PathMaker.cc:98:44: warning: comparison between signed and unsigned integer expressions [-Wsign-compare]
     for (int i = 0; i < possibleMoves.size(); i++) {
                                            ^
../src/PathMaker.cc:153:28: warning: comparison between signed and unsigned integer expressions [-Wsign-compare]
  for (int y=0; y<path.size();y++){
                            ^
Finished building: ../src/PathMaker.cc
 
Building file: ../src/RobotFrame.cc
Invoking: ARM g++ compiler
arm-xilinx-eabi-g++ -Wall -O0 -g3 -c -fmessage-length=0 -MT"src/RobotFrame.o" -std=c++11 -I../../standalone_bsp_0/ps7_cortexa9_0/include -MMD -MP -MF"src/RobotFrame.d" -MT"src/RobotFrame.d" -o "src/RobotFrame.o" "../src/RobotFrame.cc"
Finished building: ../src/RobotFrame.cc
 
Building file: ../src/Utility.cpp
Invoking: ARM g++ compiler
arm-xilinx-eabi-g++ -Wall -O0 -g3 -c -fmessage-length=0 -MT"src/Utility.o" -std=c++11 -I../../standalone_bsp_0/ps7_cortexa9_0/include -MMD -MP -MF"src/Utility.d" -MT"src/Utility.d" -o "src/Utility.o" "../src/Utility.cpp"
Finished building: ../src/Utility.cpp
 
Building file: ../src/main.cc
Invoking: ARM g++ compiler
arm-xilinx-eabi-g++ -Wall -O0 -g3 -c -fmessage-length=0 -MT"src/main.o" -std=c++11 -I../../standalone_bsp_0/ps7_cortexa9_0/include -MMD -MP -MF"src/main.d" -MT"src/main.d" -o "src/main.o" "../src/main.cc"
Finished building: ../src/main.cc
 
Building file: ../src/move.cpp
Invoking: ARM g++ compiler
arm-xilinx-eabi-g++ -Wall -O0 -g3 -c -fmessage-length=0 -MT"src/move.o" -std=c++11 -I../../standalone_bsp_0/ps7_cortexa9_0/include -MMD -MP -MF"src/move.d" -MT"src/move.d" -o "src/move.o" "../src/move.cpp"
Finished building: ../src/move.cpp
 
Building target: ZyboCarApp.elf
Invoking: ARM g++ linker
arm-xilinx-eabi-g++ -Wl,-T -Wl,../src/lscript.ld -L../../standalone_bsp_0/ps7_cortexa9_0/lib -o "ZyboCarApp.elf"  ./src/LIDAR.o ./src/Particle.o ./src/ParticleFilter.o ./src/PathMaker.o ./src/RobotFrame.o ./src/Utility.o ./src/WaitForStart.o ./src/main.o ./src/main0.o ./src/move.o   -Wl,--start-group,-lxil,-lgcc,-lc,-lstdc++,--end-group -Wl,--start-group,-lxilffs,-lxil,-lgcc,-lc,--end-group -Wl,--start-group,-lrsa,-lxil,-lgcc,-lc,--end-group
./src/ParticleFilter.o: In function `void __gnu_cxx::new_allocator<Particle>::destroy<Particle>(Particle*)':
c:\xilinx\sdk\2014.4\gnu\arm\nt\arm-xilinx-eabi\include\c++\4.8.3\arm-xilinx-eabi\bits/gthr-default.h:230: multiple definition of `sinTable'
./src/Particle.o:c:\xilinx\sdk\2014.4\gnu\arm\nt\arm-xilinx-eabi\include\c++\4.8.3\arm-xilinx-eabi\bits/gthr-default.h:230: first defined here
./src/ParticleFilter.o: In function `ParticleFilter::updateWeigths(int*, std::vector<std::vector<int, std::allocator<int> >, std::allocator<std::vector<int, std::allocator<int> > > >)':
C:\Users\Kasper\Documents\GitHub\TIHSC\AI_Project\ZyboCar\ZyboCar.sdk\ZyboCarApp\Debug/../src/ParticleFilter.cc:66: multiple definition of `cosTable'
./src/Particle.o:C:\Users\Kasper\Documents\GitHub\TIHSC\AI_Project\ZyboCar\ZyboCar.sdk\ZyboCarApp\Debug/../src/Particle.cc:59: first defined here
./src/PathMaker.o: In function `__gnu_cxx::__alloc_traits<std::allocator<int> >::_S_propagate_on_move_assign()':
c:\xilinx\sdk\2014.4\gnu\arm\nt\arm-xilinx-eabi\include\c++\4.8.3\arm-xilinx-eabi\bits/gthr-default.h:230: multiple definition of `sinTable'
./src/Particle.o:c:\xilinx\sdk\2014.4\gnu\arm\nt\arm-xilinx-eabi\include\c++\4.8.3\arm-xilinx-eabi\bits/gthr-default.h:230: first defined here
./src/PathMaker.o: In function `PathMaker::performAStar(Position&)':
C:\Users\Kasper\Documents\GitHub\TIHSC\AI_Project\ZyboCar\ZyboCar.sdk\ZyboCarApp\Debug/../src/PathMaker.cc:55: multiple definition of `cosTable'
./src/Particle.o:C:\Users\Kasper\Documents\GitHub\TIHSC\AI_Project\ZyboCar\ZyboCar.sdk\ZyboCarApp\Debug/../src/Particle.cc:59: first defined here
./src/RobotFrame.o: In function `__gthread_key_delete':
c:\xilinx\sdk\2014.4\gnu\arm\nt\arm-xilinx-eabi\include\c++\4.8.3\arm-xilinx-eabi\bits/gthr-default.h:230: multiple definition of `sinTable'
./src/Particle.o:c:\xilinx\sdk\2014.4\gnu\arm\nt\arm-xilinx-eabi\include\c++\4.8.3\arm-xilinx-eabi\bits/gthr-default.h:230: first defined here
./src/RobotFrame.o: In function `std::__ioinit':
RobotFrame.cc:(.bss+0x5a4): multiple definition of `cosTable'
./src/Particle.o:C:\Users\Kasper\Documents\GitHub\TIHSC\AI_Project\ZyboCar\ZyboCar.sdk\ZyboCarApp\Debug/../src/Particle.cc:59: first defined here
./src/Utility.o: In function `std::setw(int)':
c:\xilinx\sdk\2014.4\gnu\arm\nt\arm-xilinx-eabi\include\c++\4.8.3\arm-xilinx-eabi\bits/gthr-default.h:230: multiple definition of `sinTable'
./src/Particle.o:c:\xilinx\sdk\2014.4\gnu\arm\nt\arm-xilinx-eabi\include\c++\4.8.3\arm-xilinx-eabi\bits/gthr-default.h:230: first defined here
./src/Utility.o: In function `std::__ioinit':
Utility.cpp:(.bss+0x5a4): multiple definition of `cosTable'
./src/Particle.o:C:\Users\Kasper\Documents\GitHub\TIHSC\AI_Project\ZyboCar\ZyboCar.sdk\ZyboCarApp\Debug/../src/Particle.cc:59: first defined here
./src/main.o: In function `void std::_Destroy_aux<true>::__destroy<int*>(int*, int*)':
c:\xilinx\sdk\2014.4\gnu\arm\nt\arm-xilinx-eabi\include\c++\4.8.3\arm-xilinx-eabi\bits/gthr-default.h:230: multiple definition of `sinTable'
./src/Particle.o:c:\xilinx\sdk\2014.4\gnu\arm\nt\arm-xilinx-eabi\include\c++\4.8.3\arm-xilinx-eabi\bits/gthr-default.h:230: first defined here
./src/main.o: In function `std::__ioinit':
main.cc:(.bss+0x5a4): multiple definition of `cosTable'
./src/Particle.o:C:\Users\Kasper\Documents\GitHub\TIHSC\AI_Project\ZyboCar\ZyboCar.sdk\ZyboCarApp\Debug/../src/Particle.cc:59: first defined here
./src/move.o: In function `__gthread_key_delete':
c:\xilinx\sdk\2014.4\gnu\arm\nt\arm-xilinx-eabi\include\c++\4.8.3\arm-xilinx-eabi\bits/gthr-default.h:230: multiple definition of `sinTable'
./src/Particle.o:c:\xilinx\sdk\2014.4\gnu\arm\nt\arm-xilinx-eabi\include\c++\4.8.3\arm-xilinx-eabi\bits/gthr-default.h:230: first defined here
./src/move.o: In function `_GLOBAL__sub_I_sinTable':
C:\Users\Kasper\Documents\GitHub\TIHSC\AI_Project\ZyboCar\ZyboCar.sdk\ZyboCarApp\Debug/../src/move.cpp:193: multiple definition of `cosTable'
./src/Particle.o:C:\Users\Kasper\Documents\GitHub\TIHSC\AI_Project\ZyboCar\ZyboCar.sdk\ZyboCarApp\Debug/../src/Particle.cc:59: first defined here
collect2.exe: error: ld returned 1 exit status
make: *** [ZyboCarApp.elf] Fejl 1
13:24:26 **** Auto Build of configuration Debug for project ZyboCarApp ****
make all 
Building file: ../src/Utility.cpp
Invoking: ARM g++ compiler
arm-xilinx-eabi-g++ -Wall -O0 -g3 -c -fmessage-length=0 -MT"src/Utility.o" -std=c++11 -I../../standalone_bsp_0/ps7_cortexa9_0/include -MMD -MP -MF"src/Utility.d" -MT"src/Utility.d" -o "src/Utility.o" "../src/Utility.cpp"
Finished building: ../src/Utility.cpp
 
Building target: ZyboCarApp.elf
Invoking: ARM g++ linker
arm-xilinx-eabi-g++ -Wl,-T -Wl,../src/lscript.ld -L../../standalone_bsp_0/ps7_cortexa9_0/lib -o "ZyboCarApp.elf"  ./src/LIDAR.o ./src/Particle.o ./src/ParticleFilter.o ./src/PathMaker.o ./src/RobotFrame.o ./src/Utility.o ./src/WaitForStart.o ./src/main.o ./src/main0.o ./src/move.o   -Wl,--start-group,-lxil,-lgcc,-lc,-lstdc++,--end-group -Wl,--start-group,-lxilffs,-lxil,-lgcc,-lc,--end-group -Wl,--start-group,-lrsa,-lxil,-lgcc,-lc,--end-group
./src/ParticleFilter.o: In function `void __gnu_cxx::new_allocator<Particle>::destroy<Particle>(Particle*)':
c:\xilinx\sdk\2014.4\gnu\arm\nt\arm-xilinx-eabi\include\c++\4.8.3\arm-xilinx-eabi\bits/gthr-default.h:230: multiple definition of `sinTable'
./src/Particle.o:c:\xilinx\sdk\2014.4\gnu\arm\nt\arm-xilinx-eabi\include\c++\4.8.3\arm-xilinx-eabi\bits/gthr-default.h:230: first defined here
./src/ParticleFilter.o: In function `ParticleFilter::updateWeigths(int*, std::vector<std::vector<int, std::allocator<int> >, std::allocator<std::vector<int, std::allocator<int> > > >)':
C:\Users\Kasper\Documents\GitHub\TIHSC\AI_Project\ZyboCar\ZyboCar.sdk\ZyboCarApp\Debug/../src/ParticleFilter.cc:66: multiple definition of `cosTable'
./src/Particle.o:C:\Users\Kasper\Documents\GitHub\TIHSC\AI_Project\ZyboCar\ZyboCar.sdk\ZyboCarApp\Debug/../src/Particle.cc:59: first defined here
./src/PathMaker.o: In function `__gnu_cxx::__alloc_traits<std::allocator<int> >::_S_propagate_on_move_assign()':
c:\xilinx\sdk\2014.4\gnu\arm\nt\arm-xilinx-eabi\include\c++\4.8.3\arm-xilinx-eabi\bits/gthr-default.h:230: multiple definition of `sinTable'
./src/Particle.o:c:\xilinx\sdk\2014.4\gnu\arm\nt\arm-xilinx-eabi\include\c++\4.8.3\arm-xilinx-eabi\bits/gthr-default.h:230: first defined here
./src/PathMaker.o: In function `PathMaker::performAStar(Position&)':
C:\Users\Kasper\Documents\GitHub\TIHSC\AI_Project\ZyboCar\ZyboCar.sdk\ZyboCarApp\Debug/../src/PathMaker.cc:55: multiple definition of `cosTable'
./src/Particle.o:C:\Users\Kasper\Documents\GitHub\TIHSC\AI_Project\ZyboCar\ZyboCar.sdk\ZyboCarApp\Debug/../src/Particle.cc:59: first defined here
./src/RobotFrame.o: In function `__gthread_key_delete':
c:\xilinx\sdk\2014.4\gnu\arm\nt\arm-xilinx-eabi\include\c++\4.8.3\arm-xilinx-eabi\bits/gthr-default.h:230: multiple definition of `sinTable'
./src/Particle.o:c:\xilinx\sdk\2014.4\gnu\arm\nt\arm-xilinx-eabi\include\c++\4.8.3\arm-xilinx-eabi\bits/gthr-default.h:230: first defined here
./src/RobotFrame.o: In function `std::__ioinit':
RobotFrame.cc:(.bss+0x5a4): multiple definition of `cosTable'
./src/Particle.o:C:\Users\Kasper\Documents\GitHub\TIHSC\AI_Project\ZyboCar\ZyboCar.sdk\ZyboCarApp\Debug/../src/Particle.cc:59: first defined here
./src/Utility.o: In function `std::setw(int)':
c:\xilinx\sdk\2014.4\gnu\arm\nt\arm-xilinx-eabi\include\c++\4.8.3\arm-xilinx-eabi\bits/gthr-default.h:230: multiple definition of `sinTable'
./src/Particle.o:c:\xilinx\sdk\2014.4\gnu\arm\nt\arm-xilinx-eabi\include\c++\4.8.3\arm-xilinx-eabi\bits/gthr-default.h:230: first defined here
./src/Utility.o: In function `std::__ioinit':
Utility.cpp:(.bss+0x5a4): multiple definition of `cosTable'
./src/Particle.o:C:\Users\Kasper\Documents\GitHub\TIHSC\AI_Project\ZyboCar\ZyboCar.sdk\ZyboCarApp\Debug/../src/Particle.cc:59: first defined here
./src/main.o: In function `void std::_Destroy_aux<true>::__destroy<int*>(int*, int*)':
c:\xilinx\sdk\2014.4\gnu\arm\nt\arm-xilinx-eabi\include\c++\4.8.3\arm-xilinx-eabi\bits/gthr-default.h:230: multiple definition of `sinTable'
./src/Particle.o:c:\xilinx\sdk\2014.4\gnu\arm\nt\arm-xilinx-eabi\include\c++\4.8.3\arm-xilinx-eabi\bits/gthr-default.h:230: first defined here
./src/main.o: In function `std::__ioinit':
main.cc:(.bss+0x5a4): multiple definition of `cosTable'
./src/Particle.o:C:\Users\Kasper\Documents\GitHub\TIHSC\AI_Project\ZyboCar\ZyboCar.sdk\ZyboCarApp\Debug/../src/Particle.cc:59: first defined here
./src/move.o: In function `__gthread_key_delete':
c:\xilinx\sdk\2014.4\gnu\arm\nt\arm-xilinx-eabi\include\c++\4.8.3\arm-xilinx-eabi\bits/gthr-default.h:230: multiple definition of `sinTable'
./src/Particle.o:c:\xilinx\sdk\2014.4\gnu\arm\nt\arm-xilinx-eabi\include\c++\4.8.3\arm-xilinx-eabi\bits/gthr-default.h:230: first defined here
./src/move.o: In function `_GLOBAL__sub_I_sinTable':
C:\Users\Kasper\Documents\GitHub\TIHSC\AI_Project\ZyboCar\ZyboCar.sdk\ZyboCarApp\Debug/../src/move.cpp:193: multiple definition of `cosTable'
./src/Particle.o:C:\Users\Kasper\Documents\GitHub\TIHSC\AI_Project\ZyboCar\ZyboCar.sdk\ZyboCarApp\Debug/../src/Particle.cc:59: first defined here
collect2.exe: error: ld returned 1 exit status
make: *** [ZyboCarApp.elf] Fejl 1
13:25:03 **** Auto Build of configuration Debug for project ZyboCarApp ****
make all 
Building file: ../src/Particle.cc
Invoking: ARM g++ compiler
arm-xilinx-eabi-g++ -Wall -O0 -g3 -c -fmessage-length=0 -MT"src/Particle.o" -std=c++11 -I../../standalone_bsp_0/ps7_cortexa9_0/include -MMD -MP -MF"src/Particle.d" -MT"src/Particle.d" -o "src/Particle.o" "../src/Particle.cc"
Finished building: ../src/Particle.cc
 
Building file: ../src/ParticleFilter.cc
Invoking: ARM g++ compiler
arm-xilinx-eabi-g++ -Wall -O0 -g3 -c -fmessage-length=0 -MT"src/ParticleFilter.o" -std=c++11 -I../../standalone_bsp_0/ps7_cortexa9_0/include -MMD -MP -MF"src/ParticleFilter.d" -MT"src/ParticleFilter.d" -o "src/ParticleFilter.o" "../src/ParticleFilter.cc"
../src/ParticleFilter.cc: In member function 'void ParticleFilter::printParticles()':
../src/ParticleFilter.cc:6:34: warning: comparison between signed and unsigned integer expressions [-Wsign-compare]
  for(int i = 0; i<particles.size();i++) {
                                  ^
../src/ParticleFilter.cc: In constructor 'ParticleFilter::ParticleFilter(std::vector<std::vector<int> >, int)':
../src/ParticleFilter.cc:16:6: warning: unused variable 'map_x' [-Wunused-variable]
  int map_x,map_y;
      ^
../src/ParticleFilter.cc:16:12: warning: unused variable 'map_y' [-Wunused-variable]
  int map_x,map_y;
            ^
../src/ParticleFilter.cc: In member function 'void ParticleFilter::updateWeigths(int*, std::vector<std::vector<int> >)':
../src/ParticleFilter.cc:51:34: warning: comparison between signed and unsigned integer expressions [-Wsign-compare]
  for(int i = 0; i<particles.size();i++) {
                                  ^
../src/ParticleFilter.cc: In member function 'void ParticleFilter::resample()':
../src/ParticleFilter.cc:83:37: warning: comparison between signed and unsigned integer expressions [-Wsign-compare]
  for (int i = 0; i < particles.size(); i++) {
                                     ^
../src/ParticleFilter.cc: In member function 'void ParticleFilter::moveParticles(MoveBlock&)':
../src/ParticleFilter.cc:123:37: warning: comparison between signed and unsigned integer expressions [-Wsign-compare]
  for (int i = 0; i < particles.size(); i++) {
                                     ^
../src/ParticleFilter.cc: In member function 'int ParticleFilter::bestParticle()':
../src/ParticleFilter.cc:133:37: warning: comparison between signed and unsigned integer expressions [-Wsign-compare]
  for (int i = 0; i < particles.size(); i++) {
                                     ^
Finished building: ../src/ParticleFilter.cc
 
Building file: ../src/PathMaker.cc
Invoking: ARM g++ compiler
arm-xilinx-eabi-g++ -Wall -O0 -g3 -c -fmessage-length=0 -MT"src/PathMaker.o" -std=c++11 -I../../standalone_bsp_0/ps7_cortexa9_0/include -MMD -MP -MF"src/PathMaker.d" -MT"src/PathMaker.d" -o "src/PathMaker.o" "../src/PathMaker.cc"
../src/PathMaker.cc: In member function 'void PathMaker::performAStar(Position&)':
../src/PathMaker.cc:98:44: warning: comparison between signed and unsigned integer expressions [-Wsign-compare]
     for (int i = 0; i < possibleMoves.size(); i++) {
                                            ^
../src/PathMaker.cc:153:28: warning: comparison between signed and unsigned integer expressions [-Wsign-compare]
  for (int y=0; y<path.size();y++){
                            ^
Finished building: ../src/PathMaker.cc
 
Building file: ../src/RobotFrame.cc
Invoking: ARM g++ compiler
arm-xilinx-eabi-g++ -Wall -O0 -g3 -c -fmessage-length=0 -MT"src/RobotFrame.o" -std=c++11 -I../../standalone_bsp_0/ps7_cortexa9_0/include -MMD -MP -MF"src/RobotFrame.d" -MT"src/RobotFrame.d" -o "src/RobotFrame.o" "../src/RobotFrame.cc"
Finished building: ../src/RobotFrame.cc
 
Building file: ../src/Utility.cpp
Invoking: ARM g++ compiler
arm-xilinx-eabi-g++ -Wall -O0 -g3 -c -fmessage-length=0 -MT"src/Utility.o" -std=c++11 -I../../standalone_bsp_0/ps7_cortexa9_0/include -MMD -MP -MF"src/Utility.d" -MT"src/Utility.d" -o "src/Utility.o" "../src/Utility.cpp"
Finished building: ../src/Utility.cpp
 
Building file: ../src/main.cc
Invoking: ARM g++ compiler
arm-xilinx-eabi-g++ -Wall -O0 -g3 -c -fmessage-length=0 -MT"src/main.o" -std=c++11 -I../../standalone_bsp_0/ps7_cortexa9_0/include -MMD -MP -MF"src/main.d" -MT"src/main.d" -o "src/main.o" "../src/main.cc"
Finished building: ../src/main.cc
 
Building file: ../src/move.cpp
Invoking: ARM g++ compiler
arm-xilinx-eabi-g++ -Wall -O0 -g3 -c -fmessage-length=0 -MT"src/move.o" -std=c++11 -I../../standalone_bsp_0/ps7_cortexa9_0/include -MMD -MP -MF"src/move.d" -MT"src/move.d" -o "src/move.o" "../src/move.cpp"
Finished building: ../src/move.cpp
 
Building target: ZyboCarApp.elf
Invoking: ARM g++ linker
arm-xilinx-eabi-g++ -Wl,-T -Wl,../src/lscript.ld -L../../standalone_bsp_0/ps7_cortexa9_0/lib -o "ZyboCarApp.elf"  ./src/LIDAR.o ./src/Particle.o ./src/ParticleFilter.o ./src/PathMaker.o ./src/RobotFrame.o ./src/Utility.o ./src/WaitForStart.o ./src/main.o ./src/main0.o ./src/move.o   -Wl,--start-group,-lxil,-lgcc,-lc,-lstdc++,--end-group -Wl,--start-group,-lxilffs,-lxil,-lgcc,-lc,--end-group -Wl,--start-group,-lrsa,-lxil,-lgcc,-lc,--end-group
./src/ParticleFilter.o: In function `void __gnu_cxx::new_allocator<Particle>::destroy<Particle>(Particle*)':
c:\xilinx\sdk\2014.4\gnu\arm\nt\arm-xilinx-eabi\include\c++\4.8.3\arm-xilinx-eabi\bits/gthr-default.h:230: multiple definition of `sinTable'
./src/Particle.o:c:\xilinx\sdk\2014.4\gnu\arm\nt\arm-xilinx-eabi\include\c++\4.8.3\arm-xilinx-eabi\bits/gthr-default.h:230: first defined here
./src/ParticleFilter.o: In function `ParticleFilter::updateWeigths(int*, std::vector<std::vector<int, std::allocator<int> >, std::allocator<std::vector<int, std::allocator<int> > > >)':
C:\Users\Kasper\Documents\GitHub\TIHSC\AI_Project\ZyboCar\ZyboCar.sdk\ZyboCarApp\Debug/../src/ParticleFilter.cc:66: multiple definition of `cosTable'
./src/Particle.o:C:\Users\Kasper\Documents\GitHub\TIHSC\AI_Project\ZyboCar\ZyboCar.sdk\ZyboCarApp\Debug/../src/Particle.cc:59: first defined here
./src/PathMaker.o: In function `__gnu_cxx::__alloc_traits<std::allocator<int> >::_S_propagate_on_move_assign()':
c:\xilinx\sdk\2014.4\gnu\arm\nt\arm-xilinx-eabi\include\c++\4.8.3\arm-xilinx-eabi\bits/gthr-default.h:230: multiple definition of `sinTable'
./src/Particle.o:c:\xilinx\sdk\2014.4\gnu\arm\nt\arm-xilinx-eabi\include\c++\4.8.3\arm-xilinx-eabi\bits/gthr-default.h:230: first defined here
./src/PathMaker.o: In function `PathMaker::performAStar(Position&)':
C:\Users\Kasper\Documents\GitHub\TIHSC\AI_Project\ZyboCar\ZyboCar.sdk\ZyboCarApp\Debug/../src/PathMaker.cc:55: multiple definition of `cosTable'
./src/Particle.o:C:\Users\Kasper\Documents\GitHub\TIHSC\AI_Project\ZyboCar\ZyboCar.sdk\ZyboCarApp\Debug/../src/Particle.cc:59: first defined here
./src/RobotFrame.o: In function `__gthread_key_delete':
c:\xilinx\sdk\2014.4\gnu\arm\nt\arm-xilinx-eabi\include\c++\4.8.3\arm-xilinx-eabi\bits/gthr-default.h:230: multiple definition of `sinTable'
./src/Particle.o:c:\xilinx\sdk\2014.4\gnu\arm\nt\arm-xilinx-eabi\include\c++\4.8.3\arm-xilinx-eabi\bits/gthr-default.h:230: first defined here
./src/RobotFrame.o: In function `std::__ioinit':
RobotFrame.cc:(.bss+0x5a4): multiple definition of `cosTable'
./src/Particle.o:C:\Users\Kasper\Documents\GitHub\TIHSC\AI_Project\ZyboCar\ZyboCar.sdk\ZyboCarApp\Debug/../src/Particle.cc:59: first defined here
./src/Utility.o: In function `std::setw(int)':
c:\xilinx\sdk\2014.4\gnu\arm\nt\arm-xilinx-eabi\include\c++\4.8.3\arm-xilinx-eabi\bits/gthr-default.h:230: multiple definition of `sinTable'
./src/Particle.o:c:\xilinx\sdk\2014.4\gnu\arm\nt\arm-xilinx-eabi\include\c++\4.8.3\arm-xilinx-eabi\bits/gthr-default.h:230: first defined here
./src/Utility.o: In function `std::__ioinit':
Utility.cpp:(.bss+0x5a4): multiple definition of `cosTable'
./src/Particle.o:C:\Users\Kasper\Documents\GitHub\TIHSC\AI_Project\ZyboCar\ZyboCar.sdk\ZyboCarApp\Debug/../src/Particle.cc:59: first defined here
./src/main.o: In function `void std::_Destroy_aux<true>::__destroy<int*>(int*, int*)':
c:\xilinx\sdk\2014.4\gnu\arm\nt\arm-xilinx-eabi\include\c++\4.8.3\arm-xilinx-eabi\bits/gthr-default.h:230: multiple definition of `sinTable'
./src/Particle.o:c:\xilinx\sdk\2014.4\gnu\arm\nt\arm-xilinx-eabi\include\c++\4.8.3\arm-xilinx-eabi\bits/gthr-default.h:230: first defined here
./src/main.o: In function `std::__ioinit':
main.cc:(.bss+0x5a4): multiple definition of `cosTable'
./src/Particle.o:C:\Users\Kasper\Documents\GitHub\TIHSC\AI_Project\ZyboCar\ZyboCar.sdk\ZyboCarApp\Debug/../src/Particle.cc:59: first defined here
./src/move.o: In function `__gthread_key_delete':
c:\xilinx\sdk\2014.4\gnu\arm\nt\arm-xilinx-eabi\include\c++\4.8.3\arm-xilinx-eabi\bits/gthr-default.h:230: multiple definition of `sinTable'
./src/Particle.o:c:\xilinx\sdk\2014.4\gnu\arm\nt\arm-xilinx-eabi\include\c++\4.8.3\arm-xilinx-eabi\bits/gthr-default.h:230: first defined here
./src/move.o: In function `_GLOBAL__sub_I_sinTable':
C:\Users\Kasper\Documents\GitHub\TIHSC\AI_Project\ZyboCar\ZyboCar.sdk\ZyboCarApp\Debug/../src/move.cpp:193: multiple definition of `cosTable'
./src/Particle.o:C:\Users\Kasper\Documents\GitHub\TIHSC\AI_Project\ZyboCar\ZyboCar.sdk\ZyboCarApp\Debug/../src/Particle.cc:59: first defined here
collect2.exe: error: ld returned 1 exit status
make: *** [ZyboCarApp.elf] Fejl 1
13:25:53 **** Auto Build of configuration Debug for project ZyboCarApp ****
make all 
Building file: ../src/Particle.cc
Invoking: ARM g++ compiler
arm-xilinx-eabi-g++ -Wall -O0 -g3 -c -fmessage-length=0 -MT"src/Particle.o" -std=c++11 -I../../standalone_bsp_0/ps7_cortexa9_0/include -MMD -MP -MF"src/Particle.d" -MT"src/Particle.d" -o "src/Particle.o" "../src/Particle.cc"
Finished building: ../src/Particle.cc
 
Building file: ../src/ParticleFilter.cc
Invoking: ARM g++ compiler
arm-xilinx-eabi-g++ -Wall -O0 -g3 -c -fmessage-length=0 -MT"src/ParticleFilter.o" -std=c++11 -I../../standalone_bsp_0/ps7_cortexa9_0/include -MMD -MP -MF"src/ParticleFilter.d" -MT"src/ParticleFilter.d" -o "src/ParticleFilter.o" "../src/ParticleFilter.cc"
../src/ParticleFilter.cc: In member function 'void ParticleFilter::printParticles()':
../src/ParticleFilter.cc:6:34: warning: comparison between signed and unsigned integer expressions [-Wsign-compare]
  for(int i = 0; i<particles.size();i++) {
                                  ^
../src/ParticleFilter.cc: In constructor 'ParticleFilter::ParticleFilter(std::vector<std::vector<int> >, int)':
../src/ParticleFilter.cc:16:6: warning: unused variable 'map_x' [-Wunused-variable]
  int map_x,map_y;
      ^
../src/ParticleFilter.cc:16:12: warning: unused variable 'map_y' [-Wunused-variable]
  int map_x,map_y;
            ^
../src/ParticleFilter.cc: In member function 'void ParticleFilter::updateWeigths(int*, std::vector<std::vector<int> >)':
../src/ParticleFilter.cc:51:34: warning: comparison between signed and unsigned integer expressions [-Wsign-compare]
  for(int i = 0; i<particles.size();i++) {
                                  ^
../src/ParticleFilter.cc: In member function 'void ParticleFilter::resample()':
../src/ParticleFilter.cc:83:37: warning: comparison between signed and unsigned integer expressions [-Wsign-compare]
  for (int i = 0; i < particles.size(); i++) {
                                     ^
../src/ParticleFilter.cc: In member function 'void ParticleFilter::moveParticles(MoveBlock&)':
../src/ParticleFilter.cc:123:37: warning: comparison between signed and unsigned integer expressions [-Wsign-compare]
  for (int i = 0; i < particles.size(); i++) {
                                     ^
../src/ParticleFilter.cc: In member function 'int ParticleFilter::bestParticle()':
../src/ParticleFilter.cc:133:37: warning: comparison between signed and unsigned integer expressions [-Wsign-compare]
  for (int i = 0; i < particles.size(); i++) {
                                     ^
Finished building: ../src/ParticleFilter.cc
 
Building file: ../src/PathMaker.cc
Invoking: ARM g++ compiler
arm-xilinx-eabi-g++ -Wall -O0 -g3 -c -fmessage-length=0 -MT"src/PathMaker.o" -std=c++11 -I../../standalone_bsp_0/ps7_cortexa9_0/include -MMD -MP -MF"src/PathMaker.d" -MT"src/PathMaker.d" -o "src/PathMaker.o" "../src/PathMaker.cc"
../src/PathMaker.cc: In member function 'void PathMaker::performAStar(Position&)':
../src/PathMaker.cc:98:44: warning: comparison between signed and unsigned integer expressions [-Wsign-compare]
     for (int i = 0; i < possibleMoves.size(); i++) {
                                            ^
../src/PathMaker.cc:153:28: warning: comparison between signed and unsigned integer expressions [-Wsign-compare]
  for (int y=0; y<path.size();y++){
                            ^
Finished building: ../src/PathMaker.cc
 
Building file: ../src/RobotFrame.cc
Invoking: ARM g++ compiler
arm-xilinx-eabi-g++ -Wall -O0 -g3 -c -fmessage-length=0 -MT"src/RobotFrame.o" -std=c++11 -I../../standalone_bsp_0/ps7_cortexa9_0/include -MMD -MP -MF"src/RobotFrame.d" -MT"src/RobotFrame.d" -o "src/RobotFrame.o" "../src/RobotFrame.cc"
Finished building: ../src/RobotFrame.cc
 
Building file: ../src/Utility.cpp
Invoking: ARM g++ compiler
arm-xilinx-eabi-g++ -Wall -O0 -g3 -c -fmessage-length=0 -MT"src/Utility.o" -std=c++11 -I../../standalone_bsp_0/ps7_cortexa9_0/include -MMD -MP -MF"src/Utility.d" -MT"src/Utility.d" -o "src/Utility.o" "../src/Utility.cpp"
Finished building: ../src/Utility.cpp
 
Building file: ../src/main.cc
Invoking: ARM g++ compiler
arm-xilinx-eabi-g++ -Wall -O0 -g3 -c -fmessage-length=0 -MT"src/main.o" -std=c++11 -I../../standalone_bsp_0/ps7_cortexa9_0/include -MMD -MP -MF"src/main.d" -MT"src/main.d" -o "src/main.o" "../src/main.cc"
Finished building: ../src/main.cc
 
Building file: ../src/move.cpp
Invoking: ARM g++ compiler
arm-xilinx-eabi-g++ -Wall -O0 -g3 -c -fmessage-length=0 -MT"src/move.o" -std=c++11 -I../../standalone_bsp_0/ps7_cortexa9_0/include -MMD -MP -MF"src/move.d" -MT"src/move.d" -o "src/move.o" "../src/move.cpp"
Finished building: ../src/move.cpp
 
Building target: ZyboCarApp.elf
Invoking: ARM g++ linker
arm-xilinx-eabi-g++ -Wl,-T -Wl,../src/lscript.ld -L../../standalone_bsp_0/ps7_cortexa9_0/lib -o "ZyboCarApp.elf"  ./src/LIDAR.o ./src/Particle.o ./src/ParticleFilter.o ./src/PathMaker.o ./src/RobotFrame.o ./src/Utility.o ./src/WaitForStart.o ./src/main.o ./src/main0.o ./src/move.o   -Wl,--start-group,-lxil,-lgcc,-lc,-lstdc++,--end-group -Wl,--start-group,-lxilffs,-lxil,-lgcc,-lc,--end-group -Wl,--start-group,-lrsa,-lxil,-lgcc,-lc,--end-group
./src/ParticleFilter.o: In function `void __gnu_cxx::new_allocator<Particle>::destroy<Particle>(Particle*)':
c:\xilinx\sdk\2014.4\gnu\arm\nt\arm-xilinx-eabi\include\c++\4.8.3\arm-xilinx-eabi\bits/gthr-default.h:230: multiple definition of `sinTable'
./src/Particle.o:c:\xilinx\sdk\2014.4\gnu\arm\nt\arm-xilinx-eabi\include\c++\4.8.3\arm-xilinx-eabi\bits/gthr-default.h:230: first defined here
./src/ParticleFilter.o: In function `ParticleFilter::updateWeigths(int*, std::vector<std::vector<int, std::allocator<int> >, std::allocator<std::vector<int, std::allocator<int> > > >)':
C:\Users\Kasper\Documents\GitHub\TIHSC\AI_Project\ZyboCar\ZyboCar.sdk\ZyboCarApp\Debug/../src/ParticleFilter.cc:66: multiple definition of `cosTable'
./src/Particle.o:C:\Users\Kasper\Documents\GitHub\TIHSC\AI_Project\ZyboCar\ZyboCar.sdk\ZyboCarApp\Debug/../src/Particle.cc:59: first defined here
./src/PathMaker.o: In function `__gnu_cxx::__alloc_traits<std::allocator<int> >::_S_propagate_on_move_assign()':
c:\xilinx\sdk\2014.4\gnu\arm\nt\arm-xilinx-eabi\include\c++\4.8.3\arm-xilinx-eabi\bits/gthr-default.h:230: multiple definition of `sinTable'
./src/Particle.o:c:\xilinx\sdk\2014.4\gnu\arm\nt\arm-xilinx-eabi\include\c++\4.8.3\arm-xilinx-eabi\bits/gthr-default.h:230: first defined here
./src/PathMaker.o: In function `PathMaker::performAStar(Position&)':
C:\Users\Kasper\Documents\GitHub\TIHSC\AI_Project\ZyboCar\ZyboCar.sdk\ZyboCarApp\Debug/../src/PathMaker.cc:55: multiple definition of `cosTable'
./src/Particle.o:C:\Users\Kasper\Documents\GitHub\TIHSC\AI_Project\ZyboCar\ZyboCar.sdk\ZyboCarApp\Debug/../src/Particle.cc:59: first defined here
./src/RobotFrame.o: In function `__gthread_key_delete':
c:\xilinx\sdk\2014.4\gnu\arm\nt\arm-xilinx-eabi\include\c++\4.8.3\arm-xilinx-eabi\bits/gthr-default.h:230: multiple definition of `sinTable'
./src/Particle.o:c:\xilinx\sdk\2014.4\gnu\arm\nt\arm-xilinx-eabi\include\c++\4.8.3\arm-xilinx-eabi\bits/gthr-default.h:230: first defined here
./src/RobotFrame.o: In function `std::__ioinit':
RobotFrame.cc:(.bss+0x5a4): multiple definition of `cosTable'
./src/Particle.o:C:\Users\Kasper\Documents\GitHub\TIHSC\AI_Project\ZyboCar\ZyboCar.sdk\ZyboCarApp\Debug/../src/Particle.cc:59: first defined here
./src/Utility.o: In function `std::setw(int)':
c:\xilinx\sdk\2014.4\gnu\arm\nt\arm-xilinx-eabi\include\c++\4.8.3\arm-xilinx-eabi\bits/gthr-default.h:230: multiple definition of `sinTable'
./src/Particle.o:c:\xilinx\sdk\2014.4\gnu\arm\nt\arm-xilinx-eabi\include\c++\4.8.3\arm-xilinx-eabi\bits/gthr-default.h:230: first defined here
./src/Utility.o: In function `std::__ioinit':
Utility.cpp:(.bss+0x5a4): multiple definition of `cosTable'
./src/Particle.o:C:\Users\Kasper\Documents\GitHub\TIHSC\AI_Project\ZyboCar\ZyboCar.sdk\ZyboCarApp\Debug/../src/Particle.cc:59: first defined here
./src/main.o: In function `void std::_Destroy_aux<true>::__destroy<int*>(int*, int*)':
c:\xilinx\sdk\2014.4\gnu\arm\nt\arm-xilinx-eabi\include\c++\4.8.3\arm-xilinx-eabi\bits/gthr-default.h:230: multiple definition of `sinTable'
./src/Particle.o:c:\xilinx\sdk\2014.4\gnu\arm\nt\arm-xilinx-eabi\include\c++\4.8.3\arm-xilinx-eabi\bits/gthr-default.h:230: first defined here
./src/main.o: In function `std::__ioinit':
main.cc:(.bss+0x5a4): multiple definition of `cosTable'
./src/Particle.o:C:\Users\Kasper\Documents\GitHub\TIHSC\AI_Project\ZyboCar\ZyboCar.sdk\ZyboCarApp\Debug/../src/Particle.cc:59: first defined here
./src/move.o: In function `__gthread_key_delete':
c:\xilinx\sdk\2014.4\gnu\arm\nt\arm-xilinx-eabi\include\c++\4.8.3\arm-xilinx-eabi\bits/gthr-default.h:230: multiple definition of `sinTable'
./src/Particle.o:c:\xilinx\sdk\2014.4\gnu\arm\nt\arm-xilinx-eabi\include\c++\4.8.3\arm-xilinx-eabi\bits/gthr-default.h:230: first defined here
./src/move.o: In function `_GLOBAL__sub_I_sinTable':
C:\Users\Kasper\Documents\GitHub\TIHSC\AI_Project\ZyboCar\ZyboCar.sdk\ZyboCarApp\Debug/../src/move.cpp:193: multiple definition of `cosTable'
./src/Particle.o:C:\Users\Kasper\Documents\GitHub\TIHSC\AI_Project\ZyboCar\ZyboCar.sdk\ZyboCarApp\Debug/../src/Particle.cc:59: first defined here
collect2.exe: error: ld returned 1 exit status
make: *** [ZyboCarApp.elf] Fejl 1
13:27:29 **** Clean-only build of configuration Debug for project ZyboCarApp ****
make clean 
rm -rf  ./src/LIDAR.d ./src/Particle.d ./src/ParticleFilter.d ./src/PathMaker.d ./src/RobotFrame.d ./src/main.d ./src/main0.d  ./src/LIDAR.o ./src/Particle.o ./src/ParticleFilter.o ./src/PathMaker.o ./src/RobotFrame.o ./src/Utility.o ./src/WaitForStart.o ./src/main.o ./src/main0.o ./src/move.o  ./src/Utility.d ./src/WaitForStart.d ./src/move.d  ZyboCarApp.elf.size  ZyboCarApp.elf
 
13:27:30 **** Build of configuration Debug for project ZyboCarApp ****
make all 
Building file: ../src/LIDAR.cc
Invoking: ARM g++ compiler
arm-xilinx-eabi-g++ -Wall -O0 -g3 -c -fmessage-length=0 -MT"src/LIDAR.o" -std=c++11 -I../../standalone_bsp_0/ps7_cortexa9_0/include -MMD -MP -MF"src/LIDAR.d" -MT"src/LIDAR.d" -o "src/LIDAR.o" "../src/LIDAR.cc"
Finished building: ../src/LIDAR.cc
 
Building file: ../src/Particle.cc
Invoking: ARM g++ compiler
arm-xilinx-eabi-g++ -Wall -O0 -g3 -c -fmessage-length=0 -MT"src/Particle.o" -std=c++11 -I../../standalone_bsp_0/ps7_cortexa9_0/include -MMD -MP -MF"src/Particle.d" -MT"src/Particle.d" -o "src/Particle.o" "../src/Particle.cc"
Finished building: ../src/Particle.cc
 
Building file: ../src/ParticleFilter.cc
Invoking: ARM g++ compiler
arm-xilinx-eabi-g++ -Wall -O0 -g3 -c -fmessage-length=0 -MT"src/ParticleFilter.o" -std=c++11 -I../../standalone_bsp_0/ps7_cortexa9_0/include -MMD -MP -MF"src/ParticleFilter.d" -MT"src/ParticleFilter.d" -o "src/ParticleFilter.o" "../src/ParticleFilter.cc"
../src/ParticleFilter.cc: In member function 'void ParticleFilter::printParticles()':
../src/ParticleFilter.cc:6:34: warning: comparison between signed and unsigned integer expressions [-Wsign-compare]
  for(int i = 0; i<particles.size();i++) {
                                  ^
../src/ParticleFilter.cc: In constructor 'ParticleFilter::ParticleFilter(std::vector<std::vector<int> >, int)':
../src/ParticleFilter.cc:16:6: warning: unused variable 'map_x' [-Wunused-variable]
  int map_x,map_y;
      ^
../src/ParticleFilter.cc:16:12: warning: unused variable 'map_y' [-Wunused-variable]
  int map_x,map_y;
            ^
../src/ParticleFilter.cc: In member function 'void ParticleFilter::updateWeigths(int*, std::vector<std::vector<int> >)':
../src/ParticleFilter.cc:51:34: warning: comparison between signed and unsigned integer expressions [-Wsign-compare]
  for(int i = 0; i<particles.size();i++) {
                                  ^
../src/ParticleFilter.cc: In member function 'void ParticleFilter::resample()':
../src/ParticleFilter.cc:83:37: warning: comparison between signed and unsigned integer expressions [-Wsign-compare]
  for (int i = 0; i < particles.size(); i++) {
                                     ^
../src/ParticleFilter.cc: In member function 'void ParticleFilter::moveParticles(MoveBlock&)':
../src/ParticleFilter.cc:123:37: warning: comparison between signed and unsigned integer expressions [-Wsign-compare]
  for (int i = 0; i < particles.size(); i++) {
                                     ^
../src/ParticleFilter.cc: In member function 'int ParticleFilter::bestParticle()':
../src/ParticleFilter.cc:133:37: warning: comparison between signed and unsigned integer expressions [-Wsign-compare]
  for (int i = 0; i < particles.size(); i++) {
                                     ^
Finished building: ../src/ParticleFilter.cc
 
Building file: ../src/PathMaker.cc
Invoking: ARM g++ compiler
arm-xilinx-eabi-g++ -Wall -O0 -g3 -c -fmessage-length=0 -MT"src/PathMaker.o" -std=c++11 -I../../standalone_bsp_0/ps7_cortexa9_0/include -MMD -MP -MF"src/PathMaker.d" -MT"src/PathMaker.d" -o "src/PathMaker.o" "../src/PathMaker.cc"
../src/PathMaker.cc: In member function 'void PathMaker::performAStar(Position&)':
../src/PathMaker.cc:98:44: warning: comparison between signed and unsigned integer expressions [-Wsign-compare]
     for (int i = 0; i < possibleMoves.size(); i++) {
                                            ^
../src/PathMaker.cc:153:28: warning: comparison between signed and unsigned integer expressions [-Wsign-compare]
  for (int y=0; y<path.size();y++){
                            ^
Finished building: ../src/PathMaker.cc
 
Building file: ../src/RobotFrame.cc
Invoking: ARM g++ compiler
arm-xilinx-eabi-g++ -Wall -O0 -g3 -c -fmessage-length=0 -MT"src/RobotFrame.o" -std=c++11 -I../../standalone_bsp_0/ps7_cortexa9_0/include -MMD -MP -MF"src/RobotFrame.d" -MT"src/RobotFrame.d" -o "src/RobotFrame.o" "../src/RobotFrame.cc"
Finished building: ../src/RobotFrame.cc
 
Building file: ../src/Utility.cpp
Invoking: ARM g++ compiler
arm-xilinx-eabi-g++ -Wall -O0 -g3 -c -fmessage-length=0 -MT"src/Utility.o" -std=c++11 -I../../standalone_bsp_0/ps7_cortexa9_0/include -MMD -MP -MF"src/Utility.d" -MT"src/Utility.d" -o "src/Utility.o" "../src/Utility.cpp"
Finished building: ../src/Utility.cpp
 
Building file: ../src/WaitForStart.cpp
Invoking: ARM g++ compiler
arm-xilinx-eabi-g++ -Wall -O0 -g3 -c -fmessage-length=0 -MT"src/WaitForStart.o" -std=c++11 -I../../standalone_bsp_0/ps7_cortexa9_0/include -MMD -MP -MF"src/WaitForStart.d" -MT"src/WaitForStart.d" -o "src/WaitForStart.o" "../src/WaitForStart.cpp"
Finished building: ../src/WaitForStart.cpp
 
Building file: ../src/main.cc
Invoking: ARM g++ compiler
arm-xilinx-eabi-g++ -Wall -O0 -g3 -c -fmessage-length=0 -MT"src/main.o" -std=c++11 -I../../standalone_bsp_0/ps7_cortexa9_0/include -MMD -MP -MF"src/main.d" -MT"src/main.d" -o "src/main.o" "../src/main.cc"
Finished building: ../src/main.cc
 
Building file: ../src/main0.cc
Invoking: ARM g++ compiler
arm-xilinx-eabi-g++ -Wall -O0 -g3 -c -fmessage-length=0 -MT"src/main0.o" -std=c++11 -I../../standalone_bsp_0/ps7_cortexa9_0/include -MMD -MP -MF"src/main0.d" -MT"src/main0.d" -o "src/main0.o" "../src/main0.cc"
Finished building: ../src/main0.cc
 
Building file: ../src/move.cpp
Invoking: ARM g++ compiler
arm-xilinx-eabi-g++ -Wall -O0 -g3 -c -fmessage-length=0 -MT"src/move.o" -std=c++11 -I../../standalone_bsp_0/ps7_cortexa9_0/include -MMD -MP -MF"src/move.d" -MT"src/move.d" -o "src/move.o" "../src/move.cpp"
Finished building: ../src/move.cpp
 
Building target: ZyboCarApp.elf
Invoking: ARM g++ linker
arm-xilinx-eabi-g++ -Wl,-T -Wl,../src/lscript.ld -L../../standalone_bsp_0/ps7_cortexa9_0/lib -o "ZyboCarApp.elf"  ./src/LIDAR.o ./src/Particle.o ./src/ParticleFilter.o ./src/PathMaker.o ./src/RobotFrame.o ./src/Utility.o ./src/WaitForStart.o ./src/main.o ./src/main0.o ./src/move.o   -Wl,--start-group,-lxil,-lgcc,-lc,-lstdc++,--end-group -Wl,--start-group,-lxilffs,-lxil,-lgcc,-lc,--end-group -Wl,--start-group,-lrsa,-lxil,-lgcc,-lc,--end-group
./src/ParticleFilter.o: In function `void __gnu_cxx::new_allocator<Particle>::destroy<Particle>(Particle*)':
c:\xilinx\sdk\2014.4\gnu\arm\nt\arm-xilinx-eabi\include\c++\4.8.3\arm-xilinx-eabi\bits/gthr-default.h:230: multiple definition of `sinTable'
./src/Particle.o:c:\xilinx\sdk\2014.4\gnu\arm\nt\arm-xilinx-eabi\include\c++\4.8.3\arm-xilinx-eabi\bits/gthr-default.h:230: first defined here
./src/ParticleFilter.o: In function `ParticleFilter::updateWeigths(int*, std::vector<std::vector<int, std::allocator<int> >, std::allocator<std::vector<int, std::allocator<int> > > >)':
C:\Users\Kasper\Documents\GitHub\TIHSC\AI_Project\ZyboCar\ZyboCar.sdk\ZyboCarApp\Debug/../src/ParticleFilter.cc:66: multiple definition of `cosTable'
./src/Particle.o:C:\Users\Kasper\Documents\GitHub\TIHSC\AI_Project\ZyboCar\ZyboCar.sdk\ZyboCarApp\Debug/../src/Particle.cc:59: first defined here
./src/PathMaker.o: In function `__gnu_cxx::__alloc_traits<std::allocator<int> >::_S_propagate_on_move_assign()':
c:\xilinx\sdk\2014.4\gnu\arm\nt\arm-xilinx-eabi\include\c++\4.8.3\arm-xilinx-eabi\bits/gthr-default.h:230: multiple definition of `sinTable'
./src/Particle.o:c:\xilinx\sdk\2014.4\gnu\arm\nt\arm-xilinx-eabi\include\c++\4.8.3\arm-xilinx-eabi\bits/gthr-default.h:230: first defined here
./src/PathMaker.o: In function `PathMaker::performAStar(Position&)':
C:\Users\Kasper\Documents\GitHub\TIHSC\AI_Project\ZyboCar\ZyboCar.sdk\ZyboCarApp\Debug/../src/PathMaker.cc:55: multiple definition of `cosTable'
./src/Particle.o:C:\Users\Kasper\Documents\GitHub\TIHSC\AI_Project\ZyboCar\ZyboCar.sdk\ZyboCarApp\Debug/../src/Particle.cc:59: first defined here
./src/RobotFrame.o: In function `__gthread_key_delete':
c:\xilinx\sdk\2014.4\gnu\arm\nt\arm-xilinx-eabi\include\c++\4.8.3\arm-xilinx-eabi\bits/gthr-default.h:230: multiple definition of `sinTable'
./src/Particle.o:c:\xilinx\sdk\2014.4\gnu\arm\nt\arm-xilinx-eabi\include\c++\4.8.3\arm-xilinx-eabi\bits/gthr-default.h:230: first defined here
./src/RobotFrame.o: In function `std::__ioinit':
RobotFrame.cc:(.bss+0x5a4): multiple definition of `cosTable'
./src/Particle.o:C:\Users\Kasper\Documents\GitHub\TIHSC\AI_Project\ZyboCar\ZyboCar.sdk\ZyboCarApp\Debug/../src/Particle.cc:59: first defined here
./src/Utility.o: In function `std::setw(int)':
c:\xilinx\sdk\2014.4\gnu\arm\nt\arm-xilinx-eabi\include\c++\4.8.3\arm-xilinx-eabi\bits/gthr-default.h:230: multiple definition of `sinTable'
./src/Particle.o:c:\xilinx\sdk\2014.4\gnu\arm\nt\arm-xilinx-eabi\include\c++\4.8.3\arm-xilinx-eabi\bits/gthr-default.h:230: first defined here
./src/Utility.o: In function `std::__ioinit':
Utility.cpp:(.bss+0x5a4): multiple definition of `cosTable'
./src/Particle.o:C:\Users\Kasper\Documents\GitHub\TIHSC\AI_Project\ZyboCar\ZyboCar.sdk\ZyboCarApp\Debug/../src/Particle.cc:59: first defined here
./src/main.o: In function `void std::_Destroy_aux<true>::__destroy<int*>(int*, int*)':
c:\xilinx\sdk\2014.4\gnu\arm\nt\arm-xilinx-eabi\include\c++\4.8.3\arm-xilinx-eabi\bits/gthr-default.h:230: multiple definition of `sinTable'
./src/Particle.o:c:\xilinx\sdk\2014.4\gnu\arm\nt\arm-xilinx-eabi\include\c++\4.8.3\arm-xilinx-eabi\bits/gthr-default.h:230: first defined here
./src/main.o: In function `std::__ioinit':
main.cc:(.bss+0x5a4): multiple definition of `cosTable'
./src/Particle.o:C:\Users\Kasper\Documents\GitHub\TIHSC\AI_Project\ZyboCar\ZyboCar.sdk\ZyboCarApp\Debug/../src/Particle.cc:59: first defined here
./src/move.o: In function `__gthread_key_delete':
c:\xilinx\sdk\2014.4\gnu\arm\nt\arm-xilinx-eabi\include\c++\4.8.3\arm-xilinx-eabi\bits/gthr-default.h:230: multiple definition of `sinTable'
./src/Particle.o:c:\xilinx\sdk\2014.4\gnu\arm\nt\arm-xilinx-eabi\include\c++\4.8.3\arm-xilinx-eabi\bits/gthr-default.h:230: first defined here
./src/move.o: In function `_GLOBAL__sub_I_sinTable':
C:\Users\Kasper\Documents\GitHub\TIHSC\AI_Project\ZyboCar\ZyboCar.sdk\ZyboCarApp\Debug/../src/move.cpp:193: multiple definition of `cosTable'
./src/Particle.o:C:\Users\Kasper\Documents\GitHub\TIHSC\AI_Project\ZyboCar\ZyboCar.sdk\ZyboCarApp\Debug/../src/Particle.cc:59: first defined here
collect2.exe: error: ld returned 1 exit status
make: *** [ZyboCarApp.elf] Fejl 1
13:28:13 **** Auto Build of configuration Debug for project ZyboCarApp ****
make all 
Building file: ../src/Particle.cc
Invoking: ARM g++ compiler
arm-xilinx-eabi-g++ -Wall -O0 -g3 -c -fmessage-length=0 -MT"src/Particle.o" -std=c++11 -I../../standalone_bsp_0/ps7_cortexa9_0/include -MMD -MP -MF"src/Particle.d" -MT"src/Particle.d" -o "src/Particle.o" "../src/Particle.cc"
In file included from ../src/Particle.cc:2:0:
../src/Utility.h:34:19: error: redefinition of 'float sinTable [360]'
 float sinTable[360];
                   ^
In file included from ../src/Utility.h:16:0,
                 from ../src/Particle.cc:2:
../src/sinusodialTables.h:11:7: error: 'float sinTable [360]' previously declared here
 float sinTable[360];
       ^
In file included from ../src/Particle.cc:2:0:
../src/Utility.h:35:19: error: redefinition of 'float cosTable [360]'
 float cosTable[360];
                   ^
In file included from ../src/Utility.h:16:0,
                 from ../src/Particle.cc:2:
../src/sinusodialTables.h:13:7: error: 'float cosTable [360]' previously declared here
 float cosTable[360];
       ^
make: *** [src/Particle.o] Fejl 1
13:28:20 **** Auto Build of configuration Debug for project ZyboCarApp ****
make all 
Building file: ../src/Particle.cc
Invoking: ARM g++ compiler
arm-xilinx-eabi-g++ -Wall -O0 -g3 -c -fmessage-length=0 -MT"src/Particle.o" -std=c++11 -I../../standalone_bsp_0/ps7_cortexa9_0/include -MMD -MP -MF"src/Particle.d" -MT"src/Particle.d" -o "src/Particle.o" "../src/Particle.cc"
Finished building: ../src/Particle.cc
 
Building file: ../src/ParticleFilter.cc
Invoking: ARM g++ compiler
arm-xilinx-eabi-g++ -Wall -O0 -g3 -c -fmessage-length=0 -MT"src/ParticleFilter.o" -std=c++11 -I../../standalone_bsp_0/ps7_cortexa9_0/include -MMD -MP -MF"src/ParticleFilter.d" -MT"src/ParticleFilter.d" -o "src/ParticleFilter.o" "../src/ParticleFilter.cc"
../src/ParticleFilter.cc: In member function 'void ParticleFilter::printParticles()':
../src/ParticleFilter.cc:6:34: warning: comparison between signed and unsigned integer expressions [-Wsign-compare]
  for(int i = 0; i<particles.size();i++) {
                                  ^
../src/ParticleFilter.cc: In constructor 'ParticleFilter::ParticleFilter(std::vector<std::vector<int> >, int)':
../src/ParticleFilter.cc:16:6: warning: unused variable 'map_x' [-Wunused-variable]
  int map_x,map_y;
      ^
../src/ParticleFilter.cc:16:12: warning: unused variable 'map_y' [-Wunused-variable]
  int map_x,map_y;
            ^
../src/ParticleFilter.cc: In member function 'void ParticleFilter::updateWeigths(int*, std::vector<std::vector<int> >)':
../src/ParticleFilter.cc:51:34: warning: comparison between signed and unsigned integer expressions [-Wsign-compare]
  for(int i = 0; i<particles.size();i++) {
                                  ^
../src/ParticleFilter.cc: In member function 'void ParticleFilter::resample()':
../src/ParticleFilter.cc:83:37: warning: comparison between signed and unsigned integer expressions [-Wsign-compare]
  for (int i = 0; i < particles.size(); i++) {
                                     ^
../src/ParticleFilter.cc: In member function 'void ParticleFilter::moveParticles(MoveBlock&)':
../src/ParticleFilter.cc:123:37: warning: comparison between signed and unsigned integer expressions [-Wsign-compare]
  for (int i = 0; i < particles.size(); i++) {
                                     ^
../src/ParticleFilter.cc: In member function 'int ParticleFilter::bestParticle()':
../src/ParticleFilter.cc:133:37: warning: comparison between signed and unsigned integer expressions [-Wsign-compare]
  for (int i = 0; i < particles.size(); i++) {
                                     ^
Finished building: ../src/ParticleFilter.cc
 
Building file: ../src/PathMaker.cc
Invoking: ARM g++ compiler
arm-xilinx-eabi-g++ -Wall -O0 -g3 -c -fmessage-length=0 -MT"src/PathMaker.o" -std=c++11 -I../../standalone_bsp_0/ps7_cortexa9_0/include -MMD -MP -MF"src/PathMaker.d" -MT"src/PathMaker.d" -o "src/PathMaker.o" "../src/PathMaker.cc"
../src/PathMaker.cc: In member function 'void PathMaker::performAStar(Position&)':
../src/PathMaker.cc:98:44: warning: comparison between signed and unsigned integer expressions [-Wsign-compare]
     for (int i = 0; i < possibleMoves.size(); i++) {
                                            ^
../src/PathMaker.cc:153:28: warning: comparison between signed and unsigned integer expressions [-Wsign-compare]
  for (int y=0; y<path.size();y++){
                            ^
Finished building: ../src/PathMaker.cc
 
Building file: ../src/RobotFrame.cc
Invoking: ARM g++ compiler
arm-xilinx-eabi-g++ -Wall -O0 -g3 -c -fmessage-length=0 -MT"src/RobotFrame.o" -std=c++11 -I../../standalone_bsp_0/ps7_cortexa9_0/include -MMD -MP -MF"src/RobotFrame.d" -MT"src/RobotFrame.d" -o "src/RobotFrame.o" "../src/RobotFrame.cc"
Finished building: ../src/RobotFrame.cc
 
Building file: ../src/Utility.cpp
Invoking: ARM g++ compiler
arm-xilinx-eabi-g++ -Wall -O0 -g3 -c -fmessage-length=0 -MT"src/Utility.o" -std=c++11 -I../../standalone_bsp_0/ps7_cortexa9_0/include -MMD -MP -MF"src/Utility.d" -MT"src/Utility.d" -o "src/Utility.o" "../src/Utility.cpp"
Finished building: ../src/Utility.cpp
 
Building file: ../src/main.cc
Invoking: ARM g++ compiler
arm-xilinx-eabi-g++ -Wall -O0 -g3 -c -fmessage-length=0 -MT"src/main.o" -std=c++11 -I../../standalone_bsp_0/ps7_cortexa9_0/include -MMD -MP -MF"src/main.d" -MT"src/main.d" -o "src/main.o" "../src/main.cc"
Finished building: ../src/main.cc
 
Building file: ../src/move.cpp
Invoking: ARM g++ compiler
arm-xilinx-eabi-g++ -Wall -O0 -g3 -c -fmessage-length=0 -MT"src/move.o" -std=c++11 -I../../standalone_bsp_0/ps7_cortexa9_0/include -MMD -MP -MF"src/move.d" -MT"src/move.d" -o "src/move.o" "../src/move.cpp"
Finished building: ../src/move.cpp
 
Building target: ZyboCarApp.elf
Invoking: ARM g++ linker
arm-xilinx-eabi-g++ -Wl,-T -Wl,../src/lscript.ld -L../../standalone_bsp_0/ps7_cortexa9_0/lib -o "ZyboCarApp.elf"  ./src/LIDAR.o ./src/Particle.o ./src/ParticleFilter.o ./src/PathMaker.o ./src/RobotFrame.o ./src/Utility.o ./src/WaitForStart.o ./src/main.o ./src/main0.o ./src/move.o   -Wl,--start-group,-lxil,-lgcc,-lc,-lstdc++,--end-group -Wl,--start-group,-lxilffs,-lxil,-lgcc,-lc,--end-group -Wl,--start-group,-lrsa,-lxil,-lgcc,-lc,--end-group
./src/ParticleFilter.o: In function `void __gnu_cxx::new_allocator<Particle>::destroy<Particle>(Particle*)':
c:\xilinx\sdk\2014.4\gnu\arm\nt\arm-xilinx-eabi\include\c++\4.8.3\arm-xilinx-eabi\bits/gthr-default.h:230: multiple definition of `sinTable'
./src/Particle.o:c:\xilinx\sdk\2014.4\gnu\arm\nt\arm-xilinx-eabi\include\c++\4.8.3\arm-xilinx-eabi\bits/gthr-default.h:230: first defined here
./src/ParticleFilter.o: In function `ParticleFilter::updateWeigths(int*, std::vector<std::vector<int, std::allocator<int> >, std::allocator<std::vector<int, std::allocator<int> > > >)':
C:\Users\Kasper\Documents\GitHub\TIHSC\AI_Project\ZyboCar\ZyboCar.sdk\ZyboCarApp\Debug/../src/ParticleFilter.cc:66: multiple definition of `cosTable'
./src/Particle.o:C:\Users\Kasper\Documents\GitHub\TIHSC\AI_Project\ZyboCar\ZyboCar.sdk\ZyboCarApp\Debug/../src/Particle.cc:59: first defined here
./src/PathMaker.o: In function `__gnu_cxx::__alloc_traits<std::allocator<int> >::_S_propagate_on_move_assign()':
c:\xilinx\sdk\2014.4\gnu\arm\nt\arm-xilinx-eabi\include\c++\4.8.3\arm-xilinx-eabi\bits/gthr-default.h:230: multiple definition of `sinTable'
./src/Particle.o:c:\xilinx\sdk\2014.4\gnu\arm\nt\arm-xilinx-eabi\include\c++\4.8.3\arm-xilinx-eabi\bits/gthr-default.h:230: first defined here
./src/PathMaker.o: In function `PathMaker::performAStar(Position&)':
C:\Users\Kasper\Documents\GitHub\TIHSC\AI_Project\ZyboCar\ZyboCar.sdk\ZyboCarApp\Debug/../src/PathMaker.cc:55: multiple definition of `cosTable'
./src/Particle.o:C:\Users\Kasper\Documents\GitHub\TIHSC\AI_Project\ZyboCar\ZyboCar.sdk\ZyboCarApp\Debug/../src/Particle.cc:59: first defined here
./src/RobotFrame.o: In function `__gthread_key_delete':
c:\xilinx\sdk\2014.4\gnu\arm\nt\arm-xilinx-eabi\include\c++\4.8.3\arm-xilinx-eabi\bits/gthr-default.h:230: multiple definition of `sinTable'
./src/Particle.o:c:\xilinx\sdk\2014.4\gnu\arm\nt\arm-xilinx-eabi\include\c++\4.8.3\arm-xilinx-eabi\bits/gthr-default.h:230: first defined here
./src/RobotFrame.o: In function `std::__ioinit':
RobotFrame.cc:(.bss+0x5a4): multiple definition of `cosTable'
./src/Particle.o:C:\Users\Kasper\Documents\GitHub\TIHSC\AI_Project\ZyboCar\ZyboCar.sdk\ZyboCarApp\Debug/../src/Particle.cc:59: first defined here
./src/Utility.o: In function `std::setw(int)':
c:\xilinx\sdk\2014.4\gnu\arm\nt\arm-xilinx-eabi\include\c++\4.8.3\arm-xilinx-eabi\bits/gthr-default.h:230: multiple definition of `sinTable'
./src/Particle.o:c:\xilinx\sdk\2014.4\gnu\arm\nt\arm-xilinx-eabi\include\c++\4.8.3\arm-xilinx-eabi\bits/gthr-default.h:230: first defined here
./src/Utility.o: In function `std::__ioinit':
Utility.cpp:(.bss+0x5a4): multiple definition of `cosTable'
./src/Particle.o:C:\Users\Kasper\Documents\GitHub\TIHSC\AI_Project\ZyboCar\ZyboCar.sdk\ZyboCarApp\Debug/../src/Particle.cc:59: first defined here
./src/main.o: In function `void std::_Destroy_aux<true>::__destroy<int*>(int*, int*)':
c:\xilinx\sdk\2014.4\gnu\arm\nt\arm-xilinx-eabi\include\c++\4.8.3\arm-xilinx-eabi\bits/gthr-default.h:230: multiple definition of `sinTable'
./src/Particle.o:c:\xilinx\sdk\2014.4\gnu\arm\nt\arm-xilinx-eabi\include\c++\4.8.3\arm-xilinx-eabi\bits/gthr-default.h:230: first defined here
./src/main.o: In function `std::__ioinit':
main.cc:(.bss+0x5a4): multiple definition of `cosTable'
./src/Particle.o:C:\Users\Kasper\Documents\GitHub\TIHSC\AI_Project\ZyboCar\ZyboCar.sdk\ZyboCarApp\Debug/../src/Particle.cc:59: first defined here
./src/move.o: In function `__gthread_key_delete':
c:\xilinx\sdk\2014.4\gnu\arm\nt\arm-xilinx-eabi\include\c++\4.8.3\arm-xilinx-eabi\bits/gthr-default.h:230: multiple definition of `sinTable'
./src/Particle.o:c:\xilinx\sdk\2014.4\gnu\arm\nt\arm-xilinx-eabi\include\c++\4.8.3\arm-xilinx-eabi\bits/gthr-default.h:230: first defined here
./src/move.o: In function `_GLOBAL__sub_I_sinTable':
C:\Users\Kasper\Documents\GitHub\TIHSC\AI_Project\ZyboCar\ZyboCar.sdk\ZyboCarApp\Debug/../src/move.cpp:193: multiple definition of `cosTable'
./src/Particle.o:C:\Users\Kasper\Documents\GitHub\TIHSC\AI_Project\ZyboCar\ZyboCar.sdk\ZyboCarApp\Debug/../src/Particle.cc:59: first defined here
collect2.exe: error: ld returned 1 exit status
make: *** [ZyboCarApp.elf] Fejl 1
13:28:35 **** Clean-only build of configuration Debug for project ZyboCarApp ****
make clean 
rm -rf  ./src/LIDAR.d ./src/Particle.d ./src/ParticleFilter.d ./src/PathMaker.d ./src/RobotFrame.d ./src/main.d ./src/main0.d  ./src/LIDAR.o ./src/Particle.o ./src/ParticleFilter.o ./src/PathMaker.o ./src/RobotFrame.o ./src/Utility.o ./src/WaitForStart.o ./src/main.o ./src/main0.o ./src/move.o  ./src/Utility.d ./src/WaitForStart.d ./src/move.d  ZyboCarApp.elf.size  ZyboCarApp.elf
 
13:28:35 **** Auto Build of configuration Debug for project ZyboCarApp ****
make all 
Building file: ../src/LIDAR.cc
Invoking: ARM g++ compiler
arm-xilinx-eabi-g++ -Wall -O0 -g3 -c -fmessage-length=0 -MT"src/LIDAR.o" -std=c++11 -I../../standalone_bsp_0/ps7_cortexa9_0/include -MMD -MP -MF"src/LIDAR.d" -MT"src/LIDAR.d" -o "src/LIDAR.o" "../src/LIDAR.cc"
Finished building: ../src/LIDAR.cc
 
Building file: ../src/Particle.cc
Invoking: ARM g++ compiler
arm-xilinx-eabi-g++ -Wall -O0 -g3 -c -fmessage-length=0 -MT"src/Particle.o" -std=c++11 -I../../standalone_bsp_0/ps7_cortexa9_0/include -MMD -MP -MF"src/Particle.d" -MT"src/Particle.d" -o "src/Particle.o" "../src/Particle.cc"
In file included from ../src/Particle.cc:2:0:
../src/Utility.h:16:30: fatal error: sinusodialTables.h: No such file or directory
 #include "sinusodialTables.h"
                              ^
compilation terminated.
make: *** [src/Particle.o] Fejl 1
13:28:47 **** Auto Build of configuration Debug for project ZyboCarApp ****
make all 
Building file: ../src/Particle.cc
Invoking: ARM g++ compiler
arm-xilinx-eabi-g++ -Wall -O0 -g3 -c -fmessage-length=0 -MT"src/Particle.o" -std=c++11 -I../../standalone_bsp_0/ps7_cortexa9_0/include -MMD -MP -MF"src/Particle.d" -MT"src/Particle.d" -o "src/Particle.o" "../src/Particle.cc"
Finished building: ../src/Particle.cc
 
Building file: ../src/ParticleFilter.cc
Invoking: ARM g++ compiler
arm-xilinx-eabi-g++ -Wall -O0 -g3 -c -fmessage-length=0 -MT"src/ParticleFilter.o" -std=c++11 -I../../standalone_bsp_0/ps7_cortexa9_0/include -MMD -MP -MF"src/ParticleFilter.d" -MT"src/ParticleFilter.d" -o "src/ParticleFilter.o" "../src/ParticleFilter.cc"
../src/ParticleFilter.cc: In member function 'void ParticleFilter::printParticles()':
../src/ParticleFilter.cc:6:34: warning: comparison between signed and unsigned integer expressions [-Wsign-compare]
  for(int i = 0; i<particles.size();i++) {
                                  ^
../src/ParticleFilter.cc: In constructor 'ParticleFilter::ParticleFilter(std::vector<std::vector<int> >, int)':
../src/ParticleFilter.cc:16:6: warning: unused variable 'map_x' [-Wunused-variable]
  int map_x,map_y;
      ^
../src/ParticleFilter.cc:16:12: warning: unused variable 'map_y' [-Wunused-variable]
  int map_x,map_y;
            ^
../src/ParticleFilter.cc: In member function 'void ParticleFilter::updateWeigths(int*, std::vector<std::vector<int> >)':
../src/ParticleFilter.cc:51:34: warning: comparison between signed and unsigned integer expressions [-Wsign-compare]
  for(int i = 0; i<particles.size();i++) {
                                  ^
../src/ParticleFilter.cc: In member function 'void ParticleFilter::resample()':
../src/ParticleFilter.cc:83:37: warning: comparison between signed and unsigned integer expressions [-Wsign-compare]
  for (int i = 0; i < particles.size(); i++) {
                                     ^
../src/ParticleFilter.cc: In member function 'void ParticleFilter::moveParticles(MoveBlock&)':
../src/ParticleFilter.cc:123:37: warning: comparison between signed and unsigned integer expressions [-Wsign-compare]
  for (int i = 0; i < particles.size(); i++) {
                                     ^
../src/ParticleFilter.cc: In member function 'int ParticleFilter::bestParticle()':
../src/ParticleFilter.cc:133:37: warning: comparison between signed and unsigned integer expressions [-Wsign-compare]
  for (int i = 0; i < particles.size(); i++) {
                                     ^
Finished building: ../src/ParticleFilter.cc
 
Building file: ../src/PathMaker.cc
Invoking: ARM g++ compiler
arm-xilinx-eabi-g++ -Wall -O0 -g3 -c -fmessage-length=0 -MT"src/PathMaker.o" -std=c++11 -I../../standalone_bsp_0/ps7_cortexa9_0/include -MMD -MP -MF"src/PathMaker.d" -MT"src/PathMaker.d" -o "src/PathMaker.o" "../src/PathMaker.cc"
../src/PathMaker.cc: In member function 'void PathMaker::performAStar(Position&)':
../src/PathMaker.cc:98:44: warning: comparison between signed and unsigned integer expressions [-Wsign-compare]
     for (int i = 0; i < possibleMoves.size(); i++) {
                                            ^
../src/PathMaker.cc:153:28: warning: comparison between signed and unsigned integer expressions [-Wsign-compare]
  for (int y=0; y<path.size();y++){
                            ^
Finished building: ../src/PathMaker.cc
 
Building file: ../src/RobotFrame.cc
Invoking: ARM g++ compiler
arm-xilinx-eabi-g++ -Wall -O0 -g3 -c -fmessage-length=0 -MT"src/RobotFrame.o" -std=c++11 -I../../standalone_bsp_0/ps7_cortexa9_0/include -MMD -MP -MF"src/RobotFrame.d" -MT"src/RobotFrame.d" -o "src/RobotFrame.o" "../src/RobotFrame.cc"
Finished building: ../src/RobotFrame.cc
 
Building file: ../src/Utility.cpp
Invoking: ARM g++ compiler
arm-xilinx-eabi-g++ -Wall -O0 -g3 -c -fmessage-length=0 -MT"src/Utility.o" -std=c++11 -I../../standalone_bsp_0/ps7_cortexa9_0/include -MMD -MP -MF"src/Utility.d" -MT"src/Utility.d" -o "src/Utility.o" "../src/Utility.cpp"
Finished building: ../src/Utility.cpp
 
Building file: ../src/WaitForStart.cpp
Invoking: ARM g++ compiler
arm-xilinx-eabi-g++ -Wall -O0 -g3 -c -fmessage-length=0 -MT"src/WaitForStart.o" -std=c++11 -I../../standalone_bsp_0/ps7_cortexa9_0/include -MMD -MP -MF"src/WaitForStart.d" -MT"src/WaitForStart.d" -o "src/WaitForStart.o" "../src/WaitForStart.cpp"
Finished building: ../src/WaitForStart.cpp
 
Building file: ../src/main.cc
Invoking: ARM g++ compiler
arm-xilinx-eabi-g++ -Wall -O0 -g3 -c -fmessage-length=0 -MT"src/main.o" -std=c++11 -I../../standalone_bsp_0/ps7_cortexa9_0/include -MMD -MP -MF"src/main.d" -MT"src/main.d" -o "src/main.o" "../src/main.cc"
Finished building: ../src/main.cc
 
Building file: ../src/main0.cc
Invoking: ARM g++ compiler
arm-xilinx-eabi-g++ -Wall -O0 -g3 -c -fmessage-length=0 -MT"src/main0.o" -std=c++11 -I../../standalone_bsp_0/ps7_cortexa9_0/include -MMD -MP -MF"src/main0.d" -MT"src/main0.d" -o "src/main0.o" "../src/main0.cc"
Finished building: ../src/main0.cc
 
Building file: ../src/move.cpp
Invoking: ARM g++ compiler
arm-xilinx-eabi-g++ -Wall -O0 -g3 -c -fmessage-length=0 -MT"src/move.o" -std=c++11 -I../../standalone_bsp_0/ps7_cortexa9_0/include -MMD -MP -MF"src/move.d" -MT"src/move.d" -o "src/move.o" "../src/move.cpp"
Finished building: ../src/move.cpp
 
Building target: ZyboCarApp.elf
Invoking: ARM g++ linker
arm-xilinx-eabi-g++ -Wl,-T -Wl,../src/lscript.ld -L../../standalone_bsp_0/ps7_cortexa9_0/lib -o "ZyboCarApp.elf"  ./src/LIDAR.o ./src/Particle.o ./src/ParticleFilter.o ./src/PathMaker.o ./src/RobotFrame.o ./src/Utility.o ./src/WaitForStart.o ./src/main.o ./src/main0.o ./src/move.o   -Wl,--start-group,-lxil,-lgcc,-lc,-lstdc++,--end-group -Wl,--start-group,-lxilffs,-lxil,-lgcc,-lc,--end-group -Wl,--start-group,-lrsa,-lxil,-lgcc,-lc,--end-group
./src/ParticleFilter.o: In function `void __gnu_cxx::new_allocator<Particle>::destroy<Particle>(Particle*)':
c:\xilinx\sdk\2014.4\gnu\arm\nt\arm-xilinx-eabi\include\c++\4.8.3\arm-xilinx-eabi\bits/gthr-default.h:230: multiple definition of `sinTable'
./src/Particle.o:c:\xilinx\sdk\2014.4\gnu\arm\nt\arm-xilinx-eabi\include\c++\4.8.3\arm-xilinx-eabi\bits/gthr-default.h:230: first defined here
./src/ParticleFilter.o: In function `ParticleFilter::updateWeigths(int*, std::vector<std::vector<int, std::allocator<int> >, std::allocator<std::vector<int, std::allocator<int> > > >)':
C:\Users\Kasper\Documents\GitHub\TIHSC\AI_Project\ZyboCar\ZyboCar.sdk\ZyboCarApp\Debug/../src/ParticleFilter.cc:66: multiple definition of `cosTable'
./src/Particle.o:C:\Users\Kasper\Documents\GitHub\TIHSC\AI_Project\ZyboCar\ZyboCar.sdk\ZyboCarApp\Debug/../src/Particle.cc:59: first defined here
./src/PathMaker.o: In function `__gnu_cxx::__alloc_traits<std::allocator<int> >::_S_propagate_on_move_assign()':
c:\xilinx\sdk\2014.4\gnu\arm\nt\arm-xilinx-eabi\include\c++\4.8.3\arm-xilinx-eabi\bits/gthr-default.h:230: multiple definition of `sinTable'
./src/Particle.o:c:\xilinx\sdk\2014.4\gnu\arm\nt\arm-xilinx-eabi\include\c++\4.8.3\arm-xilinx-eabi\bits/gthr-default.h:230: first defined here
./src/PathMaker.o: In function `PathMaker::performAStar(Position&)':
C:\Users\Kasper\Documents\GitHub\TIHSC\AI_Project\ZyboCar\ZyboCar.sdk\ZyboCarApp\Debug/../src/PathMaker.cc:55: multiple definition of `cosTable'
./src/Particle.o:C:\Users\Kasper\Documents\GitHub\TIHSC\AI_Project\ZyboCar\ZyboCar.sdk\ZyboCarApp\Debug/../src/Particle.cc:59: first defined here
./src/RobotFrame.o: In function `__gthread_key_delete':
c:\xilinx\sdk\2014.4\gnu\arm\nt\arm-xilinx-eabi\include\c++\4.8.3\arm-xilinx-eabi\bits/gthr-default.h:230: multiple definition of `sinTable'
./src/Particle.o:c:\xilinx\sdk\2014.4\gnu\arm\nt\arm-xilinx-eabi\include\c++\4.8.3\arm-xilinx-eabi\bits/gthr-default.h:230: first defined here
./src/RobotFrame.o: In function `std::__ioinit':
RobotFrame.cc:(.bss+0x5a4): multiple definition of `cosTable'
./src/Particle.o:C:\Users\Kasper\Documents\GitHub\TIHSC\AI_Project\ZyboCar\ZyboCar.sdk\ZyboCarApp\Debug/../src/Particle.cc:59: first defined here
./src/Utility.o: In function `std::setw(int)':
c:\xilinx\sdk\2014.4\gnu\arm\nt\arm-xilinx-eabi\include\c++\4.8.3\arm-xilinx-eabi\bits/gthr-default.h:230: multiple definition of `sinTable'
./src/Particle.o:c:\xilinx\sdk\2014.4\gnu\arm\nt\arm-xilinx-eabi\include\c++\4.8.3\arm-xilinx-eabi\bits/gthr-default.h:230: first defined here
./src/Utility.o: In function `std::__ioinit':
Utility.cpp:(.bss+0x5a4): multiple definition of `cosTable'
./src/Particle.o:C:\Users\Kasper\Documents\GitHub\TIHSC\AI_Project\ZyboCar\ZyboCar.sdk\ZyboCarApp\Debug/../src/Particle.cc:59: first defined here
./src/main.o: In function `void std::_Destroy_aux<true>::__destroy<int*>(int*, int*)':
c:\xilinx\sdk\2014.4\gnu\arm\nt\arm-xilinx-eabi\include\c++\4.8.3\arm-xilinx-eabi\bits/gthr-default.h:230: multiple definition of `sinTable'
./src/Particle.o:c:\xilinx\sdk\2014.4\gnu\arm\nt\arm-xilinx-eabi\include\c++\4.8.3\arm-xilinx-eabi\bits/gthr-default.h:230: first defined here
./src/main.o: In function `std::__ioinit':
main.cc:(.bss+0x5a4): multiple definition of `cosTable'
./src/Particle.o:C:\Users\Kasper\Documents\GitHub\TIHSC\AI_Project\ZyboCar\ZyboCar.sdk\ZyboCarApp\Debug/../src/Particle.cc:59: first defined here
./src/move.o: In function `__gthread_key_delete':
c:\xilinx\sdk\2014.4\gnu\arm\nt\arm-xilinx-eabi\include\c++\4.8.3\arm-xilinx-eabi\bits/gthr-default.h:230: multiple definition of `sinTable'
./src/Particle.o:c:\xilinx\sdk\2014.4\gnu\arm\nt\arm-xilinx-eabi\include\c++\4.8.3\arm-xilinx-eabi\bits/gthr-default.h:230: first defined here
./src/move.o: In function `_GLOBAL__sub_I_sinTable':
C:\Users\Kasper\Documents\GitHub\TIHSC\AI_Project\ZyboCar\ZyboCar.sdk\ZyboCarApp\Debug/../src/move.cpp:193: multiple definition of `cosTable'
./src/Particle.o:C:\Users\Kasper\Documents\GitHub\TIHSC\AI_Project\ZyboCar\ZyboCar.sdk\ZyboCarApp\Debug/../src/Particle.cc:59: first defined here
collect2.exe: error: ld returned 1 exit status
make: *** [ZyboCarApp.elf] Fejl 1
13:29:08 **** Auto Build of configuration Debug for project ZyboCarApp ****
make all 
Building file: ../src/Particle.cc
Invoking: ARM g++ compiler
arm-xilinx-eabi-g++ -Wall -O0 -g3 -c -fmessage-length=0 -MT"src/Particle.o" -std=c++11 -I../../standalone_bsp_0/ps7_cortexa9_0/include -MMD -MP -MF"src/Particle.d" -MT"src/Particle.d" -o "src/Particle.o" "../src/Particle.cc"
Finished building: ../src/Particle.cc
 
Building file: ../src/ParticleFilter.cc
Invoking: ARM g++ compiler
arm-xilinx-eabi-g++ -Wall -O0 -g3 -c -fmessage-length=0 -MT"src/ParticleFilter.o" -std=c++11 -I../../standalone_bsp_0/ps7_cortexa9_0/include -MMD -MP -MF"src/ParticleFilter.d" -MT"src/ParticleFilter.d" -o "src/ParticleFilter.o" "../src/ParticleFilter.cc"
../src/ParticleFilter.cc: In member function 'void ParticleFilter::printParticles()':
../src/ParticleFilter.cc:6:34: warning: comparison between signed and unsigned integer expressions [-Wsign-compare]
  for(int i = 0; i<particles.size();i++) {
                                  ^
../src/ParticleFilter.cc: In constructor 'ParticleFilter::ParticleFilter(std::vector<std::vector<int> >, int)':
../src/ParticleFilter.cc:16:6: warning: unused variable 'map_x' [-Wunused-variable]
  int map_x,map_y;
      ^
../src/ParticleFilter.cc:16:12: warning: unused variable 'map_y' [-Wunused-variable]
  int map_x,map_y;
            ^
../src/ParticleFilter.cc: In member function 'void ParticleFilter::updateWeigths(int*, std::vector<std::vector<int> >)':
../src/ParticleFilter.cc:51:34: warning: comparison between signed and unsigned integer expressions [-Wsign-compare]
  for(int i = 0; i<particles.size();i++) {
                                  ^
../src/ParticleFilter.cc: In member function 'void ParticleFilter::resample()':
../src/ParticleFilter.cc:83:37: warning: comparison between signed and unsigned integer expressions [-Wsign-compare]
  for (int i = 0; i < particles.size(); i++) {
                                     ^
../src/ParticleFilter.cc: In member function 'void ParticleFilter::moveParticles(MoveBlock&)':
../src/ParticleFilter.cc:123:37: warning: comparison between signed and unsigned integer expressions [-Wsign-compare]
  for (int i = 0; i < particles.size(); i++) {
                                     ^
../src/ParticleFilter.cc: In member function 'int ParticleFilter::bestParticle()':
../src/ParticleFilter.cc:133:37: warning: comparison between signed and unsigned integer expressions [-Wsign-compare]
  for (int i = 0; i < particles.size(); i++) {
                                     ^
Finished building: ../src/ParticleFilter.cc
 
Building file: ../src/PathMaker.cc
Invoking: ARM g++ compiler
arm-xilinx-eabi-g++ -Wall -O0 -g3 -c -fmessage-length=0 -MT"src/PathMaker.o" -std=c++11 -I../../standalone_bsp_0/ps7_cortexa9_0/include -MMD -MP -MF"src/PathMaker.d" -MT"src/PathMaker.d" -o "src/PathMaker.o" "../src/PathMaker.cc"
../src/PathMaker.cc: In member function 'void PathMaker::performAStar(Position&)':
../src/PathMaker.cc:98:44: warning: comparison between signed and unsigned integer expressions [-Wsign-compare]
     for (int i = 0; i < possibleMoves.size(); i++) {
                                            ^
../src/PathMaker.cc:153:28: warning: comparison between signed and unsigned integer expressions [-Wsign-compare]
  for (int y=0; y<path.size();y++){
                            ^
Finished building: ../src/PathMaker.cc
 
Building file: ../src/RobotFrame.cc
Invoking: ARM g++ compiler
arm-xilinx-eabi-g++ -Wall -O0 -g3 -c -fmessage-length=0 -MT"src/RobotFrame.o" -std=c++11 -I../../standalone_bsp_0/ps7_cortexa9_0/include -MMD -MP -MF"src/RobotFrame.d" -MT"src/RobotFrame.d" -o "src/RobotFrame.o" "../src/RobotFrame.cc"
Finished building: ../src/RobotFrame.cc
 
Building file: ../src/Utility.cpp
Invoking: ARM g++ compiler
arm-xilinx-eabi-g++ -Wall -O0 -g3 -c -fmessage-length=0 -MT"src/Utility.o" -std=c++11 -I../../standalone_bsp_0/ps7_cortexa9_0/include -MMD -MP -MF"src/Utility.d" -MT"src/Utility.d" -o "src/Utility.o" "../src/Utility.cpp"
Finished building: ../src/Utility.cpp
 
Building file: ../src/main.cc
Invoking: ARM g++ compiler
arm-xilinx-eabi-g++ -Wall -O0 -g3 -c -fmessage-length=0 -MT"src/main.o" -std=c++11 -I../../standalone_bsp_0/ps7_cortexa9_0/include -MMD -MP -MF"src/main.d" -MT"src/main.d" -o "src/main.o" "../src/main.cc"
Finished building: ../src/main.cc
 
Building file: ../src/move.cpp
Invoking: ARM g++ compiler
arm-xilinx-eabi-g++ -Wall -O0 -g3 -c -fmessage-length=0 -MT"src/move.o" -std=c++11 -I../../standalone_bsp_0/ps7_cortexa9_0/include -MMD -MP -MF"src/move.d" -MT"src/move.d" -o "src/move.o" "../src/move.cpp"
Finished building: ../src/move.cpp
 
Building target: ZyboCarApp.elf
Invoking: ARM g++ linker
arm-xilinx-eabi-g++ -Wl,-T -Wl,../src/lscript.ld -L../../standalone_bsp_0/ps7_cortexa9_0/lib -o "ZyboCarApp.elf"  ./src/LIDAR.o ./src/Particle.o ./src/ParticleFilter.o ./src/PathMaker.o ./src/RobotFrame.o ./src/Utility.o ./src/WaitForStart.o ./src/main.o ./src/main0.o ./src/move.o   -Wl,--start-group,-lxil,-lgcc,-lc,-lstdc++,--end-group -Wl,--start-group,-lxilffs,-lxil,-lgcc,-lc,--end-group -Wl,--start-group,-lrsa,-lxil,-lgcc,-lc,--end-group
./src/ParticleFilter.o: In function `void __gnu_cxx::new_allocator<Particle>::destroy<Particle>(Particle*)':
c:\xilinx\sdk\2014.4\gnu\arm\nt\arm-xilinx-eabi\include\c++\4.8.3\arm-xilinx-eabi\bits/gthr-default.h:230: multiple definition of `sinTable'
./src/Particle.o:c:\xilinx\sdk\2014.4\gnu\arm\nt\arm-xilinx-eabi\include\c++\4.8.3\arm-xilinx-eabi\bits/gthr-default.h:230: first defined here
./src/ParticleFilter.o: In function `ParticleFilter::updateWeigths(int*, std::vector<std::vector<int, std::allocator<int> >, std::allocator<std::vector<int, std::allocator<int> > > >)':
C:\Users\Kasper\Documents\GitHub\TIHSC\AI_Project\ZyboCar\ZyboCar.sdk\ZyboCarApp\Debug/../src/ParticleFilter.cc:66: multiple definition of `cosTable'
./src/Particle.o:C:\Users\Kasper\Documents\GitHub\TIHSC\AI_Project\ZyboCar\ZyboCar.sdk\ZyboCarApp\Debug/../src/Particle.cc:59: first defined here
./src/PathMaker.o: In function `__gnu_cxx::__alloc_traits<std::allocator<int> >::_S_propagate_on_move_assign()':
c:\xilinx\sdk\2014.4\gnu\arm\nt\arm-xilinx-eabi\include\c++\4.8.3\arm-xilinx-eabi\bits/gthr-default.h:230: multiple definition of `sinTable'
./src/Particle.o:c:\xilinx\sdk\2014.4\gnu\arm\nt\arm-xilinx-eabi\include\c++\4.8.3\arm-xilinx-eabi\bits/gthr-default.h:230: first defined here
./src/PathMaker.o: In function `PathMaker::performAStar(Position&)':
C:\Users\Kasper\Documents\GitHub\TIHSC\AI_Project\ZyboCar\ZyboCar.sdk\ZyboCarApp\Debug/../src/PathMaker.cc:55: multiple definition of `cosTable'
./src/Particle.o:C:\Users\Kasper\Documents\GitHub\TIHSC\AI_Project\ZyboCar\ZyboCar.sdk\ZyboCarApp\Debug/../src/Particle.cc:59: first defined here
./src/RobotFrame.o: In function `__gthread_key_delete':
c:\xilinx\sdk\2014.4\gnu\arm\nt\arm-xilinx-eabi\include\c++\4.8.3\arm-xilinx-eabi\bits/gthr-default.h:230: multiple definition of `sinTable'
./src/Particle.o:c:\xilinx\sdk\2014.4\gnu\arm\nt\arm-xilinx-eabi\include\c++\4.8.3\arm-xilinx-eabi\bits/gthr-default.h:230: first defined here
./src/RobotFrame.o: In function `std::__ioinit':
RobotFrame.cc:(.bss+0x5a4): multiple definition of `cosTable'
./src/Particle.o:C:\Users\Kasper\Documents\GitHub\TIHSC\AI_Project\ZyboCar\ZyboCar.sdk\ZyboCarApp\Debug/../src/Particle.cc:59: first defined here
./src/Utility.o: In function `std::setw(int)':
c:\xilinx\sdk\2014.4\gnu\arm\nt\arm-xilinx-eabi\include\c++\4.8.3\arm-xilinx-eabi\bits/gthr-default.h:230: multiple definition of `sinTable'
./src/Particle.o:c:\xilinx\sdk\2014.4\gnu\arm\nt\arm-xilinx-eabi\include\c++\4.8.3\arm-xilinx-eabi\bits/gthr-default.h:230: first defined here
./src/Utility.o: In function `std::__ioinit':
Utility.cpp:(.bss+0x5a4): multiple definition of `cosTable'
./src/Particle.o:C:\Users\Kasper\Documents\GitHub\TIHSC\AI_Project\ZyboCar\ZyboCar.sdk\ZyboCarApp\Debug/../src/Particle.cc:59: first defined here
./src/main.o: In function `void std::_Destroy_aux<true>::__destroy<int*>(int*, int*)':
c:\xilinx\sdk\2014.4\gnu\arm\nt\arm-xilinx-eabi\include\c++\4.8.3\arm-xilinx-eabi\bits/gthr-default.h:230: multiple definition of `sinTable'
./src/Particle.o:c:\xilinx\sdk\2014.4\gnu\arm\nt\arm-xilinx-eabi\include\c++\4.8.3\arm-xilinx-eabi\bits/gthr-default.h:230: first defined here
./src/main.o: In function `std::__ioinit':
main.cc:(.bss+0x5a4): multiple definition of `cosTable'
./src/Particle.o:C:\Users\Kasper\Documents\GitHub\TIHSC\AI_Project\ZyboCar\ZyboCar.sdk\ZyboCarApp\Debug/../src/Particle.cc:59: first defined here
./src/move.o: In function `__gthread_key_delete':
c:\xilinx\sdk\2014.4\gnu\arm\nt\arm-xilinx-eabi\include\c++\4.8.3\arm-xilinx-eabi\bits/gthr-default.h:230: multiple definition of `sinTable'
./src/Particle.o:c:\xilinx\sdk\2014.4\gnu\arm\nt\arm-xilinx-eabi\include\c++\4.8.3\arm-xilinx-eabi\bits/gthr-default.h:230: first defined here
./src/move.o: In function `_GLOBAL__sub_I_sinTable':
C:\Users\Kasper\Documents\GitHub\TIHSC\AI_Project\ZyboCar\ZyboCar.sdk\ZyboCarApp\Debug/../src/move.cpp:193: multiple definition of `cosTable'
./src/Particle.o:C:\Users\Kasper\Documents\GitHub\TIHSC\AI_Project\ZyboCar\ZyboCar.sdk\ZyboCarApp\Debug/../src/Particle.cc:59: first defined here
collect2.exe: error: ld returned 1 exit status
make: *** [ZyboCarApp.elf] Fejl 1
13:30:05 **** Auto Build of configuration Debug for project ZyboCarApp ****
[...]
../src/ParticleFilter.cc:83:37: warning: comparison between signed and unsigned integer expressions [-Wsign-compare]
  for (int i = 0; i < particles.size(); i++) {
                                     ^
../src/ParticleFilter.cc: In member function 'void ParticleFilter::moveParticles(MoveBlock&)':
../src/ParticleFilter.cc:123:37: warning: comparison between signed and unsigned integer expressions [-Wsign-compare]
  for (int i = 0; i < particles.size(); i++) {
                                     ^
../src/ParticleFilter.cc: In member function 'int ParticleFilter::bestParticle()':
../src/ParticleFilter.cc:133:37: warning: comparison between signed and unsigned integer expressions [-Wsign-compare]
  for (int i = 0; i < particles.size(); i++) {
                                     ^
Finished building: ../src/ParticleFilter.cc
 
Building target: ZyboCarApp.elf
Invoking: ARM g++ linker
arm-xilinx-eabi-g++ -Wl,-T -Wl,../src/lscript.ld -L../../standalone_bsp_0/ps7_cortexa9_0/lib -o "ZyboCarApp.elf"  ./src/LIDAR.o ./src/Particle.o ./src/ParticleFilter.o ./src/PathMaker.o ./src/RobotFrame.o ./src/Utility.o ./src/WaitForStart.o ./src/main.o ./src/main0.o ./src/move.o   -Wl,--start-group,-lxil,-lgcc,-lc,-lstdc++,--end-group -Wl,--start-group,-lxilffs,-lxil,-lgcc,-lc,--end-group -Wl,--start-group,-lrsa,-lxil,-lgcc,-lc,--end-group
Finished building target: ZyboCarApp.elf
 
Invoking: ARM Print Size
arm-xilinx-eabi-size ZyboCarApp.elf  |tee "ZyboCarApp.elf.size"
   text	   data	    bss	    dec	    hex	filename
3508564	   2632	204815032	208326228	c6ace54	ZyboCarApp.elf
Finished building: ZyboCarApp.elf.size
 
13:37:47 **** Auto Build of configuration Debug for project ZyboCarApp ****
make all 
Building file: ../src/ParticleFilter.cc
Invoking: ARM g++ compiler
arm-xilinx-eabi-g++ -Wall -O0 -g3 -c -fmessage-length=0 -MT"src/ParticleFilter.o" -std=c++11 -I../../standalone_bsp_0/ps7_cortexa9_0/include -MMD -MP -MF"src/ParticleFilter.d" -MT"src/ParticleFilter.d" -o "src/ParticleFilter.o" "../src/ParticleFilter.cc"
../src/ParticleFilter.cc: In member function 'void ParticleFilter::printParticles()':
../src/ParticleFilter.cc:6:34: warning: comparison between signed and unsigned integer expressions [-Wsign-compare]
  for(int i = 0; i<particles.size();i++) {
                                  ^
../src/ParticleFilter.cc: In constructor 'ParticleFilter::ParticleFilter(std::vector<std::vector<int> >, int)':
../src/ParticleFilter.cc:16:6: warning: unused variable 'map_x' [-Wunused-variable]
  int map_x,map_y;
      ^
../src/ParticleFilter.cc:16:12: warning: unused variable 'map_y' [-Wunused-variable]
  int map_x,map_y;
            ^
../src/ParticleFilter.cc: In member function 'void ParticleFilter::updateWeigths(int*, std::vector<std::vector<int> >)':
../src/ParticleFilter.cc:53:34: warning: comparison between signed and unsigned integer expressions [-Wsign-compare]
  for(int i = 0; i<particles.size();i++) {
                                  ^
../src/ParticleFilter.cc: In member function 'void ParticleFilter::resample()':
../src/ParticleFilter.cc:85:22: error: 'NUMBEROFPARTICLES' was not declared in this scope
  for (int i = 0; i < NUMBEROFPARTICLES; i++) {
                      ^
../src/ParticleFilter.cc: In member function 'void ParticleFilter::moveParticles(MoveBlock&)':
../src/ParticleFilter.cc:125:22: error: 'NUMBEROFPARTICLES' was not declared in this scope
  for (int i = 0; i < NUMBEROFPARTICLES; i++) {
                      ^
../src/ParticleFilter.cc: In member function 'int ParticleFilter::bestParticle()':
../src/ParticleFilter.cc:135:22: error: 'NUMBEROFPARTICLES' was not declared in this scope
  for (int i = 0; i < NUMBEROFPARTICLES; i++) {
                      ^
make: *** [src/ParticleFilter.o] Fejl 1
13:38:50 **** Auto Build of configuration Debug for project ZyboCarApp ****
make all 
Building file: ../src/ParticleFilter.cc
Invoking: ARM g++ compiler
arm-xilinx-eabi-g++ -Wall -O0 -g3 -c -fmessage-length=0 -MT"src/ParticleFilter.o" -std=c++11 -I../../standalone_bsp_0/ps7_cortexa9_0/include -MMD -MP -MF"src/ParticleFilter.d" -MT"src/ParticleFilter.d" -o "src/ParticleFilter.o" "../src/ParticleFilter.cc"
../src/ParticleFilter.cc: In member function 'void ParticleFilter::printParticles()':
../src/ParticleFilter.cc:6:34: warning: comparison between signed and unsigned integer expressions [-Wsign-compare]
  for(int i = 0; i<particles.size();i++) {
                                  ^
../src/ParticleFilter.cc: In constructor 'ParticleFilter::ParticleFilter(std::vector<std::vector<int> >, int)':
../src/ParticleFilter.cc:16:6: warning: unused variable 'map_x' [-Wunused-variable]
  int map_x,map_y;
      ^
../src/ParticleFilter.cc:16:12: warning: unused variable 'map_y' [-Wunused-variable]
  int map_x,map_y;
            ^
../src/ParticleFilter.cc: In member function 'void ParticleFilter::updateWeigths(int*, std::vector<std::vector<int> >)':
../src/ParticleFilter.cc:53:34: warning: comparison between signed and unsigned integer expressions [-Wsign-compare]
  for(int i = 0; i<particles.size();i++) {
                                  ^
Finished building: ../src/ParticleFilter.cc
 
Building file: ../src/main.cc
Invoking: ARM g++ compiler
arm-xilinx-eabi-g++ -Wall -O0 -g3 -c -fmessage-length=0 -MT"src/main.o" -std=c++11 -I../../standalone_bsp_0/ps7_cortexa9_0/include -MMD -MP -MF"src/main.d" -MT"src/main.d" -o "src/main.o" "../src/main.cc"
Finished building: ../src/main.cc
 
Building target: ZyboCarApp.elf
Invoking: ARM g++ linker
arm-xilinx-eabi-g++ -Wl,-T -Wl,../src/lscript.ld -L../../standalone_bsp_0/ps7_cortexa9_0/lib -o "ZyboCarApp.elf"  ./src/LIDAR.o ./src/Particle.o ./src/ParticleFilter.o ./src/PathMaker.o ./src/RobotFrame.o ./src/Utility.o ./src/WaitForStart.o ./src/main.o ./src/main0.o ./src/move.o   -Wl,--start-group,-lxil,-lgcc,-lc,-lstdc++,--end-group -Wl,--start-group,-lxilffs,-lxil,-lgcc,-lc,--end-group -Wl,--start-group,-lrsa,-lxil,-lgcc,-lc,--end-group
Finished building target: ZyboCarApp.elf
 
Invoking: ARM Print Size
arm-xilinx-eabi-size ZyboCarApp.elf  |tee "ZyboCarApp.elf.size"
   text	   data	    bss	    dec	    hex	filename
3508524	   2632	204815032	208326188	c6ace2c	ZyboCarApp.elf
Finished building: ZyboCarApp.elf.size
 
13:40:34 **** Auto Build of configuration Debug for project ZyboCarApp ****
make all 
Building file: ../src/Particle.cc
Invoking: ARM g++ compiler
arm-xilinx-eabi-g++ -Wall -O0 -g3 -c -fmessage-length=0 -MT"src/Particle.o" -std=c++11 -I../../standalone_bsp_0/ps7_cortexa9_0/include -MMD -MP -MF"src/Particle.d" -MT"src/Particle.d" -o "src/Particle.o" "../src/Particle.cc"
../src/Particle.cc:8:6: error: prototype for 'void Particle::move(MoveBlock&)' does not match any in class 'Particle'
 void Particle::move(MoveBlock& MB){
      ^
In file included from ../src/Particle.cc:1:0:
../src/Particle.h:48:7: error: candidate is: void Particle::move(MoveBlock&, float*, float*)
  void move(MoveBlock& MB,float* sintable,float* costable);
       ^
make: *** [src/Particle.o] Fejl 1
13:41:03 **** Auto Build of configuration Debug for project ZyboCarApp ****
make all 
Building file: ../src/Particle.cc
Invoking: ARM g++ compiler
arm-xilinx-eabi-g++ -Wall -O0 -g3 -c -fmessage-length=0 -MT"src/Particle.o" -std=c++11 -I../../standalone_bsp_0/ps7_cortexa9_0/include -MMD -MP -MF"src/Particle.d" -MT"src/Particle.d" -o "src/Particle.o" "../src/Particle.cc"
../src/Particle.cc:8:6: error: prototype for 'void Particle::move(MoveBlock&)' does not match any in class 'Particle'
 void Particle::move(MoveBlock& MB){
      ^
In file included from ../src/Particle.cc:1:0:
../src/Particle.h:48:7: error: candidate is: void Particle::move(MoveBlock&, float*, float*)
  void move(MoveBlock& MB,float* sinTable,float* cosTable);
       ^
make: *** [src/Particle.o] Fejl 1
13:41:09 **** Auto Build of configuration Debug for project ZyboCarApp ****
make all 
Building file: ../src/Particle.cc
Invoking: ARM g++ compiler
arm-xilinx-eabi-g++ -Wall -O0 -g3 -c -fmessage-length=0 -MT"src/Particle.o" -std=c++11 -I../../standalone_bsp_0/ps7_cortexa9_0/include -MMD -MP -MF"src/Particle.d" -MT"src/Particle.d" -o "src/Particle.o" "../src/Particle.cc"
Finished building: ../src/Particle.cc
 
Building file: ../src/ParticleFilter.cc
Invoking: ARM g++ compiler
arm-xilinx-eabi-g++ -Wall -O0 -g3 -c -fmessage-length=0 -MT"src/ParticleFilter.o" -std=c++11 -I../../standalone_bsp_0/ps7_cortexa9_0/include -MMD -MP -MF"src/ParticleFilter.d" -MT"src/ParticleFilter.d" -o "src/ParticleFilter.o" "../src/ParticleFilter.cc"
../src/ParticleFilter.cc: In member function 'void ParticleFilter::printParticles()':
../src/ParticleFilter.cc:6:34: warning: comparison between signed and unsigned integer expressions [-Wsign-compare]
  for(int i = 0; i<particles.size();i++) {
                                  ^
../src/ParticleFilter.cc: In constructor 'ParticleFilter::ParticleFilter(std::vector<std::vector<int> >, int)':
../src/ParticleFilter.cc:16:6: warning: unused variable 'map_x' [-Wunused-variable]
  int map_x,map_y;
      ^
../src/ParticleFilter.cc:16:12: warning: unused variable 'map_y' [-Wunused-variable]
  int map_x,map_y;
            ^
../src/ParticleFilter.cc: In member function 'void ParticleFilter::updateWeigths(int*, std::vector<std::vector<int> >)':
../src/ParticleFilter.cc:53:34: warning: comparison between signed and unsigned integer expressions [-Wsign-compare]
  for(int i = 0; i<particles.size();i++) {
                                  ^
../src/ParticleFilter.cc: In member function 'void ParticleFilter::moveParticles(MoveBlock&)':
../src/ParticleFilter.cc:126:23: error: no matching function for call to 'Particle::move(MoveBlock&)'
   particles[i].move(MB);
                       ^
../src/ParticleFilter.cc:126:23: note: candidate is:
In file included from ../src/ParticleFilter.h:4:0,
                 from ../src/ParticleFilter.cc:1:
../src/Particle.h:48:7: note: void Particle::move(MoveBlock&, float*, float*)
  void move(MoveBlock& MB,float* sinTable,float* cosTable);
       ^
../src/Particle.h:48:7: note:   candidate expects 3 arguments, 1 provided
make: *** [src/ParticleFilter.o] Fejl 1
13:46:23 **** Auto Build of configuration Debug for project ZyboCarApp ****
make all 
Building file: ../src/Particle.cc
Invoking: ARM g++ compiler
arm-xilinx-eabi-g++ -Wall -O0 -g3 -c -fmessage-length=0 -MT"src/Particle.o" -std=c++11 -I../../standalone_bsp_0/ps7_cortexa9_0/include -MMD -MP -MF"src/Particle.d" -MT"src/Particle.d" -o "src/Particle.o" "../src/Particle.cc"
Finished building: ../src/Particle.cc
 
Building file: ../src/ParticleFilter.cc
Invoking: ARM g++ compiler
arm-xilinx-eabi-g++ -Wall -O0 -g3 -c -fmessage-length=0 -MT"src/ParticleFilter.o" -std=c++11 -I../../standalone_bsp_0/ps7_cortexa9_0/include -MMD -MP -MF"src/ParticleFilter.d" -MT"src/ParticleFilter.d" -o "src/ParticleFilter.o" "../src/ParticleFilter.cc"
../src/ParticleFilter.cc: In member function 'void ParticleFilter::printParticles()':
../src/ParticleFilter.cc:6:34: warning: comparison between signed and unsigned integer expressions [-Wsign-compare]
  for(int i = 0; i<particles.size();i++) {
                                  ^
../src/ParticleFilter.cc: In constructor 'ParticleFilter::ParticleFilter(std::vector<std::vector<int> >, int)':
../src/ParticleFilter.cc:16:6: warning: unused variable 'map_x' [-Wunused-variable]
  int map_x,map_y;
      ^
../src/ParticleFilter.cc:16:12: warning: unused variable 'map_y' [-Wunused-variable]
  int map_x,map_y;
            ^
../src/ParticleFilter.cc: In member function 'void ParticleFilter::updateWeigths(int*, std::vector<std::vector<int> >)':
../src/ParticleFilter.cc:53:34: warning: comparison between signed and unsigned integer expressions [-Wsign-compare]
  for(int i = 0; i<particles.size();i++) {
                                  ^
../src/ParticleFilter.cc: In member function 'void ParticleFilter::moveParticles(MoveBlock&)':
../src/ParticleFilter.cc:126:23: error: no matching function for call to 'Particle::move(MoveBlock&)'
   particles[i].move(MB);
                       ^
../src/ParticleFilter.cc:126:23: note: candidate is:
In file included from ../src/ParticleFilter.h:4:0,
                 from ../src/ParticleFilter.cc:1:
../src/Particle.h:48:7: note: void Particle::move(MoveBlock&, float*, float*)
  void move(MoveBlock& MB,float* sinTable,float* cosTable);
       ^
../src/Particle.h:48:7: note:   candidate expects 3 arguments, 1 provided
make: *** [src/ParticleFilter.o] Fejl 1
13:46:55 **** Auto Build of configuration Debug for project ZyboCarApp ****
make all 
Building file: ../src/ParticleFilter.cc
Invoking: ARM g++ compiler
arm-xilinx-eabi-g++ -Wall -O0 -g3 -c -fmessage-length=0 -MT"src/ParticleFilter.o" -std=c++11 -I../../standalone_bsp_0/ps7_cortexa9_0/include -MMD -MP -MF"src/ParticleFilter.d" -MT"src/ParticleFilter.d" -o "src/ParticleFilter.o" "../src/ParticleFilter.cc"
../src/ParticleFilter.cc: In member function 'void ParticleFilter::printParticles()':
../src/ParticleFilter.cc:6:34: warning: comparison between signed and unsigned integer expressions [-Wsign-compare]
  for(int i = 0; i<particles.size();i++) {
                                  ^
../src/ParticleFilter.cc: In constructor 'ParticleFilter::ParticleFilter(std::vector<std::vector<int> >, int)':
../src/ParticleFilter.cc:16:6: warning: unused variable 'map_x' [-Wunused-variable]
  int map_x,map_y;
      ^
../src/ParticleFilter.cc:16:12: warning: unused variable 'map_y' [-Wunused-variable]
  int map_x,map_y;
            ^
../src/ParticleFilter.cc: In member function 'void ParticleFilter::updateWeigths(int*, std::vector<std::vector<int> >)':
../src/ParticleFilter.cc:53:34: warning: comparison between signed and unsigned integer expressions [-Wsign-compare]
  for(int i = 0; i<particles.size();i++) {
                                  ^
Finished building: ../src/ParticleFilter.cc
 
Building file: ../src/main.cc
Invoking: ARM g++ compiler
arm-xilinx-eabi-g++ -Wall -O0 -g3 -c -fmessage-length=0 -MT"src/main.o" -std=c++11 -I../../standalone_bsp_0/ps7_cortexa9_0/include -MMD -MP -MF"src/main.d" -MT"src/main.d" -o "src/main.o" "../src/main.cc"
Finished building: ../src/main.cc
 
Building target: ZyboCarApp.elf
Invoking: ARM g++ linker
arm-xilinx-eabi-g++ -Wl,-T -Wl,../src/lscript.ld -L../../standalone_bsp_0/ps7_cortexa9_0/lib -o "ZyboCarApp.elf"  ./src/LIDAR.o ./src/Particle.o ./src/ParticleFilter.o ./src/PathMaker.o ./src/RobotFrame.o ./src/Utility.o ./src/WaitForStart.o ./src/main.o ./src/main0.o ./src/move.o   -Wl,--start-group,-lxil,-lgcc,-lc,-lstdc++,--end-group -Wl,--start-group,-lxilffs,-lxil,-lgcc,-lc,--end-group -Wl,--start-group,-lrsa,-lxil,-lgcc,-lc,--end-group
Finished building target: ZyboCarApp.elf
 
Invoking: ARM Print Size
arm-xilinx-eabi-size ZyboCarApp.elf  |tee "ZyboCarApp.elf.size"
   text	   data	    bss	    dec	    hex	filename
3508204	   2632	204815032	208325868	c6accec	ZyboCarApp.elf
Finished building: ZyboCarApp.elf.size
 
13:47:57 **** Auto Build of configuration Debug for project ZyboCarApp ****
make all 
make: Ingenting at gøre for 'all'.
14:06:01 **** Auto Build of configuration Debug for project ZyboCarApp ****
make all 
Building file: ../src/main.cc
Invoking: ARM g++ compiler
arm-xilinx-eabi-g++ -Wall -O0 -g3 -c -fmessage-length=0 -MT"src/main.o" -std=c++11 -I../../standalone_bsp_0/ps7_cortexa9_0/include -MMD -MP -MF"src/main.d" -MT"src/main.d" -o "src/main.o" "../src/main.cc"
Finished building: ../src/main.cc
 
Building target: ZyboCarApp.elf
Invoking: ARM g++ linker
arm-xilinx-eabi-g++ -Wl,-T -Wl,../src/lscript.ld -L../../standalone_bsp_0/ps7_cortexa9_0/lib -o "ZyboCarApp.elf"  ./src/LIDAR.o ./src/Particle.o ./src/ParticleFilter.o ./src/PathMaker.o ./src/RobotFrame.o ./src/Utility.o ./src/WaitForStart.o ./src/main.o ./src/main0.o ./src/move.o   -Wl,--start-group,-lxil,-lgcc,-lc,-lstdc++,--end-group -Wl,--start-group,-lxilffs,-lxil,-lgcc,-lc,--end-group -Wl,--start-group,-lrsa,-lxil,-lgcc,-lc,--end-group
Finished building target: ZyboCarApp.elf
 
Invoking: ARM Print Size
arm-xilinx-eabi-size ZyboCarApp.elf  |tee "ZyboCarApp.elf.size"
   text	   data	    bss	    dec	    hex	filename
3508204	   2632	204815032	208325868	c6accec	ZyboCarApp.elf
Finished building: ZyboCarApp.elf.size
 
14:06:06 **** Incremental Build of configuration Debug for project ZyboCarApp ****
make all 
make: Ingenting at gøre for 'all'.
14:06:07 **** Incremental Build of configuration Release for project MyFirstFSBL ****
make all 
make: Ingenting at gøre for 'all'.
14:07:11 **** Incremental Build of configuration Debug for project ZyboCarApp ****
make all 
make: Ingenting at gøre for 'all'.
14:07:11 **** Incremental Build of configuration Release for project MyFirstFSBL ****
make all 
make: Ingenting at gøre for 'all'.
14:07:45 **** Incremental Build of configuration Debug for project ZyboCarApp ****
make all 
make: Ingenting at gøre for 'all'.
14:07:46 **** Incremental Build of configuration Release for project MyFirstFSBL ****
make all 
make: Ingenting at gøre for 'all'.
14:12:47 **** Incremental Build of configuration Debug for project ZyboCarApp ****
make all 
make: Ingenting at gøre for 'all'.
14:12:48 **** Incremental Build of configuration Release for project MyFirstFSBL ****
make all 
make: Ingenting at gøre for 'all'.
14:13:42 **** Auto Build of configuration Debug for project ZyboCarApp ****
make all 
Building file: ../src/ParticleFilter.cc
Invoking: ARM g++ compiler
arm-xilinx-eabi-g++ -Wall -O0 -g3 -c -fmessage-length=0 -MT"src/ParticleFilter.o" -std=c++11 -I../../standalone_bsp_0/ps7_cortexa9_0/include -MMD -MP -MF"src/ParticleFilter.d" -MT"src/ParticleFilter.d" -o "src/ParticleFilter.o" "../src/ParticleFilter.cc"
../src/ParticleFilter.cc: In member function 'void ParticleFilter::printParticles()':
../src/ParticleFilter.cc:6:34: warning: comparison between signed and unsigned integer expressions [-Wsign-compare]
  for(int i = 0; i<particles.size();i++) {
                                  ^
../src/ParticleFilter.cc: In constructor 'ParticleFilter::ParticleFilter(std::vector<std::vector<int> >, int)':
../src/ParticleFilter.cc:16:6: warning: unused variable 'map_x' [-Wunused-variable]
  int map_x,map_y;
      ^
../src/ParticleFilter.cc:16:12: warning: unused variable 'map_y' [-Wunused-variable]
  int map_x,map_y;
            ^
../src/ParticleFilter.cc: In member function 'void ParticleFilter::updateWeigths(int*, std::vector<std::vector<int> >)':
../src/ParticleFilter.cc:53:34: warning: comparison between signed and unsigned integer expressions [-Wsign-compare]
  for(int i = 0; i<particles.size();i++) {
                                  ^
Finished building: ../src/ParticleFilter.cc
 
Building file: ../src/main.cc
Invoking: ARM g++ compiler
arm-xilinx-eabi-g++ -Wall -O0 -g3 -c -fmessage-length=0 -MT"src/main.o" -std=c++11 -I../../standalone_bsp_0/ps7_cortexa9_0/include -MMD -MP -MF"src/main.d" -MT"src/main.d" -o "src/main.o" "../src/main.cc"
Finished building: ../src/main.cc
 
Building target: ZyboCarApp.elf
Invoking: ARM g++ linker
arm-xilinx-eabi-g++ -Wl,-T -Wl,../src/lscript.ld -L../../standalone_bsp_0/ps7_cortexa9_0/lib -o "ZyboCarApp.elf"  ./src/LIDAR.o ./src/Particle.o ./src/ParticleFilter.o ./src/PathMaker.o ./src/RobotFrame.o ./src/Utility.o ./src/WaitForStart.o ./src/main.o ./src/main0.o ./src/move.o   -Wl,--start-group,-lxil,-lgcc,-lc,-lstdc++,--end-group -Wl,--start-group,-lxilffs,-lxil,-lgcc,-lc,--end-group -Wl,--start-group,-lrsa,-lxil,-lgcc,-lc,--end-group
Finished building target: ZyboCarApp.elf
 
Invoking: ARM Print Size
arm-xilinx-eabi-size ZyboCarApp.elf  |tee "ZyboCarApp.elf.size"
   text	   data	    bss	    dec	    hex	filename
3508204	   2632	204815032	208325868	c6accec	ZyboCarApp.elf
Finished building: ZyboCarApp.elf.size
 
14:13:54 **** Incremental Build of configuration Debug for project ZyboCarApp ****
make all 
make: Ingenting at gøre for 'all'.
14:13:54 **** Incremental Build of configuration Release for project MyFirstFSBL ****
make all 
make: Ingenting at gøre for 'all'.
