17:51:19 **** Clean-only build of configuration Debug for project ZyboCarApp ****
make clean 
rm -rf  ./src/LIDAR.d ./src/Particle.d ./src/ParticleFilter.d ./src/PathMaker.d ./src/RobotFrame.d ./src/main.d ./src/main0.d  ./src/LIDAR.o ./src/Particle.o ./src/ParticleFilter.o ./src/PathMaker.o ./src/RobotFrame.o ./src/Utility.o ./src/WaitForStart.o ./src/main.o ./src/main0.o ./src/move.o  ./src/Utility.d ./src/WaitForStart.d ./src/move.d  ZyboCarApp.elf.size  ZyboCarApp.elf
 
17:51:19 **** Clean-only build of project standalone_bsp_0 ****
make -k clean 
rm -f ps7_cortexa9_0/lib/libxil.a
17:51:19 **** Build of project standalone_bsp_0 ****
make -k all 
"Running Make include in ps7_cortexa9_0/libsrc/cpu_cortexa9_v2_1/src"
make -C ps7_cortexa9_0/libsrc/cpu_cortexa9_v2_1/src -s include  "SHELL=CMD" "COMPILER=arm-xilinx-eabi-gcc" "ARCHIVER=arm-xilinx-eabi-ar" "COMPILER_FLAGS=  -O2 -c" "EXTRA_COMPILER_FLAGS=-g"
"Running Make include in ps7_cortexa9_0/libsrc/devcfg_v3_2/src"
make -C ps7_cortexa9_0/libsrc/devcfg_v3_2/src -s include  "SHELL=CMD" "COMPILER=arm-xilinx-eabi-gcc" "ARCHIVER=arm-xilinx-eabi-ar" "COMPILER_FLAGS=  -O2 -c" "EXTRA_COMPILER_FLAGS=-g"
"Running Make include in ps7_cortexa9_0/libsrc/dmaps_v2_1/src"
make -C ps7_cortexa9_0/libsrc/dmaps_v2_1/src -s include  "SHELL=CMD" "COMPILER=arm-xilinx-eabi-gcc" "ARCHIVER=arm-xilinx-eabi-ar" "COMPILER_FLAGS=  -O2 -c" "EXTRA_COMPILER_FLAGS=-g"
"Running Make include in ps7_cortexa9_0/libsrc/gpio_v4_0/src"
make -C ps7_cortexa9_0/libsrc/gpio_v4_0/src -s include  "SHELL=CMD" "COMPILER=arm-xilinx-eabi-gcc" "ARCHIVER=arm-xilinx-eabi-ar" "COMPILER_FLAGS=  -O2 -c" "EXTRA_COMPILER_FLAGS=-g"
"Running Make include in ps7_cortexa9_0/libsrc/motorctrl_top_v1_1/src"
make -C ps7_cortexa9_0/libsrc/motorctrl_top_v1_1/src -s include  "SHELL=CMD" "COMPILER=arm-xilinx-eabi-gcc" "ARCHIVER=arm-xilinx-eabi-ar" "COMPILER_FLAGS=  -O2 -c" "EXTRA_COMPILER_FLAGS=-g"
"Running Make include in ps7_cortexa9_0/libsrc/qspips_v3_1/src"
make -C ps7_cortexa9_0/libsrc/qspips_v3_1/src -s include  "SHELL=CMD" "COMPILER=arm-xilinx-eabi-gcc" "ARCHIVER=arm-xilinx-eabi-ar" "COMPILER_FLAGS=  -O2 -c" "EXTRA_COMPILER_FLAGS=-g"
"Running Make include in ps7_cortexa9_0/libsrc/scugic_v2_1/src"
make -C ps7_cortexa9_0/libsrc/scugic_v2_1/src -s include  "SHELL=CMD" "COMPILER=arm-xilinx-eabi-gcc" "ARCHIVER=arm-xilinx-eabi-ar" "COMPILER_FLAGS=  -O2 -c" "EXTRA_COMPILER_FLAGS=-g"
"Running Make include in ps7_cortexa9_0/libsrc/scutimer_v2_0/src"
make -C ps7_cortexa9_0/libsrc/scutimer_v2_0/src -s include  "SHELL=CMD" "COMPILER=arm-xilinx-eabi-gcc" "ARCHIVER=arm-xilinx-eabi-ar" "COMPILER_FLAGS=  -O2 -c" "EXTRA_COMPILER_FLAGS=-g"
"Running Make include in ps7_cortexa9_0/libsrc/scuwdt_v2_0/src"
make -C ps7_cortexa9_0/libsrc/scuwdt_v2_0/src -s include  "SHELL=CMD" "COMPILER=arm-xilinx-eabi-gcc" "ARCHIVER=arm-xilinx-eabi-ar" "COMPILER_FLAGS=  -O2 -c" "EXTRA_COMPILER_FLAGS=-g"
"Running Make include in ps7_cortexa9_0/libsrc/standalone_v4_2/src"
make -C ps7_cortexa9_0/libsrc/standalone_v4_2/src -s include  "SHELL=CMD" "COMPILER=arm-xilinx-eabi-gcc" "ARCHIVER=arm-xilinx-eabi-ar" "COMPILER_FLAGS=  -O2 -c" "EXTRA_COMPILER_FLAGS=-g"
"Running Make include in ps7_cortexa9_0/libsrc/uartlite_v3_0/src"
make -C ps7_cortexa9_0/libsrc/uartlite_v3_0/src -s include  "SHELL=CMD" "COMPILER=arm-xilinx-eabi-gcc" "ARCHIVER=arm-xilinx-eabi-ar" "COMPILER_FLAGS=  -O2 -c" "EXTRA_COMPILER_FLAGS=-g"
"Running Make include in ps7_cortexa9_0/libsrc/uartps_v2_2/src"
make -C ps7_cortexa9_0/libsrc/uartps_v2_2/src -s include  "SHELL=CMD" "COMPILER=arm-xilinx-eabi-gcc" "ARCHIVER=arm-xilinx-eabi-ar" "COMPILER_FLAGS=  -O2 -c" "EXTRA_COMPILER_FLAGS=-g"
"Running Make include in ps7_cortexa9_0/libsrc/xadcps_v2_1/src"
make -C ps7_cortexa9_0/libsrc/xadcps_v2_1/src -s include  "SHELL=CMD" "COMPILER=arm-xilinx-eabi-gcc" "ARCHIVER=arm-xilinx-eabi-ar" "COMPILER_FLAGS=  -O2 -c" "EXTRA_COMPILER_FLAGS=-g"
"Running Make include in ps7_cortexa9_0/libsrc/xilffs_v2_2/src"
make -C ps7_cortexa9_0/libsrc/xilffs_v2_2/src -s include  "SHELL=CMD" "COMPILER=arm-xilinx-eabi-gcc" "ARCHIVER=arm-xilinx-eabi-ar" "COMPILER_FLAGS=  -O2 -c" "EXTRA_COMPILER_FLAGS=-g"
"Running Make include in ps7_cortexa9_0/libsrc/xilrsa_v1_1/src"
make -C ps7_cortexa9_0/libsrc/xilrsa_v1_1/src -s include  "SHELL=CMD" "COMPILER=arm-xilinx-eabi-gcc" "ARCHIVER=arm-xilinx-eabi-ar" "COMPILER_FLAGS=  -O2 -c" "EXTRA_COMPILER_FLAGS=-g"
"Running Make libs in ps7_cortexa9_0/libsrc/cpu_cortexa9_v2_1/src"
make -C ps7_cortexa9_0/libsrc/cpu_cortexa9_v2_1/src -s libs  "SHELL=CMD" "COMPILER=arm-xilinx-eabi-gcc" "ARCHIVER=arm-xilinx-eabi-ar" "COMPILER_FLAGS=  -O2 -c" "EXTRA_COMPILER_FLAGS=-g"
"Compiling cpu_cortexa9"
"Running Make libs in ps7_cortexa9_0/libsrc/devcfg_v3_2/src"
make -C ps7_cortexa9_0/libsrc/devcfg_v3_2/src -s libs  "SHELL=CMD" "COMPILER=arm-xilinx-eabi-gcc" "ARCHIVER=arm-xilinx-eabi-ar" "COMPILER_FLAGS=  -O2 -c" "EXTRA_COMPILER_FLAGS=-g"
"Compiling devcfg"
arm-xilinx-eabi-ar: creating ../../../lib/libxil.a
"Running Make libs in ps7_cortexa9_0/libsrc/dmaps_v2_1/src"
make -C ps7_cortexa9_0/libsrc/dmaps_v2_1/src -s libs  "SHELL=CMD" "COMPILER=arm-xilinx-eabi-gcc" "ARCHIVER=arm-xilinx-eabi-ar" "COMPILER_FLAGS=  -O2 -c" "EXTRA_COMPILER_FLAGS=-g"
"Compiling dmaps"
"Running Make libs in ps7_cortexa9_0/libsrc/gpio_v4_0/src"
make -C ps7_cortexa9_0/libsrc/gpio_v4_0/src -s libs  "SHELL=CMD" "COMPILER=arm-xilinx-eabi-gcc" "ARCHIVER=arm-xilinx-eabi-ar" "COMPILER_FLAGS=  -O2 -c" "EXTRA_COMPILER_FLAGS=-g"
"Compiling gpio"
"Running Make libs in ps7_cortexa9_0/libsrc/motorctrl_top_v1_1/src"
make -C ps7_cortexa9_0/libsrc/motorctrl_top_v1_1/src -s libs  "SHELL=CMD" "COMPILER=arm-xilinx-eabi-gcc" "ARCHIVER=arm-xilinx-eabi-ar" "COMPILER_FLAGS=  -O2 -c" "EXTRA_COMPILER_FLAGS=-g"
"Compiling motorctrl_top"
"Running Make libs in ps7_cortexa9_0/libsrc/qspips_v3_1/src"
make -C ps7_cortexa9_0/libsrc/qspips_v3_1/src -s libs  "SHELL=CMD" "COMPILER=arm-xilinx-eabi-gcc" "ARCHIVER=arm-xilinx-eabi-ar" "COMPILER_FLAGS=  -O2 -c" "EXTRA_COMPILER_FLAGS=-g"
"Compiling qspips"
"Running Make libs in ps7_cortexa9_0/libsrc/scugic_v2_1/src"
make -C ps7_cortexa9_0/libsrc/scugic_v2_1/src -s libs  "SHELL=CMD" "COMPILER=arm-xilinx-eabi-gcc" "ARCHIVER=arm-xilinx-eabi-ar" "COMPILER_FLAGS=  -O2 -c" "EXTRA_COMPILER_FLAGS=-g"
"Compiling scugic"
"Running Make libs in ps7_cortexa9_0/libsrc/scutimer_v2_0/src"
make -C ps7_cortexa9_0/libsrc/scutimer_v2_0/src -s libs  "SHELL=CMD" "COMPILER=arm-xilinx-eabi-gcc" "ARCHIVER=arm-xilinx-eabi-ar" "COMPILER_FLAGS=  -O2 -c" "EXTRA_COMPILER_FLAGS=-g"
"Compiling scutimer"
"Running Make libs in ps7_cortexa9_0/libsrc/scuwdt_v2_0/src"
make -C ps7_cortexa9_0/libsrc/scuwdt_v2_0/src -s libs  "SHELL=CMD" "COMPILER=arm-xilinx-eabi-gcc" "ARCHIVER=arm-xilinx-eabi-ar" "COMPILER_FLAGS=  -O2 -c" "EXTRA_COMPILER_FLAGS=-g"
"Compiling scuwdt"
"Running Make libs in ps7_cortexa9_0/libsrc/standalone_v4_2/src"
make -C ps7_cortexa9_0/libsrc/standalone_v4_2/src -s libs  "SHELL=CMD" "COMPILER=arm-xilinx-eabi-gcc" "ARCHIVER=arm-xilinx-eabi-ar" "COMPILER_FLAGS=  -O2 -c" "EXTRA_COMPILER_FLAGS=-g"
"Compiling standalone"
"Running Make libs in ps7_cortexa9_0/libsrc/uartlite_v3_0/src"
make -C ps7_cortexa9_0/libsrc/uartlite_v3_0/src -s libs  "SHELL=CMD" "COMPILER=arm-xilinx-eabi-gcc" "ARCHIVER=arm-xilinx-eabi-ar" "COMPILER_FLAGS=  -O2 -c" "EXTRA_COMPILER_FLAGS=-g"
"Compiling uartlite"
"Running Make libs in ps7_cortexa9_0/libsrc/uartps_v2_2/src"
make -C ps7_cortexa9_0/libsrc/uartps_v2_2/src -s libs  "SHELL=CMD" "COMPILER=arm-xilinx-eabi-gcc" "ARCHIVER=arm-xilinx-eabi-ar" "COMPILER_FLAGS=  -O2 -c" "EXTRA_COMPILER_FLAGS=-g"
"Compiling uartps"
"Running Make libs in ps7_cortexa9_0/libsrc/xadcps_v2_1/src"
make -C ps7_cortexa9_0/libsrc/xadcps_v2_1/src -s libs  "SHELL=CMD" "COMPILER=arm-xilinx-eabi-gcc" "ARCHIVER=arm-xilinx-eabi-ar" "COMPILER_FLAGS=  -O2 -c" "EXTRA_COMPILER_FLAGS=-g"
"Compiling xadcps"
"Running Make libs in ps7_cortexa9_0/libsrc/xilffs_v2_2/src"
make -C ps7_cortexa9_0/libsrc/xilffs_v2_2/src -s libs  "SHELL=CMD" "COMPILER=arm-xilinx-eabi-gcc" "ARCHIVER=arm-xilinx-eabi-ar" "COMPILER_FLAGS=  -O2 -c" "EXTRA_COMPILER_FLAGS=-g"
"Compiling XilFFs Library"
"Creating archive libxilffs.a"
"Running Make libs in ps7_cortexa9_0/libsrc/xilrsa_v1_1/src"
make -C ps7_cortexa9_0/libsrc/xilrsa_v1_1/src -s libs  "SHELL=CMD" "COMPILER=arm-xilinx-eabi-gcc" "ARCHIVER=arm-xilinx-eabi-ar" "COMPILER_FLAGS=  -O2 -c" "EXTRA_COMPILER_FLAGS=-g"
'Finished building libraries'
17:51:58 **** Build of configuration Debug for project ZyboCarApp ****
make all 
Building file: ../src/LIDAR.cc
Invoking: ARM g++ compiler
arm-xilinx-eabi-g++ -Wall -O0 -g3 -c -fmessage-length=0 -MT"src/LIDAR.o" -std=c++11 -I../../standalone_bsp_0/ps7_cortexa9_0/include -MMD -MP -MF"src/LIDAR.d" -MT"src/LIDAR.d" -o "src/LIDAR.o" "../src/LIDAR.cc"
Finished building: ../src/LIDAR.cc
 
Building file: ../src/Particle.cc
Invoking: ARM g++ compiler
arm-xilinx-eabi-g++ -Wall -O0 -g3 -c -fmessage-length=0 -MT"src/Particle.o" -std=c++11 -I../../standalone_bsp_0/ps7_cortexa9_0/include -MMD -MP -MF"src/Particle.d" -MT"src/Particle.d" -o "src/Particle.o" "../src/Particle.cc"
Finished building: ../src/Particle.cc
 
Building file: ../src/ParticleFilter.cc
Invoking: ARM g++ compiler
arm-xilinx-eabi-g++ -Wall -O0 -g3 -c -fmessage-length=0 -MT"src/ParticleFilter.o" -std=c++11 -I../../standalone_bsp_0/ps7_cortexa9_0/include -MMD -MP -MF"src/ParticleFilter.d" -MT"src/ParticleFilter.d" -o "src/ParticleFilter.o" "../src/ParticleFilter.cc"
../src/ParticleFilter.cc: In member function 'void ParticleFilter::printParticles()':
../src/ParticleFilter.cc:7:37: warning: comparison between signed and unsigned integer expressions [-Wsign-compare]
     for(int i = 0; i<particles.size();i++){
                                     ^
../src/ParticleFilter.cc: In constructor 'ParticleFilter::ParticleFilter(std::vector<std::vector<int> >, int)':
../src/ParticleFilter.cc:19:8: warning: variable 'r' set but not used [-Wunused-but-set-variable]
  float r;
        ^
../src/ParticleFilter.cc: In member function 'void ParticleFilter::updateWeigths(int*)':
../src/ParticleFilter.cc:55:34: warning: comparison between signed and unsigned integer expressions [-Wsign-compare]
  for(int i = 0; i<particles.size();i++){
                                  ^
../src/ParticleFilter.cc: In member function 'void ParticleFilter::resample()':
../src/ParticleFilter.cc:71:36: warning: comparison between signed and unsigned integer expressions [-Wsign-compare]
  for(int i = 0; i < particles.size(); i++){
                                    ^
../src/ParticleFilter.cc: In member function 'void ParticleFilter::getNewPosition(Position&)':
../src/ParticleFilter.cc:88:36: warning: comparison between signed and unsigned integer expressions [-Wsign-compare]
  for(int i = 0; i < particles.size(); i++){
                                    ^
../src/ParticleFilter.cc: In member function 'void ParticleFilter::moveParticles(MoveBlock&)':
../src/ParticleFilter.cc:102:36: warning: comparison between signed and unsigned integer expressions [-Wsign-compare]
  for(int i = 0; i < particles.size(); i++){
                                    ^
Finished building: ../src/ParticleFilter.cc
 
Building file: ../src/PathMaker.cc
Invoking: ARM g++ compiler
arm-xilinx-eabi-g++ -Wall -O0 -g3 -c -fmessage-length=0 -MT"src/PathMaker.o" -std=c++11 -I../../standalone_bsp_0/ps7_cortexa9_0/include -MMD -MP -MF"src/PathMaker.d" -MT"src/PathMaker.d" -o "src/PathMaker.o" "../src/PathMaker.cc"
../src/PathMaker.cc: In member function 'void PathMaker::performAStar(Position&)':
../src/PathMaker.cc:95:56: warning: comparison between signed and unsigned integer expressions [-Wsign-compare]
                 for (int i = 0; i < possibleMoves.size(); i++) {
                                                        ^
../src/PathMaker.cc:148:31: warning: comparison between signed and unsigned integer expressions [-Wsign-compare]
     for (int y=0; y<path.size();y++){
                               ^
Finished building: ../src/PathMaker.cc
 
Building file: ../src/RobotFrame.cc
Invoking: ARM g++ compiler
arm-xilinx-eabi-g++ -Wall -O0 -g3 -c -fmessage-length=0 -MT"src/RobotFrame.o" -std=c++11 -I../../standalone_bsp_0/ps7_cortexa9_0/include -MMD -MP -MF"src/RobotFrame.d" -MT"src/RobotFrame.d" -o "src/RobotFrame.o" "../src/RobotFrame.cc"
Finished building: ../src/RobotFrame.cc
 
Building file: ../src/Utility.cpp
Invoking: ARM g++ compiler
arm-xilinx-eabi-g++ -Wall -O0 -g3 -c -fmessage-length=0 -MT"src/Utility.o" -std=c++11 -I../../standalone_bsp_0/ps7_cortexa9_0/include -MMD -MP -MF"src/Utility.d" -MT"src/Utility.d" -o "src/Utility.o" "../src/Utility.cpp"
Finished building: ../src/Utility.cpp
 
Building file: ../src/WaitForStart.cpp
Invoking: ARM g++ compiler
arm-xilinx-eabi-g++ -Wall -O0 -g3 -c -fmessage-length=0 -MT"src/WaitForStart.o" -std=c++11 -I../../standalone_bsp_0/ps7_cortexa9_0/include -MMD -MP -MF"src/WaitForStart.d" -MT"src/WaitForStart.d" -o "src/WaitForStart.o" "../src/WaitForStart.cpp"
Finished building: ../src/WaitForStart.cpp
 
Building file: ../src/main.cc
Invoking: ARM g++ compiler
arm-xilinx-eabi-g++ -Wall -O0 -g3 -c -fmessage-length=0 -MT"src/main.o" -std=c++11 -I../../standalone_bsp_0/ps7_cortexa9_0/include -MMD -MP -MF"src/main.d" -MT"src/main.d" -o "src/main.o" "../src/main.cc"
Finished building: ../src/main.cc
 
Building file: ../src/main0.cc
Invoking: ARM g++ compiler
arm-xilinx-eabi-g++ -Wall -O0 -g3 -c -fmessage-length=0 -MT"src/main0.o" -std=c++11 -I../../standalone_bsp_0/ps7_cortexa9_0/include -MMD -MP -MF"src/main0.d" -MT"src/main0.d" -o "src/main0.o" "../src/main0.cc"
Finished building: ../src/main0.cc
 
Building file: ../src/move.cpp
Invoking: ARM g++ compiler
arm-xilinx-eabi-g++ -Wall -O0 -g3 -c -fmessage-length=0 -MT"src/move.o" -std=c++11 -I../../standalone_bsp_0/ps7_cortexa9_0/include -MMD -MP -MF"src/move.d" -MT"src/move.d" -o "src/move.o" "../src/move.cpp"
Finished building: ../src/move.cpp
 
Building target: ZyboCarApp.elf
Invoking: ARM g++ linker
arm-xilinx-eabi-g++ -Wl,-T -Wl,../src/lscript.ld -L../../standalone_bsp_0/ps7_cortexa9_0/lib -o "ZyboCarApp.elf"  ./src/LIDAR.o ./src/Particle.o ./src/ParticleFilter.o ./src/PathMaker.o ./src/RobotFrame.o ./src/Utility.o ./src/WaitForStart.o ./src/main.o ./src/main0.o ./src/move.o   -Wl,--start-group,-lxil,-lgcc,-lc,-lstdc++,--end-group -Wl,--start-group,-lxilffs,-lxil,-lgcc,-lc,--end-group -Wl,--start-group,-lrsa,-lxil,-lgcc,-lc,--end-group
c:/xilinx/sdk/2014.4/gnu/arm/nt/bin/../lib/gcc/arm-xilinx-eabi/4.8.3/../../../../arm-xilinx-eabi/bin/ld.exe: ZyboCarApp.elf section `.text' will not fit in region `ps7_ram_0_S_AXI_BASEADDR'
c:/xilinx/sdk/2014.4/gnu/arm/nt/bin/../lib/gcc/arm-xilinx-eabi/4.8.3/../../../../arm-xilinx-eabi/bin/ld.exe: address 0x8c000 of ZyboCarApp.elf section `.mmu_tbl' is not within region `ps7_ram_0_S_AXI_BASEADDR'
c:/xilinx/sdk/2014.4/gnu/arm/nt/bin/../lib/gcc/arm-xilinx-eabi/4.8.3/../../../../arm-xilinx-eabi/bin/ld.exe: address 0x8c000 of ZyboCarApp.elf section `.mmu_tbl' is not within region `ps7_ram_0_S_AXI_BASEADDR'
c:/xilinx/sdk/2014.4/gnu/arm/nt/bin/../lib/gcc/arm-xilinx-eabi/4.8.3/../../../../arm-xilinx-eabi/bin/ld.exe: address 0x8c000 of ZyboCarApp.elf section `.mmu_tbl' is not within region `ps7_ram_0_S_AXI_BASEADDR'
c:/xilinx/sdk/2014.4/gnu/arm/nt/bin/../lib/gcc/arm-xilinx-eabi/4.8.3/../../../../arm-xilinx-eabi/bin/ld.exe: region `ps7_ram_0_S_AXI_BASEADDR' overflowed by 420480 bytes
collect2.exe: error: ld returned 1 exit status
make: *** [ZyboCarApp.elf] Fejl 1
17:52:05 **** Auto Build of configuration Release for project MyFirstFSBL ****
make all 
Building file: ../src/fsbl_hooks.c
Invoking: ARM gcc compiler
arm-xilinx-eabi-gcc -Wall -O2 -I"C:\Users\Kasper\Documents\GitHub\TIHSC\AI_Project\ZyboCar\ZyboCar.sdk\ZyboCarDesign_wrapper_hw_platform_0" -c -fmessage-length=0 -MT"src/fsbl_hooks.o" -I../../standalone_bsp_0/ps7_cortexa9_0/include -MMD -MP -MF"src/fsbl_hooks.d" -MT"src/fsbl_hooks.d" -o "src/fsbl_hooks.o" "../src/fsbl_hooks.c"
Finished building: ../src/fsbl_hooks.c
 
Building file: ../src/image_mover.c
Invoking: ARM gcc compiler
arm-xilinx-eabi-gcc -Wall -O2 -I"C:\Users\Kasper\Documents\GitHub\TIHSC\AI_Project\ZyboCar\ZyboCar.sdk\ZyboCarDesign_wrapper_hw_platform_0" -c -fmessage-length=0 -MT"src/image_mover.o" -I../../standalone_bsp_0/ps7_cortexa9_0/include -MMD -MP -MF"src/image_mover.d" -MT"src/image_mover.d" -o "src/image_mover.o" "../src/image_mover.c"
Finished building: ../src/image_mover.c
 
Building file: ../src/main.c
Invoking: ARM gcc compiler
arm-xilinx-eabi-gcc -Wall -O2 -I"C:\Users\Kasper\Documents\GitHub\TIHSC\AI_Project\ZyboCar\ZyboCar.sdk\ZyboCarDesign_wrapper_hw_platform_0" -c -fmessage-length=0 -MT"src/main.o" -I../../standalone_bsp_0/ps7_cortexa9_0/include -MMD -MP -MF"src/main.d" -MT"src/main.d" -o "src/main.o" "../src/main.c"
Finished building: ../src/main.c
 
Building file: ../src/md5.c
Invoking: ARM gcc compiler
arm-xilinx-eabi-gcc -Wall -O2 -I"C:\Users\Kasper\Documents\GitHub\TIHSC\AI_Project\ZyboCar\ZyboCar.sdk\ZyboCarDesign_wrapper_hw_platform_0" -c -fmessage-length=0 -MT"src/md5.o" -I../../standalone_bsp_0/ps7_cortexa9_0/include -MMD -MP -MF"src/md5.d" -MT"src/md5.d" -o "src/md5.o" "../src/md5.c"
../src/md5.c: In function 'MD5Final':
../src/md5.c:445:2: warning: dereferencing type-punned pointer will break strict-aliasing rules [-Wstrict-aliasing]
  ( (u32 *)context->intermediate )[ 14 ] = context->bits[ 0 ];
  ^
../src/md5.c:446:2: warning: dereferencing type-punned pointer will break strict-aliasing rules [-Wstrict-aliasing]
  ( (u32 *)context->intermediate )[ 15 ] = context->bits[ 1 ];
  ^
Finished building: ../src/md5.c
 
Building file: ../src/nand.c
Invoking: ARM gcc compiler
arm-xilinx-eabi-gcc -Wall -O2 -I"C:\Users\Kasper\Documents\GitHub\TIHSC\AI_Project\ZyboCar\ZyboCar.sdk\ZyboCarDesign_wrapper_hw_platform_0" -c -fmessage-length=0 -MT"src/nand.o" -I../../standalone_bsp_0/ps7_cortexa9_0/include -MMD -MP -MF"src/nand.d" -MT"src/nand.d" -o "src/nand.o" "../src/nand.c"
Finished building: ../src/nand.c
 
Building file: ../src/nor.c
Invoking: ARM gcc compiler
arm-xilinx-eabi-gcc -Wall -O2 -I"C:\Users\Kasper\Documents\GitHub\TIHSC\AI_Project\ZyboCar\ZyboCar.sdk\ZyboCarDesign_wrapper_hw_platform_0" -c -fmessage-length=0 -MT"src/nor.o" -I../../standalone_bsp_0/ps7_cortexa9_0/include -MMD -MP -MF"src/nor.d" -MT"src/nor.d" -o "src/nor.o" "../src/nor.c"
Finished building: ../src/nor.c
 
Building file: ../src/pcap.c
Invoking: ARM gcc compiler
arm-xilinx-eabi-gcc -Wall -O2 -I"C:\Users\Kasper\Documents\GitHub\TIHSC\AI_Project\ZyboCar\ZyboCar.sdk\ZyboCarDesign_wrapper_hw_platform_0" -c -fmessage-length=0 -MT"src/pcap.o" -I../../standalone_bsp_0/ps7_cortexa9_0/include -MMD -MP -MF"src/pcap.d" -MT"src/pcap.d" -o "src/pcap.o" "../src/pcap.c"
Finished building: ../src/pcap.c
 
Building file: C:/Users/Kasper/Documents/GitHub/TIHSC/AI_Project/ZyboCar/ZyboCar.sdk/ZyboCarDesign_wrapper_hw_platform_0/ps7_init.c
Invoking: ARM gcc compiler
arm-xilinx-eabi-gcc -Wall -O2 -I"C:\Users\Kasper\Documents\GitHub\TIHSC\AI_Project\ZyboCar\ZyboCar.sdk\ZyboCarDesign_wrapper_hw_platform_0" -c -fmessage-length=0 -MT"src/ps7_init.o" -I../../standalone_bsp_0/ps7_cortexa9_0/include -MMD -MP -MF"src/ps7_init.d" -MT"src/ps7_init.d" -o "src/ps7_init.o" "C:/Users/Kasper/Documents/GitHub/TIHSC/AI_Project/ZyboCar/ZyboCar.sdk/ZyboCarDesign_wrapper_hw_platform_0/ps7_init.c"
Finished building: C:/Users/Kasper/Documents/GitHub/TIHSC/AI_Project/ZyboCar/ZyboCar.sdk/ZyboCarDesign_wrapper_hw_platform_0/ps7_init.c
 
Building file: ../src/qspi.c
Invoking: ARM gcc compiler
arm-xilinx-eabi-gcc -Wall -O2 -I"C:\Users\Kasper\Documents\GitHub\TIHSC\AI_Project\ZyboCar\ZyboCar.sdk\ZyboCarDesign_wrapper_hw_platform_0" -c -fmessage-length=0 -MT"src/qspi.o" -I../../standalone_bsp_0/ps7_cortexa9_0/include -MMD -MP -MF"src/qspi.d" -MT"src/qspi.d" -o "src/qspi.o" "../src/qspi.c"
Finished building: ../src/qspi.c
 
Building file: ../src/rsa.c
Invoking: ARM gcc compiler
arm-xilinx-eabi-gcc -Wall -O2 -I"C:\Users\Kasper\Documents\GitHub\TIHSC\AI_Project\ZyboCar\ZyboCar.sdk\ZyboCarDesign_wrapper_hw_platform_0" -c -fmessage-length=0 -MT"src/rsa.o" -I../../standalone_bsp_0/ps7_cortexa9_0/include -MMD -MP -MF"src/rsa.d" -MT"src/rsa.d" -o "src/rsa.o" "../src/rsa.c"
Finished building: ../src/rsa.c
 
Building file: ../src/sd.c
Invoking: ARM gcc compiler
arm-xilinx-eabi-gcc -Wall -O2 -I"C:\Users\Kasper\Documents\GitHub\TIHSC\AI_Project\ZyboCar\ZyboCar.sdk\ZyboCarDesign_wrapper_hw_platform_0" -c -fmessage-length=0 -MT"src/sd.o" -I../../standalone_bsp_0/ps7_cortexa9_0/include -MMD -MP -MF"src/sd.d" -MT"src/sd.d" -o "src/sd.o" "../src/sd.c"
Finished building: ../src/sd.c
 
Building target: MyFirstFSBL.elf
Invoking: ARM gcc linker
arm-xilinx-eabi-gcc -L"C:\Users\Kasper\Documents\GitHub\TIHSC\AI_Project\ZyboCar\ZyboCar.sdk\MyFirstFSBL\src" -Wl,-T -Wl,../src/lscript.ld -L../../standalone_bsp_0/ps7_cortexa9_0/lib -o "MyFirstFSBL.elf"  ./src/fsbl_handoff.o ./src/fsbl_hooks.o ./src/image_mover.o ./src/main.o ./src/md5.o ./src/nand.o ./src/nor.o ./src/pcap.o ./src/ps7_init.o ./src/qspi.o ./src/rsa.o ./src/sd.o   -lrsa -Wl,--start-group,-lxil,-lgcc,-lc,--end-group -Wl,--start-group,-lxilffs,-lxil,-lgcc,-lc,--end-group -Wl,--start-group,-lrsa,-lxil,-lgcc,-lc,--end-group
Finished building target: MyFirstFSBL.elf
 
Invoking: ARM Print Size
arm-xilinx-eabi-size MyFirstFSBL.elf  |tee "MyFirstFSBL.elf.size"
   text	   data	    bss	    dec	    hex	filename
  49256	   9728	  71812	 130796	  1feec	MyFirstFSBL.elf
Finished building: MyFirstFSBL.elf.size
 
17:52:42 **** Clean-only build of configuration Debug for project ZyboCarApp ****
make clean 
rm -rf  ./src/LIDAR.d ./src/Particle.d ./src/ParticleFilter.d ./src/PathMaker.d ./src/RobotFrame.d ./src/main.d ./src/main0.d  ./src/LIDAR.o ./src/Particle.o ./src/ParticleFilter.o ./src/PathMaker.o ./src/RobotFrame.o ./src/Utility.o ./src/WaitForStart.o ./src/main.o ./src/main0.o ./src/move.o  ./src/Utility.d ./src/WaitForStart.d ./src/move.d  ZyboCarApp.elf.size  ZyboCarApp.elf
 
17:52:43 **** Auto Build of configuration Debug for project ZyboCarApp ****
make all 
Building file: ../src/LIDAR.cc
Invoking: ARM g++ compiler
arm-xilinx-eabi-g++ -Wall -O0 -g3 -c -fmessage-length=0 -MT"src/LIDAR.o" -std=c++11 -I../../standalone_bsp_0/ps7_cortexa9_0/include -MMD -MP -MF"src/LIDAR.d" -MT"src/LIDAR.d" -o "src/LIDAR.o" "../src/LIDAR.cc"
Finished building: ../src/LIDAR.cc
 
Building file: ../src/Particle.cc
Invoking: ARM g++ compiler
arm-xilinx-eabi-g++ -Wall -O0 -g3 -c -fmessage-length=0 -MT"src/Particle.o" -std=c++11 -I../../standalone_bsp_0/ps7_cortexa9_0/include -MMD -MP -MF"src/Particle.d" -MT"src/Particle.d" -o "src/Particle.o" "../src/Particle.cc"
Finished building: ../src/Particle.cc
 
Building file: ../src/ParticleFilter.cc
Invoking: ARM g++ compiler
arm-xilinx-eabi-g++ -Wall -O0 -g3 -c -fmessage-length=0 -MT"src/ParticleFilter.o" -std=c++11 -I../../standalone_bsp_0/ps7_cortexa9_0/include -MMD -MP -MF"src/ParticleFilter.d" -MT"src/ParticleFilter.d" -o "src/ParticleFilter.o" "../src/ParticleFilter.cc"
../src/ParticleFilter.cc: In member function 'void ParticleFilter::printParticles()':
../src/ParticleFilter.cc:7:37: warning: comparison between signed and unsigned integer expressions [-Wsign-compare]
     for(int i = 0; i<particles.size();i++){
                                     ^
../src/ParticleFilter.cc: In constructor 'ParticleFilter::ParticleFilter(std::vector<std::vector<int> >, int)':
../src/ParticleFilter.cc:19:8: warning: variable 'r' set but not used [-Wunused-but-set-variable]
  float r;
        ^
../src/ParticleFilter.cc: In member function 'void ParticleFilter::updateWeigths(int*)':
../src/ParticleFilter.cc:55:34: warning: comparison between signed and unsigned integer expressions [-Wsign-compare]
  for(int i = 0; i<particles.size();i++){
                                  ^
../src/ParticleFilter.cc: In member function 'void ParticleFilter::resample()':
../src/ParticleFilter.cc:71:36: warning: comparison between signed and unsigned integer expressions [-Wsign-compare]
  for(int i = 0; i < particles.size(); i++){
                                    ^
../src/ParticleFilter.cc: In member function 'void ParticleFilter::getNewPosition(Position&)':
../src/ParticleFilter.cc:88:36: warning: comparison between signed and unsigned integer expressions [-Wsign-compare]
  for(int i = 0; i < particles.size(); i++){
                                    ^
../src/ParticleFilter.cc: In member function 'void ParticleFilter::moveParticles(MoveBlock&)':
../src/ParticleFilter.cc:102:36: warning: comparison between signed and unsigned integer expressions [-Wsign-compare]
  for(int i = 0; i < particles.size(); i++){
                                    ^
Finished building: ../src/ParticleFilter.cc
 
Building file: ../src/PathMaker.cc
Invoking: ARM g++ compiler
arm-xilinx-eabi-g++ -Wall -O0 -g3 -c -fmessage-length=0 -MT"src/PathMaker.o" -std=c++11 -I../../standalone_bsp_0/ps7_cortexa9_0/include -MMD -MP -MF"src/PathMaker.d" -MT"src/PathMaker.d" -o "src/PathMaker.o" "../src/PathMaker.cc"
../src/PathMaker.cc: In member function 'void PathMaker::performAStar(Position&)':
../src/PathMaker.cc:95:56: warning: comparison between signed and unsigned integer expressions [-Wsign-compare]
                 for (int i = 0; i < possibleMoves.size(); i++) {
                                                        ^
../src/PathMaker.cc:148:31: warning: comparison between signed and unsigned integer expressions [-Wsign-compare]
     for (int y=0; y<path.size();y++){
                               ^
Finished building: ../src/PathMaker.cc
 
Building file: ../src/RobotFrame.cc
Invoking: ARM g++ compiler
arm-xilinx-eabi-g++ -Wall -O0 -g3 -c -fmessage-length=0 -MT"src/RobotFrame.o" -std=c++11 -I../../standalone_bsp_0/ps7_cortexa9_0/include -MMD -MP -MF"src/RobotFrame.d" -MT"src/RobotFrame.d" -o "src/RobotFrame.o" "../src/RobotFrame.cc"
Finished building: ../src/RobotFrame.cc
 
Building file: ../src/Utility.cpp
Invoking: ARM g++ compiler
arm-xilinx-eabi-g++ -Wall -O0 -g3 -c -fmessage-length=0 -MT"src/Utility.o" -std=c++11 -I../../standalone_bsp_0/ps7_cortexa9_0/include -MMD -MP -MF"src/Utility.d" -MT"src/Utility.d" -o "src/Utility.o" "../src/Utility.cpp"
Finished building: ../src/Utility.cpp
 
Building file: ../src/WaitForStart.cpp
Invoking: ARM g++ compiler
arm-xilinx-eabi-g++ -Wall -O0 -g3 -c -fmessage-length=0 -MT"src/WaitForStart.o" -std=c++11 -I../../standalone_bsp_0/ps7_cortexa9_0/include -MMD -MP -MF"src/WaitForStart.d" -MT"src/WaitForStart.d" -o "src/WaitForStart.o" "../src/WaitForStart.cpp"
Finished building: ../src/WaitForStart.cpp
 
Building file: ../src/main.cc
Invoking: ARM g++ compiler
arm-xilinx-eabi-g++ -Wall -O0 -g3 -c -fmessage-length=0 -MT"src/main.o" -std=c++11 -I../../standalone_bsp_0/ps7_cortexa9_0/include -MMD -MP -MF"src/main.d" -MT"src/main.d" -o "src/main.o" "../src/main.cc"
Finished building: ../src/main.cc
 
Building file: ../src/main0.cc
Invoking: ARM g++ compiler
arm-xilinx-eabi-g++ -Wall -O0 -g3 -c -fmessage-length=0 -MT"src/main0.o" -std=c++11 -I../../standalone_bsp_0/ps7_cortexa9_0/include -MMD -MP -MF"src/main0.d" -MT"src/main0.d" -o "src/main0.o" "../src/main0.cc"
Finished building: ../src/main0.cc
 
Building file: ../src/move.cpp
Invoking: ARM g++ compiler
arm-xilinx-eabi-g++ -Wall -O0 -g3 -c -fmessage-length=0 -MT"src/move.o" -std=c++11 -I../../standalone_bsp_0/ps7_cortexa9_0/include -MMD -MP -MF"src/move.d" -MT"src/move.d" -o "src/move.o" "../src/move.cpp"
Finished building: ../src/move.cpp
 
Building target: ZyboCarApp.elf
Invoking: ARM g++ linker
arm-xilinx-eabi-g++ -Wl,-T -Wl,../src/lscript.ld -L../../standalone_bsp_0/ps7_cortexa9_0/lib -o "ZyboCarApp.elf"  ./src/LIDAR.o ./src/Particle.o ./src/ParticleFilter.o ./src/PathMaker.o ./src/RobotFrame.o ./src/Utility.o ./src/WaitForStart.o ./src/main.o ./src/main0.o ./src/move.o   -Wl,--start-group,-lxil,-lgcc,-lc,-lstdc++,--end-group -Wl,--start-group,-lxilffs,-lxil,-lgcc,-lc,--end-group -Wl,--start-group,-lrsa,-lxil,-lgcc,-lc,--end-group
c:/xilinx/sdk/2014.4/gnu/arm/nt/bin/../lib/gcc/arm-xilinx-eabi/4.8.3/../../../../arm-xilinx-eabi/bin/ld.exe: ZyboCarApp.elf section `.text' will not fit in region `ps7_ram_0_S_AXI_BASEADDR'
c:/xilinx/sdk/2014.4/gnu/arm/nt/bin/../lib/gcc/arm-xilinx-eabi/4.8.3/../../../../arm-xilinx-eabi/bin/ld.exe: address 0x8c000 of ZyboCarApp.elf section `.mmu_tbl' is not within region `ps7_ram_0_S_AXI_BASEADDR'
c:/xilinx/sdk/2014.4/gnu/arm/nt/bin/../lib/gcc/arm-xilinx-eabi/4.8.3/../../../../arm-xilinx-eabi/bin/ld.exe: address 0x8c000 of ZyboCarApp.elf section `.mmu_tbl' is not within region `ps7_ram_0_S_AXI_BASEADDR'
c:/xilinx/sdk/2014.4/gnu/arm/nt/bin/../lib/gcc/arm-xilinx-eabi/4.8.3/../../../../arm-xilinx-eabi/bin/ld.exe: address 0x8c000 of ZyboCarApp.elf section `.mmu_tbl' is not within region `ps7_ram_0_S_AXI_BASEADDR'
c:/xilinx/sdk/2014.4/gnu/arm/nt/bin/../lib/gcc/arm-xilinx-eabi/4.8.3/../../../../arm-xilinx-eabi/bin/ld.exe: region `ps7_ram_0_S_AXI_BASEADDR' overflowed by 1404096 bytes
collect2.exe: error: ld returned 1 exit status
make: *** [ZyboCarApp.elf] Fejl 1
17:53:22 **** Clean-only build of configuration Debug for project ZyboCarApp ****
make clean 
rm -rf  ./src/LIDAR.d ./src/Particle.d ./src/ParticleFilter.d ./src/PathMaker.d ./src/RobotFrame.d ./src/main.d ./src/main0.d  ./src/LIDAR.o ./src/Particle.o ./src/ParticleFilter.o ./src/PathMaker.o ./src/RobotFrame.o ./src/Utility.o ./src/WaitForStart.o ./src/main.o ./src/main0.o ./src/move.o  ./src/Utility.d ./src/WaitForStart.d ./src/move.d  ZyboCarApp.elf.size  ZyboCarApp.elf
 
17:53:22 **** Auto Build of configuration Debug for project ZyboCarApp ****
make all 
Building file: ../src/LIDAR.cc
Invoking: ARM g++ compiler
arm-xilinx-eabi-g++ -Wall -O0 -g3 -c -fmessage-length=0 -MT"src/LIDAR.o" -std=c++11 -I../../standalone_bsp_0/ps7_cortexa9_0/include -MMD -MP -MF"src/LIDAR.d" -MT"src/LIDAR.d" -o "src/LIDAR.o" "../src/LIDAR.cc"
Finished building: ../src/LIDAR.cc
 
Building file: ../src/Particle.cc
Invoking: ARM g++ compiler
arm-xilinx-eabi-g++ -Wall -O0 -g3 -c -fmessage-length=0 -MT"src/Particle.o" -std=c++11 -I../../standalone_bsp_0/ps7_cortexa9_0/include -MMD -MP -MF"src/Particle.d" -MT"src/Particle.d" -o "src/Particle.o" "../src/Particle.cc"
Finished building: ../src/Particle.cc
 
Building file: ../src/ParticleFilter.cc
Invoking: ARM g++ compiler
arm-xilinx-eabi-g++ -Wall -O0 -g3 -c -fmessage-length=0 -MT"src/ParticleFilter.o" -std=c++11 -I../../standalone_bsp_0/ps7_cortexa9_0/include -MMD -MP -MF"src/ParticleFilter.d" -MT"src/ParticleFilter.d" -o "src/ParticleFilter.o" "../src/ParticleFilter.cc"
../src/ParticleFilter.cc: In member function 'void ParticleFilter::printParticles()':
../src/ParticleFilter.cc:7:37: warning: comparison between signed and unsigned integer expressions [-Wsign-compare]
     for(int i = 0; i<particles.size();i++){
                                     ^
../src/ParticleFilter.cc: In constructor 'ParticleFilter::ParticleFilter(std::vector<std::vector<int> >, int)':
../src/ParticleFilter.cc:19:8: warning: variable 'r' set but not used [-Wunused-but-set-variable]
  float r;
        ^
../src/ParticleFilter.cc: In member function 'void ParticleFilter::updateWeigths(int*)':
../src/ParticleFilter.cc:55:34: warning: comparison between signed and unsigned integer expressions [-Wsign-compare]
  for(int i = 0; i<particles.size();i++){
                                  ^
../src/ParticleFilter.cc: In member function 'void ParticleFilter::resample()':
../src/ParticleFilter.cc:71:36: warning: comparison between signed and unsigned integer expressions [-Wsign-compare]
  for(int i = 0; i < particles.size(); i++){
                                    ^
../src/ParticleFilter.cc: In member function 'void ParticleFilter::getNewPosition(Position&)':
../src/ParticleFilter.cc:88:36: warning: comparison between signed and unsigned integer expressions [-Wsign-compare]
  for(int i = 0; i < particles.size(); i++){
                                    ^
../src/ParticleFilter.cc: In member function 'void ParticleFilter::moveParticles(MoveBlock&)':
../src/ParticleFilter.cc:102:36: warning: comparison between signed and unsigned integer expressions [-Wsign-compare]
  for(int i = 0; i < particles.size(); i++){
                                    ^
Finished building: ../src/ParticleFilter.cc
 
Building file: ../src/PathMaker.cc
Invoking: ARM g++ compiler
arm-xilinx-eabi-g++ -Wall -O0 -g3 -c -fmessage-length=0 -MT"src/PathMaker.o" -std=c++11 -I../../standalone_bsp_0/ps7_cortexa9_0/include -MMD -MP -MF"src/PathMaker.d" -MT"src/PathMaker.d" -o "src/PathMaker.o" "../src/PathMaker.cc"
../src/PathMaker.cc: In member function 'void PathMaker::performAStar(Position&)':
../src/PathMaker.cc:95:56: warning: comparison between signed and unsigned integer expressions [-Wsign-compare]
                 for (int i = 0; i < possibleMoves.size(); i++) {
                                                        ^
../src/PathMaker.cc:148:31: warning: comparison between signed and unsigned integer expressions [-Wsign-compare]
     for (int y=0; y<path.size();y++){
                               ^
Finished building: ../src/PathMaker.cc
 
Building file: ../src/RobotFrame.cc
Invoking: ARM g++ compiler
arm-xilinx-eabi-g++ -Wall -O0 -g3 -c -fmessage-length=0 -MT"src/RobotFrame.o" -std=c++11 -I../../standalone_bsp_0/ps7_cortexa9_0/include -MMD -MP -MF"src/RobotFrame.d" -MT"src/RobotFrame.d" -o "src/RobotFrame.o" "../src/RobotFrame.cc"
Finished building: ../src/RobotFrame.cc
 
Building file: ../src/Utility.cpp
Invoking: ARM g++ compiler
arm-xilinx-eabi-g++ -Wall -O0 -g3 -c -fmessage-length=0 -MT"src/Utility.o" -std=c++11 -I../../standalone_bsp_0/ps7_cortexa9_0/include -MMD -MP -MF"src/Utility.d" -MT"src/Utility.d" -o "src/Utility.o" "../src/Utility.cpp"
Finished building: ../src/Utility.cpp
 
Building file: ../src/WaitForStart.cpp
Invoking: ARM g++ compiler
arm-xilinx-eabi-g++ -Wall -O0 -g3 -c -fmessage-length=0 -MT"src/WaitForStart.o" -std=c++11 -I../../standalone_bsp_0/ps7_cortexa9_0/include -MMD -MP -MF"src/WaitForStart.d" -MT"src/WaitForStart.d" -o "src/WaitForStart.o" "../src/WaitForStart.cpp"
Finished building: ../src/WaitForStart.cpp
 
Building file: ../src/main.cc
Invoking: ARM g++ compiler
arm-xilinx-eabi-g++ -Wall -O0 -g3 -c -fmessage-length=0 -MT"src/main.o" -std=c++11 -I../../standalone_bsp_0/ps7_cortexa9_0/include -MMD -MP -MF"src/main.d" -MT"src/main.d" -o "src/main.o" "../src/main.cc"
Finished building: ../src/main.cc
 
Building file: ../src/main0.cc
Invoking: ARM g++ compiler
arm-xilinx-eabi-g++ -Wall -O0 -g3 -c -fmessage-length=0 -MT"src/main0.o" -std=c++11 -I../../standalone_bsp_0/ps7_cortexa9_0/include -MMD -MP -MF"src/main0.d" -MT"src/main0.d" -o "src/main0.o" "../src/main0.cc"
Finished building: ../src/main0.cc
 
Building file: ../src/move.cpp
Invoking: ARM g++ compiler
arm-xilinx-eabi-g++ -Wall -O0 -g3 -c -fmessage-length=0 -MT"src/move.o" -std=c++11 -I../../standalone_bsp_0/ps7_cortexa9_0/include -MMD -MP -MF"src/move.d" -MT"src/move.d" -o "src/move.o" "../src/move.cpp"
Finished building: ../src/move.cpp
 
Building target: ZyboCarApp.elf
Invoking: ARM g++ linker
arm-xilinx-eabi-g++ -Wl,-T -Wl,../src/lscript.ld -L../../standalone_bsp_0/ps7_cortexa9_0/lib -o "ZyboCarApp.elf"  ./src/LIDAR.o ./src/Particle.o ./src/ParticleFilter.o ./src/PathMaker.o ./src/RobotFrame.o ./src/Utility.o ./src/WaitForStart.o ./src/main.o ./src/main0.o ./src/move.o   -Wl,--start-group,-lxil,-lgcc,-lc,-lstdc++,--end-group -Wl,--start-group,-lxilffs,-lxil,-lgcc,-lc,--end-group -Wl,--start-group,-lrsa,-lxil,-lgcc,-lc,--end-group
c:/xilinx/sdk/2014.4/gnu/arm/nt/bin/../lib/gcc/arm-xilinx-eabi/4.8.3/../../../../arm-xilinx-eabi/bin/ld.exe: ZyboCarApp.elf section `.text' will not fit in region `ps7_ram_0_S_AXI_BASEADDR'
c:/xilinx/sdk/2014.4/gnu/arm/nt/bin/../lib/gcc/arm-xilinx-eabi/4.8.3/../../../../arm-xilinx-eabi/bin/ld.exe: address 0x8c000 of ZyboCarApp.elf section `.mmu_tbl' is not within region `ps7_ram_0_S_AXI_BASEADDR'
c:/xilinx/sdk/2014.4/gnu/arm/nt/bin/../lib/gcc/arm-xilinx-eabi/4.8.3/../../../../arm-xilinx-eabi/bin/ld.exe: address 0x8c000 of ZyboCarApp.elf section `.mmu_tbl' is not within region `ps7_ram_0_S_AXI_BASEADDR'
c:/xilinx/sdk/2014.4/gnu/arm/nt/bin/../lib/gcc/arm-xilinx-eabi/4.8.3/../../../../arm-xilinx-eabi/bin/ld.exe: address 0x8c000 of ZyboCarApp.elf section `.mmu_tbl' is not within region `ps7_ram_0_S_AXI_BASEADDR'
c:/xilinx/sdk/2014.4/gnu/arm/nt/bin/../lib/gcc/arm-xilinx-eabi/4.8.3/../../../../arm-xilinx-eabi/bin/ld.exe: region `ps7_ram_0_S_AXI_BASEADDR' overflowed by 404320 bytes
collect2.exe: error: ld returned 1 exit status
make: *** [ZyboCarApp.elf] Fejl 1
17:54:09 **** Clean-only build of configuration Debug for project ZyboCarApp ****
make clean 
rm -rf  ./src/LIDAR.d ./src/Particle.d ./src/ParticleFilter.d ./src/PathMaker.d ./src/RobotFrame.d ./src/main.d ./src/main0.d  ./src/LIDAR.o ./src/Particle.o ./src/ParticleFilter.o ./src/PathMaker.o ./src/RobotFrame.o ./src/Utility.o ./src/WaitForStart.o ./src/main.o ./src/main0.o ./src/move.o  ./src/Utility.d ./src/WaitForStart.d ./src/move.d  ZyboCarApp.elf.size  ZyboCarApp.elf
 
17:54:09 **** Auto Build of configuration Debug for project ZyboCarApp ****
make all 
Building file: ../src/LIDAR.cc
Invoking: ARM g++ compiler
arm-xilinx-eabi-g++ -Wall -O0 -g3 -c -fmessage-length=0 -MT"src/LIDAR.o" -std=c++11 -I../../standalone_bsp_0/ps7_cortexa9_0/include -MMD -MP -MF"src/LIDAR.d" -MT"src/LIDAR.d" -o "src/LIDAR.o" "../src/LIDAR.cc"
Finished building: ../src/LIDAR.cc
 
Building file: ../src/Particle.cc
Invoking: ARM g++ compiler
arm-xilinx-eabi-g++ -Wall -O0 -g3 -c -fmessage-length=0 -MT"src/Particle.o" -std=c++11 -I../../standalone_bsp_0/ps7_cortexa9_0/include -MMD -MP -MF"src/Particle.d" -MT"src/Particle.d" -o "src/Particle.o" "../src/Particle.cc"
Finished building: ../src/Particle.cc
 
Building file: ../src/ParticleFilter.cc
Invoking: ARM g++ compiler
arm-xilinx-eabi-g++ -Wall -O0 -g3 -c -fmessage-length=0 -MT"src/ParticleFilter.o" -std=c++11 -I../../standalone_bsp_0/ps7_cortexa9_0/include -MMD -MP -MF"src/ParticleFilter.d" -MT"src/ParticleFilter.d" -o "src/ParticleFilter.o" "../src/ParticleFilter.cc"
../src/ParticleFilter.cc: In member function 'void ParticleFilter::printParticles()':
../src/ParticleFilter.cc:7:37: warning: comparison between signed and unsigned integer expressions [-Wsign-compare]
     for(int i = 0; i<particles.size();i++){
                                     ^
../src/ParticleFilter.cc: In constructor 'ParticleFilter::ParticleFilter(std::vector<std::vector<int> >, int)':
../src/ParticleFilter.cc:19:8: warning: variable 'r' set but not used [-Wunused-but-set-variable]
  float r;
        ^
../src/ParticleFilter.cc: In member function 'void ParticleFilter::updateWeigths(int*)':
../src/ParticleFilter.cc:55:34: warning: comparison between signed and unsigned integer expressions [-Wsign-compare]
  for(int i = 0; i<particles.size();i++){
                                  ^
../src/ParticleFilter.cc: In member function 'void ParticleFilter::resample()':
../src/ParticleFilter.cc:71:36: warning: comparison between signed and unsigned integer expressions [-Wsign-compare]
  for(int i = 0; i < particles.size(); i++){
                                    ^
../src/ParticleFilter.cc: In member function 'void ParticleFilter::getNewPosition(Position&)':
../src/ParticleFilter.cc:88:36: warning: comparison between signed and unsigned integer expressions [-Wsign-compare]
  for(int i = 0; i < particles.size(); i++){
                                    ^
../src/ParticleFilter.cc: In member function 'void ParticleFilter::moveParticles(MoveBlock&)':
../src/ParticleFilter.cc:102:36: warning: comparison between signed and unsigned integer expressions [-Wsign-compare]
  for(int i = 0; i < particles.size(); i++){
                                    ^
Finished building: ../src/ParticleFilter.cc
 
Building file: ../src/PathMaker.cc
Invoking: ARM g++ compiler
arm-xilinx-eabi-g++ -Wall -O0 -g3 -c -fmessage-length=0 -MT"src/PathMaker.o" -std=c++11 -I../../standalone_bsp_0/ps7_cortexa9_0/include -MMD -MP -MF"src/PathMaker.d" -MT"src/PathMaker.d" -o "src/PathMaker.o" "../src/PathMaker.cc"
../src/PathMaker.cc: In member function 'void PathMaker::performAStar(Position&)':
../src/PathMaker.cc:95:56: warning: comparison between signed and unsigned integer expressions [-Wsign-compare]
                 for (int i = 0; i < possibleMoves.size(); i++) {
                                                        ^
../src/PathMaker.cc:148:31: warning: comparison between signed and unsigned integer expressions [-Wsign-compare]
     for (int y=0; y<path.size();y++){
                               ^
Finished building: ../src/PathMaker.cc
 
Building file: ../src/RobotFrame.cc
Invoking: ARM g++ compiler
arm-xilinx-eabi-g++ -Wall -O0 -g3 -c -fmessage-length=0 -MT"src/RobotFrame.o" -std=c++11 -I../../standalone_bsp_0/ps7_cortexa9_0/include -MMD -MP -MF"src/RobotFrame.d" -MT"src/RobotFrame.d" -o "src/RobotFrame.o" "../src/RobotFrame.cc"
Finished building: ../src/RobotFrame.cc
 
Building file: ../src/Utility.cpp
Invoking: ARM g++ compiler
arm-xilinx-eabi-g++ -Wall -O0 -g3 -c -fmessage-length=0 -MT"src/Utility.o" -std=c++11 -I../../standalone_bsp_0/ps7_cortexa9_0/include -MMD -MP -MF"src/Utility.d" -MT"src/Utility.d" -o "src/Utility.o" "../src/Utility.cpp"
Finished building: ../src/Utility.cpp
 
Building file: ../src/WaitForStart.cpp
Invoking: ARM g++ compiler
arm-xilinx-eabi-g++ -Wall -O0 -g3 -c -fmessage-length=0 -MT"src/WaitForStart.o" -std=c++11 -I../../standalone_bsp_0/ps7_cortexa9_0/include -MMD -MP -MF"src/WaitForStart.d" -MT"src/WaitForStart.d" -o "src/WaitForStart.o" "../src/WaitForStart.cpp"
Finished building: ../src/WaitForStart.cpp
 
Building file: ../src/main.cc
Invoking: ARM g++ compiler
arm-xilinx-eabi-g++ -Wall -O0 -g3 -c -fmessage-length=0 -MT"src/main.o" -std=c++11 -I../../standalone_bsp_0/ps7_cortexa9_0/include -MMD -MP -MF"src/main.d" -MT"src/main.d" -o "src/main.o" "../src/main.cc"
Finished building: ../src/main.cc
 
Building file: ../src/main0.cc
Invoking: ARM g++ compiler
arm-xilinx-eabi-g++ -Wall -O0 -g3 -c -fmessage-length=0 -MT"src/main0.o" -std=c++11 -I../../standalone_bsp_0/ps7_cortexa9_0/include -MMD -MP -MF"src/main0.d" -MT"src/main0.d" -o "src/main0.o" "../src/main0.cc"
Finished building: ../src/main0.cc
 
Building file: ../src/move.cpp
Invoking: ARM g++ compiler
arm-xilinx-eabi-g++ -Wall -O0 -g3 -c -fmessage-length=0 -MT"src/move.o" -std=c++11 -I../../standalone_bsp_0/ps7_cortexa9_0/include -MMD -MP -MF"src/move.d" -MT"src/move.d" -o "src/move.o" "../src/move.cpp"
Finished building: ../src/move.cpp
 
Building target: ZyboCarApp.elf
Invoking: ARM g++ linker
arm-xilinx-eabi-g++ -Wl,-T -Wl,../src/lscript.ld -L../../standalone_bsp_0/ps7_cortexa9_0/lib -o "ZyboCarApp.elf"  ./src/LIDAR.o ./src/Particle.o ./src/ParticleFilter.o ./src/PathMaker.o ./src/RobotFrame.o ./src/Utility.o ./src/WaitForStart.o ./src/main.o ./src/main0.o ./src/move.o   -Wl,--start-group,-lxil,-lgcc,-lc,-lstdc++,--end-group -Wl,--start-group,-lxilffs,-lxil,-lgcc,-lc,--end-group -Wl,--start-group,-lrsa,-lxil,-lgcc,-lc,--end-group
Finished building target: ZyboCarApp.elf
 
Invoking: ARM Print Size
arm-xilinx-eabi-size ZyboCarApp.elf  |tee "ZyboCarApp.elf.size"
   text	   data	    bss	    dec	    hex	filename
 574120	   2624	  15248	 591992	  90878	ZyboCarApp.elf
Finished building: ZyboCarApp.elf.size
 
17:55:10 **** Clean-only build of configuration Debug for project ZyboCarApp ****
make clean 
rm -rf  ./src/LIDAR.d ./src/Particle.d ./src/ParticleFilter.d ./src/PathMaker.d ./src/RobotFrame.d ./src/main.d ./src/main0.d  ./src/LIDAR.o ./src/Particle.o ./src/ParticleFilter.o ./src/PathMaker.o ./src/RobotFrame.o ./src/Utility.o ./src/WaitForStart.o ./src/main.o ./src/main0.o ./src/move.o  ./src/Utility.d ./src/WaitForStart.d ./src/move.d  ZyboCarApp.elf.size  ZyboCarApp.elf
 
17:55:10 **** Auto Build of configuration Debug for project ZyboCarApp ****
make all 
Building file: ../src/LIDAR.cc
Invoking: ARM g++ compiler
arm-xilinx-eabi-g++ -Wall -O0 -g3 -c -fmessage-length=0 -MT"src/LIDAR.o" -std=c++11 -I../../standalone_bsp_0/ps7_cortexa9_0/include -MMD -MP -MF"src/LIDAR.d" -MT"src/LIDAR.d" -o "src/LIDAR.o" "../src/LIDAR.cc"
Finished building: ../src/LIDAR.cc
 
Building file: ../src/Particle.cc
Invoking: ARM g++ compiler
arm-xilinx-eabi-g++ -Wall -O0 -g3 -c -fmessage-length=0 -MT"src/Particle.o" -std=c++11 -I../../standalone_bsp_0/ps7_cortexa9_0/include -MMD -MP -MF"src/Particle.d" -MT"src/Particle.d" -o "src/Particle.o" "../src/Particle.cc"
Finished building: ../src/Particle.cc
 
Building file: ../src/ParticleFilter.cc
Invoking: ARM g++ compiler
arm-xilinx-eabi-g++ -Wall -O0 -g3 -c -fmessage-length=0 -MT"src/ParticleFilter.o" -std=c++11 -I../../standalone_bsp_0/ps7_cortexa9_0/include -MMD -MP -MF"src/ParticleFilter.d" -MT"src/ParticleFilter.d" -o "src/ParticleFilter.o" "../src/ParticleFilter.cc"
../src/ParticleFilter.cc: In member function 'void ParticleFilter::printParticles()':
../src/ParticleFilter.cc:7:37: warning: comparison between signed and unsigned integer expressions [-Wsign-compare]
     for(int i = 0; i<particles.size();i++){
                                     ^
../src/ParticleFilter.cc: In constructor 'ParticleFilter::ParticleFilter(std::vector<std::vector<int> >, int)':
../src/ParticleFilter.cc:19:8: warning: variable 'r' set but not used [-Wunused-but-set-variable]
  float r;
        ^
../src/ParticleFilter.cc: In member function 'void ParticleFilter::updateWeigths(int*)':
../src/ParticleFilter.cc:55:34: warning: comparison between signed and unsigned integer expressions [-Wsign-compare]
  for(int i = 0; i<particles.size();i++){
                                  ^
../src/ParticleFilter.cc: In member function 'void ParticleFilter::resample()':
../src/ParticleFilter.cc:71:36: warning: comparison between signed and unsigned integer expressions [-Wsign-compare]
  for(int i = 0; i < particles.size(); i++){
                                    ^
../src/ParticleFilter.cc: In member function 'void ParticleFilter::getNewPosition(Position&)':
../src/ParticleFilter.cc:88:36: warning: comparison between signed and unsigned integer expressions [-Wsign-compare]
  for(int i = 0; i < particles.size(); i++){
                                    ^
../src/ParticleFilter.cc: In member function 'void ParticleFilter::moveParticles(MoveBlock&)':
../src/ParticleFilter.cc:102:36: warning: comparison between signed and unsigned integer expressions [-Wsign-compare]
  for(int i = 0; i < particles.size(); i++){
                                    ^
Finished building: ../src/ParticleFilter.cc
 
Building file: ../src/PathMaker.cc
Invoking: ARM g++ compiler
arm-xilinx-eabi-g++ -Wall -O0 -g3 -c -fmessage-length=0 -MT"src/PathMaker.o" -std=c++11 -I../../standalone_bsp_0/ps7_cortexa9_0/include -MMD -MP -MF"src/PathMaker.d" -MT"src/PathMaker.d" -o "src/PathMaker.o" "../src/PathMaker.cc"
../src/PathMaker.cc: In member function 'void PathMaker::performAStar(Position&)':
../src/PathMaker.cc:95:56: warning: comparison between signed and unsigned integer expressions [-Wsign-compare]
                 for (int i = 0; i < possibleMoves.size(); i++) {
                                                        ^
../src/PathMaker.cc:148:31: warning: comparison between signed and unsigned integer expressions [-Wsign-compare]
     for (int y=0; y<path.size();y++){
                               ^
Finished building: ../src/PathMaker.cc
 
Building file: ../src/RobotFrame.cc
Invoking: ARM g++ compiler
arm-xilinx-eabi-g++ -Wall -O0 -g3 -c -fmessage-length=0 -MT"src/RobotFrame.o" -std=c++11 -I../../standalone_bsp_0/ps7_cortexa9_0/include -MMD -MP -MF"src/RobotFrame.d" -MT"src/RobotFrame.d" -o "src/RobotFrame.o" "../src/RobotFrame.cc"
Finished building: ../src/RobotFrame.cc
 
Building file: ../src/Utility.cpp
Invoking: ARM g++ compiler
arm-xilinx-eabi-g++ -Wall -O0 -g3 -c -fmessage-length=0 -MT"src/Utility.o" -std=c++11 -I../../standalone_bsp_0/ps7_cortexa9_0/include -MMD -MP -MF"src/Utility.d" -MT"src/Utility.d" -o "src/Utility.o" "../src/Utility.cpp"
Finished building: ../src/Utility.cpp
 
Building file: ../src/WaitForStart.cpp
Invoking: ARM g++ compiler
arm-xilinx-eabi-g++ -Wall -O0 -g3 -c -fmessage-length=0 -MT"src/WaitForStart.o" -std=c++11 -I../../standalone_bsp_0/ps7_cortexa9_0/include -MMD -MP -MF"src/WaitForStart.d" -MT"src/WaitForStart.d" -o "src/WaitForStart.o" "../src/WaitForStart.cpp"
Finished building: ../src/WaitForStart.cpp
 
Building file: ../src/main.cc
Invoking: ARM g++ compiler
arm-xilinx-eabi-g++ -Wall -O0 -g3 -c -fmessage-length=0 -MT"src/main.o" -std=c++11 -I../../standalone_bsp_0/ps7_cortexa9_0/include -MMD -MP -MF"src/main.d" -MT"src/main.d" -o "src/main.o" "../src/main.cc"
Finished building: ../src/main.cc
 
Building file: ../src/main0.cc
Invoking: ARM g++ compiler
arm-xilinx-eabi-g++ -Wall -O0 -g3 -c -fmessage-length=0 -MT"src/main0.o" -std=c++11 -I../../standalone_bsp_0/ps7_cortexa9_0/include -MMD -MP -MF"src/main0.d" -MT"src/main0.d" -o "src/main0.o" "../src/main0.cc"
Finished building: ../src/main0.cc
 
Building file: ../src/move.cpp
Invoking: ARM g++ compiler
arm-xilinx-eabi-g++ -Wall -O0 -g3 -c -fmessage-length=0 -MT"src/move.o" -std=c++11 -I../../standalone_bsp_0/ps7_cortexa9_0/include -MMD -MP -MF"src/move.d" -MT"src/move.d" -o "src/move.o" "../src/move.cpp"
Finished building: ../src/move.cpp
 
Building target: ZyboCarApp.elf
Invoking: ARM g++ linker
arm-xilinx-eabi-g++ -Wl,-T -Wl,../src/lscript.ld -L../../standalone_bsp_0/ps7_cortexa9_0/lib -o "ZyboCarApp.elf"  ./src/LIDAR.o ./src/Particle.o ./src/ParticleFilter.o ./src/PathMaker.o ./src/RobotFrame.o ./src/Utility.o ./src/WaitForStart.o ./src/main.o ./src/main0.o ./src/move.o   -Wl,--start-group,-lxil,-lgcc,-lc,-lstdc++,--end-group -Wl,--start-group,-lxilffs,-lxil,-lgcc,-lc,--end-group -Wl,--start-group,-lrsa,-lxil,-lgcc,-lc,--end-group
c:/xilinx/sdk/2014.4/gnu/arm/nt/bin/../lib/gcc/arm-xilinx-eabi/4.8.3/../../../../arm-xilinx-eabi/bin/ld.exe: ZyboCarApp.elf section `.stack' will not fit in region `ps7_ram_0_S_AXI_BASEADDR'
c:/xilinx/sdk/2014.4/gnu/arm/nt/bin/../lib/gcc/arm-xilinx-eabi/4.8.3/../../../../arm-xilinx-eabi/bin/ld.exe: region `ps7_ram_0_S_AXI_BASEADDR' overflowed by 28960 bytes
collect2.exe: error: ld returned 1 exit status
make: *** [ZyboCarApp.elf] Fejl 1
17:55:17 **** Incremental Build of configuration Debug for project ZyboCarApp ****
make all 
Building target: ZyboCarApp.elf
Invoking: ARM g++ linker
arm-xilinx-eabi-g++ -Wl,-T -Wl,../src/lscript.ld -L../../standalone_bsp_0/ps7_cortexa9_0/lib -o "ZyboCarApp.elf"  ./src/LIDAR.o ./src/Particle.o ./src/ParticleFilter.o ./src/PathMaker.o ./src/RobotFrame.o ./src/Utility.o ./src/WaitForStart.o ./src/main.o ./src/main0.o ./src/move.o   -Wl,--start-group,-lxil,-lgcc,-lc,-lstdc++,--end-group -Wl,--start-group,-lxilffs,-lxil,-lgcc,-lc,--end-group -Wl,--start-group,-lrsa,-lxil,-lgcc,-lc,--end-group
c:/xilinx/sdk/2014.4/gnu/arm/nt/bin/../lib/gcc/arm-xilinx-eabi/4.8.3/../../../../arm-xilinx-eabi/bin/ld.exe: ZyboCarApp.elf section `.stack' will not fit in region `ps7_ram_0_S_AXI_BASEADDR'
c:/xilinx/sdk/2014.4/gnu/arm/nt/bin/../lib/gcc/arm-xilinx-eabi/4.8.3/../../../../arm-xilinx-eabi/bin/ld.exe: region `ps7_ram_0_S_AXI_BASEADDR' overflowed by 28960 bytes
collect2.exe: error: ld returned 1 exit status
make: *** [ZyboCarApp.elf] Fejl 1
17:55:18 **** Incremental Build of configuration Release for project MyFirstFSBL ****
make all 
make: Ingenting at gøre for 'all'.
17:55:47 **** Clean-only build of configuration Debug for project ZyboCarApp ****
make clean 
rm -rf  ./src/LIDAR.d ./src/Particle.d ./src/ParticleFilter.d ./src/PathMaker.d ./src/RobotFrame.d ./src/main.d ./src/main0.d  ./src/LIDAR.o ./src/Particle.o ./src/ParticleFilter.o ./src/PathMaker.o ./src/RobotFrame.o ./src/Utility.o ./src/WaitForStart.o ./src/main.o ./src/main0.o ./src/move.o  ./src/Utility.d ./src/WaitForStart.d ./src/move.d  ZyboCarApp.elf.size  ZyboCarApp.elf
 
17:55:47 **** Auto Build of configuration Debug for project ZyboCarApp ****
make all 
Building file: ../src/LIDAR.cc
Invoking: ARM g++ compiler
arm-xilinx-eabi-g++ -Wall -O0 -g3 -c -fmessage-length=0 -MT"src/LIDAR.o" -std=c++11 -I../../standalone_bsp_0/ps7_cortexa9_0/include -MMD -MP -MF"src/LIDAR.d" -MT"src/LIDAR.d" -o "src/LIDAR.o" "../src/LIDAR.cc"
Finished building: ../src/LIDAR.cc
 
Building file: ../src/Particle.cc
Invoking: ARM g++ compiler
arm-xilinx-eabi-g++ -Wall -O0 -g3 -c -fmessage-length=0 -MT"src/Particle.o" -std=c++11 -I../../standalone_bsp_0/ps7_cortexa9_0/include -MMD -MP -MF"src/Particle.d" -MT"src/Particle.d" -o "src/Particle.o" "../src/Particle.cc"
Finished building: ../src/Particle.cc
 
Building file: ../src/ParticleFilter.cc
Invoking: ARM g++ compiler
arm-xilinx-eabi-g++ -Wall -O0 -g3 -c -fmessage-length=0 -MT"src/ParticleFilter.o" -std=c++11 -I../../standalone_bsp_0/ps7_cortexa9_0/include -MMD -MP -MF"src/ParticleFilter.d" -MT"src/ParticleFilter.d" -o "src/ParticleFilter.o" "../src/ParticleFilter.cc"
../src/ParticleFilter.cc: In member function 'void ParticleFilter::printParticles()':
../src/ParticleFilter.cc:7:37: warning: comparison between signed and unsigned integer expressions [-Wsign-compare]
     for(int i = 0; i<particles.size();i++){
                                     ^
../src/ParticleFilter.cc: In constructor 'ParticleFilter::ParticleFilter(std::vector<std::vector<int> >, int)':
../src/ParticleFilter.cc:19:8: warning: variable 'r' set but not used [-Wunused-but-set-variable]
  float r;
        ^
../src/ParticleFilter.cc: In member function 'void ParticleFilter::updateWeigths(int*)':
../src/ParticleFilter.cc:55:34: warning: comparison between signed and unsigned integer expressions [-Wsign-compare]
  for(int i = 0; i<particles.size();i++){
                                  ^
../src/ParticleFilter.cc: In member function 'void ParticleFilter::resample()':
../src/ParticleFilter.cc:71:36: warning: comparison between signed and unsigned integer expressions [-Wsign-compare]
  for(int i = 0; i < particles.size(); i++){
                                    ^
../src/ParticleFilter.cc: In member function 'void ParticleFilter::getNewPosition(Position&)':
../src/ParticleFilter.cc:88:36: warning: comparison between signed and unsigned integer expressions [-Wsign-compare]
  for(int i = 0; i < particles.size(); i++){
                                    ^
../src/ParticleFilter.cc: In member function 'void ParticleFilter::moveParticles(MoveBlock&)':
../src/ParticleFilter.cc:102:36: warning: comparison between signed and unsigned integer expressions [-Wsign-compare]
  for(int i = 0; i < particles.size(); i++){
                                    ^
Finished building: ../src/ParticleFilter.cc
 
Building file: ../src/PathMaker.cc
Invoking: ARM g++ compiler
arm-xilinx-eabi-g++ -Wall -O0 -g3 -c -fmessage-length=0 -MT"src/PathMaker.o" -std=c++11 -I../../standalone_bsp_0/ps7_cortexa9_0/include -MMD -MP -MF"src/PathMaker.d" -MT"src/PathMaker.d" -o "src/PathMaker.o" "../src/PathMaker.cc"
../src/PathMaker.cc: In member function 'void PathMaker::performAStar(Position&)':
../src/PathMaker.cc:95:56: warning: comparison between signed and unsigned integer expressions [-Wsign-compare]
                 for (int i = 0; i < possibleMoves.size(); i++) {
                                                        ^
../src/PathMaker.cc:148:31: warning: comparison between signed and unsigned integer expressions [-Wsign-compare]
     for (int y=0; y<path.size();y++){
                               ^
Finished building: ../src/PathMaker.cc
 
Building file: ../src/RobotFrame.cc
Invoking: ARM g++ compiler
arm-xilinx-eabi-g++ -Wall -O0 -g3 -c -fmessage-length=0 -MT"src/RobotFrame.o" -std=c++11 -I../../standalone_bsp_0/ps7_cortexa9_0/include -MMD -MP -MF"src/RobotFrame.d" -MT"src/RobotFrame.d" -o "src/RobotFrame.o" "../src/RobotFrame.cc"
Finished building: ../src/RobotFrame.cc
 
Building file: ../src/Utility.cpp
Invoking: ARM g++ compiler
arm-xilinx-eabi-g++ -Wall -O0 -g3 -c -fmessage-length=0 -MT"src/Utility.o" -std=c++11 -I../../standalone_bsp_0/ps7_cortexa9_0/include -MMD -MP -MF"src/Utility.d" -MT"src/Utility.d" -o "src/Utility.o" "../src/Utility.cpp"
Finished building: ../src/Utility.cpp
 
Building file: ../src/WaitForStart.cpp
Invoking: ARM g++ compiler
arm-xilinx-eabi-g++ -Wall -O0 -g3 -c -fmessage-length=0 -MT"src/WaitForStart.o" -std=c++11 -I../../standalone_bsp_0/ps7_cortexa9_0/include -MMD -MP -MF"src/WaitForStart.d" -MT"src/WaitForStart.d" -o "src/WaitForStart.o" "../src/WaitForStart.cpp"
Finished building: ../src/WaitForStart.cpp
 
Building file: ../src/main.cc
Invoking: ARM g++ compiler
arm-xilinx-eabi-g++ -Wall -O0 -g3 -c -fmessage-length=0 -MT"src/main.o" -std=c++11 -I../../standalone_bsp_0/ps7_cortexa9_0/include -MMD -MP -MF"src/main.d" -MT"src/main.d" -o "src/main.o" "../src/main.cc"
Finished building: ../src/main.cc
 
Building file: ../src/main0.cc
Invoking: ARM g++ compiler
arm-xilinx-eabi-g++ -Wall -O0 -g3 -c -fmessage-length=0 -MT"src/main0.o" -std=c++11 -I../../standalone_bsp_0/ps7_cortexa9_0/include -MMD -MP -MF"src/main0.d" -MT"src/main0.d" -o "src/main0.o" "../src/main0.cc"
Finished building: ../src/main0.cc
 
Building file: ../src/move.cpp
Invoking: ARM g++ compiler
arm-xilinx-eabi-g++ -Wall -O0 -g3 -c -fmessage-length=0 -MT"src/move.o" -std=c++11 -I../../standalone_bsp_0/ps7_cortexa9_0/include -MMD -MP -MF"src/move.d" -MT"src/move.d" -o "src/move.o" "../src/move.cpp"
Finished building: ../src/move.cpp
 
Building target: ZyboCarApp.elf
Invoking: ARM g++ linker
arm-xilinx-eabi-g++ -Wl,-T -Wl,../src/lscript.ld -L../../standalone_bsp_0/ps7_cortexa9_0/lib -o "ZyboCarApp.elf"  ./src/LIDAR.o ./src/Particle.o ./src/ParticleFilter.o ./src/PathMaker.o ./src/RobotFrame.o ./src/Utility.o ./src/WaitForStart.o ./src/main.o ./src/main0.o ./src/move.o   -Wl,--start-group,-lxil,-lgcc,-lc,-lstdc++,--end-group -Wl,--start-group,-lxilffs,-lxil,-lgcc,-lc,--end-group -Wl,--start-group,-lrsa,-lxil,-lgcc,-lc,--end-group
Finished building target: ZyboCarApp.elf
 
Invoking: ARM Print Size
arm-xilinx-eabi-size ZyboCarApp.elf  |tee "ZyboCarApp.elf.size"
   text	   data	    bss	    dec	    hex	filename
 574120	   2624	 115016	 691760	  a8e30	ZyboCarApp.elf
Finished building: ZyboCarApp.elf.size
 
17:55:55 **** Incremental Build of configuration Debug for project ZyboCarApp ****
make all 
make: Ingenting at gøre for 'all'.
17:55:55 **** Incremental Build of configuration Release for project MyFirstFSBL ****
make all 
make: Ingenting at gøre for 'all'.
17:56:22 **** Incremental Build of configuration Debug for project ZyboCarApp ****
make all 
make: Ingenting at gøre for 'all'.
17:56:22 **** Incremental Build of configuration Release for project MyFirstFSBL ****
make all 
make: Ingenting at gøre for 'all'.
17:57:00 **** Incremental Build of configuration Debug for project ZyboCarApp ****
make all 
make: Ingenting at gøre for 'all'.
17:57:01 **** Incremental Build of configuration Release for project MyFirstFSBL ****
make all 
make: Ingenting at gøre for 'all'.
17:57:31 **** Incremental Build of configuration Debug for project ZyboCarApp ****
make all 
make: Ingenting at gøre for 'all'.
17:57:31 **** Incremental Build of configuration Release for project MyFirstFSBL ****
make all 
make: Ingenting at gøre for 'all'.
17:58:19 **** Auto Build of configuration Debug for project ZyboCarApp ****
make all 
Building file: ../src/PathMaker.cc
Invoking: ARM g++ compiler
arm-xilinx-eabi-g++ -Wall -O0 -g3 -c -fmessage-length=0 -MT"src/PathMaker.o" -std=c++11 -I../../standalone_bsp_0/ps7_cortexa9_0/include -MMD -MP -MF"src/PathMaker.d" -MT"src/PathMaker.d" -o "src/PathMaker.o" "../src/PathMaker.cc"
../src/PathMaker.cc: In member function 'void PathMaker::performAStar(Position&)':
../src/PathMaker.cc:95:56: warning: comparison between signed and unsigned integer expressions [-Wsign-compare]
                 for (int i = 0; i < possibleMoves.size(); i++) {
                                                        ^
../src/PathMaker.cc:148:31: warning: comparison between signed and unsigned integer expressions [-Wsign-compare]
     for (int y=0; y<path.size();y++){
                               ^
Finished building: ../src/PathMaker.cc
 
Building target: ZyboCarApp.elf
Invoking: ARM g++ linker
arm-xilinx-eabi-g++ -Wl,-T -Wl,../src/lscript.ld -L../../standalone_bsp_0/ps7_cortexa9_0/lib -o "ZyboCarApp.elf"  ./src/LIDAR.o ./src/Particle.o ./src/ParticleFilter.o ./src/PathMaker.o ./src/RobotFrame.o ./src/Utility.o ./src/WaitForStart.o ./src/main.o ./src/main0.o ./src/move.o   -Wl,--start-group,-lxil,-lgcc,-lc,-lstdc++,--end-group -Wl,--start-group,-lxilffs,-lxil,-lgcc,-lc,--end-group -Wl,--start-group,-lrsa,-lxil,-lgcc,-lc,--end-group
Finished building target: ZyboCarApp.elf
 
Invoking: ARM Print Size
arm-xilinx-eabi-size ZyboCarApp.elf  |tee "ZyboCarApp.elf.size"
   text	   data	    bss	    dec	    hex	filename
 574120	   2624	 115016	 691760	  a8e30	ZyboCarApp.elf
Finished building: ZyboCarApp.elf.size
 
17:59:05 **** Incremental Build of configuration Debug for project ZyboCarApp ****
make all 
make: Ingenting at gøre for 'all'.
17:59:06 **** Incremental Build of configuration Release for project MyFirstFSBL ****
make all 
make: Ingenting at gøre for 'all'.
18:00:24 **** Incremental Build of project standalone_bsp_0 ****
make -k all 
"Running Make include in ps7_cortexa9_0/libsrc/cpu_cortexa9_v2_1/src"
make -C ps7_cortexa9_0/libsrc/cpu_cortexa9_v2_1/src -s include  "SHELL=CMD" "COMPILER=arm-xilinx-eabi-gcc" "ARCHIVER=arm-xilinx-eabi-ar" "COMPILER_FLAGS=  -O2 -c" "EXTRA_COMPILER_FLAGS=-g"
"Running Make include in ps7_cortexa9_0/libsrc/devcfg_v3_2/src"
make -C ps7_cortexa9_0/libsrc/devcfg_v3_2/src -s include  "SHELL=CMD" "COMPILER=arm-xilinx-eabi-gcc" "ARCHIVER=arm-xilinx-eabi-ar" "COMPILER_FLAGS=  -O2 -c" "EXTRA_COMPILER_FLAGS=-g"
"Running Make include in ps7_cortexa9_0/libsrc/dmaps_v2_1/src"
make -C ps7_cortexa9_0/libsrc/dmaps_v2_1/src -s include  "SHELL=CMD" "COMPILER=arm-xilinx-eabi-gcc" "ARCHIVER=arm-xilinx-eabi-ar" "COMPILER_FLAGS=  -O2 -c" "EXTRA_COMPILER_FLAGS=-g"
"Running Make include in ps7_cortexa9_0/libsrc/gpio_v4_0/src"
make -C ps7_cortexa9_0/libsrc/gpio_v4_0/src -s include  "SHELL=CMD" "COMPILER=arm-xilinx-eabi-gcc" "ARCHIVER=arm-xilinx-eabi-ar" "COMPILER_FLAGS=  -O2 -c" "EXTRA_COMPILER_FLAGS=-g"
"Running Make include in ps7_cortexa9_0/libsrc/motorctrl_top_v1_1/src"
make -C ps7_cortexa9_0/libsrc/motorctrl_top_v1_1/src -s include  "SHELL=CMD" "COMPILER=arm-xilinx-eabi-gcc" "ARCHIVER=arm-xilinx-eabi-ar" "COMPILER_FLAGS=  -O2 -c" "EXTRA_COMPILER_FLAGS=-g"
"Running Make include in ps7_cortexa9_0/libsrc/qspips_v3_1/src"
make -C ps7_cortexa9_0/libsrc/qspips_v3_1/src -s include  "SHELL=CMD" "COMPILER=arm-xilinx-eabi-gcc" "ARCHIVER=arm-xilinx-eabi-ar" "COMPILER_FLAGS=  -O2 -c" "EXTRA_COMPILER_FLAGS=-g"
"Running Make include in ps7_cortexa9_0/libsrc/scugic_v2_1/src"
make -C ps7_cortexa9_0/libsrc/scugic_v2_1/src -s include  "SHELL=CMD" "COMPILER=arm-xilinx-eabi-gcc" "ARCHIVER=arm-xilinx-eabi-ar" "COMPILER_FLAGS=  -O2 -c" "EXTRA_COMPILER_FLAGS=-g"
"Running Make include in ps7_cortexa9_0/libsrc/scutimer_v2_0/src"
make -C ps7_cortexa9_0/libsrc/scutimer_v2_0/src -s include  "SHELL=CMD" "COMPILER=arm-xilinx-eabi-gcc" "ARCHIVER=arm-xilinx-eabi-ar" "COMPILER_FLAGS=  -O2 -c" "EXTRA_COMPILER_FLAGS=-g"
"Running Make include in ps7_cortexa9_0/libsrc/scuwdt_v2_0/src"
make -C ps7_cortexa9_0/libsrc/scuwdt_v2_0/src -s include  "SHELL=CMD" "COMPILER=arm-xilinx-eabi-gcc" "ARCHIVER=arm-xilinx-eabi-ar" "COMPILER_FLAGS=  -O2 -c" "EXTRA_COMPILER_FLAGS=-g"
"Running Make include in ps7_cortexa9_0/libsrc/standalone_v4_2/src"
make -C ps7_cortexa9_0/libsrc/standalone_v4_2/src -s include  "SHELL=CMD" "COMPILER=arm-xilinx-eabi-gcc" "ARCHIVER=arm-xilinx-eabi-ar" "COMPILER_FLAGS=  -O2 -c" "EXTRA_COMPILER_FLAGS=-g"
"Running Make include in ps7_cortexa9_0/libsrc/uartlite_v3_0/src"
make -C ps7_cortexa9_0/libsrc/uartlite_v3_0/src -s include  "SHELL=CMD" "COMPILER=arm-xilinx-eabi-gcc" "ARCHIVER=arm-xilinx-eabi-ar" "COMPILER_FLAGS=  -O2 -c" "EXTRA_COMPILER_FLAGS=-g"
"Running Make include in ps7_cortexa9_0/libsrc/uartps_v2_2/src"
make -C ps7_cortexa9_0/libsrc/uartps_v2_2/src -s include  "SHELL=CMD" "COMPILER=arm-xilinx-eabi-gcc" "ARCHIVER=arm-xilinx-eabi-ar" "COMPILER_FLAGS=  -O2 -c" "EXTRA_COMPILER_FLAGS=-g"
"Running Make include in ps7_cortexa9_0/libsrc/xadcps_v2_1/src"
make -C ps7_cortexa9_0/libsrc/xadcps_v2_1/src -s include  "SHELL=CMD" "COMPILER=arm-xilinx-eabi-gcc" "ARCHIVER=arm-xilinx-eabi-ar" "COMPILER_FLAGS=  -O2 -c" "EXTRA_COMPILER_FLAGS=-g"
"Running Make include in ps7_cortexa9_0/libsrc/xilffs_v2_2/src"
make -C ps7_cortexa9_0/libsrc/xilffs_v2_2/src -s include  "SHELL=CMD" "COMPILER=arm-xilinx-eabi-gcc" "ARCHIVER=arm-xilinx-eabi-ar" "COMPILER_FLAGS=  -O2 -c" "EXTRA_COMPILER_FLAGS=-g"
"Running Make include in ps7_cortexa9_0/libsrc/xilrsa_v1_1/src"
make -C ps7_cortexa9_0/libsrc/xilrsa_v1_1/src -s include  "SHELL=CMD" "COMPILER=arm-xilinx-eabi-gcc" "ARCHIVER=arm-xilinx-eabi-ar" "COMPILER_FLAGS=  -O2 -c" "EXTRA_COMPILER_FLAGS=-g"
"Running Make libs in ps7_cortexa9_0/libsrc/cpu_cortexa9_v2_1/src"
make -C ps7_cortexa9_0/libsrc/cpu_cortexa9_v2_1/src -s libs  "SHELL=CMD" "COMPILER=arm-xilinx-eabi-gcc" "ARCHIVER=arm-xilinx-eabi-ar" "COMPILER_FLAGS=  -O2 -c" "EXTRA_COMPILER_FLAGS=-g"
"Compiling cpu_cortexa9"
"Running Make libs in ps7_cortexa9_0/libsrc/devcfg_v3_2/src"
make -C ps7_cortexa9_0/libsrc/devcfg_v3_2/src -s libs  "SHELL=CMD" "COMPILER=arm-xilinx-eabi-gcc" "ARCHIVER=arm-xilinx-eabi-ar" "COMPILER_FLAGS=  -O2 -c" "EXTRA_COMPILER_FLAGS=-g"
"Compiling devcfg"
"Running Make libs in ps7_cortexa9_0/libsrc/dmaps_v2_1/src"
make -C ps7_cortexa9_0/libsrc/dmaps_v2_1/src -s libs  "SHELL=CMD" "COMPILER=arm-xilinx-eabi-gcc" "ARCHIVER=arm-xilinx-eabi-ar" "COMPILER_FLAGS=  -O2 -c" "EXTRA_COMPILER_FLAGS=-g"
"Compiling dmaps"
"Running Make libs in ps7_cortexa9_0/libsrc/gpio_v4_0/src"
make -C ps7_cortexa9_0/libsrc/gpio_v4_0/src -s libs  "SHELL=CMD" "COMPILER=arm-xilinx-eabi-gcc" "ARCHIVER=arm-xilinx-eabi-ar" "COMPILER_FLAGS=  -O2 -c" "EXTRA_COMPILER_FLAGS=-g"
"Compiling gpio"
"Running Make libs in ps7_cortexa9_0/libsrc/motorctrl_top_v1_1/src"
make -C ps7_cortexa9_0/libsrc/motorctrl_top_v1_1/src -s libs  "SHELL=CMD" "COMPILER=arm-xilinx-eabi-gcc" "ARCHIVER=arm-xilinx-eabi-ar" "COMPILER_FLAGS=  -O2 -c" "EXTRA_COMPILER_FLAGS=-g"
"Compiling motorctrl_top"
"Running Make libs in ps7_cortexa9_0/libsrc/qspips_v3_1/src"
make -C ps7_cortexa9_0/libsrc/qspips_v3_1/src -s libs  "SHELL=CMD" "COMPILER=arm-xilinx-eabi-gcc" "ARCHIVER=arm-xilinx-eabi-ar" "COMPILER_FLAGS=  -O2 -c" "EXTRA_COMPILER_FLAGS=-g"
"Compiling qspips"
"Running Make libs in ps7_cortexa9_0/libsrc/scugic_v2_1/src"
make -C ps7_cortexa9_0/libsrc/scugic_v2_1/src -s libs  "SHELL=CMD" "COMPILER=arm-xilinx-eabi-gcc" "ARCHIVER=arm-xilinx-eabi-ar" "COMPILER_FLAGS=  -O2 -c" "EXTRA_COMPILER_FLAGS=-g"
"Compiling scugic"
"Running Make libs in ps7_cortexa9_0/libsrc/scutimer_v2_0/src"
make -C ps7_cortexa9_0/libsrc/scutimer_v2_0/src -s libs  "SHELL=CMD" "COMPILER=arm-xilinx-eabi-gcc" "ARCHIVER=arm-xilinx-eabi-ar" "COMPILER_FLAGS=  -O2 -c" "EXTRA_COMPILER_FLAGS=-g"
"Compiling scutimer"
"Running Make libs in ps7_cortexa9_0/libsrc/scuwdt_v2_0/src"
make -C ps7_cortexa9_0/libsrc/scuwdt_v2_0/src -s libs  "SHELL=CMD" "COMPILER=arm-xilinx-eabi-gcc" "ARCHIVER=arm-xilinx-eabi-ar" "COMPILER_FLAGS=  -O2 -c" "EXTRA_COMPILER_FLAGS=-g"
"Compiling scuwdt"
"Running Make libs in ps7_cortexa9_0/libsrc/standalone_v4_2/src"
make -C ps7_cortexa9_0/libsrc/standalone_v4_2/src -s libs  "SHELL=CMD" "COMPILER=arm-xilinx-eabi-gcc" "ARCHIVER=arm-xilinx-eabi-ar" "COMPILER_FLAGS=  -O2 -c" "EXTRA_COMPILER_FLAGS=-g"
"Compiling standalone"
"Running Make libs in ps7_cortexa9_0/libsrc/uartlite_v3_0/src"
make -C ps7_cortexa9_0/libsrc/uartlite_v3_0/src -s libs  "SHELL=CMD" "COMPILER=arm-xilinx-eabi-gcc" "ARCHIVER=arm-xilinx-eabi-ar" "COMPILER_FLAGS=  -O2 -c" "EXTRA_COMPILER_FLAGS=-g"
"Compiling uartlite"
"Running Make libs in ps7_cortexa9_0/libsrc/uartps_v2_2/src"
make -C ps7_cortexa9_0/libsrc/uartps_v2_2/src -s libs  "SHELL=CMD" "COMPILER=arm-xilinx-eabi-gcc" "ARCHIVER=arm-xilinx-eabi-ar" "COMPILER_FLAGS=  -O2 -c" "EXTRA_COMPILER_FLAGS=-g"
"Compiling uartps"
"Running Make libs in ps7_cortexa9_0/libsrc/xadcps_v2_1/src"
make -C ps7_cortexa9_0/libsrc/xadcps_v2_1/src -s libs  "SHELL=CMD" "COMPILER=arm-xilinx-eabi-gcc" "ARCHIVER=arm-xilinx-eabi-ar" "COMPILER_FLAGS=  -O2 -c" "EXTRA_COMPILER_FLAGS=-g"
"Compiling xadcps"
"Running Make libs in ps7_cortexa9_0/libsrc/xilffs_v2_2/src"
make -C ps7_cortexa9_0/libsrc/xilffs_v2_2/src -s libs  "SHELL=CMD" "COMPILER=arm-xilinx-eabi-gcc" "ARCHIVER=arm-xilinx-eabi-ar" "COMPILER_FLAGS=  -O2 -c" "EXTRA_COMPILER_FLAGS=-g"
"Compiling XilFFs Library"
"Creating archive libxilffs.a"
"Running Make libs in ps7_cortexa9_0/libsrc/xilrsa_v1_1/src"
make -C ps7_cortexa9_0/libsrc/xilrsa_v1_1/src -s libs  "SHELL=CMD" "COMPILER=arm-xilinx-eabi-gcc" "ARCHIVER=arm-xilinx-eabi-ar" "COMPILER_FLAGS=  -O2 -c" "EXTRA_COMPILER_FLAGS=-g"
'Finished building libraries'
18:01:02 **** Incremental Build of configuration Debug for project ZyboCarApp ****
make all 
Building file: ../src/LIDAR.cc
Invoking: ARM g++ compiler
arm-xilinx-eabi-g++ -Wall -O0 -g3 -c -fmessage-length=0 -MT"src/LIDAR.o" -std=c++11 -I../../standalone_bsp_0/ps7_cortexa9_0/include -MMD -MP -MF"src/LIDAR.d" -MT"src/LIDAR.d" -o "src/LIDAR.o" "../src/LIDAR.cc"
Finished building: ../src/LIDAR.cc
 
Building file: ../src/RobotFrame.cc
Invoking: ARM g++ compiler
arm-xilinx-eabi-g++ -Wall -O0 -g3 -c -fmessage-length=0 -MT"src/RobotFrame.o" -std=c++11 -I../../standalone_bsp_0/ps7_cortexa9_0/include -MMD -MP -MF"src/RobotFrame.d" -MT"src/RobotFrame.d" -o "src/RobotFrame.o" "../src/RobotFrame.cc"
Finished building: ../src/RobotFrame.cc
 
Building file: ../src/WaitForStart.cpp
Invoking: ARM g++ compiler
arm-xilinx-eabi-g++ -Wall -O0 -g3 -c -fmessage-length=0 -MT"src/WaitForStart.o" -std=c++11 -I../../standalone_bsp_0/ps7_cortexa9_0/include -MMD -MP -MF"src/WaitForStart.d" -MT"src/WaitForStart.d" -o "src/WaitForStart.o" "../src/WaitForStart.cpp"
Finished building: ../src/WaitForStart.cpp
 
Building file: ../src/main.cc
Invoking: ARM g++ compiler
arm-xilinx-eabi-g++ -Wall -O0 -g3 -c -fmessage-length=0 -MT"src/main.o" -std=c++11 -I../../standalone_bsp_0/ps7_cortexa9_0/include -MMD -MP -MF"src/main.d" -MT"src/main.d" -o "src/main.o" "../src/main.cc"
Finished building: ../src/main.cc
 
Building file: ../src/move.cpp
Invoking: ARM g++ compiler
arm-xilinx-eabi-g++ -Wall -O0 -g3 -c -fmessage-length=0 -MT"src/move.o" -std=c++11 -I../../standalone_bsp_0/ps7_cortexa9_0/include -MMD -MP -MF"src/move.d" -MT"src/move.d" -o "src/move.o" "../src/move.cpp"
Finished building: ../src/move.cpp
 
Building target: ZyboCarApp.elf
Invoking: ARM g++ linker
arm-xilinx-eabi-g++ -Wl,-T -Wl,../src/lscript.ld -L../../standalone_bsp_0/ps7_cortexa9_0/lib -o "ZyboCarApp.elf"  ./src/LIDAR.o ./src/Particle.o ./src/ParticleFilter.o ./src/PathMaker.o ./src/RobotFrame.o ./src/Utility.o ./src/WaitForStart.o ./src/main.o ./src/main0.o ./src/move.o   -Wl,--start-group,-lxil,-lgcc,-lc,-lstdc++,--end-group -Wl,--start-group,-lxilffs,-lxil,-lgcc,-lc,--end-group -Wl,--start-group,-lrsa,-lxil,-lgcc,-lc,--end-group
Finished building target: ZyboCarApp.elf
 
Invoking: ARM Print Size
arm-xilinx-eabi-size ZyboCarApp.elf  |tee "ZyboCarApp.elf.size"
   text	   data	    bss	    dec	    hex	filename
 574120	   2624	 115016	 691760	  a8e30	ZyboCarApp.elf
Finished building: ZyboCarApp.elf.size
 
18:01:07 **** Incremental Build of configuration Release for project MyFirstFSBL ****
make all 
Building file: ../src/fsbl_hooks.c
Invoking: ARM gcc compiler
arm-xilinx-eabi-gcc -Wall -O2 -I"C:\Users\Kasper\Documents\GitHub\TIHSC\AI_Project\ZyboCar\ZyboCar.sdk\ZyboCarDesign_wrapper_hw_platform_0" -c -fmessage-length=0 -MT"src/fsbl_hooks.o" -I../../standalone_bsp_0/ps7_cortexa9_0/include -MMD -MP -MF"src/fsbl_hooks.d" -MT"src/fsbl_hooks.d" -o "src/fsbl_hooks.o" "../src/fsbl_hooks.c"
Finished building: ../src/fsbl_hooks.c
 
Building file: ../src/image_mover.c
Invoking: ARM gcc compiler
arm-xilinx-eabi-gcc -Wall -O2 -I"C:\Users\Kasper\Documents\GitHub\TIHSC\AI_Project\ZyboCar\ZyboCar.sdk\ZyboCarDesign_wrapper_hw_platform_0" -c -fmessage-length=0 -MT"src/image_mover.o" -I../../standalone_bsp_0/ps7_cortexa9_0/include -MMD -MP -MF"src/image_mover.d" -MT"src/image_mover.d" -o "src/image_mover.o" "../src/image_mover.c"
Finished building: ../src/image_mover.c
 
Building file: ../src/main.c
Invoking: ARM gcc compiler
arm-xilinx-eabi-gcc -Wall -O2 -I"C:\Users\Kasper\Documents\GitHub\TIHSC\AI_Project\ZyboCar\ZyboCar.sdk\ZyboCarDesign_wrapper_hw_platform_0" -c -fmessage-length=0 -MT"src/main.o" -I../../standalone_bsp_0/ps7_cortexa9_0/include -MMD -MP -MF"src/main.d" -MT"src/main.d" -o "src/main.o" "../src/main.c"
Finished building: ../src/main.c
 
Building file: ../src/md5.c
Invoking: ARM gcc compiler
arm-xilinx-eabi-gcc -Wall -O2 -I"C:\Users\Kasper\Documents\GitHub\TIHSC\AI_Project\ZyboCar\ZyboCar.sdk\ZyboCarDesign_wrapper_hw_platform_0" -c -fmessage-length=0 -MT"src/md5.o" -I../../standalone_bsp_0/ps7_cortexa9_0/include -MMD -MP -MF"src/md5.d" -MT"src/md5.d" -o "src/md5.o" "../src/md5.c"
../src/md5.c: In function 'MD5Final':
../src/md5.c:445:2: warning: dereferencing type-punned pointer will break strict-aliasing rules [-Wstrict-aliasing]
  ( (u32 *)context->intermediate )[ 14 ] = context->bits[ 0 ];
  ^
../src/md5.c:446:2: warning: dereferencing type-punned pointer will break strict-aliasing rules [-Wstrict-aliasing]
  ( (u32 *)context->intermediate )[ 15 ] = context->bits[ 1 ];
  ^
Finished building: ../src/md5.c
 
Building file: ../src/nand.c
Invoking: ARM gcc compiler
arm-xilinx-eabi-gcc -Wall -O2 -I"C:\Users\Kasper\Documents\GitHub\TIHSC\AI_Project\ZyboCar\ZyboCar.sdk\ZyboCarDesign_wrapper_hw_platform_0" -c -fmessage-length=0 -MT"src/nand.o" -I../../standalone_bsp_0/ps7_cortexa9_0/include -MMD -MP -MF"src/nand.d" -MT"src/nand.d" -o "src/nand.o" "../src/nand.c"
Finished building: ../src/nand.c
 
Building file: ../src/nor.c
Invoking: ARM gcc compiler
arm-xilinx-eabi-gcc -Wall -O2 -I"C:\Users\Kasper\Documents\GitHub\TIHSC\AI_Project\ZyboCar\ZyboCar.sdk\ZyboCarDesign_wrapper_hw_platform_0" -c -fmessage-length=0 -MT"src/nor.o" -I../../standalone_bsp_0/ps7_cortexa9_0/include -MMD -MP -MF"src/nor.d" -MT"src/nor.d" -o "src/nor.o" "../src/nor.c"
Finished building: ../src/nor.c
 
Building file: ../src/pcap.c
Invoking: ARM gcc compiler
arm-xilinx-eabi-gcc -Wall -O2 -I"C:\Users\Kasper\Documents\GitHub\TIHSC\AI_Project\ZyboCar\ZyboCar.sdk\ZyboCarDesign_wrapper_hw_platform_0" -c -fmessage-length=0 -MT"src/pcap.o" -I../../standalone_bsp_0/ps7_cortexa9_0/include -MMD -MP -MF"src/pcap.d" -MT"src/pcap.d" -o "src/pcap.o" "../src/pcap.c"
Finished building: ../src/pcap.c
 
Building file: C:/Users/Kasper/Documents/GitHub/TIHSC/AI_Project/ZyboCar/ZyboCar.sdk/ZyboCarDesign_wrapper_hw_platform_0/ps7_init.c
Invoking: ARM gcc compiler
arm-xilinx-eabi-gcc -Wall -O2 -I"C:\Users\Kasper\Documents\GitHub\TIHSC\AI_Project\ZyboCar\ZyboCar.sdk\ZyboCarDesign_wrapper_hw_platform_0" -c -fmessage-length=0 -MT"src/ps7_init.o" -I../../standalone_bsp_0/ps7_cortexa9_0/include -MMD -MP -MF"src/ps7_init.d" -MT"src/ps7_init.d" -o "src/ps7_init.o" "C:/Users/Kasper/Documents/GitHub/TIHSC/AI_Project/ZyboCar/ZyboCar.sdk/ZyboCarDesign_wrapper_hw_platform_0/ps7_init.c"
Finished building: C:/Users/Kasper/Documents/GitHub/TIHSC/AI_Project/ZyboCar/ZyboCar.sdk/ZyboCarDesign_wrapper_hw_platform_0/ps7_init.c
 
Building file: ../src/qspi.c
Invoking: ARM gcc compiler
arm-xilinx-eabi-gcc -Wall -O2 -I"C:\Users\Kasper\Documents\GitHub\TIHSC\AI_Project\ZyboCar\ZyboCar.sdk\ZyboCarDesign_wrapper_hw_platform_0" -c -fmessage-length=0 -MT"src/qspi.o" -I../../standalone_bsp_0/ps7_cortexa9_0/include -MMD -MP -MF"src/qspi.d" -MT"src/qspi.d" -o "src/qspi.o" "../src/qspi.c"
Finished building: ../src/qspi.c
 
Building file: ../src/rsa.c
Invoking: ARM gcc compiler
arm-xilinx-eabi-gcc -Wall -O2 -I"C:\Users\Kasper\Documents\GitHub\TIHSC\AI_Project\ZyboCar\ZyboCar.sdk\ZyboCarDesign_wrapper_hw_platform_0" -c -fmessage-length=0 -MT"src/rsa.o" -I../../standalone_bsp_0/ps7_cortexa9_0/include -MMD -MP -MF"src/rsa.d" -MT"src/rsa.d" -o "src/rsa.o" "../src/rsa.c"
Finished building: ../src/rsa.c
 
Building file: ../src/sd.c
Invoking: ARM gcc compiler
arm-xilinx-eabi-gcc -Wall -O2 -I"C:\Users\Kasper\Documents\GitHub\TIHSC\AI_Project\ZyboCar\ZyboCar.sdk\ZyboCarDesign_wrapper_hw_platform_0" -c -fmessage-length=0 -MT"src/sd.o" -I../../standalone_bsp_0/ps7_cortexa9_0/include -MMD -MP -MF"src/sd.d" -MT"src/sd.d" -o "src/sd.o" "../src/sd.c"
Finished building: ../src/sd.c
 
Building target: MyFirstFSBL.elf
Invoking: ARM gcc linker
arm-xilinx-eabi-gcc -L"C:\Users\Kasper\Documents\GitHub\TIHSC\AI_Project\ZyboCar\ZyboCar.sdk\MyFirstFSBL\src" -Wl,-T -Wl,../src/lscript.ld -L../../standalone_bsp_0/ps7_cortexa9_0/lib -o "MyFirstFSBL.elf"  ./src/fsbl_handoff.o ./src/fsbl_hooks.o ./src/image_mover.o ./src/main.o ./src/md5.o ./src/nand.o ./src/nor.o ./src/pcap.o ./src/ps7_init.o ./src/qspi.o ./src/rsa.o ./src/sd.o   -lrsa -Wl,--start-group,-lxil,-lgcc,-lc,--end-group -Wl,--start-group,-lxilffs,-lxil,-lgcc,-lc,--end-group -Wl,--start-group,-lrsa,-lxil,-lgcc,-lc,--end-group
Finished building target: MyFirstFSBL.elf
 
Invoking: ARM Print Size
arm-xilinx-eabi-size MyFirstFSBL.elf  |tee "MyFirstFSBL.elf.size"
   text	   data	    bss	    dec	    hex	filename
  49256	   9728	  71812	 130796	  1feec	MyFirstFSBL.elf
Finished building: MyFirstFSBL.elf.size
 
18:02:02 **** Auto Build of project standalone_bsp_0 ****
make -k all 
"Running Make include in ps7_cortexa9_0/libsrc/cpu_cortexa9_v2_1/src"
make -C ps7_cortexa9_0/libsrc/cpu_cortexa9_v2_1/src -s include  "SHELL=CMD" "COMPILER=arm-xilinx-eabi-gcc" "ARCHIVER=arm-xilinx-eabi-ar" "COMPILER_FLAGS=  -O2 -c" "EXTRA_COMPILER_FLAGS=-g"
"Running Make include in ps7_cortexa9_0/libsrc/devcfg_v3_2/src"
make -C ps7_cortexa9_0/libsrc/devcfg_v3_2/src -s include  "SHELL=CMD" "COMPILER=arm-xilinx-eabi-gcc" "ARCHIVER=arm-xilinx-eabi-ar" "COMPILER_FLAGS=  -O2 -c" "EXTRA_COMPILER_FLAGS=-g"
"Running Make include in ps7_cortexa9_0/libsrc/dmaps_v2_1/src"
make -C ps7_cortexa9_0/libsrc/dmaps_v2_1/src -s include  "SHELL=CMD" "COMPILER=arm-xilinx-eabi-gcc" "ARCHIVER=arm-xilinx-eabi-ar" "COMPILER_FLAGS=  -O2 -c" "EXTRA_COMPILER_FLAGS=-g"
"Running Make include in ps7_cortexa9_0/libsrc/gpio_v4_0/src"
make -C ps7_cortexa9_0/libsrc/gpio_v4_0/src -s include  "SHELL=CMD" "COMPILER=arm-xilinx-eabi-gcc" "ARCHIVER=arm-xilinx-eabi-ar" "COMPILER_FLAGS=  -O2 -c" "EXTRA_COMPILER_FLAGS=-g"
"Running Make include in ps7_cortexa9_0/libsrc/motorctrl_top_v1_1/src"
make -C ps7_cortexa9_0/libsrc/motorctrl_top_v1_1/src -s include  "SHELL=CMD" "COMPILER=arm-xilinx-eabi-gcc" "ARCHIVER=arm-xilinx-eabi-ar" "COMPILER_FLAGS=  -O2 -c" "EXTRA_COMPILER_FLAGS=-g"
"Running Make include in ps7_cortexa9_0/libsrc/qspips_v3_1/src"
make -C ps7_cortexa9_0/libsrc/qspips_v3_1/src -s include  "SHELL=CMD" "COMPILER=arm-xilinx-eabi-gcc" "ARCHIVER=arm-xilinx-eabi-ar" "COMPILER_FLAGS=  -O2 -c" "EXTRA_COMPILER_FLAGS=-g"
"Running Make include in ps7_cortexa9_0/libsrc/scugic_v2_1/src"
make -C ps7_cortexa9_0/libsrc/scugic_v2_1/src -s include  "SHELL=CMD" "COMPILER=arm-xilinx-eabi-gcc" "ARCHIVER=arm-xilinx-eabi-ar" "COMPILER_FLAGS=  -O2 -c" "EXTRA_COMPILER_FLAGS=-g"
"Running Make include in ps7_cortexa9_0/libsrc/scutimer_v2_0/src"
make -C ps7_cortexa9_0/libsrc/scutimer_v2_0/src -s include  "SHELL=CMD" "COMPILER=arm-xilinx-eabi-gcc" "ARCHIVER=arm-xilinx-eabi-ar" "COMPILER_FLAGS=  -O2 -c" "EXTRA_COMPILER_FLAGS=-g"
"Running Make include in ps7_cortexa9_0/libsrc/scuwdt_v2_0/src"
[...]
Finished building: ../src/Utility.cpp
 
Building file: ../src/WaitForStart.cpp
Invoking: ARM g++ compiler
arm-xilinx-eabi-g++ -Wall -O0 -g3 -c -fmessage-length=0 -MT"src/WaitForStart.o" -std=c++11 -I../../standalone_bsp_0/ps7_cortexa9_0/include -MMD -MP -MF"src/WaitForStart.d" -MT"src/WaitForStart.d" -o "src/WaitForStart.o" "../src/WaitForStart.cpp"
Finished building: ../src/WaitForStart.cpp
 
Building file: ../src/main.cc
Invoking: ARM g++ compiler
arm-xilinx-eabi-g++ -Wall -O0 -g3 -c -fmessage-length=0 -MT"src/main.o" -std=c++11 -I../../standalone_bsp_0/ps7_cortexa9_0/include -MMD -MP -MF"src/main.d" -MT"src/main.d" -o "src/main.o" "../src/main.cc"
Finished building: ../src/main.cc
 
Building file: ../src/main0.cc
Invoking: ARM g++ compiler
arm-xilinx-eabi-g++ -Wall -O0 -g3 -c -fmessage-length=0 -MT"src/main0.o" -std=c++11 -I../../standalone_bsp_0/ps7_cortexa9_0/include -MMD -MP -MF"src/main0.d" -MT"src/main0.d" -o "src/main0.o" "../src/main0.cc"
Finished building: ../src/main0.cc
 
Building file: ../src/move.cpp
Invoking: ARM g++ compiler
arm-xilinx-eabi-g++ -Wall -O0 -g3 -c -fmessage-length=0 -MT"src/move.o" -std=c++11 -I../../standalone_bsp_0/ps7_cortexa9_0/include -MMD -MP -MF"src/move.d" -MT"src/move.d" -o "src/move.o" "../src/move.cpp"
Finished building: ../src/move.cpp
 
Building target: ZyboCarApp.elf
Invoking: ARM g++ linker
arm-xilinx-eabi-g++ -Wl,-T -Wl,../src/lscript.ld -L../../standalone_bsp_0/ps7_cortexa9_0/lib -o "ZyboCarApp.elf"  ./src/LIDAR.o ./src/Particle.o ./src/ParticleFilter.o ./src/PathMaker.o ./src/RobotFrame.o ./src/Utility.o ./src/WaitForStart.o ./src/main.o ./src/main0.o ./src/move.o   -Wl,--start-group,-lxil,-lgcc,-lc,-lstdc++,--end-group -Wl,--start-group,-lxilffs,-lxil,-lgcc,-lc,--end-group -Wl,--start-group,-lrsa,-lxil,-lgcc,-lc,--end-group
Finished building target: ZyboCarApp.elf
 
Invoking: ARM Print Size
arm-xilinx-eabi-size ZyboCarApp.elf  |tee "ZyboCarApp.elf.size"
   text	   data	    bss	    dec	    hex	filename
 575676	   2628	 178864	 757168	  b8db0	ZyboCarApp.elf
Finished building: ZyboCarApp.elf.size
 
12:09:15 **** Incremental Build of configuration Debug for project ZyboCarApp ****
make all 
make: Ingenting at gøre for 'all'.
12:09:16 **** Incremental Build of configuration Release for project MyFirstFSBL ****
make all 
make: Ingenting at gøre for 'all'.
12:09:48 **** Auto Build of configuration Debug for project ZyboCarApp ****
make all 
Building file: ../src/main.cc
Invoking: ARM g++ compiler
arm-xilinx-eabi-g++ -Wall -O0 -g3 -c -fmessage-length=0 -MT"src/main.o" -std=c++11 -I../../standalone_bsp_0/ps7_cortexa9_0/include -MMD -MP -MF"src/main.d" -MT"src/main.d" -o "src/main.o" "../src/main.cc"
Finished building: ../src/main.cc
 
Building target: ZyboCarApp.elf
Invoking: ARM g++ linker
arm-xilinx-eabi-g++ -Wl,-T -Wl,../src/lscript.ld -L../../standalone_bsp_0/ps7_cortexa9_0/lib -o "ZyboCarApp.elf"  ./src/LIDAR.o ./src/Particle.o ./src/ParticleFilter.o ./src/PathMaker.o ./src/RobotFrame.o ./src/Utility.o ./src/WaitForStart.o ./src/main.o ./src/main0.o ./src/move.o   -Wl,--start-group,-lxil,-lgcc,-lc,-lstdc++,--end-group -Wl,--start-group,-lxilffs,-lxil,-lgcc,-lc,--end-group -Wl,--start-group,-lrsa,-lxil,-lgcc,-lc,--end-group
Finished building target: ZyboCarApp.elf
 
Invoking: ARM Print Size
arm-xilinx-eabi-size ZyboCarApp.elf  |tee "ZyboCarApp.elf.size"
   text	   data	    bss	    dec	    hex	filename
 575676	   2628	 178864	 757168	  b8db0	ZyboCarApp.elf
Finished building: ZyboCarApp.elf.size
 
12:09:51 **** Incremental Build of configuration Debug for project ZyboCarApp ****
make all 
make: Ingenting at gøre for 'all'.
12:09:51 **** Incremental Build of configuration Release for project MyFirstFSBL ****
make all 
make: Ingenting at gøre for 'all'.
12:14:32 **** Auto Build of configuration Debug for project ZyboCarApp ****
make all 
Building file: ../src/PathMaker.cc
Invoking: ARM g++ compiler
arm-xilinx-eabi-g++ -Wall -O0 -g3 -c -fmessage-length=0 -MT"src/PathMaker.o" -std=c++11 -I../../standalone_bsp_0/ps7_cortexa9_0/include -MMD -MP -MF"src/PathMaker.d" -MT"src/PathMaker.d" -o "src/PathMaker.o" "../src/PathMaker.cc"
../src/PathMaker.cc: In member function 'void PathMaker::performAStar(Position&)':
../src/PathMaker.cc:95:56: warning: comparison between signed and unsigned integer expressions [-Wsign-compare]
                 for (int i = 0; i < possibleMoves.size(); i++) {
                                                        ^
../src/PathMaker.cc:148:31: warning: comparison between signed and unsigned integer expressions [-Wsign-compare]
     for (int y=0; y<path.size();y++){
                               ^
Finished building: ../src/PathMaker.cc
 
Building target: ZyboCarApp.elf
Invoking: ARM g++ linker
arm-xilinx-eabi-g++ -Wl,-T -Wl,../src/lscript.ld -L../../standalone_bsp_0/ps7_cortexa9_0/lib -o "ZyboCarApp.elf"  ./src/LIDAR.o ./src/Particle.o ./src/ParticleFilter.o ./src/PathMaker.o ./src/RobotFrame.o ./src/Utility.o ./src/WaitForStart.o ./src/main.o ./src/main0.o ./src/move.o   -Wl,--start-group,-lxil,-lgcc,-lc,-lstdc++,--end-group -Wl,--start-group,-lxilffs,-lxil,-lgcc,-lc,--end-group -Wl,--start-group,-lrsa,-lxil,-lgcc,-lc,--end-group
Finished building target: ZyboCarApp.elf
 
Invoking: ARM Print Size
arm-xilinx-eabi-size ZyboCarApp.elf  |tee "ZyboCarApp.elf.size"
   text	   data	    bss	    dec	    hex	filename
 575676	   2628	 178864	 757168	  b8db0	ZyboCarApp.elf
Finished building: ZyboCarApp.elf.size
 
12:18:29 **** Auto Build of configuration Debug for project ZyboCarApp ****
make all 
Building file: ../src/PathMaker.cc
Invoking: ARM g++ compiler
arm-xilinx-eabi-g++ -Wall -O0 -g3 -c -fmessage-length=0 -MT"src/PathMaker.o" -std=c++11 -I../../standalone_bsp_0/ps7_cortexa9_0/include -MMD -MP -MF"src/PathMaker.d" -MT"src/PathMaker.d" -o "src/PathMaker.o" "../src/PathMaker.cc"
../src/PathMaker.cc: In member function 'void PathMaker::performAStar(Position&)':
../src/PathMaker.cc:95:56: warning: comparison between signed and unsigned integer expressions [-Wsign-compare]
                 for (int i = 0; i < possibleMoves.size(); i++) {
                                                        ^
../src/PathMaker.cc:148:31: warning: comparison between signed and unsigned integer expressions [-Wsign-compare]
     for (int y=0; y<path.size();y++){
                               ^
Finished building: ../src/PathMaker.cc
 
Building target: ZyboCarApp.elf
Invoking: ARM g++ linker
arm-xilinx-eabi-g++ -Wl,-T -Wl,../src/lscript.ld -L../../standalone_bsp_0/ps7_cortexa9_0/lib -o "ZyboCarApp.elf"  ./src/LIDAR.o ./src/Particle.o ./src/ParticleFilter.o ./src/PathMaker.o ./src/RobotFrame.o ./src/Utility.o ./src/WaitForStart.o ./src/main.o ./src/main0.o ./src/move.o   -Wl,--start-group,-lxil,-lgcc,-lc,-lstdc++,--end-group -Wl,--start-group,-lxilffs,-lxil,-lgcc,-lc,--end-group -Wl,--start-group,-lrsa,-lxil,-lgcc,-lc,--end-group
Finished building target: ZyboCarApp.elf
 
Invoking: ARM Print Size
arm-xilinx-eabi-size ZyboCarApp.elf  |tee "ZyboCarApp.elf.size"
   text	   data	    bss	    dec	    hex	filename
 575868	   2628	 178864	 757360	  b8e70	ZyboCarApp.elf
Finished building: ZyboCarApp.elf.size
 
12:20:02 **** Auto Build of configuration Debug for project ZyboCarApp ****
make all 
Building file: ../src/PathMaker.cc
Invoking: ARM g++ compiler
arm-xilinx-eabi-g++ -Wall -O0 -g3 -c -fmessage-length=0 -MT"src/PathMaker.o" -std=c++11 -I../../standalone_bsp_0/ps7_cortexa9_0/include -MMD -MP -MF"src/PathMaker.d" -MT"src/PathMaker.d" -o "src/PathMaker.o" "../src/PathMaker.cc"
../src/PathMaker.cc: In member function 'void PathMaker::performAStar(Position&)':
../src/PathMaker.cc:95:56: warning: comparison between signed and unsigned integer expressions [-Wsign-compare]
                 for (int i = 0; i < possibleMoves.size(); i++) {
                                                        ^
../src/PathMaker.cc:148:31: warning: comparison between signed and unsigned integer expressions [-Wsign-compare]
     for (int y=0; y<path.size();y++){
                               ^
Finished building: ../src/PathMaker.cc
 
Building target: ZyboCarApp.elf
Invoking: ARM g++ linker
arm-xilinx-eabi-g++ -Wl,-T -Wl,../src/lscript.ld -L../../standalone_bsp_0/ps7_cortexa9_0/lib -o "ZyboCarApp.elf"  ./src/LIDAR.o ./src/Particle.o ./src/ParticleFilter.o ./src/PathMaker.o ./src/RobotFrame.o ./src/Utility.o ./src/WaitForStart.o ./src/main.o ./src/main0.o ./src/move.o   -Wl,--start-group,-lxil,-lgcc,-lc,-lstdc++,--end-group -Wl,--start-group,-lxilffs,-lxil,-lgcc,-lc,--end-group -Wl,--start-group,-lrsa,-lxil,-lgcc,-lc,--end-group
Finished building target: ZyboCarApp.elf
 
Invoking: ARM Print Size
arm-xilinx-eabi-size ZyboCarApp.elf  |tee "ZyboCarApp.elf.size"
   text	   data	    bss	    dec	    hex	filename
 575868	   2628	 178864	 757360	  b8e70	ZyboCarApp.elf
Finished building: ZyboCarApp.elf.size
 
12:20:19 **** Auto Build of configuration Debug for project ZyboCarApp ****
make all 
Building file: ../src/PathMaker.cc
Invoking: ARM g++ compiler
arm-xilinx-eabi-g++ -Wall -O0 -g3 -c -fmessage-length=0 -MT"src/PathMaker.o" -std=c++11 -I../../standalone_bsp_0/ps7_cortexa9_0/include -MMD -MP -MF"src/PathMaker.d" -MT"src/PathMaker.d" -o "src/PathMaker.o" "../src/PathMaker.cc"
../src/PathMaker.cc: In member function 'void PathMaker::performAStar(Position&)':
../src/PathMaker.cc:95:56: warning: comparison between signed and unsigned integer expressions [-Wsign-compare]
                 for (int i = 0; i < possibleMoves.size(); i++) {
                                                        ^
../src/PathMaker.cc:148:31: warning: comparison between signed and unsigned integer expressions [-Wsign-compare]
     for (int y=0; y<path.size();y++){
                               ^
Finished building: ../src/PathMaker.cc
 
Building target: ZyboCarApp.elf
Invoking: ARM g++ linker
arm-xilinx-eabi-g++ -Wl,-T -Wl,../src/lscript.ld -L../../standalone_bsp_0/ps7_cortexa9_0/lib -o "ZyboCarApp.elf"  ./src/LIDAR.o ./src/Particle.o ./src/ParticleFilter.o ./src/PathMaker.o ./src/RobotFrame.o ./src/Utility.o ./src/WaitForStart.o ./src/main.o ./src/main0.o ./src/move.o   -Wl,--start-group,-lxil,-lgcc,-lc,-lstdc++,--end-group -Wl,--start-group,-lxilffs,-lxil,-lgcc,-lc,--end-group -Wl,--start-group,-lrsa,-lxil,-lgcc,-lc,--end-group
Finished building target: ZyboCarApp.elf
 
Invoking: ARM Print Size
arm-xilinx-eabi-size ZyboCarApp.elf  |tee "ZyboCarApp.elf.size"
   text	   data	    bss	    dec	    hex	filename
 575868	   2628	 178864	 757360	  b8e70	ZyboCarApp.elf
Finished building: ZyboCarApp.elf.size
 
12:20:37 **** Auto Build of configuration Debug for project ZyboCarApp ****
make all 
Building file: ../src/ParticleFilter.cc
Invoking: ARM g++ compiler
arm-xilinx-eabi-g++ -Wall -O0 -g3 -c -fmessage-length=0 -MT"src/ParticleFilter.o" -std=c++11 -I../../standalone_bsp_0/ps7_cortexa9_0/include -MMD -MP -MF"src/ParticleFilter.d" -MT"src/ParticleFilter.d" -o "src/ParticleFilter.o" "../src/ParticleFilter.cc"
../src/ParticleFilter.cc: In member function 'void ParticleFilter::printParticles()':
../src/ParticleFilter.cc:7:37: warning: comparison between signed and unsigned integer expressions [-Wsign-compare]
     for(int i = 0; i<particles.size();i++){
                                     ^
../src/ParticleFilter.cc: In constructor 'ParticleFilter::ParticleFilter(std::vector<std::vector<int> >, int)':
../src/ParticleFilter.cc:19:8: warning: variable 'r' set but not used [-Wunused-but-set-variable]
  float r;
        ^
../src/ParticleFilter.cc: In member function 'void ParticleFilter::updateWeigths(int*, std::vector<std::vector<int> >)':
../src/ParticleFilter.cc:58:34: warning: comparison between signed and unsigned integer expressions [-Wsign-compare]
  for(int i = 0; i<particles.size();i++){
                                  ^
../src/ParticleFilter.cc: In member function 'void ParticleFilter::resample()':
../src/ParticleFilter.cc:84:36: warning: comparison between signed and unsigned integer expressions [-Wsign-compare]
  for(int i = 0; i < particles.size(); i++){
                                    ^
../src/ParticleFilter.cc: In member function 'void ParticleFilter::getNewPosition(Position&)':
../src/ParticleFilter.cc:101:36: warning: comparison between signed and unsigned integer expressions [-Wsign-compare]
  for(int i = 0; i < particles.size(); i++){
                                    ^
../src/ParticleFilter.cc: In member function 'void ParticleFilter::moveParticles(MoveBlock&)':
../src/ParticleFilter.cc:115:36: warning: comparison between signed and unsigned integer expressions [-Wsign-compare]
  for(int i = 0; i < particles.size(); i++){
                                    ^
Finished building: ../src/ParticleFilter.cc
 
Building file: ../src/PathMaker.cc
Invoking: ARM g++ compiler
arm-xilinx-eabi-g++ -Wall -O0 -g3 -c -fmessage-length=0 -MT"src/PathMaker.o" -std=c++11 -I../../standalone_bsp_0/ps7_cortexa9_0/include -MMD -MP -MF"src/PathMaker.d" -MT"src/PathMaker.d" -o "src/PathMaker.o" "../src/PathMaker.cc"
../src/PathMaker.cc: In member function 'void PathMaker::performAStar(Position&)':
../src/PathMaker.cc:95:56: warning: comparison between signed and unsigned integer expressions [-Wsign-compare]
                 for (int i = 0; i < possibleMoves.size(); i++) {
                                                        ^
../src/PathMaker.cc:148:31: warning: comparison between signed and unsigned integer expressions [-Wsign-compare]
     for (int y=0; y<path.size();y++){
                               ^
Finished building: ../src/PathMaker.cc
 
Building file: ../src/RobotFrame.cc
Invoking: ARM g++ compiler
arm-xilinx-eabi-g++ -Wall -O0 -g3 -c -fmessage-length=0 -MT"src/RobotFrame.o" -std=c++11 -I../../standalone_bsp_0/ps7_cortexa9_0/include -MMD -MP -MF"src/RobotFrame.d" -MT"src/RobotFrame.d" -o "src/RobotFrame.o" "../src/RobotFrame.cc"
Finished building: ../src/RobotFrame.cc
 
Building file: ../src/Utility.cpp
Invoking: ARM g++ compiler
arm-xilinx-eabi-g++ -Wall -O0 -g3 -c -fmessage-length=0 -MT"src/Utility.o" -std=c++11 -I../../standalone_bsp_0/ps7_cortexa9_0/include -MMD -MP -MF"src/Utility.d" -MT"src/Utility.d" -o "src/Utility.o" "../src/Utility.cpp"
Finished building: ../src/Utility.cpp
 
Building file: ../src/main.cc
Invoking: ARM g++ compiler
arm-xilinx-eabi-g++ -Wall -O0 -g3 -c -fmessage-length=0 -MT"src/main.o" -std=c++11 -I../../standalone_bsp_0/ps7_cortexa9_0/include -MMD -MP -MF"src/main.d" -MT"src/main.d" -o "src/main.o" "../src/main.cc"
Finished building: ../src/main.cc
 
Building file: ../src/move.cpp
Invoking: ARM g++ compiler
arm-xilinx-eabi-g++ -Wall -O0 -g3 -c -fmessage-length=0 -MT"src/move.o" -std=c++11 -I../../standalone_bsp_0/ps7_cortexa9_0/include -MMD -MP -MF"src/move.d" -MT"src/move.d" -o "src/move.o" "../src/move.cpp"
Finished building: ../src/move.cpp
 
Building target: ZyboCarApp.elf
Invoking: ARM g++ linker
arm-xilinx-eabi-g++ -Wl,-T -Wl,../src/lscript.ld -L../../standalone_bsp_0/ps7_cortexa9_0/lib -o "ZyboCarApp.elf"  ./src/LIDAR.o ./src/Particle.o ./src/ParticleFilter.o ./src/PathMaker.o ./src/RobotFrame.o ./src/Utility.o ./src/WaitForStart.o ./src/main.o ./src/main0.o ./src/move.o   -Wl,--start-group,-lxil,-lgcc,-lc,-lstdc++,--end-group -Wl,--start-group,-lxilffs,-lxil,-lgcc,-lc,--end-group -Wl,--start-group,-lrsa,-lxil,-lgcc,-lc,--end-group
Finished building target: ZyboCarApp.elf
 
Invoking: ARM Print Size
arm-xilinx-eabi-size ZyboCarApp.elf  |tee "ZyboCarApp.elf.size"
   text	   data	    bss	    dec	    hex	filename
 575868	   2628	 178864	 757360	  b8e70	ZyboCarApp.elf
Finished building: ZyboCarApp.elf.size
 
12:20:44 **** Incremental Build of configuration Debug for project ZyboCarApp ****
make all 
make: Ingenting at gøre for 'all'.
12:20:45 **** Incremental Build of configuration Release for project MyFirstFSBL ****
make all 
make: Ingenting at gøre for 'all'.
12:23:55 **** Incremental Build of configuration Debug for project ZyboCarApp ****
make all 
make: Ingenting at gøre for 'all'.
12:23:55 **** Incremental Build of configuration Release for project MyFirstFSBL ****
make all 
make: Ingenting at gøre for 'all'.
12:24:00 **** Auto Build of configuration Debug for project ZyboCarApp ****
make all 
Building file: ../src/PathMaker.cc
Invoking: ARM g++ compiler
arm-xilinx-eabi-g++ -Wall -O0 -g3 -c -fmessage-length=0 -MT"src/PathMaker.o" -std=c++11 -I../../standalone_bsp_0/ps7_cortexa9_0/include -MMD -MP -MF"src/PathMaker.d" -MT"src/PathMaker.d" -o "src/PathMaker.o" "../src/PathMaker.cc"
../src/PathMaker.cc: In member function 'void PathMaker::performAStar(Position&)':
../src/PathMaker.cc:95:56: warning: comparison between signed and unsigned integer expressions [-Wsign-compare]
                 for (int i = 0; i < possibleMoves.size(); i++) {
                                                        ^
../src/PathMaker.cc:148:31: warning: comparison between signed and unsigned integer expressions [-Wsign-compare]
     for (int y=0; y<path.size();y++){
                               ^
Finished building: ../src/PathMaker.cc
 
Building target: ZyboCarApp.elf
Invoking: ARM g++ linker
arm-xilinx-eabi-g++ -Wl,-T -Wl,../src/lscript.ld -L../../standalone_bsp_0/ps7_cortexa9_0/lib -o "ZyboCarApp.elf"  ./src/LIDAR.o ./src/Particle.o ./src/ParticleFilter.o ./src/PathMaker.o ./src/RobotFrame.o ./src/Utility.o ./src/WaitForStart.o ./src/main.o ./src/main0.o ./src/move.o   -Wl,--start-group,-lxil,-lgcc,-lc,-lstdc++,--end-group -Wl,--start-group,-lxilffs,-lxil,-lgcc,-lc,--end-group -Wl,--start-group,-lrsa,-lxil,-lgcc,-lc,--end-group
Finished building target: ZyboCarApp.elf
 
Invoking: ARM Print Size
arm-xilinx-eabi-size ZyboCarApp.elf  |tee "ZyboCarApp.elf.size"
   text	   data	    bss	    dec	    hex	filename
 575868	   2628	 178864	 757360	  b8e70	ZyboCarApp.elf
Finished building: ZyboCarApp.elf.size
 
12:24:09 **** Incremental Build of configuration Debug for project ZyboCarApp ****
make all 
make: Ingenting at gøre for 'all'.
12:24:10 **** Incremental Build of configuration Release for project MyFirstFSBL ****
make all 
make: Ingenting at gøre for 'all'.
12:26:12 **** Auto Build of configuration Debug for project ZyboCarApp ****
make all 
make: Ingenting at gøre for 'all'.
12:26:19 **** Incremental Build of configuration Debug for project ZyboCarApp ****
make all 
make: Ingenting at gøre for 'all'.
12:26:19 **** Incremental Build of configuration Release for project MyFirstFSBL ****
make all 
make: Ingenting at gøre for 'all'.
12:27:21 **** Auto Build of configuration Debug for project ZyboCarApp ****
make all 
Building file: ../src/main.cc
Invoking: ARM g++ compiler
arm-xilinx-eabi-g++ -Wall -O0 -g3 -c -fmessage-length=0 -MT"src/main.o" -std=c++11 -I../../standalone_bsp_0/ps7_cortexa9_0/include -MMD -MP -MF"src/main.d" -MT"src/main.d" -o "src/main.o" "../src/main.cc"
Finished building: ../src/main.cc
 
Building target: ZyboCarApp.elf
Invoking: ARM g++ linker
arm-xilinx-eabi-g++ -Wl,-T -Wl,../src/lscript.ld -L../../standalone_bsp_0/ps7_cortexa9_0/lib -o "ZyboCarApp.elf"  ./src/LIDAR.o ./src/Particle.o ./src/ParticleFilter.o ./src/PathMaker.o ./src/RobotFrame.o ./src/Utility.o ./src/WaitForStart.o ./src/main.o ./src/main0.o ./src/move.o   -Wl,--start-group,-lxil,-lgcc,-lc,-lstdc++,--end-group -Wl,--start-group,-lxilffs,-lxil,-lgcc,-lc,--end-group -Wl,--start-group,-lrsa,-lxil,-lgcc,-lc,--end-group
Finished building target: ZyboCarApp.elf
 
Invoking: ARM Print Size
arm-xilinx-eabi-size ZyboCarApp.elf  |tee "ZyboCarApp.elf.size"
   text	   data	    bss	    dec	    hex	filename
 575868	   2628	 178864	 757360	  b8e70	ZyboCarApp.elf
Finished building: ZyboCarApp.elf.size
 
12:27:52 **** Auto Build of configuration Debug for project ZyboCarApp ****
make all 
make: Ingenting at gøre for 'all'.
12:30:57 **** Auto Build of configuration Debug for project ZyboCarApp ****
make all 
make: Ingenting at gøre for 'all'.
