13:22:45 **** Incremental Build of configuration Debug for project ZyboCarApp ****
make all 
Building target: ZyboCarApp.elf
Invoking: ARM g++ linker
arm-xilinx-eabi-g++ -Wl,-T -Wl,../src/lscript.ld -L../../standalone_bsp_0/ps7_cortexa9_0/lib -o "ZyboCarApp.elf"  ./src/LIDAR.o ./src/Particle.o ./src/ParticleFilter.o ./src/PathMaker.o ./src/RobotFrame.o ./src/Utility.o ./src/WaitForStart.o ./src/main.o ./src/main0.o ./src/move.o   -Wl,--start-group,-lxil,-lgcc,-lc,-lstdc++,--end-group -Wl,--start-group,-lxilffs,-lxil,-lgcc,-lc,--end-group -Wl,--start-group,-lrsa,-lxil,-lgcc,-lc,--end-group
./src/ParticleFilter.o: In function `void __gnu_cxx::new_allocator<Particle>::destroy<Particle>(Particle*)':
c:\xilinx\sdk\2014.4\gnu\arm\nt\arm-xilinx-eabi\include\c++\4.8.3\arm-xilinx-eabi\bits/gthr-default.h:230: multiple definition of `sinTable'
./src/Particle.o:c:\xilinx\sdk\2014.4\gnu\arm\nt\arm-xilinx-eabi\include\c++\4.8.3\arm-xilinx-eabi\bits/gthr-default.h:230: first defined here
./src/ParticleFilter.o: In function `ParticleFilter::updateWeigths(int*, std::vector<std::vector<int, std::allocator<int> >, std::allocator<std::vector<int, std::allocator<int> > > >)':
C:\Users\Kasper\Documents\GitHub\TIHSC\AI_Project\ZyboCar\ZyboCar.sdk\ZyboCarApp\Debug/../src/ParticleFilter.cc:66: multiple definition of `cosTable'
./src/Particle.o:C:\Users\Kasper\Documents\GitHub\TIHSC\AI_Project\ZyboCar\ZyboCar.sdk\ZyboCarApp\Debug/../src/Particle.cc:59: first defined here
./src/PathMaker.o: In function `__gnu_cxx::__alloc_traits<std::allocator<int> >::_S_propagate_on_move_assign()':
c:\xilinx\sdk\2014.4\gnu\arm\nt\arm-xilinx-eabi\include\c++\4.8.3\arm-xilinx-eabi\bits/gthr-default.h:230: multiple definition of `sinTable'
./src/Particle.o:c:\xilinx\sdk\2014.4\gnu\arm\nt\arm-xilinx-eabi\include\c++\4.8.3\arm-xilinx-eabi\bits/gthr-default.h:230: first defined here
./src/PathMaker.o: In function `PathMaker::performAStar(Position&)':
C:\Users\Kasper\Documents\GitHub\TIHSC\AI_Project\ZyboCar\ZyboCar.sdk\ZyboCarApp\Debug/../src/PathMaker.cc:55: multiple definition of `cosTable'
./src/Particle.o:C:\Users\Kasper\Documents\GitHub\TIHSC\AI_Project\ZyboCar\ZyboCar.sdk\ZyboCarApp\Debug/../src/Particle.cc:59: first defined here
./src/RobotFrame.o: In function `__gthread_key_delete':
c:\xilinx\sdk\2014.4\gnu\arm\nt\arm-xilinx-eabi\include\c++\4.8.3\arm-xilinx-eabi\bits/gthr-default.h:230: multiple definition of `sinTable'
./src/Particle.o:c:\xilinx\sdk\2014.4\gnu\arm\nt\arm-xilinx-eabi\include\c++\4.8.3\arm-xilinx-eabi\bits/gthr-default.h:230: first defined here
./src/RobotFrame.o: In function `std::__ioinit':
RobotFrame.cc:(.bss+0x5a4): multiple definition of `cosTable'
./src/Particle.o:C:\Users\Kasper\Documents\GitHub\TIHSC\AI_Project\ZyboCar\ZyboCar.sdk\ZyboCarApp\Debug/../src/Particle.cc:59: first defined here
./src/Utility.o: In function `std::setw(int)':
c:\xilinx\sdk\2014.4\gnu\arm\nt\arm-xilinx-eabi\include\c++\4.8.3\arm-xilinx-eabi\bits/gthr-default.h:230: multiple definition of `sinTable'
./src/Particle.o:c:\xilinx\sdk\2014.4\gnu\arm\nt\arm-xilinx-eabi\include\c++\4.8.3\arm-xilinx-eabi\bits/gthr-default.h:230: first defined here
./src/Utility.o: In function `std::__ioinit':
Utility.cpp:(.bss+0x5a4): multiple definition of `cosTable'
./src/Particle.o:C:\Users\Kasper\Documents\GitHub\TIHSC\AI_Project\ZyboCar\ZyboCar.sdk\ZyboCarApp\Debug/../src/Particle.cc:59: first defined here
./src/main.o: In function `void std::_Destroy_aux<true>::__destroy<int*>(int*, int*)':
c:\xilinx\sdk\2014.4\gnu\arm\nt\arm-xilinx-eabi\include\c++\4.8.3\arm-xilinx-eabi\bits/gthr-default.h:230: multiple definition of `sinTable'
./src/Particle.o:c:\xilinx\sdk\2014.4\gnu\arm\nt\arm-xilinx-eabi\include\c++\4.8.3\arm-xilinx-eabi\bits/gthr-default.h:230: first defined here
./src/main.o: In function `std::__ioinit':
main.cc:(.bss+0x5a4): multiple definition of `cosTable'
./src/Particle.o:C:\Users\Kasper\Documents\GitHub\TIHSC\AI_Project\ZyboCar\ZyboCar.sdk\ZyboCarApp\Debug/../src/Particle.cc:59: first defined here
./src/move.o: In function `__gthread_key_delete':
c:\xilinx\sdk\2014.4\gnu\arm\nt\arm-xilinx-eabi\include\c++\4.8.3\arm-xilinx-eabi\bits/gthr-default.h:230: multiple definition of `sinTable'
./src/Particle.o:c:\xilinx\sdk\2014.4\gnu\arm\nt\arm-xilinx-eabi\include\c++\4.8.3\arm-xilinx-eabi\bits/gthr-default.h:230: first defined here
./src/move.o: In function `_GLOBAL__sub_I_sinTable':
C:\Users\Kasper\Documents\GitHub\TIHSC\AI_Project\ZyboCar\ZyboCar.sdk\ZyboCarApp\Debug/../src/move.cpp:193: multiple definition of `cosTable'
./src/Particle.o:C:\Users\Kasper\Documents\GitHub\TIHSC\AI_Project\ZyboCar\ZyboCar.sdk\ZyboCarApp\Debug/../src/Particle.cc:59: first defined here
collect2.exe: error: ld returned 1 exit status
make: *** [ZyboCarApp.elf] Fejl 1
13:24:13 **** Auto Build of configuration Debug for project ZyboCarApp ****
make all 
Building file: ../src/Particle.cc
Invoking: ARM g++ compiler
arm-xilinx-eabi-g++ -Wall -O0 -g3 -c -fmessage-length=0 -MT"src/Particle.o" -std=c++11 -I../../standalone_bsp_0/ps7_cortexa9_0/include -MMD -MP -MF"src/Particle.d" -MT"src/Particle.d" -o "src/Particle.o" "../src/Particle.cc"
Finished building: ../src/Particle.cc
 
Building file: ../src/ParticleFilter.cc
Invoking: ARM g++ compiler
arm-xilinx-eabi-g++ -Wall -O0 -g3 -c -fmessage-length=0 -MT"src/ParticleFilter.o" -std=c++11 -I../../standalone_bsp_0/ps7_cortexa9_0/include -MMD -MP -MF"src/ParticleFilter.d" -MT"src/ParticleFilter.d" -o "src/ParticleFilter.o" "../src/ParticleFilter.cc"
../src/ParticleFilter.cc: In member function 'void ParticleFilter::printParticles()':
../src/ParticleFilter.cc:6:34: warning: comparison between signed and unsigned integer expressions [-Wsign-compare]
  for(int i = 0; i<particles.size();i++) {
                                  ^
../src/ParticleFilter.cc: In constructor 'ParticleFilter::ParticleFilter(std::vector<std::vector<int> >, int)':
../src/ParticleFilter.cc:16:6: warning: unused variable 'map_x' [-Wunused-variable]
  int map_x,map_y;
      ^
../src/ParticleFilter.cc:16:12: warning: unused variable 'map_y' [-Wunused-variable]
  int map_x,map_y;
            ^
../src/ParticleFilter.cc: In member function 'void ParticleFilter::updateWeigths(int*, std::vector<std::vector<int> >)':
../src/ParticleFilter.cc:51:34: warning: comparison between signed and unsigned integer expressions [-Wsign-compare]
  for(int i = 0; i<particles.size();i++) {
                                  ^
../src/ParticleFilter.cc: In member function 'void ParticleFilter::resample()':
../src/ParticleFilter.cc:83:37: warning: comparison between signed and unsigned integer expressions [-Wsign-compare]
  for (int i = 0; i < particles.size(); i++) {
                                     ^
../src/ParticleFilter.cc: In member function 'void ParticleFilter::moveParticles(MoveBlock&)':
../src/ParticleFilter.cc:123:37: warning: comparison between signed and unsigned integer expressions [-Wsign-compare]
  for (int i = 0; i < particles.size(); i++) {
                                     ^
../src/ParticleFilter.cc: In member function 'int ParticleFilter::bestParticle()':
../src/ParticleFilter.cc:133:37: warning: comparison between signed and unsigned integer expressions [-Wsign-compare]
  for (int i = 0; i < particles.size(); i++) {
                                     ^
Finished building: ../src/ParticleFilter.cc
 
Building file: ../src/PathMaker.cc
Invoking: ARM g++ compiler
arm-xilinx-eabi-g++ -Wall -O0 -g3 -c -fmessage-length=0 -MT"src/PathMaker.o" -std=c++11 -I../../standalone_bsp_0/ps7_cortexa9_0/include -MMD -MP -MF"src/PathMaker.d" -MT"src/PathMaker.d" -o "src/PathMaker.o" "../src/PathMaker.cc"
../src/PathMaker.cc: In member function 'void PathMaker::performAStar(Position&)':
../src/PathMaker.cc:98:44: warning: comparison between signed and unsigned integer expressions [-Wsign-compare]
     for (int i = 0; i < possibleMoves.size(); i++) {
                                            ^
../src/PathMaker.cc:153:28: warning: comparison between signed and unsigned integer expressions [-Wsign-compare]
  for (int y=0; y<path.size();y++){
                            ^
Finished building: ../src/PathMaker.cc
 
Building file: ../src/RobotFrame.cc
Invoking: ARM g++ compiler
arm-xilinx-eabi-g++ -Wall -O0 -g3 -c -fmessage-length=0 -MT"src/RobotFrame.o" -std=c++11 -I../../standalone_bsp_0/ps7_cortexa9_0/include -MMD -MP -MF"src/RobotFrame.d" -MT"src/RobotFrame.d" -o "src/RobotFrame.o" "../src/RobotFrame.cc"
Finished building: ../src/RobotFrame.cc
 
Building file: ../src/Utility.cpp
Invoking: ARM g++ compiler
arm-xilinx-eabi-g++ -Wall -O0 -g3 -c -fmessage-length=0 -MT"src/Utility.o" -std=c++11 -I../../standalone_bsp_0/ps7_cortexa9_0/include -MMD -MP -MF"src/Utility.d" -MT"src/Utility.d" -o "src/Utility.o" "../src/Utility.cpp"
Finished building: ../src/Utility.cpp
 
Building file: ../src/main.cc
Invoking: ARM g++ compiler
arm-xilinx-eabi-g++ -Wall -O0 -g3 -c -fmessage-length=0 -MT"src/main.o" -std=c++11 -I../../standalone_bsp_0/ps7_cortexa9_0/include -MMD -MP -MF"src/main.d" -MT"src/main.d" -o "src/main.o" "../src/main.cc"
Finished building: ../src/main.cc
 
Building file: ../src/move.cpp
Invoking: ARM g++ compiler
arm-xilinx-eabi-g++ -Wall -O0 -g3 -c -fmessage-length=0 -MT"src/move.o" -std=c++11 -I../../standalone_bsp_0/ps7_cortexa9_0/include -MMD -MP -MF"src/move.d" -MT"src/move.d" -o "src/move.o" "../src/move.cpp"
Finished building: ../src/move.cpp
 
Building target: ZyboCarApp.elf
Invoking: ARM g++ linker
arm-xilinx-eabi-g++ -Wl,-T -Wl,../src/lscript.ld -L../../standalone_bsp_0/ps7_cortexa9_0/lib -o "ZyboCarApp.elf"  ./src/LIDAR.o ./src/Particle.o ./src/ParticleFilter.o ./src/PathMaker.o ./src/RobotFrame.o ./src/Utility.o ./src/WaitForStart.o ./src/main.o ./src/main0.o ./src/move.o   -Wl,--start-group,-lxil,-lgcc,-lc,-lstdc++,--end-group -Wl,--start-group,-lxilffs,-lxil,-lgcc,-lc,--end-group -Wl,--start-group,-lrsa,-lxil,-lgcc,-lc,--end-group
./src/ParticleFilter.o: In function `void __gnu_cxx::new_allocator<Particle>::destroy<Particle>(Particle*)':
c:\xilinx\sdk\2014.4\gnu\arm\nt\arm-xilinx-eabi\include\c++\4.8.3\arm-xilinx-eabi\bits/gthr-default.h:230: multiple definition of `sinTable'
./src/Particle.o:c:\xilinx\sdk\2014.4\gnu\arm\nt\arm-xilinx-eabi\include\c++\4.8.3\arm-xilinx-eabi\bits/gthr-default.h:230: first defined here
./src/ParticleFilter.o: In function `ParticleFilter::updateWeigths(int*, std::vector<std::vector<int, std::allocator<int> >, std::allocator<std::vector<int, std::allocator<int> > > >)':
C:\Users\Kasper\Documents\GitHub\TIHSC\AI_Project\ZyboCar\ZyboCar.sdk\ZyboCarApp\Debug/../src/ParticleFilter.cc:66: multiple definition of `cosTable'
./src/Particle.o:C:\Users\Kasper\Documents\GitHub\TIHSC\AI_Project\ZyboCar\ZyboCar.sdk\ZyboCarApp\Debug/../src/Particle.cc:59: first defined here
./src/PathMaker.o: In function `__gnu_cxx::__alloc_traits<std::allocator<int> >::_S_propagate_on_move_assign()':
c:\xilinx\sdk\2014.4\gnu\arm\nt\arm-xilinx-eabi\include\c++\4.8.3\arm-xilinx-eabi\bits/gthr-default.h:230: multiple definition of `sinTable'
./src/Particle.o:c:\xilinx\sdk\2014.4\gnu\arm\nt\arm-xilinx-eabi\include\c++\4.8.3\arm-xilinx-eabi\bits/gthr-default.h:230: first defined here
./src/PathMaker.o: In function `PathMaker::performAStar(Position&)':
C:\Users\Kasper\Documents\GitHub\TIHSC\AI_Project\ZyboCar\ZyboCar.sdk\ZyboCarApp\Debug/../src/PathMaker.cc:55: multiple definition of `cosTable'
./src/Particle.o:C:\Users\Kasper\Documents\GitHub\TIHSC\AI_Project\ZyboCar\ZyboCar.sdk\ZyboCarApp\Debug/../src/Particle.cc:59: first defined here
./src/RobotFrame.o: In function `__gthread_key_delete':
c:\xilinx\sdk\2014.4\gnu\arm\nt\arm-xilinx-eabi\include\c++\4.8.3\arm-xilinx-eabi\bits/gthr-default.h:230: multiple definition of `sinTable'
./src/Particle.o:c:\xilinx\sdk\2014.4\gnu\arm\nt\arm-xilinx-eabi\include\c++\4.8.3\arm-xilinx-eabi\bits/gthr-default.h:230: first defined here
./src/RobotFrame.o: In function `std::__ioinit':
RobotFrame.cc:(.bss+0x5a4): multiple definition of `cosTable'
./src/Particle.o:C:\Users\Kasper\Documents\GitHub\TIHSC\AI_Project\ZyboCar\ZyboCar.sdk\ZyboCarApp\Debug/../src/Particle.cc:59: first defined here
./src/Utility.o: In function `std::setw(int)':
c:\xilinx\sdk\2014.4\gnu\arm\nt\arm-xilinx-eabi\include\c++\4.8.3\arm-xilinx-eabi\bits/gthr-default.h:230: multiple definition of `sinTable'
./src/Particle.o:c:\xilinx\sdk\2014.4\gnu\arm\nt\arm-xilinx-eabi\include\c++\4.8.3\arm-xilinx-eabi\bits/gthr-default.h:230: first defined here
./src/Utility.o: In function `std::__ioinit':
Utility.cpp:(.bss+0x5a4): multiple definition of `cosTable'
./src/Particle.o:C:\Users\Kasper\Documents\GitHub\TIHSC\AI_Project\ZyboCar\ZyboCar.sdk\ZyboCarApp\Debug/../src/Particle.cc:59: first defined here
./src/main.o: In function `void std::_Destroy_aux<true>::__destroy<int*>(int*, int*)':
c:\xilinx\sdk\2014.4\gnu\arm\nt\arm-xilinx-eabi\include\c++\4.8.3\arm-xilinx-eabi\bits/gthr-default.h:230: multiple definition of `sinTable'
./src/Particle.o:c:\xilinx\sdk\2014.4\gnu\arm\nt\arm-xilinx-eabi\include\c++\4.8.3\arm-xilinx-eabi\bits/gthr-default.h:230: first defined here
./src/main.o: In function `std::__ioinit':
main.cc:(.bss+0x5a4): multiple definition of `cosTable'
./src/Particle.o:C:\Users\Kasper\Documents\GitHub\TIHSC\AI_Project\ZyboCar\ZyboCar.sdk\ZyboCarApp\Debug/../src/Particle.cc:59: first defined here
./src/move.o: In function `__gthread_key_delete':
c:\xilinx\sdk\2014.4\gnu\arm\nt\arm-xilinx-eabi\include\c++\4.8.3\arm-xilinx-eabi\bits/gthr-default.h:230: multiple definition of `sinTable'
./src/Particle.o:c:\xilinx\sdk\2014.4\gnu\arm\nt\arm-xilinx-eabi\include\c++\4.8.3\arm-xilinx-eabi\bits/gthr-default.h:230: first defined here
./src/move.o: In function `_GLOBAL__sub_I_sinTable':
C:\Users\Kasper\Documents\GitHub\TIHSC\AI_Project\ZyboCar\ZyboCar.sdk\ZyboCarApp\Debug/../src/move.cpp:193: multiple definition of `cosTable'
./src/Particle.o:C:\Users\Kasper\Documents\GitHub\TIHSC\AI_Project\ZyboCar\ZyboCar.sdk\ZyboCarApp\Debug/../src/Particle.cc:59: first defined here
collect2.exe: error: ld returned 1 exit status
make: *** [ZyboCarApp.elf] Fejl 1
13:24:26 **** Auto Build of configuration Debug for project ZyboCarApp ****
make all 
Building file: ../src/Utility.cpp
Invoking: ARM g++ compiler
arm-xilinx-eabi-g++ -Wall -O0 -g3 -c -fmessage-length=0 -MT"src/Utility.o" -std=c++11 -I../../standalone_bsp_0/ps7_cortexa9_0/include -MMD -MP -MF"src/Utility.d" -MT"src/Utility.d" -o "src/Utility.o" "../src/Utility.cpp"
Finished building: ../src/Utility.cpp
 
Building target: ZyboCarApp.elf
Invoking: ARM g++ linker
arm-xilinx-eabi-g++ -Wl,-T -Wl,../src/lscript.ld -L../../standalone_bsp_0/ps7_cortexa9_0/lib -o "ZyboCarApp.elf"  ./src/LIDAR.o ./src/Particle.o ./src/ParticleFilter.o ./src/PathMaker.o ./src/RobotFrame.o ./src/Utility.o ./src/WaitForStart.o ./src/main.o ./src/main0.o ./src/move.o   -Wl,--start-group,-lxil,-lgcc,-lc,-lstdc++,--end-group -Wl,--start-group,-lxilffs,-lxil,-lgcc,-lc,--end-group -Wl,--start-group,-lrsa,-lxil,-lgcc,-lc,--end-group
./src/ParticleFilter.o: In function `void __gnu_cxx::new_allocator<Particle>::destroy<Particle>(Particle*)':
c:\xilinx\sdk\2014.4\gnu\arm\nt\arm-xilinx-eabi\include\c++\4.8.3\arm-xilinx-eabi\bits/gthr-default.h:230: multiple definition of `sinTable'
./src/Particle.o:c:\xilinx\sdk\2014.4\gnu\arm\nt\arm-xilinx-eabi\include\c++\4.8.3\arm-xilinx-eabi\bits/gthr-default.h:230: first defined here
./src/ParticleFilter.o: In function `ParticleFilter::updateWeigths(int*, std::vector<std::vector<int, std::allocator<int> >, std::allocator<std::vector<int, std::allocator<int> > > >)':
C:\Users\Kasper\Documents\GitHub\TIHSC\AI_Project\ZyboCar\ZyboCar.sdk\ZyboCarApp\Debug/../src/ParticleFilter.cc:66: multiple definition of `cosTable'
./src/Particle.o:C:\Users\Kasper\Documents\GitHub\TIHSC\AI_Project\ZyboCar\ZyboCar.sdk\ZyboCarApp\Debug/../src/Particle.cc:59: first defined here
./src/PathMaker.o: In function `__gnu_cxx::__alloc_traits<std::allocator<int> >::_S_propagate_on_move_assign()':
c:\xilinx\sdk\2014.4\gnu\arm\nt\arm-xilinx-eabi\include\c++\4.8.3\arm-xilinx-eabi\bits/gthr-default.h:230: multiple definition of `sinTable'
./src/Particle.o:c:\xilinx\sdk\2014.4\gnu\arm\nt\arm-xilinx-eabi\include\c++\4.8.3\arm-xilinx-eabi\bits/gthr-default.h:230: first defined here
./src/PathMaker.o: In function `PathMaker::performAStar(Position&)':
C:\Users\Kasper\Documents\GitHub\TIHSC\AI_Project\ZyboCar\ZyboCar.sdk\ZyboCarApp\Debug/../src/PathMaker.cc:55: multiple definition of `cosTable'
./src/Particle.o:C:\Users\Kasper\Documents\GitHub\TIHSC\AI_Project\ZyboCar\ZyboCar.sdk\ZyboCarApp\Debug/../src/Particle.cc:59: first defined here
./src/RobotFrame.o: In function `__gthread_key_delete':
c:\xilinx\sdk\2014.4\gnu\arm\nt\arm-xilinx-eabi\include\c++\4.8.3\arm-xilinx-eabi\bits/gthr-default.h:230: multiple definition of `sinTable'
./src/Particle.o:c:\xilinx\sdk\2014.4\gnu\arm\nt\arm-xilinx-eabi\include\c++\4.8.3\arm-xilinx-eabi\bits/gthr-default.h:230: first defined here
./src/RobotFrame.o: In function `std::__ioinit':
RobotFrame.cc:(.bss+0x5a4): multiple definition of `cosTable'
./src/Particle.o:C:\Users\Kasper\Documents\GitHub\TIHSC\AI_Project\ZyboCar\ZyboCar.sdk\ZyboCarApp\Debug/../src/Particle.cc:59: first defined here
./src/Utility.o: In function `std::setw(int)':
c:\xilinx\sdk\2014.4\gnu\arm\nt\arm-xilinx-eabi\include\c++\4.8.3\arm-xilinx-eabi\bits/gthr-default.h:230: multiple definition of `sinTable'
./src/Particle.o:c:\xilinx\sdk\2014.4\gnu\arm\nt\arm-xilinx-eabi\include\c++\4.8.3\arm-xilinx-eabi\bits/gthr-default.h:230: first defined here
./src/Utility.o: In function `std::__ioinit':
Utility.cpp:(.bss+0x5a4): multiple definition of `cosTable'
./src/Particle.o:C:\Users\Kasper\Documents\GitHub\TIHSC\AI_Project\ZyboCar\ZyboCar.sdk\ZyboCarApp\Debug/../src/Particle.cc:59: first defined here
./src/main.o: In function `void std::_Destroy_aux<true>::__destroy<int*>(int*, int*)':
c:\xilinx\sdk\2014.4\gnu\arm\nt\arm-xilinx-eabi\include\c++\4.8.3\arm-xilinx-eabi\bits/gthr-default.h:230: multiple definition of `sinTable'
./src/Particle.o:c:\xilinx\sdk\2014.4\gnu\arm\nt\arm-xilinx-eabi\include\c++\4.8.3\arm-xilinx-eabi\bits/gthr-default.h:230: first defined here
./src/main.o: In function `std::__ioinit':
main.cc:(.bss+0x5a4): multiple definition of `cosTable'
./src/Particle.o:C:\Users\Kasper\Documents\GitHub\TIHSC\AI_Project\ZyboCar\ZyboCar.sdk\ZyboCarApp\Debug/../src/Particle.cc:59: first defined here
./src/move.o: In function `__gthread_key_delete':
c:\xilinx\sdk\2014.4\gnu\arm\nt\arm-xilinx-eabi\include\c++\4.8.3\arm-xilinx-eabi\bits/gthr-default.h:230: multiple definition of `sinTable'
./src/Particle.o:c:\xilinx\sdk\2014.4\gnu\arm\nt\arm-xilinx-eabi\include\c++\4.8.3\arm-xilinx-eabi\bits/gthr-default.h:230: first defined here
./src/move.o: In function `_GLOBAL__sub_I_sinTable':
C:\Users\Kasper\Documents\GitHub\TIHSC\AI_Project\ZyboCar\ZyboCar.sdk\ZyboCarApp\Debug/../src/move.cpp:193: multiple definition of `cosTable'
./src/Particle.o:C:\Users\Kasper\Documents\GitHub\TIHSC\AI_Project\ZyboCar\ZyboCar.sdk\ZyboCarApp\Debug/../src/Particle.cc:59: first defined here
collect2.exe: error: ld returned 1 exit status
make: *** [ZyboCarApp.elf] Fejl 1
13:25:03 **** Auto Build of configuration Debug for project ZyboCarApp ****
make all 
Building file: ../src/Particle.cc
Invoking: ARM g++ compiler
arm-xilinx-eabi-g++ -Wall -O0 -g3 -c -fmessage-length=0 -MT"src/Particle.o" -std=c++11 -I../../standalone_bsp_0/ps7_cortexa9_0/include -MMD -MP -MF"src/Particle.d" -MT"src/Particle.d" -o "src/Particle.o" "../src/Particle.cc"
Finished building: ../src/Particle.cc
 
Building file: ../src/ParticleFilter.cc
Invoking: ARM g++ compiler
arm-xilinx-eabi-g++ -Wall -O0 -g3 -c -fmessage-length=0 -MT"src/ParticleFilter.o" -std=c++11 -I../../standalone_bsp_0/ps7_cortexa9_0/include -MMD -MP -MF"src/ParticleFilter.d" -MT"src/ParticleFilter.d" -o "src/ParticleFilter.o" "../src/ParticleFilter.cc"
../src/ParticleFilter.cc: In member function 'void ParticleFilter::printParticles()':
../src/ParticleFilter.cc:6:34: warning: comparison between signed and unsigned integer expressions [-Wsign-compare]
  for(int i = 0; i<particles.size();i++) {
                                  ^
../src/ParticleFilter.cc: In constructor 'ParticleFilter::ParticleFilter(std::vector<std::vector<int> >, int)':
../src/ParticleFilter.cc:16:6: warning: unused variable 'map_x' [-Wunused-variable]
  int map_x,map_y;
      ^
../src/ParticleFilter.cc:16:12: warning: unused variable 'map_y' [-Wunused-variable]
  int map_x,map_y;
            ^
../src/ParticleFilter.cc: In member function 'void ParticleFilter::updateWeigths(int*, std::vector<std::vector<int> >)':
../src/ParticleFilter.cc:51:34: warning: comparison between signed and unsigned integer expressions [-Wsign-compare]
  for(int i = 0; i<particles.size();i++) {
                                  ^
../src/ParticleFilter.cc: In member function 'void ParticleFilter::resample()':
../src/ParticleFilter.cc:83:37: warning: comparison between signed and unsigned integer expressions [-Wsign-compare]
  for (int i = 0; i < particles.size(); i++) {
                                     ^
../src/ParticleFilter.cc: In member function 'void ParticleFilter::moveParticles(MoveBlock&)':
../src/ParticleFilter.cc:123:37: warning: comparison between signed and unsigned integer expressions [-Wsign-compare]
  for (int i = 0; i < particles.size(); i++) {
                                     ^
../src/ParticleFilter.cc: In member function 'int ParticleFilter::bestParticle()':
../src/ParticleFilter.cc:133:37: warning: comparison between signed and unsigned integer expressions [-Wsign-compare]
  for (int i = 0; i < particles.size(); i++) {
                                     ^
Finished building: ../src/ParticleFilter.cc
 
Building file: ../src/PathMaker.cc
Invoking: ARM g++ compiler
arm-xilinx-eabi-g++ -Wall -O0 -g3 -c -fmessage-length=0 -MT"src/PathMaker.o" -std=c++11 -I../../standalone_bsp_0/ps7_cortexa9_0/include -MMD -MP -MF"src/PathMaker.d" -MT"src/PathMaker.d" -o "src/PathMaker.o" "../src/PathMaker.cc"
../src/PathMaker.cc: In member function 'void PathMaker::performAStar(Position&)':
../src/PathMaker.cc:98:44: warning: comparison between signed and unsigned integer expressions [-Wsign-compare]
     for (int i = 0; i < possibleMoves.size(); i++) {
                                            ^
../src/PathMaker.cc:153:28: warning: comparison between signed and unsigned integer expressions [-Wsign-compare]
  for (int y=0; y<path.size();y++){
                            ^
Finished building: ../src/PathMaker.cc
 
Building file: ../src/RobotFrame.cc
Invoking: ARM g++ compiler
arm-xilinx-eabi-g++ -Wall -O0 -g3 -c -fmessage-length=0 -MT"src/RobotFrame.o" -std=c++11 -I../../standalone_bsp_0/ps7_cortexa9_0/include -MMD -MP -MF"src/RobotFrame.d" -MT"src/RobotFrame.d" -o "src/RobotFrame.o" "../src/RobotFrame.cc"
Finished building: ../src/RobotFrame.cc
 
Building file: ../src/Utility.cpp
Invoking: ARM g++ compiler
arm-xilinx-eabi-g++ -Wall -O0 -g3 -c -fmessage-length=0 -MT"src/Utility.o" -std=c++11 -I../../standalone_bsp_0/ps7_cortexa9_0/include -MMD -MP -MF"src/Utility.d" -MT"src/Utility.d" -o "src/Utility.o" "../src/Utility.cpp"
Finished building: ../src/Utility.cpp
 
Building file: ../src/main.cc
Invoking: ARM g++ compiler
arm-xilinx-eabi-g++ -Wall -O0 -g3 -c -fmessage-length=0 -MT"src/main.o" -std=c++11 -I../../standalone_bsp_0/ps7_cortexa9_0/include -MMD -MP -MF"src/main.d" -MT"src/main.d" -o "src/main.o" "../src/main.cc"
Finished building: ../src/main.cc
 
Building file: ../src/move.cpp
Invoking: ARM g++ compiler
arm-xilinx-eabi-g++ -Wall -O0 -g3 -c -fmessage-length=0 -MT"src/move.o" -std=c++11 -I../../standalone_bsp_0/ps7_cortexa9_0/include -MMD -MP -MF"src/move.d" -MT"src/move.d" -o "src/move.o" "../src/move.cpp"
Finished building: ../src/move.cpp
 
Building target: ZyboCarApp.elf
Invoking: ARM g++ linker
arm-xilinx-eabi-g++ -Wl,-T -Wl,../src/lscript.ld -L../../standalone_bsp_0/ps7_cortexa9_0/lib -o "ZyboCarApp.elf"  ./src/LIDAR.o ./src/Particle.o ./src/ParticleFilter.o ./src/PathMaker.o ./src/RobotFrame.o ./src/Utility.o ./src/WaitForStart.o ./src/main.o ./src/main0.o ./src/move.o   -Wl,--start-group,-lxil,-lgcc,-lc,-lstdc++,--end-group -Wl,--start-group,-lxilffs,-lxil,-lgcc,-lc,--end-group -Wl,--start-group,-lrsa,-lxil,-lgcc,-lc,--end-group
./src/ParticleFilter.o: In function `void __gnu_cxx::new_allocator<Particle>::destroy<Particle>(Particle*)':
c:\xilinx\sdk\2014.4\gnu\arm\nt\arm-xilinx-eabi\include\c++\4.8.3\arm-xilinx-eabi\bits/gthr-default.h:230: multiple definition of `sinTable'
./src/Particle.o:c:\xilinx\sdk\2014.4\gnu\arm\nt\arm-xilinx-eabi\include\c++\4.8.3\arm-xilinx-eabi\bits/gthr-default.h:230: first defined here
./src/ParticleFilter.o: In function `ParticleFilter::updateWeigths(int*, std::vector<std::vector<int, std::allocator<int> >, std::allocator<std::vector<int, std::allocator<int> > > >)':
C:\Users\Kasper\Documents\GitHub\TIHSC\AI_Project\ZyboCar\ZyboCar.sdk\ZyboCarApp\Debug/../src/ParticleFilter.cc:66: multiple definition of `cosTable'
./src/Particle.o:C:\Users\Kasper\Documents\GitHub\TIHSC\AI_Project\ZyboCar\ZyboCar.sdk\ZyboCarApp\Debug/../src/Particle.cc:59: first defined here
./src/PathMaker.o: In function `__gnu_cxx::__alloc_traits<std::allocator<int> >::_S_propagate_on_move_assign()':
c:\xilinx\sdk\2014.4\gnu\arm\nt\arm-xilinx-eabi\include\c++\4.8.3\arm-xilinx-eabi\bits/gthr-default.h:230: multiple definition of `sinTable'
./src/Particle.o:c:\xilinx\sdk\2014.4\gnu\arm\nt\arm-xilinx-eabi\include\c++\4.8.3\arm-xilinx-eabi\bits/gthr-default.h:230: first defined here
./src/PathMaker.o: In function `PathMaker::performAStar(Position&)':
C:\Users\Kasper\Documents\GitHub\TIHSC\AI_Project\ZyboCar\ZyboCar.sdk\ZyboCarApp\Debug/../src/PathMaker.cc:55: multiple definition of `cosTable'
./src/Particle.o:C:\Users\Kasper\Documents\GitHub\TIHSC\AI_Project\ZyboCar\ZyboCar.sdk\ZyboCarApp\Debug/../src/Particle.cc:59: first defined here
./src/RobotFrame.o: In function `__gthread_key_delete':
c:\xilinx\sdk\2014.4\gnu\arm\nt\arm-xilinx-eabi\include\c++\4.8.3\arm-xilinx-eabi\bits/gthr-default.h:230: multiple definition of `sinTable'
./src/Particle.o:c:\xilinx\sdk\2014.4\gnu\arm\nt\arm-xilinx-eabi\include\c++\4.8.3\arm-xilinx-eabi\bits/gthr-default.h:230: first defined here
./src/RobotFrame.o: In function `std::__ioinit':
RobotFrame.cc:(.bss+0x5a4): multiple definition of `cosTable'
./src/Particle.o:C:\Users\Kasper\Documents\GitHub\TIHSC\AI_Project\ZyboCar\ZyboCar.sdk\ZyboCarApp\Debug/../src/Particle.cc:59: first defined here
./src/Utility.o: In function `std::setw(int)':
c:\xilinx\sdk\2014.4\gnu\arm\nt\arm-xilinx-eabi\include\c++\4.8.3\arm-xilinx-eabi\bits/gthr-default.h:230: multiple definition of `sinTable'
./src/Particle.o:c:\xilinx\sdk\2014.4\gnu\arm\nt\arm-xilinx-eabi\include\c++\4.8.3\arm-xilinx-eabi\bits/gthr-default.h:230: first defined here
./src/Utility.o: In function `std::__ioinit':
Utility.cpp:(.bss+0x5a4): multiple definition of `cosTable'
./src/Particle.o:C:\Users\Kasper\Documents\GitHub\TIHSC\AI_Project\ZyboCar\ZyboCar.sdk\ZyboCarApp\Debug/../src/Particle.cc:59: first defined here
./src/main.o: In function `void std::_Destroy_aux<true>::__destroy<int*>(int*, int*)':
c:\xilinx\sdk\2014.4\gnu\arm\nt\arm-xilinx-eabi\include\c++\4.8.3\arm-xilinx-eabi\bits/gthr-default.h:230: multiple definition of `sinTable'
./src/Particle.o:c:\xilinx\sdk\2014.4\gnu\arm\nt\arm-xilinx-eabi\include\c++\4.8.3\arm-xilinx-eabi\bits/gthr-default.h:230: first defined here
./src/main.o: In function `std::__ioinit':
main.cc:(.bss+0x5a4): multiple definition of `cosTable'
./src/Particle.o:C:\Users\Kasper\Documents\GitHub\TIHSC\AI_Project\ZyboCar\ZyboCar.sdk\ZyboCarApp\Debug/../src/Particle.cc:59: first defined here
./src/move.o: In function `__gthread_key_delete':
c:\xilinx\sdk\2014.4\gnu\arm\nt\arm-xilinx-eabi\include\c++\4.8.3\arm-xilinx-eabi\bits/gthr-default.h:230: multiple definition of `sinTable'
./src/Particle.o:c:\xilinx\sdk\2014.4\gnu\arm\nt\arm-xilinx-eabi\include\c++\4.8.3\arm-xilinx-eabi\bits/gthr-default.h:230: first defined here
./src/move.o: In function `_GLOBAL__sub_I_sinTable':
C:\Users\Kasper\Documents\GitHub\TIHSC\AI_Project\ZyboCar\ZyboCar.sdk\ZyboCarApp\Debug/../src/move.cpp:193: multiple definition of `cosTable'
./src/Particle.o:C:\Users\Kasper\Documents\GitHub\TIHSC\AI_Project\ZyboCar\ZyboCar.sdk\ZyboCarApp\Debug/../src/Particle.cc:59: first defined here
collect2.exe: error: ld returned 1 exit status
make: *** [ZyboCarApp.elf] Fejl 1
13:25:53 **** Auto Build of configuration Debug for project ZyboCarApp ****
make all 
Building file: ../src/Particle.cc
Invoking: ARM g++ compiler
arm-xilinx-eabi-g++ -Wall -O0 -g3 -c -fmessage-length=0 -MT"src/Particle.o" -std=c++11 -I../../standalone_bsp_0/ps7_cortexa9_0/include -MMD -MP -MF"src/Particle.d" -MT"src/Particle.d" -o "src/Particle.o" "../src/Particle.cc"
Finished building: ../src/Particle.cc
 
Building file: ../src/ParticleFilter.cc
Invoking: ARM g++ compiler
arm-xilinx-eabi-g++ -Wall -O0 -g3 -c -fmessage-length=0 -MT"src/ParticleFilter.o" -std=c++11 -I../../standalone_bsp_0/ps7_cortexa9_0/include -MMD -MP -MF"src/ParticleFilter.d" -MT"src/ParticleFilter.d" -o "src/ParticleFilter.o" "../src/ParticleFilter.cc"
../src/ParticleFilter.cc: In member function 'void ParticleFilter::printParticles()':
../src/ParticleFilter.cc:6:34: warning: comparison between signed and unsigned integer expressions [-Wsign-compare]
  for(int i = 0; i<particles.size();i++) {
                                  ^
../src/ParticleFilter.cc: In constructor 'ParticleFilter::ParticleFilter(std::vector<std::vector<int> >, int)':
../src/ParticleFilter.cc:16:6: warning: unused variable 'map_x' [-Wunused-variable]
  int map_x,map_y;
      ^
../src/ParticleFilter.cc:16:12: warning: unused variable 'map_y' [-Wunused-variable]
  int map_x,map_y;
            ^
../src/ParticleFilter.cc: In member function 'void ParticleFilter::updateWeigths(int*, std::vector<std::vector<int> >)':
../src/ParticleFilter.cc:51:34: warning: comparison between signed and unsigned integer expressions [-Wsign-compare]
  for(int i = 0; i<particles.size();i++) {
                                  ^
../src/ParticleFilter.cc: In member function 'void ParticleFilter::resample()':
../src/ParticleFilter.cc:83:37: warning: comparison between signed and unsigned integer expressions [-Wsign-compare]
  for (int i = 0; i < particles.size(); i++) {
                                     ^
../src/ParticleFilter.cc: In member function 'void ParticleFilter::moveParticles(MoveBlock&)':
../src/ParticleFilter.cc:123:37: warning: comparison between signed and unsigned integer expressions [-Wsign-compare]
  for (int i = 0; i < particles.size(); i++) {
                                     ^
../src/ParticleFilter.cc: In member function 'int ParticleFilter::bestParticle()':
../src/ParticleFilter.cc:133:37: warning: comparison between signed and unsigned integer expressions [-Wsign-compare]
  for (int i = 0; i < particles.size(); i++) {
                                     ^
Finished building: ../src/ParticleFilter.cc
 
Building file: ../src/PathMaker.cc
Invoking: ARM g++ compiler
arm-xilinx-eabi-g++ -Wall -O0 -g3 -c -fmessage-length=0 -MT"src/PathMaker.o" -std=c++11 -I../../standalone_bsp_0/ps7_cortexa9_0/include -MMD -MP -MF"src/PathMaker.d" -MT"src/PathMaker.d" -o "src/PathMaker.o" "../src/PathMaker.cc"
../src/PathMaker.cc: In member function 'void PathMaker::performAStar(Position&)':
../src/PathMaker.cc:98:44: warning: comparison between signed and unsigned integer expressions [-Wsign-compare]
     for (int i = 0; i < possibleMoves.size(); i++) {
                                            ^
../src/PathMaker.cc:153:28: warning: comparison between signed and unsigned integer expressions [-Wsign-compare]
  for (int y=0; y<path.size();y++){
                            ^
Finished building: ../src/PathMaker.cc
 
Building file: ../src/RobotFrame.cc
Invoking: ARM g++ compiler
arm-xilinx-eabi-g++ -Wall -O0 -g3 -c -fmessage-length=0 -MT"src/RobotFrame.o" -std=c++11 -I../../standalone_bsp_0/ps7_cortexa9_0/include -MMD -MP -MF"src/RobotFrame.d" -MT"src/RobotFrame.d" -o "src/RobotFrame.o" "../src/RobotFrame.cc"
Finished building: ../src/RobotFrame.cc
 
Building file: ../src/Utility.cpp
Invoking: ARM g++ compiler
arm-xilinx-eabi-g++ -Wall -O0 -g3 -c -fmessage-length=0 -MT"src/Utility.o" -std=c++11 -I../../standalone_bsp_0/ps7_cortexa9_0/include -MMD -MP -MF"src/Utility.d" -MT"src/Utility.d" -o "src/Utility.o" "../src/Utility.cpp"
Finished building: ../src/Utility.cpp
 
Building file: ../src/main.cc
Invoking: ARM g++ compiler
arm-xilinx-eabi-g++ -Wall -O0 -g3 -c -fmessage-length=0 -MT"src/main.o" -std=c++11 -I../../standalone_bsp_0/ps7_cortexa9_0/include -MMD -MP -MF"src/main.d" -MT"src/main.d" -o "src/main.o" "../src/main.cc"
Finished building: ../src/main.cc
 
Building file: ../src/move.cpp
Invoking: ARM g++ compiler
arm-xilinx-eabi-g++ -Wall -O0 -g3 -c -fmessage-length=0 -MT"src/move.o" -std=c++11 -I../../standalone_bsp_0/ps7_cortexa9_0/include -MMD -MP -MF"src/move.d" -MT"src/move.d" -o "src/move.o" "../src/move.cpp"
Finished building: ../src/move.cpp
 
Building target: ZyboCarApp.elf
Invoking: ARM g++ linker
arm-xilinx-eabi-g++ -Wl,-T -Wl,../src/lscript.ld -L../../standalone_bsp_0/ps7_cortexa9_0/lib -o "ZyboCarApp.elf"  ./src/LIDAR.o ./src/Particle.o ./src/ParticleFilter.o ./src/PathMaker.o ./src/RobotFrame.o ./src/Utility.o ./src/WaitForStart.o ./src/main.o ./src/main0.o ./src/move.o   -Wl,--start-group,-lxil,-lgcc,-lc,-lstdc++,--end-group -Wl,--start-group,-lxilffs,-lxil,-lgcc,-lc,--end-group -Wl,--start-group,-lrsa,-lxil,-lgcc,-lc,--end-group
./src/ParticleFilter.o: In function `void __gnu_cxx::new_allocator<Particle>::destroy<Particle>(Particle*)':
c:\xilinx\sdk\2014.4\gnu\arm\nt\arm-xilinx-eabi\include\c++\4.8.3\arm-xilinx-eabi\bits/gthr-default.h:230: multiple definition of `sinTable'
./src/Particle.o:c:\xilinx\sdk\2014.4\gnu\arm\nt\arm-xilinx-eabi\include\c++\4.8.3\arm-xilinx-eabi\bits/gthr-default.h:230: first defined here
./src/ParticleFilter.o: In function `ParticleFilter::updateWeigths(int*, std::vector<std::vector<int, std::allocator<int> >, std::allocator<std::vector<int, std::allocator<int> > > >)':
C:\Users\Kasper\Documents\GitHub\TIHSC\AI_Project\ZyboCar\ZyboCar.sdk\ZyboCarApp\Debug/../src/ParticleFilter.cc:66: multiple definition of `cosTable'
./src/Particle.o:C:\Users\Kasper\Documents\GitHub\TIHSC\AI_Project\ZyboCar\ZyboCar.sdk\ZyboCarApp\Debug/../src/Particle.cc:59: first defined here
./src/PathMaker.o: In function `__gnu_cxx::__alloc_traits<std::allocator<int> >::_S_propagate_on_move_assign()':
c:\xilinx\sdk\2014.4\gnu\arm\nt\arm-xilinx-eabi\include\c++\4.8.3\arm-xilinx-eabi\bits/gthr-default.h:230: multiple definition of `sinTable'
./src/Particle.o:c:\xilinx\sdk\2014.4\gnu\arm\nt\arm-xilinx-eabi\include\c++\4.8.3\arm-xilinx-eabi\bits/gthr-default.h:230: first defined here
./src/PathMaker.o: In function `PathMaker::performAStar(Position&)':
C:\Users\Kasper\Documents\GitHub\TIHSC\AI_Project\ZyboCar\ZyboCar.sdk\ZyboCarApp\Debug/../src/PathMaker.cc:55: multiple definition of `cosTable'
./src/Particle.o:C:\Users\Kasper\Documents\GitHub\TIHSC\AI_Project\ZyboCar\ZyboCar.sdk\ZyboCarApp\Debug/../src/Particle.cc:59: first defined here
./src/RobotFrame.o: In function `__gthread_key_delete':
c:\xilinx\sdk\2014.4\gnu\arm\nt\arm-xilinx-eabi\include\c++\4.8.3\arm-xilinx-eabi\bits/gthr-default.h:230: multiple definition of `sinTable'
./src/Particle.o:c:\xilinx\sdk\2014.4\gnu\arm\nt\arm-xilinx-eabi\include\c++\4.8.3\arm-xilinx-eabi\bits/gthr-default.h:230: first defined here
./src/RobotFrame.o: In function `std::__ioinit':
RobotFrame.cc:(.bss+0x5a4): multiple definition of `cosTable'
./src/Particle.o:C:\Users\Kasper\Documents\GitHub\TIHSC\AI_Project\ZyboCar\ZyboCar.sdk\ZyboCarApp\Debug/../src/Particle.cc:59: first defined here
./src/Utility.o: In function `std::setw(int)':
c:\xilinx\sdk\2014.4\gnu\arm\nt\arm-xilinx-eabi\include\c++\4.8.3\arm-xilinx-eabi\bits/gthr-default.h:230: multiple definition of `sinTable'
./src/Particle.o:c:\xilinx\sdk\2014.4\gnu\arm\nt\arm-xilinx-eabi\include\c++\4.8.3\arm-xilinx-eabi\bits/gthr-default.h:230: first defined here
./src/Utility.o: In function `std::__ioinit':
Utility.cpp:(.bss+0x5a4): multiple definition of `cosTable'
./src/Particle.o:C:\Users\Kasper\Documents\GitHub\TIHSC\AI_Project\ZyboCar\ZyboCar.sdk\ZyboCarApp\Debug/../src/Particle.cc:59: first defined here
./src/main.o: In function `void std::_Destroy_aux<true>::__destroy<int*>(int*, int*)':
c:\xilinx\sdk\2014.4\gnu\arm\nt\arm-xilinx-eabi\include\c++\4.8.3\arm-xilinx-eabi\bits/gthr-default.h:230: multiple definition of `sinTable'
./src/Particle.o:c:\xilinx\sdk\2014.4\gnu\arm\nt\arm-xilinx-eabi\include\c++\4.8.3\arm-xilinx-eabi\bits/gthr-default.h:230: first defined here
./src/main.o: In function `std::__ioinit':
main.cc:(.bss+0x5a4): multiple definition of `cosTable'
./src/Particle.o:C:\Users\Kasper\Documents\GitHub\TIHSC\AI_Project\ZyboCar\ZyboCar.sdk\ZyboCarApp\Debug/../src/Particle.cc:59: first defined here
./src/move.o: In function `__gthread_key_delete':
c:\xilinx\sdk\2014.4\gnu\arm\nt\arm-xilinx-eabi\include\c++\4.8.3\arm-xilinx-eabi\bits/gthr-default.h:230: multiple definition of `sinTable'
./src/Particle.o:c:\xilinx\sdk\2014.4\gnu\arm\nt\arm-xilinx-eabi\include\c++\4.8.3\arm-xilinx-eabi\bits/gthr-default.h:230: first defined here
./src/move.o: In function `_GLOBAL__sub_I_sinTable':
C:\Users\Kasper\Documents\GitHub\TIHSC\AI_Project\ZyboCar\ZyboCar.sdk\ZyboCarApp\Debug/../src/move.cpp:193: multiple definition of `cosTable'
./src/Particle.o:C:\Users\Kasper\Documents\GitHub\TIHSC\AI_Project\ZyboCar\ZyboCar.sdk\ZyboCarApp\Debug/../src/Particle.cc:59: first defined here
collect2.exe: error: ld returned 1 exit status
make: *** [ZyboCarApp.elf] Fejl 1
13:27:29 **** Clean-only build of configuration Debug for project ZyboCarApp ****
make clean 
rm -rf  ./src/LIDAR.d ./src/Particle.d ./src/ParticleFilter.d ./src/PathMaker.d ./src/RobotFrame.d ./src/main.d ./src/main0.d  ./src/LIDAR.o ./src/Particle.o ./src/ParticleFilter.o ./src/PathMaker.o ./src/RobotFrame.o ./src/Utility.o ./src/WaitForStart.o ./src/main.o ./src/main0.o ./src/move.o  ./src/Utility.d ./src/WaitForStart.d ./src/move.d  ZyboCarApp.elf.size  ZyboCarApp.elf
 
13:27:30 **** Build of configuration Debug for project ZyboCarApp ****
make all 
Building file: ../src/LIDAR.cc
Invoking: ARM g++ compiler
arm-xilinx-eabi-g++ -Wall -O0 -g3 -c -fmessage-length=0 -MT"src/LIDAR.o" -std=c++11 -I../../standalone_bsp_0/ps7_cortexa9_0/include -MMD -MP -MF"src/LIDAR.d" -MT"src/LIDAR.d" -o "src/LIDAR.o" "../src/LIDAR.cc"
Finished building: ../src/LIDAR.cc
 
Building file: ../src/Particle.cc
Invoking: ARM g++ compiler
arm-xilinx-eabi-g++ -Wall -O0 -g3 -c -fmessage-length=0 -MT"src/Particle.o" -std=c++11 -I../../standalone_bsp_0/ps7_cortexa9_0/include -MMD -MP -MF"src/Particle.d" -MT"src/Particle.d" -o "src/Particle.o" "../src/Particle.cc"
Finished building: ../src/Particle.cc
 
Building file: ../src/ParticleFilter.cc
Invoking: ARM g++ compiler
arm-xilinx-eabi-g++ -Wall -O0 -g3 -c -fmessage-length=0 -MT"src/ParticleFilter.o" -std=c++11 -I../../standalone_bsp_0/ps7_cortexa9_0/include -MMD -MP -MF"src/ParticleFilter.d" -MT"src/ParticleFilter.d" -o "src/ParticleFilter.o" "../src/ParticleFilter.cc"
../src/ParticleFilter.cc: In member function 'void ParticleFilter::printParticles()':
../src/ParticleFilter.cc:6:34: warning: comparison between signed and unsigned integer expressions [-Wsign-compare]
  for(int i = 0; i<particles.size();i++) {
                                  ^
../src/ParticleFilter.cc: In constructor 'ParticleFilter::ParticleFilter(std::vector<std::vector<int> >, int)':
../src/ParticleFilter.cc:16:6: warning: unused variable 'map_x' [-Wunused-variable]
  int map_x,map_y;
      ^
../src/ParticleFilter.cc:16:12: warning: unused variable 'map_y' [-Wunused-variable]
  int map_x,map_y;
            ^
../src/ParticleFilter.cc: In member function 'void ParticleFilter::updateWeigths(int*, std::vector<std::vector<int> >)':
../src/ParticleFilter.cc:51:34: warning: comparison between signed and unsigned integer expressions [-Wsign-compare]
  for(int i = 0; i<particles.size();i++) {
                                  ^
../src/ParticleFilter.cc: In member function 'void ParticleFilter::resample()':
../src/ParticleFilter.cc:83:37: warning: comparison between signed and unsigned integer expressions [-Wsign-compare]
  for (int i = 0; i < particles.size(); i++) {
                                     ^
../src/ParticleFilter.cc: In member function 'void ParticleFilter::moveParticles(MoveBlock&)':
../src/ParticleFilter.cc:123:37: warning: comparison between signed and unsigned integer expressions [-Wsign-compare]
  for (int i = 0; i < particles.size(); i++) {
                                     ^
../src/ParticleFilter.cc: In member function 'int ParticleFilter::bestParticle()':
../src/ParticleFilter.cc:133:37: warning: comparison between signed and unsigned integer expressions [-Wsign-compare]
  for (int i = 0; i < particles.size(); i++) {
                                     ^
Finished building: ../src/ParticleFilter.cc
 
Building file: ../src/PathMaker.cc
Invoking: ARM g++ compiler
arm-xilinx-eabi-g++ -Wall -O0 -g3 -c -fmessage-length=0 -MT"src/PathMaker.o" -std=c++11 -I../../standalone_bsp_0/ps7_cortexa9_0/include -MMD -MP -MF"src/PathMaker.d" -MT"src/PathMaker.d" -o "src/PathMaker.o" "../src/PathMaker.cc"
../src/PathMaker.cc: In member function 'void PathMaker::performAStar(Position&)':
../src/PathMaker.cc:98:44: warning: comparison between signed and unsigned integer expressions [-Wsign-compare]
     for (int i = 0; i < possibleMoves.size(); i++) {
                                            ^
../src/PathMaker.cc:153:28: warning: comparison between signed and unsigned integer expressions [-Wsign-compare]
  for (int y=0; y<path.size();y++){
                            ^
Finished building: ../src/PathMaker.cc
 
Building file: ../src/RobotFrame.cc
Invoking: ARM g++ compiler
arm-xilinx-eabi-g++ -Wall -O0 -g3 -c -fmessage-length=0 -MT"src/RobotFrame.o" -std=c++11 -I../../standalone_bsp_0/ps7_cortexa9_0/include -MMD -MP -MF"src/RobotFrame.d" -MT"src/RobotFrame.d" -o "src/RobotFrame.o" "../src/RobotFrame.cc"
Finished building: ../src/RobotFrame.cc
 
Building file: ../src/Utility.cpp
Invoking: ARM g++ compiler
arm-xilinx-eabi-g++ -Wall -O0 -g3 -c -fmessage-length=0 -MT"src/Utility.o" -std=c++11 -I../../standalone_bsp_0/ps7_cortexa9_0/include -MMD -MP -MF"src/Utility.d" -MT"src/Utility.d" -o "src/Utility.o" "../src/Utility.cpp"
Finished building: ../src/Utility.cpp
 
Building file: ../src/WaitForStart.cpp
Invoking: ARM g++ compiler
arm-xilinx-eabi-g++ -Wall -O0 -g3 -c -fmessage-length=0 -MT"src/WaitForStart.o" -std=c++11 -I../../standalone_bsp_0/ps7_cortexa9_0/include -MMD -MP -MF"src/WaitForStart.d" -MT"src/WaitForStart.d" -o "src/WaitForStart.o" "../src/WaitForStart.cpp"
Finished building: ../src/WaitForStart.cpp
 
Building file: ../src/main.cc
Invoking: ARM g++ compiler
arm-xilinx-eabi-g++ -Wall -O0 -g3 -c -fmessage-length=0 -MT"src/main.o" -std=c++11 -I../../standalone_bsp_0/ps7_cortexa9_0/include -MMD -MP -MF"src/main.d" -MT"src/main.d" -o "src/main.o" "../src/main.cc"
Finished building: ../src/main.cc
 
Building file: ../src/main0.cc
Invoking: ARM g++ compiler
arm-xilinx-eabi-g++ -Wall -O0 -g3 -c -fmessage-length=0 -MT"src/main0.o" -std=c++11 -I../../standalone_bsp_0/ps7_cortexa9_0/include -MMD -MP -MF"src/main0.d" -MT"src/main0.d" -o "src/main0.o" "../src/main0.cc"
Finished building: ../src/main0.cc
 
Building file: ../src/move.cpp
Invoking: ARM g++ compiler
arm-xilinx-eabi-g++ -Wall -O0 -g3 -c -fmessage-length=0 -MT"src/move.o" -std=c++11 -I../../standalone_bsp_0/ps7_cortexa9_0/include -MMD -MP -MF"src/move.d" -MT"src/move.d" -o "src/move.o" "../src/move.cpp"
Finished building: ../src/move.cpp
 
Building target: ZyboCarApp.elf
Invoking: ARM g++ linker
arm-xilinx-eabi-g++ -Wl,-T -Wl,../src/lscript.ld -L../../standalone_bsp_0/ps7_cortexa9_0/lib -o "ZyboCarApp.elf"  ./src/LIDAR.o ./src/Particle.o ./src/ParticleFilter.o ./src/PathMaker.o ./src/RobotFrame.o ./src/Utility.o ./src/WaitForStart.o ./src/main.o ./src/main0.o ./src/move.o   -Wl,--start-group,-lxil,-lgcc,-lc,-lstdc++,--end-group -Wl,--start-group,-lxilffs,-lxil,-lgcc,-lc,--end-group -Wl,--start-group,-lrsa,-lxil,-lgcc,-lc,--end-group
./src/ParticleFilter.o: In function `void __gnu_cxx::new_allocator<Particle>::destroy<Particle>(Particle*)':
c:\xilinx\sdk\2014.4\gnu\arm\nt\arm-xilinx-eabi\include\c++\4.8.3\arm-xilinx-eabi\bits/gthr-default.h:230: multiple definition of `sinTable'
./src/Particle.o:c:\xilinx\sdk\2014.4\gnu\arm\nt\arm-xilinx-eabi\include\c++\4.8.3\arm-xilinx-eabi\bits/gthr-default.h:230: first defined here
./src/ParticleFilter.o: In function `ParticleFilter::updateWeigths(int*, std::vector<std::vector<int, std::allocator<int> >, std::allocator<std::vector<int, std::allocator<int> > > >)':
C:\Users\Kasper\Documents\GitHub\TIHSC\AI_Project\ZyboCar\ZyboCar.sdk\ZyboCarApp\Debug/../src/ParticleFilter.cc:66: multiple definition of `cosTable'
./src/Particle.o:C:\Users\Kasper\Documents\GitHub\TIHSC\AI_Project\ZyboCar\ZyboCar.sdk\ZyboCarApp\Debug/../src/Particle.cc:59: first defined here
./src/PathMaker.o: In function `__gnu_cxx::__alloc_traits<std::allocator<int> >::_S_propagate_on_move_assign()':
c:\xilinx\sdk\2014.4\gnu\arm\nt\arm-xilinx-eabi\include\c++\4.8.3\arm-xilinx-eabi\bits/gthr-default.h:230: multiple definition of `sinTable'
./src/Particle.o:c:\xilinx\sdk\2014.4\gnu\arm\nt\arm-xilinx-eabi\include\c++\4.8.3\arm-xilinx-eabi\bits/gthr-default.h:230: first defined here
./src/PathMaker.o: In function `PathMaker::performAStar(Position&)':
C:\Users\Kasper\Documents\GitHub\TIHSC\AI_Project\ZyboCar\ZyboCar.sdk\ZyboCarApp\Debug/../src/PathMaker.cc:55: multiple definition of `cosTable'
./src/Particle.o:C:\Users\Kasper\Documents\GitHub\TIHSC\AI_Project\ZyboCar\ZyboCar.sdk\ZyboCarApp\Debug/../src/Particle.cc:59: first defined here
./src/RobotFrame.o: In function `__gthread_key_delete':
c:\xilinx\sdk\2014.4\gnu\arm\nt\arm-xilinx-eabi\include\c++\4.8.3\arm-xilinx-eabi\bits/gthr-default.h:230: multiple definition of `sinTable'
./src/Particle.o:c:\xilinx\sdk\2014.4\gnu\arm\nt\arm-xilinx-eabi\include\c++\4.8.3\arm-xilinx-eabi\bits/gthr-default.h:230: first defined here
./src/RobotFrame.o: In function `std::__ioinit':
RobotFrame.cc:(.bss+0x5a4): multiple definition of `cosTable'
./src/Particle.o:C:\Users\Kasper\Documents\GitHub\TIHSC\AI_Project\ZyboCar\ZyboCar.sdk\ZyboCarApp\Debug/../src/Particle.cc:59: first defined here
./src/Utility.o: In function `std::setw(int)':
c:\xilinx\sdk\2014.4\gnu\arm\nt\arm-xilinx-eabi\include\c++\4.8.3\arm-xilinx-eabi\bits/gthr-default.h:230: multiple definition of `sinTable'
./src/Particle.o:c:\xilinx\sdk\2014.4\gnu\arm\nt\arm-xilinx-eabi\include\c++\4.8.3\arm-xilinx-eabi\bits/gthr-default.h:230: first defined here
./src/Utility.o: In function `std::__ioinit':
Utility.cpp:(.bss+0x5a4): multiple definition of `cosTable'
./src/Particle.o:C:\Users\Kasper\Documents\GitHub\TIHSC\AI_Project\ZyboCar\ZyboCar.sdk\ZyboCarApp\Debug/../src/Particle.cc:59: first defined here
./src/main.o: In function `void std::_Destroy_aux<true>::__destroy<int*>(int*, int*)':
c:\xilinx\sdk\2014.4\gnu\arm\nt\arm-xilinx-eabi\include\c++\4.8.3\arm-xilinx-eabi\bits/gthr-default.h:230: multiple definition of `sinTable'
./src/Particle.o:c:\xilinx\sdk\2014.4\gnu\arm\nt\arm-xilinx-eabi\include\c++\4.8.3\arm-xilinx-eabi\bits/gthr-default.h:230: first defined here
./src/main.o: In function `std::__ioinit':
main.cc:(.bss+0x5a4): multiple definition of `cosTable'
./src/Particle.o:C:\Users\Kasper\Documents\GitHub\TIHSC\AI_Project\ZyboCar\ZyboCar.sdk\ZyboCarApp\Debug/../src/Particle.cc:59: first defined here
./src/move.o: In function `__gthread_key_delete':
c:\xilinx\sdk\2014.4\gnu\arm\nt\arm-xilinx-eabi\include\c++\4.8.3\arm-xilinx-eabi\bits/gthr-default.h:230: multiple definition of `sinTable'
./src/Particle.o:c:\xilinx\sdk\2014.4\gnu\arm\nt\arm-xilinx-eabi\include\c++\4.8.3\arm-xilinx-eabi\bits/gthr-default.h:230: first defined here
./src/move.o: In function `_GLOBAL__sub_I_sinTable':
C:\Users\Kasper\Documents\GitHub\TIHSC\AI_Project\ZyboCar\ZyboCar.sdk\ZyboCarApp\Debug/../src/move.cpp:193: multiple definition of `cosTable'
./src/Particle.o:C:\Users\Kasper\Documents\GitHub\TIHSC\AI_Project\ZyboCar\ZyboCar.sdk\ZyboCarApp\Debug/../src/Particle.cc:59: first defined here
collect2.exe: error: ld returned 1 exit status
make: *** [ZyboCarApp.elf] Fejl 1
13:28:13 **** Auto Build of configuration Debug for project ZyboCarApp ****
make all 
Building file: ../src/Particle.cc
Invoking: ARM g++ compiler
arm-xilinx-eabi-g++ -Wall -O0 -g3 -c -fmessage-length=0 -MT"src/Particle.o" -std=c++11 -I../../standalone_bsp_0/ps7_cortexa9_0/include -MMD -MP -MF"src/Particle.d" -MT"src/Particle.d" -o "src/Particle.o" "../src/Particle.cc"
In file included from ../src/Particle.cc:2:0:
../src/Utility.h:34:19: error: redefinition of 'float sinTable [360]'
 float sinTable[360];
                   ^
In file included from ../src/Utility.h:16:0,
                 from ../src/Particle.cc:2:
../src/sinusodialTables.h:11:7: error: 'float sinTable [360]' previously declared here
 float sinTable[360];
       ^
In file included from ../src/Particle.cc:2:0:
../src/Utility.h:35:19: error: redefinition of 'float cosTable [360]'
 float cosTable[360];
                   ^
In file included from ../src/Utility.h:16:0,
                 from ../src/Particle.cc:2:
../src/sinusodialTables.h:13:7: error: 'float cosTable [360]' previously declared here
 float cosTable[360];
       ^
make: *** [src/Particle.o] Fejl 1
13:28:20 **** Auto Build of configuration Debug for project ZyboCarApp ****
make all 
Building file: ../src/Particle.cc
Invoking: ARM g++ compiler
arm-xilinx-eabi-g++ -Wall -O0 -g3 -c -fmessage-length=0 -MT"src/Particle.o" -std=c++11 -I../../standalone_bsp_0/ps7_cortexa9_0/include -MMD -MP -MF"src/Particle.d" -MT"src/Particle.d" -o "src/Particle.o" "../src/Particle.cc"
Finished building: ../src/Particle.cc
 
Building file: ../src/ParticleFilter.cc
Invoking: ARM g++ compiler
arm-xilinx-eabi-g++ -Wall -O0 -g3 -c -fmessage-length=0 -MT"src/ParticleFilter.o" -std=c++11 -I../../standalone_bsp_0/ps7_cortexa9_0/include -MMD -MP -MF"src/ParticleFilter.d" -MT"src/ParticleFilter.d" -o "src/ParticleFilter.o" "../src/ParticleFilter.cc"
../src/ParticleFilter.cc: In member function 'void ParticleFilter::printParticles()':
../src/ParticleFilter.cc:6:34: warning: comparison between signed and unsigned integer expressions [-Wsign-compare]
  for(int i = 0; i<particles.size();i++) {
                                  ^
../src/ParticleFilter.cc: In constructor 'ParticleFilter::ParticleFilter(std::vector<std::vector<int> >, int)':
../src/ParticleFilter.cc:16:6: warning: unused variable 'map_x' [-Wunused-variable]
  int map_x,map_y;
      ^
../src/ParticleFilter.cc:16:12: warning: unused variable 'map_y' [-Wunused-variable]
  int map_x,map_y;
            ^
../src/ParticleFilter.cc: In member function 'void ParticleFilter::updateWeigths(int*, std::vector<std::vector<int> >)':
../src/ParticleFilter.cc:51:34: warning: comparison between signed and unsigned integer expressions [-Wsign-compare]
  for(int i = 0; i<particles.size();i++) {
                                  ^
../src/ParticleFilter.cc: In member function 'void ParticleFilter::resample()':
../src/ParticleFilter.cc:83:37: warning: comparison between signed and unsigned integer expressions [-Wsign-compare]
  for (int i = 0; i < particles.size(); i++) {
                                     ^
../src/ParticleFilter.cc: In member function 'void ParticleFilter::moveParticles(MoveBlock&)':
../src/ParticleFilter.cc:123:37: warning: comparison between signed and unsigned integer expressions [-Wsign-compare]
  for (int i = 0; i < particles.size(); i++) {
                                     ^
../src/ParticleFilter.cc: In member function 'int ParticleFilter::bestParticle()':
../src/ParticleFilter.cc:133:37: warning: comparison between signed and unsigned integer expressions [-Wsign-compare]
  for (int i = 0; i < particles.size(); i++) {
                                     ^
Finished building: ../src/ParticleFilter.cc
 
Building file: ../src/PathMaker.cc
Invoking: ARM g++ compiler
arm-xilinx-eabi-g++ -Wall -O0 -g3 -c -fmessage-length=0 -MT"src/PathMaker.o" -std=c++11 -I../../standalone_bsp_0/ps7_cortexa9_0/include -MMD -MP -MF"src/PathMaker.d" -MT"src/PathMaker.d" -o "src/PathMaker.o" "../src/PathMaker.cc"
../src/PathMaker.cc: In member function 'void PathMaker::performAStar(Position&)':
../src/PathMaker.cc:98:44: warning: comparison between signed and unsigned integer expressions [-Wsign-compare]
     for (int i = 0; i < possibleMoves.size(); i++) {
                                            ^
../src/PathMaker.cc:153:28: warning: comparison between signed and unsigned integer expressions [-Wsign-compare]
  for (int y=0; y<path.size();y++){
                            ^
Finished building: ../src/PathMaker.cc
 
Building file: ../src/RobotFrame.cc
Invoking: ARM g++ compiler
arm-xilinx-eabi-g++ -Wall -O0 -g3 -c -fmessage-length=0 -MT"src/RobotFrame.o" -std=c++11 -I../../standalone_bsp_0/ps7_cortexa9_0/include -MMD -MP -MF"src/RobotFrame.d" -MT"src/RobotFrame.d" -o "src/RobotFrame.o" "../src/RobotFrame.cc"
Finished building: ../src/RobotFrame.cc
 
Building file: ../src/Utility.cpp
Invoking: ARM g++ compiler
arm-xilinx-eabi-g++ -Wall -O0 -g3 -c -fmessage-length=0 -MT"src/Utility.o" -std=c++11 -I../../standalone_bsp_0/ps7_cortexa9_0/include -MMD -MP -MF"src/Utility.d" -MT"src/Utility.d" -o "src/Utility.o" "../src/Utility.cpp"
Finished building: ../src/Utility.cpp
 
Building file: ../src/main.cc
Invoking: ARM g++ compiler
arm-xilinx-eabi-g++ -Wall -O0 -g3 -c -fmessage-length=0 -MT"src/main.o" -std=c++11 -I../../standalone_bsp_0/ps7_cortexa9_0/include -MMD -MP -MF"src/main.d" -MT"src/main.d" -o "src/main.o" "../src/main.cc"
Finished building: ../src/main.cc
 
Building file: ../src/move.cpp
Invoking: ARM g++ compiler
arm-xilinx-eabi-g++ -Wall -O0 -g3 -c -fmessage-length=0 -MT"src/move.o" -std=c++11 -I../../standalone_bsp_0/ps7_cortexa9_0/include -MMD -MP -MF"src/move.d" -MT"src/move.d" -o "src/move.o" "../src/move.cpp"
Finished building: ../src/move.cpp
 
Building target: ZyboCarApp.elf
Invoking: ARM g++ linker
arm-xilinx-eabi-g++ -Wl,-T -Wl,../src/lscript.ld -L../../standalone_bsp_0/ps7_cortexa9_0/lib -o "ZyboCarApp.elf"  ./src/LIDAR.o ./src/Particle.o ./src/ParticleFilter.o ./src/PathMaker.o ./src/RobotFrame.o ./src/Utility.o ./src/WaitForStart.o ./src/main.o ./src/main0.o ./src/move.o   -Wl,--start-group,-lxil,-lgcc,-lc,-lstdc++,--end-group -Wl,--start-group,-lxilffs,-lxil,-lgcc,-lc,--end-group -Wl,--start-group,-lrsa,-lxil,-lgcc,-lc,--end-group
./src/ParticleFilter.o: In function `void __gnu_cxx::new_allocator<Particle>::destroy<Particle>(Particle*)':
c:\xilinx\sdk\2014.4\gnu\arm\nt\arm-xilinx-eabi\include\c++\4.8.3\arm-xilinx-eabi\bits/gthr-default.h:230: multiple definition of `sinTable'
./src/Particle.o:c:\xilinx\sdk\2014.4\gnu\arm\nt\arm-xilinx-eabi\include\c++\4.8.3\arm-xilinx-eabi\bits/gthr-default.h:230: first defined here
./src/ParticleFilter.o: In function `ParticleFilter::updateWeigths(int*, std::vector<std::vector<int, std::allocator<int> >, std::allocator<std::vector<int, std::allocator<int> > > >)':
C:\Users\Kasper\Documents\GitHub\TIHSC\AI_Project\ZyboCar\ZyboCar.sdk\ZyboCarApp\Debug/../src/ParticleFilter.cc:66: multiple definition of `cosTable'
./src/Particle.o:C:\Users\Kasper\Documents\GitHub\TIHSC\AI_Project\ZyboCar\ZyboCar.sdk\ZyboCarApp\Debug/../src/Particle.cc:59: first defined here
./src/PathMaker.o: In function `__gnu_cxx::__alloc_traits<std::allocator<int> >::_S_propagate_on_move_assign()':
c:\xilinx\sdk\2014.4\gnu\arm\nt\arm-xilinx-eabi\include\c++\4.8.3\arm-xilinx-eabi\bits/gthr-default.h:230: multiple definition of `sinTable'
./src/Particle.o:c:\xilinx\sdk\2014.4\gnu\arm\nt\arm-xilinx-eabi\include\c++\4.8.3\arm-xilinx-eabi\bits/gthr-default.h:230: first defined here
./src/PathMaker.o: In function `PathMaker::performAStar(Position&)':
C:\Users\Kasper\Documents\GitHub\TIHSC\AI_Project\ZyboCar\ZyboCar.sdk\ZyboCarApp\Debug/../src/PathMaker.cc:55: multiple definition of `cosTable'
./src/Particle.o:C:\Users\Kasper\Documents\GitHub\TIHSC\AI_Project\ZyboCar\ZyboCar.sdk\ZyboCarApp\Debug/../src/Particle.cc:59: first defined here
./src/RobotFrame.o: In function `__gthread_key_delete':
c:\xilinx\sdk\2014.4\gnu\arm\nt\arm-xilinx-eabi\include\c++\4.8.3\arm-xilinx-eabi\bits/gthr-default.h:230: multiple definition of `sinTable'
./src/Particle.o:c:\xilinx\sdk\2014.4\gnu\arm\nt\arm-xilinx-eabi\include\c++\4.8.3\arm-xilinx-eabi\bits/gthr-default.h:230: first defined here
./src/RobotFrame.o: In function `std::__ioinit':
RobotFrame.cc:(.bss+0x5a4): multiple definition of `cosTable'
./src/Particle.o:C:\Users\Kasper\Documents\GitHub\TIHSC\AI_Project\ZyboCar\ZyboCar.sdk\ZyboCarApp\Debug/../src/Particle.cc:59: first defined here
./src/Utility.o: In function `std::setw(int)':
c:\xilinx\sdk\2014.4\gnu\arm\nt\arm-xilinx-eabi\include\c++\4.8.3\arm-xilinx-eabi\bits/gthr-default.h:230: multiple definition of `sinTable'
./src/Particle.o:c:\xilinx\sdk\2014.4\gnu\arm\nt\arm-xilinx-eabi\include\c++\4.8.3\arm-xilinx-eabi\bits/gthr-default.h:230: first defined here
./src/Utility.o: In function `std::__ioinit':
Utility.cpp:(.bss+0x5a4): multiple definition of `cosTable'
./src/Particle.o:C:\Users\Kasper\Documents\GitHub\TIHSC\AI_Project\ZyboCar\ZyboCar.sdk\ZyboCarApp\Debug/../src/Particle.cc:59: first defined here
./src/main.o: In function `void std::_Destroy_aux<true>::__destroy<int*>(int*, int*)':
c:\xilinx\sdk\2014.4\gnu\arm\nt\arm-xilinx-eabi\include\c++\4.8.3\arm-xilinx-eabi\bits/gthr-default.h:230: multiple definition of `sinTable'
./src/Particle.o:c:\xilinx\sdk\2014.4\gnu\arm\nt\arm-xilinx-eabi\include\c++\4.8.3\arm-xilinx-eabi\bits/gthr-default.h:230: first defined here
./src/main.o: In function `std::__ioinit':
main.cc:(.bss+0x5a4): multiple definition of `cosTable'
./src/Particle.o:C:\Users\Kasper\Documents\GitHub\TIHSC\AI_Project\ZyboCar\ZyboCar.sdk\ZyboCarApp\Debug/../src/Particle.cc:59: first defined here
./src/move.o: In function `__gthread_key_delete':
c:\xilinx\sdk\2014.4\gnu\arm\nt\arm-xilinx-eabi\include\c++\4.8.3\arm-xilinx-eabi\bits/gthr-default.h:230: multiple definition of `sinTable'
./src/Particle.o:c:\xilinx\sdk\2014.4\gnu\arm\nt\arm-xilinx-eabi\include\c++\4.8.3\arm-xilinx-eabi\bits/gthr-default.h:230: first defined here
./src/move.o: In function `_GLOBAL__sub_I_sinTable':
C:\Users\Kasper\Documents\GitHub\TIHSC\AI_Project\ZyboCar\ZyboCar.sdk\ZyboCarApp\Debug/../src/move.cpp:193: multiple definition of `cosTable'
./src/Particle.o:C:\Users\Kasper\Documents\GitHub\TIHSC\AI_Project\ZyboCar\ZyboCar.sdk\ZyboCarApp\Debug/../src/Particle.cc:59: first defined here
collect2.exe: error: ld returned 1 exit status
make: *** [ZyboCarApp.elf] Fejl 1
13:28:35 **** Clean-only build of configuration Debug for project ZyboCarApp ****
make clean 
rm -rf  ./src/LIDAR.d ./src/Particle.d ./src/ParticleFilter.d ./src/PathMaker.d ./src/RobotFrame.d ./src/main.d ./src/main0.d  ./src/LIDAR.o ./src/Particle.o ./src/ParticleFilter.o ./src/PathMaker.o ./src/RobotFrame.o ./src/Utility.o ./src/WaitForStart.o ./src/main.o ./src/main0.o ./src/move.o  ./src/Utility.d ./src/WaitForStart.d ./src/move.d  ZyboCarApp.elf.size  ZyboCarApp.elf
 
13:28:35 **** Auto Build of configuration Debug for project ZyboCarApp ****
make all 
Building file: ../src/LIDAR.cc
Invoking: ARM g++ compiler
arm-xilinx-eabi-g++ -Wall -O0 -g3 -c -fmessage-length=0 -MT"src/LIDAR.o" -std=c++11 -I../../standalone_bsp_0/ps7_cortexa9_0/include -MMD -MP -MF"src/LIDAR.d" -MT"src/LIDAR.d" -o "src/LIDAR.o" "../src/LIDAR.cc"
Finished building: ../src/LIDAR.cc
 
Building file: ../src/Particle.cc
Invoking: ARM g++ compiler
arm-xilinx-eabi-g++ -Wall -O0 -g3 -c -fmessage-length=0 -MT"src/Particle.o" -std=c++11 -I../../standalone_bsp_0/ps7_cortexa9_0/include -MMD -MP -MF"src/Particle.d" -MT"src/Particle.d" -o "src/Particle.o" "../src/Particle.cc"
In file included from ../src/Particle.cc:2:0:
../src/Utility.h:16:30: fatal error: sinusodialTables.h: No such file or directory
 #include "sinusodialTables.h"
                              ^
compilation terminated.
make: *** [src/Particle.o] Fejl 1
13:28:47 **** Auto Build of configuration Debug for project ZyboCarApp ****
make all 
Building file: ../src/Particle.cc
Invoking: ARM g++ compiler
arm-xilinx-eabi-g++ -Wall -O0 -g3 -c -fmessage-length=0 -MT"src/Particle.o" -std=c++11 -I../../standalone_bsp_0/ps7_cortexa9_0/include -MMD -MP -MF"src/Particle.d" -MT"src/Particle.d" -o "src/Particle.o" "../src/Particle.cc"
Finished building: ../src/Particle.cc
 
Building file: ../src/ParticleFilter.cc
Invoking: ARM g++ compiler
arm-xilinx-eabi-g++ -Wall -O0 -g3 -c -fmessage-length=0 -MT"src/ParticleFilter.o" -std=c++11 -I../../standalone_bsp_0/ps7_cortexa9_0/include -MMD -MP -MF"src/ParticleFilter.d" -MT"src/ParticleFilter.d" -o "src/ParticleFilter.o" "../src/ParticleFilter.cc"
../src/ParticleFilter.cc: In member function 'void ParticleFilter::printParticles()':
../src/ParticleFilter.cc:6:34: warning: comparison between signed and unsigned integer expressions [-Wsign-compare]
  for(int i = 0; i<particles.size();i++) {
                                  ^
../src/ParticleFilter.cc: In constructor 'ParticleFilter::ParticleFilter(std::vector<std::vector<int> >, int)':
../src/ParticleFilter.cc:16:6: warning: unused variable 'map_x' [-Wunused-variable]
  int map_x,map_y;
      ^
../src/ParticleFilter.cc:16:12: warning: unused variable 'map_y' [-Wunused-variable]
  int map_x,map_y;
            ^
../src/ParticleFilter.cc: In member function 'void ParticleFilter::updateWeigths(int*, std::vector<std::vector<int> >)':
../src/ParticleFilter.cc:51:34: warning: comparison between signed and unsigned integer expressions [-Wsign-compare]
  for(int i = 0; i<particles.size();i++) {
                                  ^
../src/ParticleFilter.cc: In member function 'void ParticleFilter::resample()':
../src/ParticleFilter.cc:83:37: warning: comparison between signed and unsigned integer expressions [-Wsign-compare]
  for (int i = 0; i < particles.size(); i++) {
                                     ^
../src/ParticleFilter.cc: In member function 'void ParticleFilter::moveParticles(MoveBlock&)':
../src/ParticleFilter.cc:123:37: warning: comparison between signed and unsigned integer expressions [-Wsign-compare]
  for (int i = 0; i < particles.size(); i++) {
                                     ^
../src/ParticleFilter.cc: In member function 'int ParticleFilter::bestParticle()':
../src/ParticleFilter.cc:133:37: warning: comparison between signed and unsigned integer expressions [-Wsign-compare]
  for (int i = 0; i < particles.size(); i++) {
                                     ^
Finished building: ../src/ParticleFilter.cc
 
Building file: ../src/PathMaker.cc
Invoking: ARM g++ compiler
arm-xilinx-eabi-g++ -Wall -O0 -g3 -c -fmessage-length=0 -MT"src/PathMaker.o" -std=c++11 -I../../standalone_bsp_0/ps7_cortexa9_0/include -MMD -MP -MF"src/PathMaker.d" -MT"src/PathMaker.d" -o "src/PathMaker.o" "../src/PathMaker.cc"
../src/PathMaker.cc: In member function 'void PathMaker::performAStar(Position&)':
../src/PathMaker.cc:98:44: warning: comparison between signed and unsigned integer expressions [-Wsign-compare]
     for (int i = 0; i < possibleMoves.size(); i++) {
                                            ^
../src/PathMaker.cc:153:28: warning: comparison between signed and unsigned integer expressions [-Wsign-compare]
  for (int y=0; y<path.size();y++){
                            ^
Finished building: ../src/PathMaker.cc
 
Building file: ../src/RobotFrame.cc
Invoking: ARM g++ compiler
arm-xilinx-eabi-g++ -Wall -O0 -g3 -c -fmessage-length=0 -MT"src/RobotFrame.o" -std=c++11 -I../../standalone_bsp_0/ps7_cortexa9_0/include -MMD -MP -MF"src/RobotFrame.d" -MT"src/RobotFrame.d" -o "src/RobotFrame.o" "../src/RobotFrame.cc"
Finished building: ../src/RobotFrame.cc
 
Building file: ../src/Utility.cpp
Invoking: ARM g++ compiler
arm-xilinx-eabi-g++ -Wall -O0 -g3 -c -fmessage-length=0 -MT"src/Utility.o" -std=c++11 -I../../standalone_bsp_0/ps7_cortexa9_0/include -MMD -MP -MF"src/Utility.d" -MT"src/Utility.d" -o "src/Utility.o" "../src/Utility.cpp"
Finished building: ../src/Utility.cpp
 
Building file: ../src/WaitForStart.cpp
Invoking: ARM g++ compiler
arm-xilinx-eabi-g++ -Wall -O0 -g3 -c -fmessage-length=0 -MT"src/WaitForStart.o" -std=c++11 -I../../standalone_bsp_0/ps7_cortexa9_0/include -MMD -MP -MF"src/WaitForStart.d" -MT"src/WaitForStart.d" -o "src/WaitForStart.o" "../src/WaitForStart.cpp"
Finished building: ../src/WaitForStart.cpp
 
Building file: ../src/main.cc
Invoking: ARM g++ compiler
arm-xilinx-eabi-g++ -Wall -O0 -g3 -c -fmessage-length=0 -MT"src/main.o" -std=c++11 -I../../standalone_bsp_0/ps7_cortexa9_0/include -MMD -MP -MF"src/main.d" -MT"src/main.d" -o "src/main.o" "../src/main.cc"
Finished building: ../src/main.cc
 
Building file: ../src/main0.cc
Invoking: ARM g++ compiler
arm-xilinx-eabi-g++ -Wall -O0 -g3 -c -fmessage-length=0 -MT"src/main0.o" -std=c++11 -I../../standalone_bsp_0/ps7_cortexa9_0/include -MMD -MP -MF"src/main0.d" -MT"src/main0.d" -o "src/main0.o" "../src/main0.cc"
Finished building: ../src/main0.cc
 
Building file: ../src/move.cpp
Invoking: ARM g++ compiler
arm-xilinx-eabi-g++ -Wall -O0 -g3 -c -fmessage-length=0 -MT"src/move.o" -std=c++11 -I../../standalone_bsp_0/ps7_cortexa9_0/include -MMD -MP -MF"src/move.d" -MT"src/move.d" -o "src/move.o" "../src/move.cpp"
Finished building: ../src/move.cpp
 
Building target: ZyboCarApp.elf
Invoking: ARM g++ linker
arm-xilinx-eabi-g++ -Wl,-T -Wl,../src/lscript.ld -L../../standalone_bsp_0/ps7_cortexa9_0/lib -o "ZyboCarApp.elf"  ./src/LIDAR.o ./src/Particle.o ./src/ParticleFilter.o ./src/PathMaker.o ./src/RobotFrame.o ./src/Utility.o ./src/WaitForStart.o ./src/main.o ./src/main0.o ./src/move.o   -Wl,--start-group,-lxil,-lgcc,-lc,-lstdc++,--end-group -Wl,--start-group,-lxilffs,-lxil,-lgcc,-lc,--end-group -Wl,--start-group,-lrsa,-lxil,-lgcc,-lc,--end-group
./src/ParticleFilter.o: In function `void __gnu_cxx::new_allocator<Particle>::destroy<Particle>(Particle*)':
c:\xilinx\sdk\2014.4\gnu\arm\nt\arm-xilinx-eabi\include\c++\4.8.3\arm-xilinx-eabi\bits/gthr-default.h:230: multiple definition of `sinTable'
./src/Particle.o:c:\xilinx\sdk\2014.4\gnu\arm\nt\arm-xilinx-eabi\include\c++\4.8.3\arm-xilinx-eabi\bits/gthr-default.h:230: first defined here
./src/ParticleFilter.o: In function `ParticleFilter::updateWeigths(int*, std::vector<std::vector<int, std::allocator<int> >, std::allocator<std::vector<int, std::allocator<int> > > >)':
C:\Users\Kasper\Documents\GitHub\TIHSC\AI_Project\ZyboCar\ZyboCar.sdk\ZyboCarApp\Debug/../src/ParticleFilter.cc:66: multiple definition of `cosTable'
./src/Particle.o:C:\Users\Kasper\Documents\GitHub\TIHSC\AI_Project\ZyboCar\ZyboCar.sdk\ZyboCarApp\Debug/../src/Particle.cc:59: first defined here
./src/PathMaker.o: In function `__gnu_cxx::__alloc_traits<std::allocator<int> >::_S_propagate_on_move_assign()':
c:\xilinx\sdk\2014.4\gnu\arm\nt\arm-xilinx-eabi\include\c++\4.8.3\arm-xilinx-eabi\bits/gthr-default.h:230: multiple definition of `sinTable'
./src/Particle.o:c:\xilinx\sdk\2014.4\gnu\arm\nt\arm-xilinx-eabi\include\c++\4.8.3\arm-xilinx-eabi\bits/gthr-default.h:230: first defined here
./src/PathMaker.o: In function `PathMaker::performAStar(Position&)':
C:\Users\Kasper\Documents\GitHub\TIHSC\AI_Project\ZyboCar\ZyboCar.sdk\ZyboCarApp\Debug/../src/PathMaker.cc:55: multiple definition of `cosTable'
./src/Particle.o:C:\Users\Kasper\Documents\GitHub\TIHSC\AI_Project\ZyboCar\ZyboCar.sdk\ZyboCarApp\Debug/../src/Particle.cc:59: first defined here
./src/RobotFrame.o: In function `__gthread_key_delete':
c:\xilinx\sdk\2014.4\gnu\arm\nt\arm-xilinx-eabi\include\c++\4.8.3\arm-xilinx-eabi\bits/gthr-default.h:230: multiple definition of `sinTable'
./src/Particle.o:c:\xilinx\sdk\2014.4\gnu\arm\nt\arm-xilinx-eabi\include\c++\4.8.3\arm-xilinx-eabi\bits/gthr-default.h:230: first defined here
./src/RobotFrame.o: In function `std::__ioinit':
RobotFrame.cc:(.bss+0x5a4): multiple definition of `cosTable'
./src/Particle.o:C:\Users\Kasper\Documents\GitHub\TIHSC\AI_Project\ZyboCar\ZyboCar.sdk\ZyboCarApp\Debug/../src/Particle.cc:59: first defined here
./src/Utility.o: In function `std::setw(int)':
c:\xilinx\sdk\2014.4\gnu\arm\nt\arm-xilinx-eabi\include\c++\4.8.3\arm-xilinx-eabi\bits/gthr-default.h:230: multiple definition of `sinTable'
./src/Particle.o:c:\xilinx\sdk\2014.4\gnu\arm\nt\arm-xilinx-eabi\include\c++\4.8.3\arm-xilinx-eabi\bits/gthr-default.h:230: first defined here
./src/Utility.o: In function `std::__ioinit':
Utility.cpp:(.bss+0x5a4): multiple definition of `cosTable'
./src/Particle.o:C:\Users\Kasper\Documents\GitHub\TIHSC\AI_Project\ZyboCar\ZyboCar.sdk\ZyboCarApp\Debug/../src/Particle.cc:59: first defined here
./src/main.o: In function `void std::_Destroy_aux<true>::__destroy<int*>(int*, int*)':
c:\xilinx\sdk\2014.4\gnu\arm\nt\arm-xilinx-eabi\include\c++\4.8.3\arm-xilinx-eabi\bits/gthr-default.h:230: multiple definition of `sinTable'
./src/Particle.o:c:\xilinx\sdk\2014.4\gnu\arm\nt\arm-xilinx-eabi\include\c++\4.8.3\arm-xilinx-eabi\bits/gthr-default.h:230: first defined here
./src/main.o: In function `std::__ioinit':
main.cc:(.bss+0x5a4): multiple definition of `cosTable'
./src/Particle.o:C:\Users\Kasper\Documents\GitHub\TIHSC\AI_Project\ZyboCar\ZyboCar.sdk\ZyboCarApp\Debug/../src/Particle.cc:59: first defined here
./src/move.o: In function `__gthread_key_delete':
c:\xilinx\sdk\2014.4\gnu\arm\nt\arm-xilinx-eabi\include\c++\4.8.3\arm-xilinx-eabi\bits/gthr-default.h:230: multiple definition of `sinTable'
./src/Particle.o:c:\xilinx\sdk\2014.4\gnu\arm\nt\arm-xilinx-eabi\include\c++\4.8.3\arm-xilinx-eabi\bits/gthr-default.h:230: first defined here
./src/move.o: In function `_GLOBAL__sub_I_sinTable':
C:\Users\Kasper\Documents\GitHub\TIHSC\AI_Project\ZyboCar\ZyboCar.sdk\ZyboCarApp\Debug/../src/move.cpp:193: multiple definition of `cosTable'
./src/Particle.o:C:\Users\Kasper\Documents\GitHub\TIHSC\AI_Project\ZyboCar\ZyboCar.sdk\ZyboCarApp\Debug/../src/Particle.cc:59: first defined here
collect2.exe: error: ld returned 1 exit status
make: *** [ZyboCarApp.elf] Fejl 1
13:29:08 **** Auto Build of configuration Debug for project ZyboCarApp ****
make all 
Building file: ../src/Particle.cc
Invoking: ARM g++ compiler
arm-xilinx-eabi-g++ -Wall -O0 -g3 -c -fmessage-length=0 -MT"src/Particle.o" -std=c++11 -I../../standalone_bsp_0/ps7_cortexa9_0/include -MMD -MP -MF"src/Particle.d" -MT"src/Particle.d" -o "src/Particle.o" "../src/Particle.cc"
Finished building: ../src/Particle.cc
 
Building file: ../src/ParticleFilter.cc
Invoking: ARM g++ compiler
arm-xilinx-eabi-g++ -Wall -O0 -g3 -c -fmessage-length=0 -MT"src/ParticleFilter.o" -std=c++11 -I../../standalone_bsp_0/ps7_cortexa9_0/include -MMD -MP -MF"src/ParticleFilter.d" -MT"src/ParticleFilter.d" -o "src/ParticleFilter.o" "../src/ParticleFilter.cc"
../src/ParticleFilter.cc: In member function 'void ParticleFilter::printParticles()':
../src/ParticleFilter.cc:6:34: warning: comparison between signed and unsigned integer expressions [-Wsign-compare]
  for(int i = 0; i<particles.size();i++) {
                                  ^
../src/ParticleFilter.cc: In constructor 'ParticleFilter::ParticleFilter(std::vector<std::vector<int> >, int)':
../src/ParticleFilter.cc:16:6: warning: unused variable 'map_x' [-Wunused-variable]
  int map_x,map_y;
      ^
../src/ParticleFilter.cc:16:12: warning: unused variable 'map_y' [-Wunused-variable]
  int map_x,map_y;
            ^
../src/ParticleFilter.cc: In member function 'void ParticleFilter::updateWeigths(int*, std::vector<std::vector<int> >)':
../src/ParticleFilter.cc:51:34: warning: comparison between signed and unsigned integer expressions [-Wsign-compare]
  for(int i = 0; i<particles.size();i++) {
                                  ^
../src/ParticleFilter.cc: In member function 'void ParticleFilter::resample()':
../src/ParticleFilter.cc:83:37: warning: comparison between signed and unsigned integer expressions [-Wsign-compare]
  for (int i = 0; i < particles.size(); i++) {
                                     ^
../src/ParticleFilter.cc: In member function 'void ParticleFilter::moveParticles(MoveBlock&)':
../src/ParticleFilter.cc:123:37: warning: comparison between signed and unsigned integer expressions [-Wsign-compare]
  for (int i = 0; i < particles.size(); i++) {
                                     ^
../src/ParticleFilter.cc: In member function 'int ParticleFilter::bestParticle()':
../src/ParticleFilter.cc:133:37: warning: comparison between signed and unsigned integer expressions [-Wsign-compare]
  for (int i = 0; i < particles.size(); i++) {
                                     ^
Finished building: ../src/ParticleFilter.cc
 
Building file: ../src/PathMaker.cc
Invoking: ARM g++ compiler
arm-xilinx-eabi-g++ -Wall -O0 -g3 -c -fmessage-length=0 -MT"src/PathMaker.o" -std=c++11 -I../../standalone_bsp_0/ps7_cortexa9_0/include -MMD -MP -MF"src/PathMaker.d" -MT"src/PathMaker.d" -o "src/PathMaker.o" "../src/PathMaker.cc"
../src/PathMaker.cc: In member function 'void PathMaker::performAStar(Position&)':
../src/PathMaker.cc:98:44: warning: comparison between signed and unsigned integer expressions [-Wsign-compare]
     for (int i = 0; i < possibleMoves.size(); i++) {
                                            ^
../src/PathMaker.cc:153:28: warning: comparison between signed and unsigned integer expressions [-Wsign-compare]
  for (int y=0; y<path.size();y++){
                            ^
Finished building: ../src/PathMaker.cc
 
Building file: ../src/RobotFrame.cc
Invoking: ARM g++ compiler
arm-xilinx-eabi-g++ -Wall -O0 -g3 -c -fmessage-length=0 -MT"src/RobotFrame.o" -std=c++11 -I../../standalone_bsp_0/ps7_cortexa9_0/include -MMD -MP -MF"src/RobotFrame.d" -MT"src/RobotFrame.d" -o "src/RobotFrame.o" "../src/RobotFrame.cc"
Finished building: ../src/RobotFrame.cc
 
Building file: ../src/Utility.cpp
Invoking: ARM g++ compiler
arm-xilinx-eabi-g++ -Wall -O0 -g3 -c -fmessage-length=0 -MT"src/Utility.o" -std=c++11 -I../../standalone_bsp_0/ps7_cortexa9_0/include -MMD -MP -MF"src/Utility.d" -MT"src/Utility.d" -o "src/Utility.o" "../src/Utility.cpp"
Finished building: ../src/Utility.cpp
 
Building file: ../src/main.cc
Invoking: ARM g++ compiler
arm-xilinx-eabi-g++ -Wall -O0 -g3 -c -fmessage-length=0 -MT"src/main.o" -std=c++11 -I../../standalone_bsp_0/ps7_cortexa9_0/include -MMD -MP -MF"src/main.d" -MT"src/main.d" -o "src/main.o" "../src/main.cc"
Finished building: ../src/main.cc
 
Building file: ../src/move.cpp
Invoking: ARM g++ compiler
arm-xilinx-eabi-g++ -Wall -O0 -g3 -c -fmessage-length=0 -MT"src/move.o" -std=c++11 -I../../standalone_bsp_0/ps7_cortexa9_0/include -MMD -MP -MF"src/move.d" -MT"src/move.d" -o "src/move.o" "../src/move.cpp"
Finished building: ../src/move.cpp
 
Building target: ZyboCarApp.elf
Invoking: ARM g++ linker
arm-xilinx-eabi-g++ -Wl,-T -Wl,../src/lscript.ld -L../../standalone_bsp_0/ps7_cortexa9_0/lib -o "ZyboCarApp.elf"  ./src/LIDAR.o ./src/Particle.o ./src/ParticleFilter.o ./src/PathMaker.o ./src/RobotFrame.o ./src/Utility.o ./src/WaitForStart.o ./src/main.o ./src/main0.o ./src/move.o   -Wl,--start-group,-lxil,-lgcc,-lc,-lstdc++,--end-group -Wl,--start-group,-lxilffs,-lxil,-lgcc,-lc,--end-group -Wl,--start-group,-lrsa,-lxil,-lgcc,-lc,--end-group
./src/ParticleFilter.o: In function `void __gnu_cxx::new_allocator<Particle>::destroy<Particle>(Particle*)':
c:\xilinx\sdk\2014.4\gnu\arm\nt\arm-xilinx-eabi\include\c++\4.8.3\arm-xilinx-eabi\bits/gthr-default.h:230: multiple definition of `sinTable'
./src/Particle.o:c:\xilinx\sdk\2014.4\gnu\arm\nt\arm-xilinx-eabi\include\c++\4.8.3\arm-xilinx-eabi\bits/gthr-default.h:230: first defined here
./src/ParticleFilter.o: In function `ParticleFilter::updateWeigths(int*, std::vector<std::vector<int, std::allocator<int> >, std::allocator<std::vector<int, std::allocator<int> > > >)':
C:\Users\Kasper\Documents\GitHub\TIHSC\AI_Project\ZyboCar\ZyboCar.sdk\ZyboCarApp\Debug/../src/ParticleFilter.cc:66: multiple definition of `cosTable'
./src/Particle.o:C:\Users\Kasper\Documents\GitHub\TIHSC\AI_Project\ZyboCar\ZyboCar.sdk\ZyboCarApp\Debug/../src/Particle.cc:59: first defined here
./src/PathMaker.o: In function `__gnu_cxx::__alloc_traits<std::allocator<int> >::_S_propagate_on_move_assign()':
c:\xilinx\sdk\2014.4\gnu\arm\nt\arm-xilinx-eabi\include\c++\4.8.3\arm-xilinx-eabi\bits/gthr-default.h:230: multiple definition of `sinTable'
./src/Particle.o:c:\xilinx\sdk\2014.4\gnu\arm\nt\arm-xilinx-eabi\include\c++\4.8.3\arm-xilinx-eabi\bits/gthr-default.h:230: first defined here
./src/PathMaker.o: In function `PathMaker::performAStar(Position&)':
C:\Users\Kasper\Documents\GitHub\TIHSC\AI_Project\ZyboCar\ZyboCar.sdk\ZyboCarApp\Debug/../src/PathMaker.cc:55: multiple definition of `cosTable'
./src/Particle.o:C:\Users\Kasper\Documents\GitHub\TIHSC\AI_Project\ZyboCar\ZyboCar.sdk\ZyboCarApp\Debug/../src/Particle.cc:59: first defined here
./src/RobotFrame.o: In function `__gthread_key_delete':
c:\xilinx\sdk\2014.4\gnu\arm\nt\arm-xilinx-eabi\include\c++\4.8.3\arm-xilinx-eabi\bits/gthr-default.h:230: multiple definition of `sinTable'
./src/Particle.o:c:\xilinx\sdk\2014.4\gnu\arm\nt\arm-xilinx-eabi\include\c++\4.8.3\arm-xilinx-eabi\bits/gthr-default.h:230: first defined here
./src/RobotFrame.o: In function `std::__ioinit':
RobotFrame.cc:(.bss+0x5a4): multiple definition of `cosTable'
./src/Particle.o:C:\Users\Kasper\Documents\GitHub\TIHSC\AI_Project\ZyboCar\ZyboCar.sdk\ZyboCarApp\Debug/../src/Particle.cc:59: first defined here
./src/Utility.o: In function `std::setw(int)':
c:\xilinx\sdk\2014.4\gnu\arm\nt\arm-xilinx-eabi\include\c++\4.8.3\arm-xilinx-eabi\bits/gthr-default.h:230: multiple definition of `sinTable'
./src/Particle.o:c:\xilinx\sdk\2014.4\gnu\arm\nt\arm-xilinx-eabi\include\c++\4.8.3\arm-xilinx-eabi\bits/gthr-default.h:230: first defined here
./src/Utility.o: In function `std::__ioinit':
Utility.cpp:(.bss+0x5a4): multiple definition of `cosTable'
./src/Particle.o:C:\Users\Kasper\Documents\GitHub\TIHSC\AI_Project\ZyboCar\ZyboCar.sdk\ZyboCarApp\Debug/../src/Particle.cc:59: first defined here
./src/main.o: In function `void std::_Destroy_aux<true>::__destroy<int*>(int*, int*)':
c:\xilinx\sdk\2014.4\gnu\arm\nt\arm-xilinx-eabi\include\c++\4.8.3\arm-xilinx-eabi\bits/gthr-default.h:230: multiple definition of `sinTable'
./src/Particle.o:c:\xilinx\sdk\2014.4\gnu\arm\nt\arm-xilinx-eabi\include\c++\4.8.3\arm-xilinx-eabi\bits/gthr-default.h:230: first defined here
./src/main.o: In function `std::__ioinit':
main.cc:(.bss+0x5a4): multiple definition of `cosTable'
./src/Particle.o:C:\Users\Kasper\Documents\GitHub\TIHSC\AI_Project\ZyboCar\ZyboCar.sdk\ZyboCarApp\Debug/../src/Particle.cc:59: first defined here
./src/move.o: In function `__gthread_key_delete':
c:\xilinx\sdk\2014.4\gnu\arm\nt\arm-xilinx-eabi\include\c++\4.8.3\arm-xilinx-eabi\bits/gthr-default.h:230: multiple definition of `sinTable'
./src/Particle.o:c:\xilinx\sdk\2014.4\gnu\arm\nt\arm-xilinx-eabi\include\c++\4.8.3\arm-xilinx-eabi\bits/gthr-default.h:230: first defined here
./src/move.o: In function `_GLOBAL__sub_I_sinTable':
C:\Users\Kasper\Documents\GitHub\TIHSC\AI_Project\ZyboCar\ZyboCar.sdk\ZyboCarApp\Debug/../src/move.cpp:193: multiple definition of `cosTable'
./src/Particle.o:C:\Users\Kasper\Documents\GitHub\TIHSC\AI_Project\ZyboCar\ZyboCar.sdk\ZyboCarApp\Debug/../src/Particle.cc:59: first defined here
collect2.exe: error: ld returned 1 exit status
make: *** [ZyboCarApp.elf] Fejl 1
13:30:05 **** Auto Build of configuration Debug for project ZyboCarApp ****
[...]
Finished building: ../src/move.cpp
 
Building target: ZyboCarApp.elf
Invoking: ARM g++ linker
arm-xilinx-eabi-g++ -Wl,-T -Wl,../src/lscript.ld -L../../standalone_bsp_0/ps7_cortexa9_0/lib -o "ZyboCarApp.elf"  ./src/LIDAR.o ./src/Particle.o ./src/ParticleFilter.o ./src/PathMaker.o ./src/RobotFrame.o ./src/Utility.o ./src/WaitForStart.o ./src/main.o ./src/main0.o ./src/move.o   -Wl,--start-group,-lxil,-lgcc,-lc,-lstdc++,--end-group -Wl,--start-group,-lxilffs,-lxil,-lgcc,-lc,--end-group -Wl,--start-group,-lrsa,-lxil,-lgcc,-lc,--end-group
Finished building target: ZyboCarApp.elf
 
Invoking: ARM Print Size
arm-xilinx-eabi-size ZyboCarApp.elf  |tee "ZyboCarApp.elf.size"
   text	   data	    bss	    dec	    hex	filename
3508440	   2632	204815024	208326096	c6acdd0	ZyboCarApp.elf
Finished building: ZyboCarApp.elf.size
 
17:55:54 **** Auto Build of configuration Debug for project ZyboCarApp ****
make all 
make: Ingenting at gøre for 'all'.
17:56:41 **** Auto Build of configuration Debug for project ZyboCarApp ****
make all 
make: Ingenting at gøre for 'all'.
10:34:34 **** Build of project standalone_bsp_0 ****
make -k all 
"Running Make include in ps7_cortexa9_0/libsrc/cpu_cortexa9_v2_1/src"
make -C ps7_cortexa9_0/libsrc/cpu_cortexa9_v2_1/src -s include  "SHELL=CMD" "COMPILER=arm-xilinx-eabi-gcc" "ARCHIVER=arm-xilinx-eabi-ar" "COMPILER_FLAGS=  -O2 -c" "EXTRA_COMPILER_FLAGS=-g"
"Running Make include in ps7_cortexa9_0/libsrc/devcfg_v3_2/src"
make -C ps7_cortexa9_0/libsrc/devcfg_v3_2/src -s include  "SHELL=CMD" "COMPILER=arm-xilinx-eabi-gcc" "ARCHIVER=arm-xilinx-eabi-ar" "COMPILER_FLAGS=  -O2 -c" "EXTRA_COMPILER_FLAGS=-g"
"Running Make include in ps7_cortexa9_0/libsrc/dmaps_v2_1/src"
make -C ps7_cortexa9_0/libsrc/dmaps_v2_1/src -s include  "SHELL=CMD" "COMPILER=arm-xilinx-eabi-gcc" "ARCHIVER=arm-xilinx-eabi-ar" "COMPILER_FLAGS=  -O2 -c" "EXTRA_COMPILER_FLAGS=-g"
"Running Make include in ps7_cortexa9_0/libsrc/gpio_v4_0/src"
make -C ps7_cortexa9_0/libsrc/gpio_v4_0/src -s include  "SHELL=CMD" "COMPILER=arm-xilinx-eabi-gcc" "ARCHIVER=arm-xilinx-eabi-ar" "COMPILER_FLAGS=  -O2 -c" "EXTRA_COMPILER_FLAGS=-g"
"Running Make include in ps7_cortexa9_0/libsrc/motorctrl_top_v1_1/src"
make -C ps7_cortexa9_0/libsrc/motorctrl_top_v1_1/src -s include  "SHELL=CMD" "COMPILER=arm-xilinx-eabi-gcc" "ARCHIVER=arm-xilinx-eabi-ar" "COMPILER_FLAGS=  -O2 -c" "EXTRA_COMPILER_FLAGS=-g"
"Running Make include in ps7_cortexa9_0/libsrc/qspips_v3_1/src"
make -C ps7_cortexa9_0/libsrc/qspips_v3_1/src -s include  "SHELL=CMD" "COMPILER=arm-xilinx-eabi-gcc" "ARCHIVER=arm-xilinx-eabi-ar" "COMPILER_FLAGS=  -O2 -c" "EXTRA_COMPILER_FLAGS=-g"
"Running Make include in ps7_cortexa9_0/libsrc/scugic_v2_1/src"
make -C ps7_cortexa9_0/libsrc/scugic_v2_1/src -s include  "SHELL=CMD" "COMPILER=arm-xilinx-eabi-gcc" "ARCHIVER=arm-xilinx-eabi-ar" "COMPILER_FLAGS=  -O2 -c" "EXTRA_COMPILER_FLAGS=-g"
"Running Make include in ps7_cortexa9_0/libsrc/scutimer_v2_0/src"
make -C ps7_cortexa9_0/libsrc/scutimer_v2_0/src -s include  "SHELL=CMD" "COMPILER=arm-xilinx-eabi-gcc" "ARCHIVER=arm-xilinx-eabi-ar" "COMPILER_FLAGS=  -O2 -c" "EXTRA_COMPILER_FLAGS=-g"
"Running Make include in ps7_cortexa9_0/libsrc/scuwdt_v2_0/src"
make -C ps7_cortexa9_0/libsrc/scuwdt_v2_0/src -s include  "SHELL=CMD" "COMPILER=arm-xilinx-eabi-gcc" "ARCHIVER=arm-xilinx-eabi-ar" "COMPILER_FLAGS=  -O2 -c" "EXTRA_COMPILER_FLAGS=-g"
"Running Make include in ps7_cortexa9_0/libsrc/standalone_v4_2/src"
make -C ps7_cortexa9_0/libsrc/standalone_v4_2/src -s include  "SHELL=CMD" "COMPILER=arm-xilinx-eabi-gcc" "ARCHIVER=arm-xilinx-eabi-ar" "COMPILER_FLAGS=  -O2 -c" "EXTRA_COMPILER_FLAGS=-g"
"Running Make include in ps7_cortexa9_0/libsrc/uartlite_v3_0/src"
make -C ps7_cortexa9_0/libsrc/uartlite_v3_0/src -s include  "SHELL=CMD" "COMPILER=arm-xilinx-eabi-gcc" "ARCHIVER=arm-xilinx-eabi-ar" "COMPILER_FLAGS=  -O2 -c" "EXTRA_COMPILER_FLAGS=-g"
"Running Make include in ps7_cortexa9_0/libsrc/uartps_v2_2/src"
make -C ps7_cortexa9_0/libsrc/uartps_v2_2/src -s include  "SHELL=CMD" "COMPILER=arm-xilinx-eabi-gcc" "ARCHIVER=arm-xilinx-eabi-ar" "COMPILER_FLAGS=  -O2 -c" "EXTRA_COMPILER_FLAGS=-g"
"Running Make include in ps7_cortexa9_0/libsrc/xadcps_v2_1/src"
make -C ps7_cortexa9_0/libsrc/xadcps_v2_1/src -s include  "SHELL=CMD" "COMPILER=arm-xilinx-eabi-gcc" "ARCHIVER=arm-xilinx-eabi-ar" "COMPILER_FLAGS=  -O2 -c" "EXTRA_COMPILER_FLAGS=-g"
"Running Make include in ps7_cortexa9_0/libsrc/xilffs_v2_2/src"
make -C ps7_cortexa9_0/libsrc/xilffs_v2_2/src -s include  "SHELL=CMD" "COMPILER=arm-xilinx-eabi-gcc" "ARCHIVER=arm-xilinx-eabi-ar" "COMPILER_FLAGS=  -O2 -c" "EXTRA_COMPILER_FLAGS=-g"
"Running Make include in ps7_cortexa9_0/libsrc/xilrsa_v1_1/src"
make -C ps7_cortexa9_0/libsrc/xilrsa_v1_1/src -s include  "SHELL=CMD" "COMPILER=arm-xilinx-eabi-gcc" "ARCHIVER=arm-xilinx-eabi-ar" "COMPILER_FLAGS=  -O2 -c" "EXTRA_COMPILER_FLAGS=-g"
"Running Make libs in ps7_cortexa9_0/libsrc/cpu_cortexa9_v2_1/src"
make -C ps7_cortexa9_0/libsrc/cpu_cortexa9_v2_1/src -s libs  "SHELL=CMD" "COMPILER=arm-xilinx-eabi-gcc" "ARCHIVER=arm-xilinx-eabi-ar" "COMPILER_FLAGS=  -O2 -c" "EXTRA_COMPILER_FLAGS=-g"
"Compiling cpu_cortexa9"
"Running Make libs in ps7_cortexa9_0/libsrc/devcfg_v3_2/src"
make -C ps7_cortexa9_0/libsrc/devcfg_v3_2/src -s libs  "SHELL=CMD" "COMPILER=arm-xilinx-eabi-gcc" "ARCHIVER=arm-xilinx-eabi-ar" "COMPILER_FLAGS=  -O2 -c" "EXTRA_COMPILER_FLAGS=-g"
"Compiling devcfg"
arm-xilinx-eabi-ar: ../../../lib/libxil.a: No such file or directory
make[1]: *** [xdevcfg_libs] Fejl 1
make[1]: Målet 'libs' ikke genskabt på grund af fejl.
make: *** [ps7_cortexa9_0/libsrc/devcfg_v3_2/src/make.libs] Fejl 2
"Running Make libs in ps7_cortexa9_0/libsrc/dmaps_v2_1/src"
make -C ps7_cortexa9_0/libsrc/dmaps_v2_1/src -s libs  "SHELL=CMD" "COMPILER=arm-xilinx-eabi-gcc" "ARCHIVER=arm-xilinx-eabi-ar" "COMPILER_FLAGS=  -O2 -c" "EXTRA_COMPILER_FLAGS=-g"
"Compiling dmaps"
arm-xilinx-eabi-ar: ../../../lib/libxil.a: No such file or directory
make[1]: *** [xdmaps_libs] Fejl 1
make[1]: Målet 'libs' ikke genskabt på grund af fejl.
make: *** [ps7_cortexa9_0/libsrc/dmaps_v2_1/src/make.libs] Fejl 2
"Running Make libs in ps7_cortexa9_0/libsrc/gpio_v4_0/src"
make -C ps7_cortexa9_0/libsrc/gpio_v4_0/src -s libs  "SHELL=CMD" "COMPILER=arm-xilinx-eabi-gcc" "ARCHIVER=arm-xilinx-eabi-ar" "COMPILER_FLAGS=  -O2 -c" "EXTRA_COMPILER_FLAGS=-g"
"Compiling gpio"
arm-xilinx-eabi-ar: ../../../lib/libxil.a: No such file or directory
make[1]: *** [libs] Fejl 1
make: *** [ps7_cortexa9_0/libsrc/gpio_v4_0/src/make.libs] Fejl 2
"Running Make libs in ps7_cortexa9_0/libsrc/motorctrl_top_v1_1/src"
make -C ps7_cortexa9_0/libsrc/motorctrl_top_v1_1/src -s libs  "SHELL=CMD" "COMPILER=arm-xilinx-eabi-gcc" "ARCHIVER=arm-xilinx-eabi-ar" "COMPILER_FLAGS=  -O2 -c" "EXTRA_COMPILER_FLAGS=-g"
"Compiling motorctrl_top"
arm-xilinx-eabi-ar: ../../../lib/libxil.a: No such file or directory
make[1]: *** [libs] Fejl 1
make: *** [ps7_cortexa9_0/libsrc/motorctrl_top_v1_1/src/make.libs] Fejl 2
"Running Make libs in ps7_cortexa9_0/libsrc/qspips_v3_1/src"
make -C ps7_cortexa9_0/libsrc/qspips_v3_1/src -s libs  "SHELL=CMD" "COMPILER=arm-xilinx-eabi-gcc" "ARCHIVER=arm-xilinx-eabi-ar" "COMPILER_FLAGS=  -O2 -c" "EXTRA_COMPILER_FLAGS=-g"
"Compiling qspips"
arm-xilinx-eabi-ar: ../../../lib/libxil.a: No such file or directory
make[1]: *** [xqspips_libs] Fejl 1
make[1]: Målet 'libs' ikke genskabt på grund af fejl.
make: *** [ps7_cortexa9_0/libsrc/qspips_v3_1/src/make.libs] Fejl 2
"Running Make libs in ps7_cortexa9_0/libsrc/scugic_v2_1/src"
make -C ps7_cortexa9_0/libsrc/scugic_v2_1/src -s libs  "SHELL=CMD" "COMPILER=arm-xilinx-eabi-gcc" "ARCHIVER=arm-xilinx-eabi-ar" "COMPILER_FLAGS=  -O2 -c" "EXTRA_COMPILER_FLAGS=-g"
"Compiling scugic"
arm-xilinx-eabi-ar: ../../../lib/libxil.a: No such file or directory
make[1]: *** [scugic_libs] Fejl 1
make[1]: Målet 'libs' ikke genskabt på grund af fejl.
make: *** [ps7_cortexa9_0/libsrc/scugic_v2_1/src/make.libs] Fejl 2
"Running Make libs in ps7_cortexa9_0/libsrc/scutimer_v2_0/src"
make -C ps7_cortexa9_0/libsrc/scutimer_v2_0/src -s libs  "SHELL=CMD" "COMPILER=arm-xilinx-eabi-gcc" "ARCHIVER=arm-xilinx-eabi-ar" "COMPILER_FLAGS=  -O2 -c" "EXTRA_COMPILER_FLAGS=-g"
"Compiling scutimer"
arm-xilinx-eabi-ar: ../../../lib/libxil.a: No such file or directory
make[1]: *** [scutimer_libs] Fejl 1
make[1]: Målet 'libs' ikke genskabt på grund af fejl.
make: *** [ps7_cortexa9_0/libsrc/scutimer_v2_0/src/make.libs] Fejl 2
"Running Make libs in ps7_cortexa9_0/libsrc/scuwdt_v2_0/src"
make -C ps7_cortexa9_0/libsrc/scuwdt_v2_0/src -s libs  "SHELL=CMD" "COMPILER=arm-xilinx-eabi-gcc" "ARCHIVER=arm-xilinx-eabi-ar" "COMPILER_FLAGS=  -O2 -c" "EXTRA_COMPILER_FLAGS=-g"
"Compiling scuwdt"
arm-xilinx-eabi-ar: ../../../lib/libxil.a: No such file or directory
make[1]: *** [scuwdt_libs] Fejl 1
make[1]: Målet 'libs' ikke genskabt på grund af fejl.
make: *** [ps7_cortexa9_0/libsrc/scuwdt_v2_0/src/make.libs] Fejl 2
"Running Make libs in ps7_cortexa9_0/libsrc/standalone_v4_2/src"
make -C ps7_cortexa9_0/libsrc/standalone_v4_2/src -s libs  "SHELL=CMD" "COMPILER=arm-xilinx-eabi-gcc" "ARCHIVER=arm-xilinx-eabi-ar" "COMPILER_FLAGS=  -O2 -c" "EXTRA_COMPILER_FLAGS=-g"
"Compiling standalone"
arm-xilinx-eabi-ar: ../../../lib/libxil.a: No such file or directory
make[1]: *** [standalone_libs] Fejl 1
make[1]: Målet 'libs' ikke genskabt på grund af fejl.
make: *** [ps7_cortexa9_0/libsrc/standalone_v4_2/src/make.libs] Fejl 2
"Running Make libs in ps7_cortexa9_0/libsrc/uartlite_v3_0/src"
make -C ps7_cortexa9_0/libsrc/uartlite_v3_0/src -s libs  "SHELL=CMD" "COMPILER=arm-xilinx-eabi-gcc" "ARCHIVER=arm-xilinx-eabi-ar" "COMPILER_FLAGS=  -O2 -c" "EXTRA_COMPILER_FLAGS=-g"
"Compiling uartlite"
arm-xilinx-eabi-ar: ../../../lib/libxil.a: No such file or directory
make[1]: *** [libs] Fejl 1
make: *** [ps7_cortexa9_0/libsrc/uartlite_v3_0/src/make.libs] Fejl 2
"Running Make libs in ps7_cortexa9_0/libsrc/uartps_v2_2/src"
make -C ps7_cortexa9_0/libsrc/uartps_v2_2/src -s libs  "SHELL=CMD" "COMPILER=arm-xilinx-eabi-gcc" "ARCHIVER=arm-xilinx-eabi-ar" "COMPILER_FLAGS=  -O2 -c" "EXTRA_COMPILER_FLAGS=-g"
"Compiling uartps"
arm-xilinx-eabi-ar: ../../../lib/libxil.a: No such file or directory
make[1]: *** [xuartps_libs] Fejl 1
make[1]: Målet 'libs' ikke genskabt på grund af fejl.
make: *** [ps7_cortexa9_0/libsrc/uartps_v2_2/src/make.libs] Fejl 2
"Running Make libs in ps7_cortexa9_0/libsrc/xadcps_v2_1/src"
make -C ps7_cortexa9_0/libsrc/xadcps_v2_1/src -s libs  "SHELL=CMD" "COMPILER=arm-xilinx-eabi-gcc" "ARCHIVER=arm-xilinx-eabi-ar" "COMPILER_FLAGS=  -O2 -c" "EXTRA_COMPILER_FLAGS=-g"
"Compiling xadcps"
arm-xilinx-eabi-ar: ../../../lib/libxil.a: No such file or directory
make[1]: *** [xadcps_libs] Fejl 1
make[1]: Målet 'libs' ikke genskabt på grund af fejl.
make: *** [ps7_cortexa9_0/libsrc/xadcps_v2_1/src/make.libs] Fejl 2
"Running Make libs in ps7_cortexa9_0/libsrc/xilffs_v2_2/src"
make -C ps7_cortexa9_0/libsrc/xilffs_v2_2/src -s libs  "SHELL=CMD" "COMPILER=arm-xilinx-eabi-gcc" "ARCHIVER=arm-xilinx-eabi-ar" "COMPILER_FLAGS=  -O2 -c" "EXTRA_COMPILER_FLAGS=-g"
"Compiling XilFFs Library"
"Creating archive libxilffs.a"
"Running Make libs in ps7_cortexa9_0/libsrc/xilrsa_v1_1/src"
make -C ps7_cortexa9_0/libsrc/xilrsa_v1_1/src -s libs  "SHELL=CMD" "COMPILER=arm-xilinx-eabi-gcc" "ARCHIVER=arm-xilinx-eabi-ar" "COMPILER_FLAGS=  -O2 -c" "EXTRA_COMPILER_FLAGS=-g"
cp: kan ikke udføre stat() './librsa.a': No such file or directory
make[1]: *** [libs] Fejl 1
make: *** [ps7_cortexa9_0/libsrc/xilrsa_v1_1/src/make.libs] Fejl 2
make: Målet 'all' ikke genskabt på grund af fejl.
10:35:21 **** Build of configuration Debug for project ZyboCarApp ****
make all 
'Building file: ../src/LIDAR.cc'
'Invoking: ARM g++ compiler'
arm-xilinx-eabi-g++ -Wall -O0 -g3 -c -fmessage-length=0 -MT"src/LIDAR.o" -std=c++11 -I../../standalone_bsp_0/ps7_cortexa9_0/include -MMD -MP -MF"src/LIDAR.d" -MT"src/LIDAR.d" -o "src/LIDAR.o" "../src/LIDAR.cc"
'Finished building: ../src/LIDAR.cc'
' '
'Building file: ../src/Particle.cc'
'Invoking: ARM g++ compiler'
arm-xilinx-eabi-g++ -Wall -O0 -g3 -c -fmessage-length=0 -MT"src/Particle.o" -std=c++11 -I../../standalone_bsp_0/ps7_cortexa9_0/include -MMD -MP -MF"src/Particle.d" -MT"src/Particle.d" -o "src/Particle.o" "../src/Particle.cc"
'Finished building: ../src/Particle.cc'
' '
'Building file: ../src/ParticleFilter.cc'
'Invoking: ARM g++ compiler'
arm-xilinx-eabi-g++ -Wall -O0 -g3 -c -fmessage-length=0 -MT"src/ParticleFilter.o" -std=c++11 -I../../standalone_bsp_0/ps7_cortexa9_0/include -MMD -MP -MF"src/ParticleFilter.d" -MT"src/ParticleFilter.d" -o "src/ParticleFilter.o" "../src/ParticleFilter.cc"
'Finished building: ../src/ParticleFilter.cc'
' '
'Building file: ../src/PathMaker.cc'
'Invoking: ARM g++ compiler'
arm-xilinx-eabi-g++ -Wall -O0 -g3 -c -fmessage-length=0 -MT"src/PathMaker.o" -std=c++11 -I../../standalone_bsp_0/ps7_cortexa9_0/include -MMD -MP -MF"src/PathMaker.d" -MT"src/PathMaker.d" -o "src/PathMaker.o" "../src/PathMaker.cc"
../src/PathMaker.cc: In member function 'void PathMaker::performAStar(Position&)':
../src/PathMaker.cc:89:44: warning: comparison between signed and unsigned integer expressions [-Wsign-compare]
     for (int i = 0; i < possibleMoves.size(); i++) {
                                            ^
../src/PathMaker.cc:141:32: warning: comparison between signed and unsigned integer expressions [-Wsign-compare]
  for (int y = 0; y < path.size(); y++) {
                                ^
'Finished building: ../src/PathMaker.cc'
' '
'Building file: ../src/RobotFrame.cc'
'Invoking: ARM g++ compiler'
arm-xilinx-eabi-g++ -Wall -O0 -g3 -c -fmessage-length=0 -MT"src/RobotFrame.o" -std=c++11 -I../../standalone_bsp_0/ps7_cortexa9_0/include -MMD -MP -MF"src/RobotFrame.d" -MT"src/RobotFrame.d" -o "src/RobotFrame.o" "../src/RobotFrame.cc"
'Finished building: ../src/RobotFrame.cc'
' '
'Building file: ../src/Utility.cpp'
'Invoking: ARM g++ compiler'
arm-xilinx-eabi-g++ -Wall -O0 -g3 -c -fmessage-length=0 -MT"src/Utility.o" -std=c++11 -I../../standalone_bsp_0/ps7_cortexa9_0/include -MMD -MP -MF"src/Utility.d" -MT"src/Utility.d" -o "src/Utility.o" "../src/Utility.cpp"
'Finished building: ../src/Utility.cpp'
' '
'Building file: ../src/WaitForStart.cpp'
'Invoking: ARM g++ compiler'
arm-xilinx-eabi-g++ -Wall -O0 -g3 -c -fmessage-length=0 -MT"src/WaitForStart.o" -std=c++11 -I../../standalone_bsp_0/ps7_cortexa9_0/include -MMD -MP -MF"src/WaitForStart.d" -MT"src/WaitForStart.d" -o "src/WaitForStart.o" "../src/WaitForStart.cpp"
'Finished building: ../src/WaitForStart.cpp'
' '
'Building file: ../src/main.cc'
'Invoking: ARM g++ compiler'
arm-xilinx-eabi-g++ -Wall -O0 -g3 -c -fmessage-length=0 -MT"src/main.o" -std=c++11 -I../../standalone_bsp_0/ps7_cortexa9_0/include -MMD -MP -MF"src/main.d" -MT"src/main.d" -o "src/main.o" "../src/main.cc"
'Finished building: ../src/main.cc'
' '
'Building file: ../src/main0.cc'
'Invoking: ARM g++ compiler'
arm-xilinx-eabi-g++ -Wall -O0 -g3 -c -fmessage-length=0 -MT"src/main0.o" -std=c++11 -I../../standalone_bsp_0/ps7_cortexa9_0/include -MMD -MP -MF"src/main0.d" -MT"src/main0.d" -o "src/main0.o" "../src/main0.cc"
'Finished building: ../src/main0.cc'
' '
'Building file: ../src/move.cpp'
'Invoking: ARM g++ compiler'
arm-xilinx-eabi-g++ -Wall -O0 -g3 -c -fmessage-length=0 -MT"src/move.o" -std=c++11 -I../../standalone_bsp_0/ps7_cortexa9_0/include -MMD -MP -MF"src/move.d" -MT"src/move.d" -o "src/move.o" "../src/move.cpp"
'Finished building: ../src/move.cpp'
' '
'Building target: ZyboCarApp.elf'
'Invoking: ARM g++ linker'
arm-xilinx-eabi-g++ -Wl,-T -Wl,../src/lscript.ld -L../../standalone_bsp_0/ps7_cortexa9_0/lib -o "ZyboCarApp.elf"  ./src/LIDAR.o ./src/Particle.o ./src/ParticleFilter.o ./src/PathMaker.o ./src/RobotFrame.o ./src/Utility.o ./src/WaitForStart.o ./src/main.o ./src/main0.o ./src/move.o   -Wl,--start-group,-lxil,-lgcc,-lc,-lstdc++,--end-group -Wl,--start-group,-lxilffs,-lxil,-lgcc,-lc,--end-group -Wl,--start-group,-lrsa,-lxil,-lgcc,-lc,--end-group
c:/xilinx/sdk/2014.4/gnu/arm/nt/bin/../lib/gcc/arm-xilinx-eabi/4.8.3/../../../../arm-xilinx-eabi/bin/ld.exe: cannot find -lxil
collect2.exe: error: ld returned 1 exit status
make: *** [ZyboCarApp.elf] Fejl 1
10:36:00 **** Build of configuration Release for project MyFirstFSBL ****
make all 
'Building file: ../src/fsbl_handoff.S'
'Invoking: ARM gcc compiler'
arm-xilinx-eabi-gcc -Wall -O2 -I"C:\GitRepo\TIHSC\AI_Project\ZyboCar\ZyboCar.sdk\ZyboCarDesign_wrapper_hw_platform_0" -c -fmessage-length=0 -MT"src/fsbl_handoff.o" -I../../standalone_bsp_0/ps7_cortexa9_0/include -MMD -MP -MF"src/fsbl_handoff.d" -MT"src/fsbl_handoff.d" -o "src/fsbl_handoff.o" "../src/fsbl_handoff.S"
'Finished building: ../src/fsbl_handoff.S'
' '
'Building file: ../src/fsbl_hooks.c'
'Invoking: ARM gcc compiler'
arm-xilinx-eabi-gcc -Wall -O2 -I"C:\GitRepo\TIHSC\AI_Project\ZyboCar\ZyboCar.sdk\ZyboCarDesign_wrapper_hw_platform_0" -c -fmessage-length=0 -MT"src/fsbl_hooks.o" -I../../standalone_bsp_0/ps7_cortexa9_0/include -MMD -MP -MF"src/fsbl_hooks.d" -MT"src/fsbl_hooks.d" -o "src/fsbl_hooks.o" "../src/fsbl_hooks.c"
'Finished building: ../src/fsbl_hooks.c'
' '
'Building file: ../src/image_mover.c'
'Invoking: ARM gcc compiler'
arm-xilinx-eabi-gcc -Wall -O2 -I"C:\GitRepo\TIHSC\AI_Project\ZyboCar\ZyboCar.sdk\ZyboCarDesign_wrapper_hw_platform_0" -c -fmessage-length=0 -MT"src/image_mover.o" -I../../standalone_bsp_0/ps7_cortexa9_0/include -MMD -MP -MF"src/image_mover.d" -MT"src/image_mover.d" -o "src/image_mover.o" "../src/image_mover.c"
'Finished building: ../src/image_mover.c'
' '
'Building file: ../src/main.c'
'Invoking: ARM gcc compiler'
arm-xilinx-eabi-gcc -Wall -O2 -I"C:\GitRepo\TIHSC\AI_Project\ZyboCar\ZyboCar.sdk\ZyboCarDesign_wrapper_hw_platform_0" -c -fmessage-length=0 -MT"src/main.o" -I../../standalone_bsp_0/ps7_cortexa9_0/include -MMD -MP -MF"src/main.d" -MT"src/main.d" -o "src/main.o" "../src/main.c"
'Finished building: ../src/main.c'
' '
'Building file: ../src/md5.c'
'Invoking: ARM gcc compiler'
arm-xilinx-eabi-gcc -Wall -O2 -I"C:\GitRepo\TIHSC\AI_Project\ZyboCar\ZyboCar.sdk\ZyboCarDesign_wrapper_hw_platform_0" -c -fmessage-length=0 -MT"src/md5.o" -I../../standalone_bsp_0/ps7_cortexa9_0/include -MMD -MP -MF"src/md5.d" -MT"src/md5.d" -o "src/md5.o" "../src/md5.c"
../src/md5.c: In function 'MD5Final':
../src/md5.c:445:2: warning: dereferencing type-punned pointer will break strict-aliasing rules [-Wstrict-aliasing]
  ( (u32 *)context->intermediate )[ 14 ] = context->bits[ 0 ];
  ^
../src/md5.c:446:2: warning: dereferencing type-punned pointer will break strict-aliasing rules [-Wstrict-aliasing]
  ( (u32 *)context->intermediate )[ 15 ] = context->bits[ 1 ];
  ^
'Finished building: ../src/md5.c'
' '
'Building file: ../src/nand.c'
'Invoking: ARM gcc compiler'
arm-xilinx-eabi-gcc -Wall -O2 -I"C:\GitRepo\TIHSC\AI_Project\ZyboCar\ZyboCar.sdk\ZyboCarDesign_wrapper_hw_platform_0" -c -fmessage-length=0 -MT"src/nand.o" -I../../standalone_bsp_0/ps7_cortexa9_0/include -MMD -MP -MF"src/nand.d" -MT"src/nand.d" -o "src/nand.o" "../src/nand.c"
'Finished building: ../src/nand.c'
' '
'Building file: ../src/nor.c'
'Invoking: ARM gcc compiler'
arm-xilinx-eabi-gcc -Wall -O2 -I"C:\GitRepo\TIHSC\AI_Project\ZyboCar\ZyboCar.sdk\ZyboCarDesign_wrapper_hw_platform_0" -c -fmessage-length=0 -MT"src/nor.o" -I../../standalone_bsp_0/ps7_cortexa9_0/include -MMD -MP -MF"src/nor.d" -MT"src/nor.d" -o "src/nor.o" "../src/nor.c"
'Finished building: ../src/nor.c'
' '
'Building file: ../src/pcap.c'
'Invoking: ARM gcc compiler'
arm-xilinx-eabi-gcc -Wall -O2 -I"C:\GitRepo\TIHSC\AI_Project\ZyboCar\ZyboCar.sdk\ZyboCarDesign_wrapper_hw_platform_0" -c -fmessage-length=0 -MT"src/pcap.o" -I../../standalone_bsp_0/ps7_cortexa9_0/include -MMD -MP -MF"src/pcap.d" -MT"src/pcap.d" -o "src/pcap.o" "../src/pcap.c"
'Finished building: ../src/pcap.c'
' '
