11:33:06 **** Auto Build of configuration Debug for project Simple_motor_test ****
make all 
Building file: ../src/main.c
Invoking: ARM gcc compiler
arm-xilinx-eabi-gcc -Wall -O0 -g3 -c -fmessage-length=0 -MT"src/main.o" -I../../standalone_bsp_0/ps7_cortexa9_0/include -MMD -MP -MF"src/main.d" -MT"src/main.d" -o "src/main.o" "../src/main.c"
Finished building: ../src/main.c
 
Building target: Simple_motor_test.elf
Invoking: ARM gcc linker
arm-xilinx-eabi-gcc -Wl,-T -Wl,../src/lscript.ld -L../../standalone_bsp_0/ps7_cortexa9_0/lib -o "Simple_motor_test.elf"  ./src/main.o   -Wl,--start-group,-lxil,-lgcc,-lc,--end-group
Finished building target: Simple_motor_test.elf
 
Invoking: ARM Print Size
arm-xilinx-eabi-size Simple_motor_test.elf  |tee "Simple_motor_test.elf.size"
   text	   data	    bss	    dec	    hex	filename
  20520	   1152	  22564	  44236	   accc	Simple_motor_test.elf
Finished building: Simple_motor_test.elf.size
 

11:33:06 Build Finished (took 733ms)

