09:12:33 **** Incremental Build of configuration Debug for project standalone_bsp_0_xscutimer_polled_example_1 ****
make all 
Building file: ../src/xscutimer_polled_example.c
Invoking: ARM gcc compiler
arm-xilinx-eabi-gcc -Wall -O0 -g3 -c -fmessage-length=0 -MT"src/xscutimer_polled_example.o" -I../../standalone_bsp_0/ps7_cortexa9_0/include -MMD -MP -MF"src/xscutimer_polled_example.d" -MT"src/xscutimer_polled_example.d" -o "src/xscutimer_polled_example.o" "../src/xscutimer_polled_example.c"
../src/xscutimer_polled_example.c: In function 'ScuTimerPolledExample':
../src/xscutimer_polled_example.c:131:15: warning: variable 'CntValue2' set but not used [-Wunused-but-set-variable]
  volatile u32 CntValue2 = 0;
               ^
../src/xscutimer_polled_example.c:130:15: warning: variable 'CntValue1' set but not used [-Wunused-but-set-variable]
  volatile u32 CntValue1 = 0;
               ^
Finished building: ../src/xscutimer_polled_example.c
 
Building target: standalone_bsp_0_xscutimer_polled_example_1.elf
Invoking: ARM gcc linker
arm-xilinx-eabi-gcc -Wl,-T -Wl,../src/lscript.ld -L../../standalone_bsp_0/ps7_cortexa9_0/lib -o "standalone_bsp_0_xscutimer_polled_example_1.elf"  ./src/xscutimer_polled_example.o   -Wl,--start-group,-lxil,-lgcc,-lc,--end-group -Wl,--start-group,-lxilffs,-lxil,-lgcc,-lc,--end-group -Wl,--start-group,-lrsa,-lxil,-lgcc,-lc,--end-group
Finished building target: standalone_bsp_0_xscutimer_polled_example_1.elf
 
Invoking: ARM Print Size
arm-xilinx-eabi-size standalone_bsp_0_xscutimer_polled_example_1.elf  |tee "standalone_bsp_0_xscutimer_polled_example_1.elf.size"
   text	   data	    bss	    dec	    hex	filename
  24056	   1168	  22580	  47804	   babc	standalone_bsp_0_xscutimer_polled_example_1.elf
Finished building: standalone_bsp_0_xscutimer_polled_example_1.elf.size
 

09:12:34 Build Finished (took 820ms)

