11:41:40 **** Auto Build of configuration Debug for project ZyboTest ****
make all 
Building file: ../src/main.cc
Invoking: ARM g++ compiler
arm-xilinx-eabi-g++ -Wall -O0 -g3 -c -fmessage-length=0 -MT"src/main.o" -I../../standalone_bsp_0/ps7_cortexa9_0/include -MMD -MP -MF"src/main.d" -MT"src/main.d" -o "src/main.o" "../src/main.cc"
Finished building: ../src/main.cc
 
Building target: ZyboTest.elf
Invoking: ARM g++ linker
arm-xilinx-eabi-g++ -Wl,-T -Wl,../src/lscript.ld -L../../standalone_bsp_0/ps7_cortexa9_0/lib -o "ZyboTest.elf"  ./src/main.o   -Wl,--start-group,-lxil,-lgcc,-lc,-lstdc++,--end-group
Finished building target: ZyboTest.elf
 
Invoking: ARM Print Size
arm-xilinx-eabi-size ZyboTest.elf  |tee "ZyboTest.elf.size"
   text	   data	    bss	    dec	    hex	filename
  35972	   2200	  22636	  60808	   ed88	ZyboTest.elf
Finished building: ZyboTest.elf.size
 

11:41:41 Build Finished (took 890ms)

