

================================================================
== Vivado HLS Report for 'iosc_iosThread'
================================================================
* Date:           Fri May 15 11:10:03 2015

* Version:        2014.4 (Build 1071461 on Tue Nov 18 16:42:57 PM 2014)
* Project:        SC_IO
* Solution:       solution1
* Product family: zynq
* Target device:  xc7z010clg400-1


================================================================
== Performance Estimates
================================================================
+ Timing (ns): 
    * Summary: 
    +---------+-------+----------+------------+
    |  Clock  | Target| Estimated| Uncertainty|
    +---------+-------+----------+------------+
    |default  |  10.00|      1.88|        1.25|
    +---------+-------+----------+------------+

+ Latency (clock cycles): 
    * Summary: 
    +-----+-----+-----+-----+---------+
    |  Latency  |  Interval | Pipeline|
    | min | max | min | max |   Type  |
    +-----+-----+-----+-----+---------+
    |    4|    4|    4|    4|   none  |
    +-----+-----+-----+-----+---------+

    + Detail: 
        * Instance: 
        N/A

        * Loop: 
        +----------+-----+-----+----------+-----------+-----------+------+----------+
        |          |  Latency  | Iteration|  Initiation Interval  | Trip |          |
        | Loop Name| min | max |  Latency |  achieved |   target  | Count| Pipelined|
        +----------+-----+-----+----------+-----------+-----------+------+----------+
        |- Loop 1  |    2|    2|         2|          -|          -|  inf |    no    |
        +----------+-----+-----+----------+-----------+-----------+------+----------+



================================================================
== Utilization Estimates
================================================================
* Summary: 
+-----------------+---------+-------+-------+-------+
|       Name      | BRAM_18K| DSP48E|   FF  |  LUT  |
+-----------------+---------+-------+-------+-------+
|Expression       |        -|      -|      -|      -|
|FIFO             |        -|      -|      -|      -|
|Instance         |        -|      -|      -|      -|
|Memory           |        -|      -|      -|      -|
|Multiplexer      |        -|      -|      -|      -|
|Register         |        -|      -|      -|      -|
+-----------------+---------+-------+-------+-------+
|Total            |        0|      0|      0|      0|
+-----------------+---------+-------+-------+-------+
|Available        |      120|     80|  35200|  17600|
+-----------------+---------+-------+-------+-------+
|Utilization (%)  |        0|      0|      0|      0|
+-----------------+---------+-------+-------+-------+

+ Detail: 
    * Instance: 
    N/A

    * Memory: 
    N/A

    * FIFO: 
    N/A

    * Expression: 
    N/A

    * Multiplexer: 
    N/A

    * Register: 
    N/A



================================================================
== Interface
================================================================
* Summary: 
N/A

============================================================
+ Verbose Summary: Synthesis Manager
============================================================
InlineROM: 1
ExposeGlobal: 0
============================================================
+ Verbose Summary: CDFG Model
============================================================
IsTopModel: 0
ResetActiveHigh: 1
IsCombinational: 0
IsDatapathOnly: 0
HasWiredReturn: 0
HasMFsm: 0
HasVarLatency: 1
IsPipeline: 0
IsRtlPipelined: 0
IsInstanceOverlapped: 0
IsDontTouch: 0
HasImplIP: 0
IsGatedGlobalClock: 0


============================================================
+ Verbose Summary: Schedule
============================================================
* Number of FSM states: 4
* Pipeline: 0
* Dataflow Pipeline: 0

* FSM state transitions: 
1 --> 
	2  / true
2 --> 
	3  / true
3 --> 
	4  / true
4 --> 
	3  / true
* FSM state operations: 

 <State 1>: 0.00ns
ST_1: stg_5 [1/1] 0.00ns
_ZN7_ap_sc_7sc_core4waitEi.exit:0  call void (...)* @_ssdm_op_SpecBitsMap(i1* %clk), !map !72

ST_1: stg_6 [1/1] 0.00ns
_ZN7_ap_sc_7sc_core4waitEi.exit:1  call void (...)* @_ssdm_op_SpecBitsMap(i1* %reset), !map !76

ST_1: stg_7 [1/1] 0.00ns
_ZN7_ap_sc_7sc_core4waitEi.exit:2  call void (...)* @_ssdm_op_SpecBitsMap(i4* %ctrl), !map !80

ST_1: stg_8 [1/1] 0.00ns
_ZN7_ap_sc_7sc_core4waitEi.exit:3  call void (...)* @_ssdm_op_SpecBitsMap(i4* %inSwitch), !map !84

ST_1: stg_9 [1/1] 0.00ns
_ZN7_ap_sc_7sc_core4waitEi.exit:4  call void (...)* @_ssdm_op_SpecBitsMap(i4* %outLeds), !map !88

ST_1: stg_10 [1/1] 0.00ns
_ZN7_ap_sc_7sc_core4waitEi.exit:5  call void (...)* @_ssdm_op_SpecBitsMap(i4* %iosc_switchs_V), !map !92

ST_1: stg_11 [1/1] 0.00ns
_ZN7_ap_sc_7sc_core4waitEi.exit:6  call void (...)* @_ssdm_op_SpecBitsMap(i4* %iosc_switchs_in_V), !map !96

ST_1: stg_12 [1/1] 0.00ns
_ZN7_ap_sc_7sc_core4waitEi.exit:7  call void (...)* @_ssdm_op_SpecBitsMap(i4* %iosc_ctrl_in_V), !map !100

ST_1: stg_13 [1/1] 0.00ns
_ZN7_ap_sc_7sc_core4waitEi.exit:8  call void (...)* @_ssdm_op_SpecBitsMap(i4* %iosc_second_count_V), !map !104

ST_1: stg_14 [1/1] 0.00ns
_ZN7_ap_sc_7sc_core4waitEi.exit:9  call void (...)* @_ssdm_op_SpecBitsMap(i1* %iosc_second), !map !108

ST_1: stg_15 [1/1] 0.00ns
_ZN7_ap_sc_7sc_core4waitEi.exit:10  call void (...)* @_ssdm_op_SpecBitsMap(i32* %iosc_timerCount_V), !map !112

ST_1: stg_16 [1/1] 0.00ns
_ZN7_ap_sc_7sc_core4waitEi.exit:11  call void (...)* @_ssdm_op_SpecPort([5 x i8]* @p_str, i32 0, [7 x i8]* @p_str1, [4 x i8]* @p_str2, i32 0, i32 0, i1* %clk) nounwind

ST_1: stg_17 [1/1] 0.00ns
_ZN7_ap_sc_7sc_core4waitEi.exit:12  call void (...)* @_ssdm_op_SpecPort([5 x i8]* @p_str, i32 0, [7 x i8]* @p_str1, [6 x i8]* @p_str3, i32 0, i32 0, i1* %reset) nounwind

ST_1: stg_18 [1/1] 0.00ns
_ZN7_ap_sc_7sc_core4waitEi.exit:13  call void (...)* @_ssdm_op_SpecPort([5 x i8]* @p_str, i32 0, [13 x i8]* @p_str4, [5 x i8]* @p_str5, i32 0, i32 0, i4* %ctrl) nounwind

ST_1: stg_19 [1/1] 0.00ns
_ZN7_ap_sc_7sc_core4waitEi.exit:14  call void (...)* @_ssdm_op_SpecPort([5 x i8]* @p_str, i32 0, [13 x i8]* @p_str4, [9 x i8]* @p_str6, i32 0, i32 0, i4* %inSwitch) nounwind

ST_1: stg_20 [1/1] 0.00ns
_ZN7_ap_sc_7sc_core4waitEi.exit:15  call void (...)* @_ssdm_op_SpecPort([5 x i8]* @p_str, i32 1, [13 x i8]* @p_str4, [8 x i8]* @p_str7, i32 0, i32 0, i4* %outLeds) nounwind

ST_1: stg_21 [1/1] 0.00ns
_ZN7_ap_sc_7sc_core4waitEi.exit:16  call void (...)* @_ssdm_op_SpecProcessDef([5 x i8]* @p_str, i32 2, [10 x i8]* @p_str8) nounwind

ST_1: tmp_2 [1/1] 0.00ns
_ZN7_ap_sc_7sc_core4waitEi.exit:17  %tmp_2 = call i32 (...)* @_ssdm_op_SpecRegionBegin([15 x i8]* @p_str9)

ST_1: stg_23 [1/1] 0.00ns
_ZN7_ap_sc_7sc_core4waitEi.exit:18  call void (...)* @_ssdm_op_SpecProtocol(i32 1, [1 x i8]* @p_str10) nounwind

ST_1: p_ssdm_reset_v [1/1] 0.00ns
_ZN7_ap_sc_7sc_core4waitEi.exit:19  %p_ssdm_reset_v = call i32 (...)* @_ssdm_op_SpecStateBegin(i32 0, i32 0, i32 1) nounwind

ST_1: stg_25 [1/1] 0.00ns
_ZN7_ap_sc_7sc_core4waitEi.exit:20  call void (...)* @_ssdm_op_SpecIFCore(i4* %ctrl, [1 x i8]* @p_str10, [10 x i8]* @p_str18, [1 x i8]* @p_str10, i32 -1, [1 x i8]* @p_str10, [1 x i8]* @p_str10, [17 x i8]* @p_str19)

ST_1: empty [1/1] 0.00ns
_ZN7_ap_sc_7sc_core4waitEi.exit:21  %empty = call i32 (...)* @_ssdm_op_SpecStateEnd(i32 %p_ssdm_reset_v) nounwind

ST_1: empty_2 [1/1] 0.00ns
_ZN7_ap_sc_7sc_core4waitEi.exit:22  %empty_2 = call i32 (...)* @_ssdm_op_SpecRegionEnd([15 x i8]* @p_str9, i32 %tmp_2)


 <State 2>: 0.00ns
ST_2: stg_28 [1/1] 0.00ns
_ZN7_ap_sc_7sc_core4waitEi.exit:23  call void (...)* @_ssdm_op_Wait(i32 1) nounwind

ST_2: stg_29 [1/1] 0.00ns
_ZN7_ap_sc_7sc_core4waitEi.exit:24  br label %_ZN7_ap_sc_7sc_core4waitEi.exit2


 <State 3>: 1.88ns
ST_3: stg_30 [1/1] 0.00ns
_ZN7_ap_sc_7sc_core4waitEi.exit2:0  call void (...)* @_ssdm_op_Wait(i32 1) nounwind

ST_3: val_V [1/1] 0.00ns
_ZN7_ap_sc_7sc_core4waitEi.exit2:1  %val_V = call i4 @_ssdm_op_Read.ap_auto.volatile.i4P(i4* %inSwitch)

ST_3: stg_32 [1/1] 0.00ns
_ZN7_ap_sc_7sc_core4waitEi.exit2:2  call void @_ssdm_op_Write.ap_auto.i4P(i4* %iosc_switchs_in_V, i4 %val_V)

ST_3: val_V_2 [1/1] 0.00ns
_ZN7_ap_sc_7sc_core4waitEi.exit2:3  %val_V_2 = call i4 @_ssdm_op_Read.ap_auto.volatile.i4P(i4* %ctrl)

ST_3: stg_34 [1/1] 0.00ns
_ZN7_ap_sc_7sc_core4waitEi.exit2:4  call void @_ssdm_op_Write.ap_auto.i4P(i4* %iosc_ctrl_in_V, i4 %val_V_2)

ST_3: tmp [1/1] 1.88ns
_ZN7_ap_sc_7sc_core4waitEi.exit2:5  %tmp = icmp eq i4 %val_V_2, 0

ST_3: stg_36 [1/1] 0.00ns
_ZN7_ap_sc_7sc_core4waitEi.exit2:6  br i1 %tmp, label %0, label %3

ST_3: r_V [1/1] 1.37ns
:0  %r_V = and i4 %val_V_2, %val_V

ST_3: stg_38 [1/1] 0.00ns
:1  call void @_ssdm_op_Write.ap_auto.i4P(i4* %iosc_switchs_V, i4 %r_V)

ST_3: stg_39 [1/1] 0.00ns
:2  call void @_ssdm_op_Write.ap_auto.volatile.i4P(i4* %outLeds, i4 %r_V)

ST_3: stg_40 [1/1] 0.00ns
:3  br label %4

ST_3: tmp_1 [1/1] 1.88ns
:0  %tmp_1 = icmp eq i4 %val_V, -8

ST_3: stg_42 [1/1] 0.00ns
:1  br i1 %tmp_1, label %1, label %._crit_edge

ST_3: stg_43 [1/1] 0.00ns
:0  call void @_ssdm_op_Write.ap_auto.volatile.i4P(i4* %outLeds, i4 0)

ST_3: stg_44 [1/1] 0.00ns
:1  br label %._crit_edge

ST_3: iosc_second_read [1/1] 0.00ns
._crit_edge:0  %iosc_second_read = call i1 @_ssdm_op_Read.ap_auto.i1P(i1* %iosc_second)

ST_3: stg_46 [1/1] 0.00ns
._crit_edge:1  br i1 %iosc_second_read, label %2, label %._crit_edge124


 <State 4>: 0.80ns
ST_4: t_V [1/1] 0.00ns
:0  %t_V = call i4 @_ssdm_op_Read.ap_auto.i4P(i4* %iosc_second_count_V)

ST_4: tmp_3 [1/1] 0.80ns
:1  %tmp_3 = add i4 %t_V, 1

ST_4: stg_49 [1/1] 0.00ns
:2  call void @_ssdm_op_Write.ap_auto.i4P(i4* %iosc_second_count_V, i4 %tmp_3)

ST_4: stg_50 [1/1] 0.00ns
:3  call void @_ssdm_op_Write.ap_auto.volatile.i4P(i4* %outLeds, i4 %t_V)

ST_4: stg_51 [1/1] 0.00ns
:4  br label %._crit_edge124

ST_4: stg_52 [1/1] 0.00ns
._crit_edge124:0  br label %4

ST_4: stg_53 [1/1] 0.00ns
:0  br label %_ZN7_ap_sc_7sc_core4waitEi.exit2



============================================================
+ Verbose Summary: Binding
============================================================
N/A
* FSMD analyzer results:
  - Output states:
  - Chain level:
	State 1
	State 2
	State 3
	State 4


============================================================
+ Verbose Summary: Datapath Resource usage 
============================================================
N/A
