13:33:43 **** Auto Build of configuration Debug for project exercise7 ****
make all 
Building file: ../src/main.c
Invoking: ARM gcc compiler
arm-xilinx-eabi-gcc -Wall -O0 -g3 -c -fmessage-length=0 -MT"src/main.o" -I../../exercise7_bsp_2/ps7_cortexa9_0/include -MMD -MP -MF"src/main.d" -MT"src/main.d" -o "src/main.o" "../src/main.c"
Finished building: ../src/main.c
 
Building target: exercise7.elf
Invoking: ARM gcc linker
arm-xilinx-eabi-gcc -Wl,-T -Wl,../src/lscript.ld -L../../exercise7_bsp_2/ps7_cortexa9_0/lib -o "exercise7.elf"  ./src/main.o   -Wl,--start-group,-lxil,-lgcc,-lc,--end-group
Finished building target: exercise7.elf
 
Invoking: ARM Print Size
arm-xilinx-eabi-size exercise7.elf  |tee "exercise7.elf.size"
   text	   data	    bss	    dec	    hex	filename
  23480	   1168	  22564	  47212	   b86c	exercise7.elf
Finished building: exercise7.elf.size
 

13:33:44 Build Finished (took 740ms)

