10:10:06 **** Auto Build of configuration Debug for project lab1 ****
make all 
Building file: ../src/lab1.c
Invoking: ARM gcc compiler
arm-xilinx-eabi-gcc -Wall -O0 -g3 -c -fmessage-length=0 -MT"src/lab1.o" -I../../standalone_bsp_0/ps7_cortexa9_0/include -MMD -MP -MF"src/lab1.d" -MT"src/lab1.d" -o "src/lab1.o" "../src/lab1.c"
Finished building: ../src/lab1.c
 
Building target: lab1.elf
Invoking: ARM gcc linker
arm-xilinx-eabi-gcc -Wl,-T -Wl,../src/lscript.ld -L../../standalone_bsp_0/ps7_cortexa9_0/lib -o "lab1.elf"  ./src/lab1.o   -Wl,--start-group,-lxil,-lgcc,-lc,--end-group
Finished building target: lab1.elf
 
Invoking: ARM Print Size
arm-xilinx-eabi-size lab1.elf  |tee "lab1.elf.size"
   text	   data	    bss	    dec	    hex	filename
  31460	   1216	  22596	  55272	   d7e8	lab1.elf
Finished building: lab1.elf.size
 

10:10:07 Build Finished (took 1s.727ms)

